10-02 11:09:53.200  9152  9152 I rlands.abclien:   at java.lang.Object java.lang.reflect.Method.invoke(java.lang.Object, java.lang.Object[]) (Method.java:-2)
10-02 11:09:53.200  9152  9152 I rlands.abclien:   at void com.android.internal.os.RuntimeInit$MethodAndArgsCaller.run() (RuntimeInit.java:547)
10-02 11:09:53.200  9152  9152 I rlands.abclien:   at void com.android.internal.os.ZygoteInit.main(java.lang.String[]) (ZygoteInit.java:873)
10-02 11:09:53.200  9152  9152 I rlands.abclien: Caused by: java.lang.ClassNotFoundException: Didn't find class "android.app.UiModeManager$ContrastChangeListener" on path: DexPathList[[zip file "/data/app/com.android.chrome-PQcqcIJyo8Iii3KwO97nbQ==/base.apk"],nativeLibraryDirectories=[/data/app/com.android.chrome-PQcqcIJyo8Iii3KwO97nbQ==/lib/arm64, /data/app/com.android.chrome-PQcqcIJyo8Iii3KwO97nbQ==/base.apk!/lib/arm64-v8a, /system/lib64, /system/vendor/lib64]]
10-02 11:09:53.200  9152  9152 I rlands.abclien:   at java.lang.Class dalvik.system.BaseDexClassLoader.findClass(java.lang.String) (BaseDexClassLoader.java:134)
10-02 11:09:53.200  9152  9152 I rlands.abclien:   at java.lang.Class java.lang.ClassLoader.loadClass(java.lang.String, boolean) (ClassLoader.java:379)
10-02 11:09:53.200  9152  9152 I rlands.abclien:   at java.lang.Class java.lang.ClassLoader.loadClass(java.lang.String) (ClassLoader.java:312)
10-02 11:09:53.200  9152  9152 I rlands.abclien:   at void J.N.VJO(int, long, java.lang.Object) (chromium-Monochrome.aab-stable-720417921:-2)
10-02 11:09:53.200  9152  9152 I rlands.abclien:   at void org.chromium.android_webview.AwContents.E(long) (chromium-Monochrome.aab-stable-720417921:479)
10-02 11:09:53.200  9152  9152 I rlands.abclien:   at void org.chromium.android_webview.AwContents.<init>(org.chromium.android_webview.AwBrowserContext, android.view.ViewGroup, Gt0, com.android.webview.chromium.L, com.android.webview.chromium.M, UN, org.chromium.android_webview.AwSettings, IN) (chromium-Monochrome.aab-stable-720417921:439)
10-02 11:09:53.200  9152  9152 I rlands.abclien:   at void com.android.webview.chromium.l.run() (chromium-Monochrome.aab-stable-720417921:144)
10-02 11:09:53.200  9152  9152 I rlands.abclien:   at void qa7.run() (chromium-Monochrome.aab-stable-720417921:13)
10-02 11:09:53.200  9152  9152 I rlands.abclien:   at void org.chromium.base.task.PostTask.d(int, java.lang.Runnable) (chromium-Monochrome.aab-stable-720417921:14)
10-02 11:09:53.200  9152  9152 I rlands.abclien:   at void ra7.a(java.lang.Runnable) (chromium-Monochrome.aab-stable-720417921:16)
10-02 11:09:53.200  9152  9152 I rlands.abclien:   at void com.android.webview.chromium.WebViewChromiumFactoryProvider.a(java.lang.Runnable) (chromium-Monochrome.aab-stable-720417921:3)
10-02 11:09:53.200  9152  9152 I rlands.abclien:   at void com.android.webview.chromium.WebViewChromium.init(java.util.Map, boolean) (chromium-Monochrome.aab-stable-720417921:352)
10-02 11:09:53.200  9152  9152 I rlands.abclien:   at void android.webkit.WebView.<init>(android.content.Context, android.util.AttributeSet, int, int, java.util.Map, boolean) (WebView.java:678)
10-02 11:09:53.200  9152  9152 I rlands.abclien:   at void android.webkit.WebView.<init>(android.content.Context, android.util.AttributeSet, int, int) (WebView.java:604)
10-02 11:09:53.200  9152  9152 I rlands.abclien:   at void android.webkit.WebView.<init>(android.content.Context, android.util.AttributeSet, int) (WebView.java:587)
10-02 11:09:53.200  9152  9152 I rlands.abclien:   at void android.webkit.WebView.<init>(android.content.Context, android.util.AttributeSet) (WebView.java:574)
10-02 11:09:53.200  9152  9152 I rlands.abclien:   at java.lang.Object java.lang.reflect.Constructor.newInstance0(java.lang.Object[]) (Constructor.java:-2)
10-02 11:09:53.200  9152  9152 I rlands.abclien:   at java.lang.Object java.lang.reflect.Constructor.newInstance(java.lang.Object[]) (Constructor.java:343)
10-02 11:09:53.200  9152  9152 I rlands.abclien:   at android.view.View android.view.LayoutInflater.createView(java.lang.String, java.lang.String, android.util.AttributeSet) (LayoutInflater.java:651)
10-02 11:09:53.200  9152  9152 I rlands.abclien:   at android.view.View com.android.internal.policy.PhoneLayoutInflater.onCreateView(java.lang.String, android.util.AttributeSet) (PhoneLayoutInflater.java:58)
10-02 11:09:53.200  9152  9152 I rlands.abclien:   at android.view.View android.view.LayoutInflater.onCreateView(android.view.View, java.lang.String, android.util.AttributeSet) (LayoutInflater.java:724)
10-02 11:09:53.200  9152  9152 I rlands.abclien:   at android.view.View android.view.LayoutInflater.createViewFromTag(android.view.View, java.lang.String, android.content.Context, android.util.AttributeSet, boolean) (LayoutInflater.java:792)
10-02 11:09:53.200  9152  9152 I rlands.abclien:   at android.view.View android.view.LayoutInflater.createViewFromTag(android.view.View, java.lang.String, android.content.Context, android.util.AttributeSet) (LayoutInflater.java:734)
10-02 11:09:53.200  9152  9152 I rlands.abclien:   at void android.view.LayoutInflater.rInflate(org.xmlpull.v1.XmlPullParser, android.view.View, android.content.Context, android.util.AttributeSet, boolean) (LayoutInflater.java:867)
10-02 11:09:53.200  9152  9152 I rlands.abclien:   at void android.view.LayoutInflater.rInflateChildren(org.xmlpull.v1.XmlPullParser, android.view.View, android.util.AttributeSet, boolean) (LayoutInflater.java:828)
10-02 11:09:53.200  9152  9152 I rlands.abclien:   at void android.view.LayoutInflater.parseInclude(org.xmlpull.v1.XmlPullParser, android.content.Context, android.view.View, android.util.AttributeSet) (LayoutInflater.java:999)
10-02 11:09:53.200  9152  9152 I rlands.abclien:   at void android.view.LayoutInflater.rInflate(org.xmlpull.v1.XmlPullParser, android.view.View, android.content.Context, android.util.AttributeSet, boolean) (LayoutInflater.java:863)
10-02 11:09:53.200  9152  9152 I rlands.abclien:   at void android.view.LayoutInflater.rInflateChildren(org.xmlpull.v1.XmlPullParser, android.view.View, android.util.AttributeSet, boolean) (LayoutInflater.java:828)
10-02 11:09:53.200  9152  9152 I rlands.abclien:   at void android.view.LayoutInflater.parseInclude(org.xmlpull.v1.XmlPullParser, android.content.Context, android.view.View, android.util.AttributeSet) (LayoutInflater.java:999)
10-02 11:09:53.200  9152  9152 I rlands.abclien:   at void android.view.LayoutInflater.rInflate(org.xmlpull.v1.XmlPullParser, android.view.View, android.content.Context, android.util.AttributeSet, boolean) (LayoutInflater.java:863)
10-02 11:09:53.200  9152  9152 I rlands.abclien:   at void android.view.LayoutInflater.rInflateChildren(org.xmlpull.v1.XmlPullParser, android.view.View, android.util.AttributeSet, boolean) (LayoutInflater.java:828)
10-02 11:09:53.200  9152  9152 I rlands.abclien:   at android.view.View android.view.LayoutInflater.inflate(org.xmlpull.v1.XmlPullParser, android.view.ViewGroup, boolean) (LayoutInflater.java:519)
10-02 11:09:53.200  9152  9152 I rlands.abclien:   at android.view.View android.view.LayoutInflater.inflate(int, android.view.ViewGroup, boolean) (LayoutInflater.java:427)
10-02 11:09:53.200  9152  9152 I rlands.abclien:   at ru.neverlands.abclient.databinding.ActivityMainBinding ru.neverlands.abclient.databinding.ActivityMainBinding.inflate(android.view.LayoutInflater, android.view.ViewGroup, boolean) (ActivityMainBinding.java:53)
10-02 11:09:53.200  9152  9152 I rlands.abclien:   at ru.neverlands.abclient.databinding.ActivityMainBinding ru.neverlands.abclient.databinding.ActivityMainBinding.inflate(android.view.LayoutInflater) (ActivityMainBinding.java:47)
10-02 11:09:53.200  9152  9152 I rlands.abclien:   at void ru.neverlands.abclient.MainActivity.onCreate(android.os.Bundle) (MainActivity.java:115)
10-02 11:09:53.200  9152  9152 I rlands.abclien:   at void android.app.Activity.performCreate(android.os.Bundle, android.os.PersistableBundle) (Activity.java:7224)
10-02 11:09:53.200  9152  9152 I rlands.abclien:   at void android.app.Activity.performCreate(android.os.Bundle) (Activity.java:7213)
10-02 11:09:53.200  9152  9152 I rlands.abclien:   at void android.app.Instrumentation.callActivityOnCreate(android.app.Activity, android.os.Bundle) (Instrumentation.java:1272)
10-02 11:09:53.200  9152  9152 I rlands.abclien:   at android.app.Activity android.app.ActivityThread.performLaunchActivity(android.app.ActivityThread$ActivityClientRecord, android.content.Intent) (ActivityThread.java:2926)
10-02 11:09:53.200  9152  9152 I rlands.abclien:   at android.app.Activity android.app.ActivityThread.handleLaunchActivity(android.app.ActivityThread$ActivityClientRecord, android.app.servertransaction.PendingTransactionActions, android.content.Intent) (ActivityThread.java:3081)
10-02 11:09:53.200  9152  9152 I rlands.abclien:   at void android.app.servertransaction.LaunchActivityItem.execute(android.app.ClientTransactionHandler, android.os.IBinder, android.app.servertransaction.PendingTransactionActions) (LaunchActivityItem.java:78)
10-02 11:09:53.200  9152  9152 I rlands.abclien:   at void android.app.servertransaction.TransactionExecutor.executeCallbacks(android.app.servertransaction.ClientTransaction) (TransactionExecutor.java:108)
10-02 11:09:53.200  9152  9152 I rlands.abclien:   at void android.app.servertransaction.TransactionExecutor.execute(android.app.servertransaction.ClientTransaction) (TransactionExecutor.java:68)
10-02 11:09:53.201  9152  9152 I rlands.abclien:   at void android.app.ActivityThread$H.handleMessage(android.os.Message) (ActivityThread.java:1831)
10-02 11:09:53.201  9152  9152 I rlands.abclien:   at void android.os.Handler.dispatchMessage(android.os.Message) (Handler.java:106)
10-02 11:09:53.201  9152  9152 I rlands.abclien:   at void android.os.Looper.loop() (Looper.java:201)
10-02 11:09:53.201  9152  9152 I rlands.abclien:   at void android.app.ActivityThread.main(java.lang.String[]) (ActivityThread.java:6810)
10-02 11:09:53.201  9152  9152 I rlands.abclien:   at java.lang.Object java.lang.reflect.Method.invoke(java.lang.Object, java.lang.Object[]) (Method.java:-2)
10-02 11:09:53.201  9152  9152 I rlands.abclien:   at void com.android.internal.os.RuntimeInit$MethodAndArgsCaller.run() (RuntimeInit.java:547)
10-02 11:09:53.201  9152  9152 I rlands.abclien:   at void com.android.internal.os.ZygoteInit.main(java.lang.String[]) (ZygoteInit.java:873)
10-02 11:09:53.201  9152  9152 I rlands.abclien: 
10-02 11:09:53.202  9152  9152 I rlands.abclien: Rejecting re-init on previously-failed class java.lang.Class<f3>: java.lang.NoClassDefFoundError: Failed resolution of: Landroid/app/UiModeManager$ContrastChangeListener;
10-02 11:09:53.202  9152  9152 I rlands.abclien:   at void J.N.VJO(int, long, java.lang.Object) (chromium-Monochrome.aab-stable-720417921:-2)
10-02 11:09:53.202  9152  9152 I rlands.abclien:   at void org.chromium.android_webview.AwContents.E(long) (chromium-Monochrome.aab-stable-720417921:479)
10-02 11:09:53.202  9152  9152 I rlands.abclien:   at void org.chromium.android_webview.AwContents.<init>(org.chromium.android_webview.AwBrowserContext, android.view.ViewGroup, Gt0, com.android.webview.chromium.L, com.android.webview.chromium.M, UN, org.chromium.android_webview.AwSettings, IN) (chromium-Monochrome.aab-stable-720417921:439)
10-02 11:09:53.202  9152  9152 I rlands.abclien:   at void com.android.webview.chromium.l.run() (chromium-Monochrome.aab-stable-720417921:144)
10-02 11:09:53.202  9152  9152 I rlands.abclien:   at void qa7.run() (chromium-Monochrome.aab-stable-720417921:13)
10-02 11:09:53.202  9152  9152 I rlands.abclien:   at void org.chromium.base.task.PostTask.d(int, java.lang.Runnable) (chromium-Monochrome.aab-stable-720417921:14)
10-02 11:09:53.202  9152  9152 I rlands.abclien:   at void ra7.a(java.lang.Runnable) (chromium-Monochrome.aab-stable-720417921:16)
10-02 11:09:53.202  9152  9152 I rlands.abclien:   at void com.android.webview.chromium.WebViewChromiumFactoryProvider.a(java.lang.Runnable) (chromium-Monochrome.aab-stable-720417921:3)
10-02 11:09:53.202  9152  9152 I rlands.abclien:   at void com.android.webview.chromium.WebViewChromium.init(java.util.Map, boolean) (chromium-Monochrome.aab-stable-720417921:352)
10-02 11:09:53.202  9152  9152 I rlands.abclien:   at void android.webkit.WebView.<init>(android.content.Context, android.util.AttributeSet, int, int, java.util.Map, boolean) (WebView.java:678)
10-02 11:09:53.202  9152  9152 I rlands.abclien:   at void android.webkit.WebView.<init>(android.content.Context, android.util.AttributeSet, int, int) (WebView.java:604)
10-02 11:09:53.202  9152  9152 I rlands.abclien:   at void android.webkit.WebView.<init>(android.content.Context, android.util.AttributeSet, int) (WebView.java:587)
10-02 11:09:53.202  9152  9152 I rlands.abclien:   at void android.webkit.WebView.<init>(android.content.Context, android.util.AttributeSet) (WebView.java:574)
10-02 11:09:53.202  9152  9152 I rlands.abclien:   at java.lang.Object java.lang.reflect.Constructor.newInstance0(java.lang.Object[]) (Constructor.java:-2)
10-02 11:09:53.202  9152  9152 I rlands.abclien:   at java.lang.Object java.lang.reflect.Constructor.newInstance(java.lang.Object[]) (Constructor.java:343)
10-02 11:09:53.202  9152  9152 I rlands.abclien:   at android.view.View android.view.LayoutInflater.createView(java.lang.String, java.lang.String, android.util.AttributeSet) (LayoutInflater.java:651)
10-02 11:09:53.202  9152  9152 I rlands.abclien:   at android.view.View com.android.internal.policy.PhoneLayoutInflater.onCreateView(java.lang.String, android.util.AttributeSet) (PhoneLayoutInflater.java:58)
10-02 11:09:53.202  9152  9152 I rlands.abclien:   at android.view.View android.view.LayoutInflater.onCreateView(android.view.View, java.lang.String, android.util.AttributeSet) (LayoutInflater.java:724)
10-02 11:09:53.202  9152  9152 I rlands.abclien:   at android.view.View android.view.LayoutInflater.createViewFromTag(android.view.View, java.lang.String, android.content.Context, android.util.AttributeSet, boolean) (LayoutInflater.java:792)
10-02 11:09:53.202  9152  9152 I rlands.abclien:   at android.view.View android.view.LayoutInflater.createViewFromTag(android.view.View, java.lang.String, android.content.Context, android.util.AttributeSet) (LayoutInflater.java:734)
10-02 11:09:53.202  9152  9152 I rlands.abclien:   at void android.view.LayoutInflater.rInflate(org.xmlpull.v1.XmlPullParser, android.view.View, android.content.Context, android.util.AttributeSet, boolean) (LayoutInflater.java:867)
10-02 11:09:53.202  9152  9152 I rlands.abclien:   at void android.view.LayoutInflater.rInflateChildren(org.xmlpull.v1.XmlPullParser, android.view.View, android.util.AttributeSet, boolean) (LayoutInflater.java:828)
10-02 11:09:53.202  9152  9152 I rlands.abclien:   at void android.view.LayoutInflater.parseInclude(org.xmlpull.v1.XmlPullParser, android.content.Context, android.view.View, android.util.AttributeSet) (LayoutInflater.java:999)
10-02 11:09:53.202  9152  9152 I rlands.abclien:   at void android.view.LayoutInflater.rInflate(org.xmlpull.v1.XmlPullParser, android.view.View, android.content.Context, android.util.AttributeSet, boolean) (LayoutInflater.java:863)
10-02 11:09:53.202  9152  9152 I rlands.abclien:   at void android.view.LayoutInflater.rInflateChildren(org.xmlpull.v1.XmlPullParser, android.view.View, android.util.AttributeSet, boolean) (LayoutInflater.java:828)
10-02 11:09:53.202  9152  9152 I rlands.abclien:   at void android.view.LayoutInflater.parseInclude(org.xmlpull.v1.XmlPullParser, android.content.Context, android.view.View, android.util.AttributeSet) (LayoutInflater.java:999)
10-02 11:09:53.202  9152  9152 I rlands.abclien:   at void android.view.LayoutInflater.rInflate(org.xmlpull.v1.XmlPullParser, android.view.View, android.content.Context, android.util.AttributeSet, boolean) (LayoutInflater.java:863)
10-02 11:09:53.202  9152  9152 I rlands.abclien:   at void android.view.LayoutInflater.rInflateChildren(org.xmlpull.v1.XmlPullParser, android.view.View, android.util.AttributeSet, boolean) (LayoutInflater.java:828)
10-02 11:09:53.202  9152  9152 I rlands.abclien:   at android.view.View android.view.LayoutInflater.inflate(org.xmlpull.v1.XmlPullParser, android.view.ViewGroup, boolean) (LayoutInflater.java:519)
10-02 11:09:53.202  9152  9152 I rlands.abclien:   at android.view.View android.view.LayoutInflater.inflate(int, android.view.ViewGroup, boolean) (LayoutInflater.java:427)
10-02 11:09:53.202  9152  9152 I rlands.abclien:   at ru.neverlands.abclient.databinding.ActivityMainBinding ru.neverlands.abclient.databinding.ActivityMainBinding.inflate(android.view.LayoutInflater, android.view.ViewGroup, boolean) (ActivityMainBinding.java:53)
10-02 11:09:53.202  9152  9152 I rlands.abclien:   at ru.neverlands.abclient.databinding.ActivityMainBinding ru.neverlands.abclient.databinding.ActivityMainBinding.inflate(android.view.LayoutInflater) (ActivityMainBinding.java:47)
10-02 11:09:53.202  9152  9152 I rlands.abclien:   at void ru.neverlands.abclient.MainActivity.onCreate(android.os.Bundle) (MainActivity.java:115)
10-02 11:09:53.202  9152  9152 I rlands.abclien:   at void android.app.Activity.performCreate(android.os.Bundle, android.os.PersistableBundle) (Activity.java:7224)
10-02 11:09:53.202  9152  9152 I rlands.abclien:   at void android.app.Activity.performCreate(android.os.Bundle) (Activity.java:7213)
10-02 11:09:53.202  9152  9152 I rlands.abclien:   at void android.app.Instrumentation.callActivityOnCreate(android.app.Activity, android.os.Bundle) (Instrumentation.java:1272)
10-02 11:09:53.202  9152  9152 I rlands.abclien:   at android.app.Activity android.app.ActivityThread.performLaunchActivity(android.app.ActivityThread$ActivityClientRecord, android.content.Intent) (ActivityThread.java:2926)
10-02 11:09:53.202  9152  9152 I rlands.abclien:   at android.app.Activity android.app.ActivityThread.handleLaunchActivity(android.app.ActivityThread$ActivityClientRecord, android.app.servertransaction.PendingTransactionActions, android.content.Intent) (ActivityThread.java:3081)
10-02 11:09:53.202  9152  9152 I rlands.abclien:   at void android.app.servertransaction.LaunchActivityItem.execute(android.app.ClientTransactionHandler, android.os.IBinder, android.app.servertransaction.PendingTransactionActions) (LaunchActivityItem.java:78)
10-02 11:09:53.202  9152  9152 I rlands.abclien:   at void android.app.servertransaction.TransactionExecutor.executeCallbacks(android.app.servertransaction.ClientTransaction) (TransactionExecutor.java:108)
10-02 11:09:53.202  9152  9152 I rlands.abclien:   at void android.app.servertransaction.TransactionExecutor.execute(android.app.servertransaction.ClientTransaction) (TransactionExecutor.java:68)
10-02 11:09:53.202  9152  9152 I rlands.abclien:   at void android.app.ActivityThread$H.handleMessage(android.os.Message) (ActivityThread.java:1831)
10-02 11:09:53.202  9152  9152 I rlands.abclien:   at void android.os.Handler.dispatchMessage(android.os.Message) (Handler.java:106)
10-02 11:09:53.202  9152  9152 I rlands.abclien:   at void android.os.Looper.loop() (Looper.java:201)
10-02 11:09:53.202  9152  9152 I rlands.abclien:   at void android.app.ActivityThread.main(java.lang.String[]) (ActivityThread.java:6810)
10-02 11:09:53.202  9152  9152 I rlands.abclien:   at java.lang.Object java.lang.reflect.Method.invoke(java.lang.Object, java.lang.Object[]) (Method.java:-2)
10-02 11:09:53.202  9152  9152 I rlands.abclien:   at void com.android.internal.os.RuntimeInit$MethodAndArgsCaller.run() (RuntimeInit.java:547)
10-02 11:09:53.202  9152  9152 I rlands.abclien:   at void com.android.internal.os.ZygoteInit.main(java.lang.String[]) (ZygoteInit.java:873)
10-02 11:09:53.202  9152  9152 I rlands.abclien: Caused by: java.lang.ClassNotFoundException: Didn't find class "android.app.UiModeManager$ContrastChangeListener" on path: DexPathList[[zip file "/data/app/com.android.chrome-PQcqcIJyo8Iii3KwO97nbQ==/base.apk"],nativeLibraryDirectories=[/data/app/com.android.chrome-PQcqcIJyo8Iii3KwO97nbQ==/lib/arm64, /data/app/com.android.chrome-PQcqcIJyo8Iii3KwO97nbQ==/base.apk!/lib/arm64-v8a, /system/lib64, /system/vendor/lib64]]
10-02 11:09:53.202  9152  9152 I rlands.abclien:   at java.lang.Class dalvik.system.BaseDexClassLoader.findClass(java.lang.String) (BaseDexClassLoader.java:134)
10-02 11:09:53.202  9152  9152 I rlands.abclien:   at java.lang.Class java.lang.ClassLoader.loadClass(java.lang.String, boolean) (ClassLoader.java:379)
10-02 11:09:53.202  9152  9152 I rlands.abclien:   at java.lang.Class java.lang.ClassLoader.loadClass(java.lang.String) (ClassLoader.java:312)
10-02 11:09:53.202  9152  9152 I rlands.abclien:   at void J.N.VJO(int, long, java.lang.Object) (chromium-Monochrome.aab-stable-720417921:-2)
10-02 11:09:53.202  9152  9152 I rlands.abclien:   at void org.chromium.android_webview.AwContents.E(long) (chromium-Monochrome.aab-stable-720417921:479)
10-02 11:09:53.202  9152  9152 I rlands.abclien:   at void org.chromium.android_webview.AwContents.<init>(org.chromium.android_webview.AwBrowserContext, android.view.ViewGroup, Gt0, com.android.webview.chromium.L, com.android.webview.chromium.M, UN, org.chromium.android_webview.AwSettings, IN) (chromium-Monochrome.aab-stable-720417921:439)
10-02 11:09:53.202  9152  9152 I rlands.abclien:   at void com.android.webview.chromium.l.run() (chromium-Monochrome.aab-stable-720417921:144)
10-02 11:09:53.202  9152  9152 I rlands.abclien:   at void qa7.run() (chromium-Monochrome.aab-stable-720417921:13)
10-02 11:09:53.202  9152  9152 I rlands.abclien:   at void org.chromium.base.task.PostTask.d(int, java.lang.Runnable) (chromium-Monochrome.aab-stable-720417921:14)
10-02 11:09:53.202  9152  9152 I rlands.abclien:   at void ra7.a(java.lang.Runnable) (chromium-Monochrome.aab-stable-720417921:16)
10-02 11:09:53.202  9152  9152 I rlands.abclien:   at void com.android.webview.chromium.WebViewChromiumFactoryProvider.a(java.lang.Runnable) (chromium-Monochrome.aab-stable-720417921:3)
10-02 11:09:53.202  9152  9152 I rlands.abclien:   at void com.android.webview.chromium.WebViewChromium.init(java.util.Map, boolean) (chromium-Monochrome.aab-stable-720417921:352)
10-02 11:09:53.202  9152  9152 I rlands.abclien:   at void android.webkit.WebView.<init>(android.content.Context, android.util.AttributeSet, int, int, java.util.Map, boolean) (WebView.java:678)
10-02 11:09:53.202  9152  9152 I rlands.abclien:   at void android.webkit.WebView.<init>(android.content.Context, android.util.AttributeSet, int, int) (WebView.java:604)
10-02 11:09:53.202  9152  9152 I rlands.abclien:   at void android.webkit.WebView.<init>(android.content.Context, android.util.AttributeSet, int) (WebView.java:587)
10-02 11:09:53.202  9152  9152 I rlands.abclien:   at void android.webkit.WebView.<init>(android.content.Context, android.util.AttributeSet) (WebView.java:574)
10-02 11:09:53.202  9152  9152 I rlands.abclien:   at java.lang.Object java.lang.reflect.Constructor.newInstance0(java.lang.Object[]) (Constructor.java:-2)
10-02 11:09:53.202  9152  9152 I rlands.abclien:   at java.lang.Object java.lang.reflect.Constructor.newInstance(java.lang.Object[]) (Constructor.java:343)
10-02 11:09:53.202  9152  9152 I rlands.abclien:   at android.view.View android.view.LayoutInflater.createView(java.lang.String, java.lang.String, android.util.AttributeSet) (LayoutInflater.java:651)
10-02 11:09:53.203  9152  9152 I rlands.abclien:   at android.view.View com.android.internal.policy.PhoneLayoutInflater.onCreateView(java.lang.String, android.util.AttributeSet) (PhoneLayoutInflater.java:58)
10-02 11:09:53.203  9152  9152 I rlands.abclien:   at android.view.View android.view.LayoutInflater.onCreateView(android.view.View, java.lang.String, android.util.AttributeSet) (LayoutInflater.java:724)
10-02 11:09:53.203  9152  9152 I rlands.abclien:   at android.view.View android.view.LayoutInflater.createViewFromTag(android.view.View, java.lang.String, android.content.Context, android.util.AttributeSet, boolean) (LayoutInflater.java:792)
10-02 11:09:53.203  9152  9152 I rlands.abclien:   at android.view.View android.view.LayoutInflater.createViewFromTag(android.view.View, java.lang.String, android.content.Context, android.util.AttributeSet) (LayoutInflater.java:734)
10-02 11:09:53.203  9152  9152 I rlands.abclien:   at void android.view.LayoutInflater.rInflate(org.xmlpull.v1.XmlPullParser, android.view.View, android.content.Context, android.util.AttributeSet, boolean) (LayoutInflater.java:867)
10-02 11:09:53.203  9152  9152 I rlands.abclien:   at void android.view.LayoutInflater.rInflateChildren(org.xmlpull.v1.XmlPullParser, android.view.View, android.util.AttributeSet, boolean) (LayoutInflater.java:828)
10-02 11:09:53.203  9152  9152 I rlands.abclien:   at void android.view.LayoutInflater.parseInclude(org.xmlpull.v1.XmlPullParser, android.content.Context, android.view.View, android.util.AttributeSet) (LayoutInflater.java:999)
10-02 11:09:53.203  9152  9152 I rlands.abclien:   at void android.view.LayoutInflater.rInflate(org.xmlpull.v1.XmlPullParser, android.view.View, android.content.Context, android.util.AttributeSet, boolean) (LayoutInflater.java:863)
10-02 11:09:53.203  9152  9152 I rlands.abclien:   at void android.view.LayoutInflater.rInflateChildren(org.xmlpull.v1.XmlPullParser, android.view.View, android.util.AttributeSet, boolean) (LayoutInflater.java:828)
10-02 11:09:53.203  9152  9152 I rlands.abclien:   at void android.view.LayoutInflater.parseInclude(org.xmlpull.v1.XmlPullParser, android.content.Context, android.view.View, android.util.AttributeSet) (LayoutInflater.java:999)
10-02 11:09:53.203  9152  9152 I rlands.abclien:   at void android.view.LayoutInflater.rInflate(org.xmlpull.v1.XmlPullParser, android.view.View, android.content.Context, android.util.AttributeSet, boolean) (LayoutInflater.java:863)
10-02 11:09:53.203  9152  9152 I rlands.abclien:   at void android.view.LayoutInflater.rInflateChildren(org.xmlpull.v1.XmlPullParser, android.view.View, android.util.AttributeSet, boolean) (LayoutInflater.java:828)
10-02 11:09:53.203  9152  9152 I rlands.abclien:   at android.view.View android.view.LayoutInflater.inflate(org.xmlpull.v1.XmlPullParser, android.view.ViewGroup, boolean) (LayoutInflater.java:519)
10-02 11:09:53.203  9152  9152 I rlands.abclien:   at android.view.View android.view.LayoutInflater.inflate(int, android.view.ViewGroup, boolean) (LayoutInflater.java:427)
10-02 11:09:53.203  9152  9152 I rlands.abclien:   at ru.neverlands.abclient.databinding.ActivityMainBinding ru.neverlands.abclient.databinding.ActivityMainBinding.inflate(android.view.LayoutInflater, android.view.ViewGroup, boolean) (ActivityMainBinding.java:53)
10-02 11:09:53.203  9152  9152 I rlands.abclien:   at ru.neverlands.abclient.databinding.ActivityMainBinding ru.neverlands.abclient.databinding.ActivityMainBinding.inflate(android.view.LayoutInflater) (ActivityMainBinding.java:47)
10-02 11:09:53.203  9152  9152 I rlands.abclien:   at void ru.neverlands.abclient.MainActivity.onCreate(android.os.Bundle) (MainActivity.java:115)
10-02 11:09:53.203  9152  9152 I rlands.abclien:   at void android.app.Activity.performCreate(android.os.Bundle, android.os.PersistableBundle) (Activity.java:7224)
10-02 11:09:53.203  9152  9152 I rlands.abclien:   at void android.app.Activity.performCreate(android.os.Bundle) (Activity.java:7213)
10-02 11:09:53.203  9152  9152 I rlands.abclien:   at void android.app.Instrumentation.callActivityOnCreate(android.app.Activity, android.os.Bundle) (Instrumentation.java:1272)
10-02 11:09:53.203  9152  9152 I rlands.abclien:   at android.app.Activity android.app.ActivityThread.performLaunchActivity(android.app.ActivityThread$ActivityClientRecord, android.content.Intent) (ActivityThread.java:2926)
10-02 11:09:53.203  9152  9152 I rlands.abclien:   at android.app.Activity android.app.ActivityThread.handleLaunchActivity(android.app.ActivityThread$ActivityClientRecord, android.app.servertransaction.PendingTransactionActions, android.content.Intent) (ActivityThread.java:3081)
10-02 11:09:53.203  9152  9152 I rlands.abclien:   at void android.app.servertransaction.LaunchActivityItem.execute(android.app.ClientTransactionHandler, android.os.IBinder, android.app.servertransaction.PendingTransactionActions) (LaunchActivityItem.java:78)
10-02 11:09:53.203  9152  9152 I rlands.abclien:   at void android.app.servertransaction.TransactionExecutor.executeCallbacks(android.app.servertransaction.ClientTransaction) (TransactionExecutor.java:108)
10-02 11:09:53.203  9152  9152 I rlands.abclien:   at void android.app.servertransaction.TransactionExecutor.execute(android.app.servertransaction.ClientTransaction) (TransactionExecutor.java:68)
10-02 11:09:53.203  9152  9152 I rlands.abclien:   at void android.app.ActivityThread$H.handleMessage(android.os.Message) (ActivityThread.java:1831)
10-02 11:09:53.203  9152  9152 I rlands.abclien:   at void android.os.Handler.dispatchMessage(android.os.Message) (Handler.java:106)
10-02 11:09:53.203  9152  9152 I rlands.abclien:   at void android.os.Looper.loop() (Looper.java:201)
10-02 11:09:53.203  9152  9152 I rlands.abclien:   at void android.app.ActivityThread.main(java.lang.String[]) (ActivityThread.java:6810)
10-02 11:09:53.203  9152  9152 I rlands.abclien:   at java.lang.Object java.lang.reflect.Method.invoke(java.lang.Object, java.lang.Object[]) (Method.java:-2)
10-02 11:09:53.203  9152  9152 I rlands.abclien:   at void com.android.internal.os.RuntimeInit$MethodAndArgsCaller.run() (RuntimeInit.java:547)
10-02 11:09:53.203  9152  9152 I rlands.abclien:   at void com.android.internal.os.ZygoteInit.main(java.lang.String[]) (ZygoteInit.java:873)
10-02 11:09:53.203  9152  9152 I rlands.abclien: 
10-02 11:09:53.208 26064  9313 I Finsky  : [4855] SCH: Job 12-1 starting
10-02 11:09:53.210 26064 26064 I Finsky  : [2] WM::SCH: Logging work start for 12-1
10-02 11:09:53.210 26064 26064 I Finsky  : [2] [ContentSync] job started
10-02 11:09:53.217  9152  9152 D EgretLoader: EgretLoader(Context context)
10-02 11:09:53.220  9152  9152 D EgretLoader: The context is not activity
10-02 11:09:53.206  9277  9277 W dboxed_process0: type=1400 audit(0.0:7643): avc: denied { search } for name="theme" dev="dm-1" ino=6946825 scontext=u:r:isolated_app:s0:c93,c256,c512,c768 tcontext=u:object_r:theme_data_file:s0 tclass=dir permissive=0
10-02 11:09:53.206  9277  9277 W dboxed_process0: type=1400 audit(0.0:7644): avc: denied { search } for name="theme" dev="dm-1" ino=6946825 scontext=u:r:isolated_app:s0:c93,c256,c512,c768 tcontext=u:object_r:theme_data_file:s0 tclass=dir permissive=0
10-02 11:09:53.227  9277  9277 W dboxed_process: Unknown chunk type '200'.
10-02 11:09:53.235  9152  9298 W cr_media: getBluetoothAdapter() requires BLUETOOTH permission
10-02 11:09:53.235  9277  9277 I cr_SplitCompatApp: version=138.0.7204.179 (720417921) minSdkVersion=26 isBundle=true processName=com.android.chrome:sandboxed_process0 isIsolatedProcess=true
10-02 11:09:53.235  9152  9298 W cr_media: registerBluetoothIntentsIfNeeded: Requires BLUETOOTH permission
10-02 11:09:53.242  9152  9152 D EgretLoader: EgretLoader(Context context)
10-02 11:09:53.243  9152  9152 D EgretLoader: The context is not activity
10-02 11:09:53.244  9277  9277 W SystemServiceRegistry: No service published for: uimode
10-02 11:09:53.248   702  3048 E ANDR-PERF-MPCTL: poll() has timed out for /sys/module/msm_performance/events/cpu_hotplug
10-02 11:09:53.248   702  3048 E ANDR-PERF-MPCTL: Block on poll()
10-02 11:09:53.250  9277  9277 I cr_ChildProcessService: Creating new ChildProcessService pid=9277
10-02 11:09:53.254  9152  9152 D EgretLoader: EgretLoader(Context context)
10-02 11:09:53.254  9152  9152 D EgretLoader: The context is not activity
10-02 11:09:53.255  3216  4436 W MiuiPerfServiceClient: PSI: Memory Some|23|30587924200275
10-02 11:09:53.265  9152  9152 D EgretLoader: EgretLoader(Context context)
10-02 11:09:53.265  9152  9152 D EgretLoader: The context is not activity
10-02 11:09:53.269  9277  9319 I cr_LibraryLoader: Successfully loaded native library
10-02 11:09:53.270  9277  9319 I cr_CachingUmaRecorder: Flushed 2 samples from 2 histograms, 0 samples were dropped.
10-02 11:09:53.283  9277  9319 W chromium: [WARNING:content/child/runtime_features.cc:556] Fenced frames cannot be enabled in this configuration. Use --enable-features=FencedFrames instead.
10-02 11:09:53.283  9277  9319 W chromium: [WARNING:content/child/runtime_features.cc:581] Topics cannot be enabled in this configuration. Use --enable-features=BrowsingTopics in addition.
10-02 11:09:53.283  9277  9319 W chromium: [WARNING:content/child/runtime_features.cc:602] SharedStorage cannot be enabled in this configuration. Use --enable-features=SharedStorageAPI in addition.
10-02 11:09:53.353  2894 12028 I FontLog : (REDACTED) Received query %s, URI %s
10-02 11:09:53.354  2894 12028 I FontLog : (REDACTED) Query [%s] resolved to %s
10-02 11:09:53.355  2894 12028 I FontLog : (REDACTED) Font PFD returned from cache for %s
10-02 11:09:53.356  2894 12028 I FontLog : (REDACTED) Fetch %s end status %s
10-02 11:09:53.366  2894 12028 I FontLog : (REDACTED) Pulling font file for id = %d, cache size = %d
10-02 11:09:53.374  2894 12028 I FontLog : (REDACTED) Received query %s, URI %s
10-02 11:09:53.374  2894 12028 I FontLog : (REDACTED) Query [%s] resolved to %s
10-02 11:09:53.376  2894 12028 I FontLog : (REDACTED) Fetch %s end status %s
10-02 11:09:53.385  2894 12028 I FontLog : (REDACTED) Pulling font file for id = %d, cache size = %d
10-02 11:09:53.397  2894 12028 I FontLog : (REDACTED) Received query %s, URI %s
10-02 11:09:53.398  2894 12028 I FontLog : (REDACTED) Query [%s] resolved to %s
10-02 11:09:53.399  2894 12028 I FontLog : (REDACTED) Font PFD returned from cache for %s
10-02 11:09:53.400  2894 12028 I FontLog : (REDACTED) Fetch %s end status %s
10-02 11:09:53.404  2894 12028 I FontLog : (REDACTED) Pulling font file for id = %d, cache size = %d
10-02 11:09:53.411  2894 12028 I FontLog : (REDACTED) Received query %s, URI %s
10-02 11:09:53.411  2894 12028 I FontLog : (REDACTED) Query [%s] resolved to %s
10-02 11:09:53.412  2894 12028 I FontLog : (REDACTED) Font PFD returned from cache for %s
10-02 11:09:53.413  2894 12028 I FontLog : (REDACTED) Fetch %s end status %s
10-02 11:09:53.417  2894 12028 I FontLog : (REDACTED) Pulling font file for id = %d, cache size = %d
10-02 11:09:53.424  2894 12028 I FontLog : (REDACTED) Received query %s, URI %s
10-02 11:09:53.424  2894 12028 I FontLog : (REDACTED) Query [%s] resolved to %s
10-02 11:09:53.426  2894 12028 I FontLog : (REDACTED) Font PFD returned from cache for %s
10-02 11:09:53.426  2894 12028 I FontLog : (REDACTED) Fetch %s end status %s
10-02 11:09:53.432  2894 12028 I FontLog : (REDACTED) Pulling font file for id = %d, cache size = %d
10-02 11:09:53.459  2894  9132 W FontLog : Error updating last accessed time for {Google Sans Flex, wdth 100.0, wght 400, ital 0.0, bestEffort false}, isVf false}. [CONTEXT service_id=132 ]
10-02 11:09:53.459  2894  9132 W FontLog : java.lang.IllegalStateException: attempt to re-open an already-closed object: SQLiteDatabase: /data/user/0/com.google.android.gms/databases/metadata.db
10-02 11:09:53.459  2894  9132 W FontLog : 	at android.database.sqlite.SQLiteClosable.acquireReference(SQLiteClosable.java:55)
10-02 11:09:53.459  2894  9132 W FontLog : 	at android.database.sqlite.SQLiteDatabase.executeSql(SQLiteDatabase.java:1753)
10-02 11:09:53.459  2894  9132 W FontLog : 	at android.database.sqlite.SQLiteDatabase.execSQL(SQLiteDatabase.java:1748)
10-02 11:09:53.459  2894  9132 W FontLog : 	at bqof.run(:com.google.android.gms@253830013@25.38.30 (100400-807569344):59)
10-02 11:09:53.459  2894  9132 W FontLog : 	at bana.c(:com.google.android.gms@253830013@25.38.30 (100400-807569344):50)
10-02 11:09:53.459  2894  9132 W FontLog : 	at bana.run(:com.google.android.gms@253830013@25.38.30 (100400-807569344):70)
10-02 11:09:53.459  2894  9132 W FontLog : 	at java.util.concurrent.ThreadPoolExecutor.runWorker(ThreadPoolExecutor.java:1167)
10-02 11:09:53.459  2894  9132 W FontLog : 	at java.util.concurrent.ThreadPoolExecutor$Worker.run(ThreadPoolExecutor.java:641)
10-02 11:09:53.459  2894  9132 W FontLog : 	at basr.run(:com.google.android.gms@253830013@25.38.30 (100400-807569344):8)
10-02 11:09:53.459  2894  9132 W FontLog : 	at java.lang.Thread.run(Thread.java:764)
10-02 11:09:53.517  2065  2532 D ActivityManager: Raise procstate to external provider: ProcessRecord{b28dd03 31429:com.google.android.gms/u999a21}
10-02 11:09:53.535  9152  9152 W Activity: Slow Operation: Activity ru.neverlands.abclient/.MainActivity onCreate took 866ms
10-02 11:09:53.564  2065  2175 V UiModeManager: switch night mode to 2
10-02 11:09:53.587  9152  9152 I Choreographer: Skipped 58 frames!  The application may be doing too much work on its main thread.
10-02 11:09:53.589  9152  9332 I CameraManagerGlobal: Connecting to camera service
10-02 11:09:53.599  9152  9332 E libc    : Access denied finding property "vendor.camera.aux.packagelist"
10-02 11:09:53.602  9152  9332 I chatty  : uid=10590(ru.neverlands.abclient) identical 1 line
10-02 11:09:53.602  9152  9332 E libc    : Access denied finding property "vendor.camera.aux.packagelist"
10-02 11:09:53.602  9152  9332 W CameraManagerGlobal: [soar.cts] ignore the status update of camera: 2
10-02 11:09:53.602  9152  9332 E libc    : Access denied finding property "vendor.camera.aux.packagelist"
10-02 11:09:53.602  9152  9332 W CameraManagerGlobal: [soar.cts] ignore the status update of camera: 3
10-02 11:09:53.603  9152  9167 E libc    : Access denied finding property "vendor.camera.aux.packagelist"
10-02 11:09:53.604  9152  9167 E libc    : Access denied finding property "vendor.camera.aux.packagelist"
10-02 11:09:53.604  9152  9167 W CameraManagerGlobal: ignore the torch status update of camera: 2
10-02 11:09:53.604  9152  9167 E libc    : Access denied finding property "vendor.camera.aux.packagelist"
10-02 11:09:53.604  9152  9167 W CameraManagerGlobal: ignore the torch status update of camera: 3
10-02 11:09:53.618  9152  9152 W ContentCatcher: Failed to notify a WebView
10-02 11:09:53.658  9152  9152 I chatty  : uid=10590(ru.neverlands.abclient) identical 2 lines
10-02 11:09:53.661  9152  9152 W ContentCatcher: Failed to notify a WebView
10-02 11:09:53.663  9152  9305 W VideoCapabilities: Unrecognized profile 4 for video/hevc
10-02 11:09:53.666  9152  9305 W VideoCapabilities: Unrecognized profile/level 0/3 for video/mpeg2
10-02 11:09:53.668  9152  9305 W VideoCapabilities: Unrecognized profile/level 0/3 for video/mpeg2
10-02 11:09:53.671  9152  9152 W rlands.abclien: Accessing hidden field Landroid/view/WindowInsets;->CONSUMED:Landroid/view/WindowInsets; (light greylist, reflection)
10-02 11:09:53.673  9152  9152 W rlands.abclien: Accessing hidden method Landroid/view/View;->getViewRootImpl()Landroid/view/ViewRootImpl; (light greylist, reflection)
10-02 11:09:53.673  9152  9152 W rlands.abclien: Accessing hidden field Landroid/view/View$AttachInfo;->mVisibleInsets:Landroid/graphics/Rect; (light greylist, reflection)
10-02 11:09:53.673  9152  9152 W rlands.abclien: Accessing hidden field Landroid/view/ViewRootImpl;->mAttachInfo:Landroid/view/View$AttachInfo; (light greylist, reflection)
10-02 11:09:53.698  9152  9305 I VideoCapabilities: Unsupported profile 4 for video/mp4v-es
10-02 11:09:53.701  9152  9305 W Utils   : could not parse long range '175-174'
10-02 11:09:53.732  2065  2532 I Timeline: Timeline: App_transition_ready time:30588628
10-02 11:09:53.735  2065  2532 I Timeline: Timeline: App_transition_ready time:30588631
10-02 11:09:53.771  9152  9152 W rlands.abclien: Accessing hidden field Landroid/view/View;->mAccessibilityDelegate:Landroid/view/View$AccessibilityDelegate; (light greylist, reflection)
10-02 11:09:53.859  2065  2532 D ActivityManager: Raise procstate to external provider: ProcessRecord{b28dd03 31429:com.google.android.gms/u999a21}
10-02 11:09:53.864  3132  3132 D BoundBrokerSvc: onUnbind: Intent { act=com.google.android.gms.feedback.internal.IFeedbackService dat=chimera-action: cmp=com.google.android.gms/.chimera.GmsBoundBrokerService }
10-02 11:09:53.865  2065  3948 D ActivityManager: Raise procstate to external provider: ProcessRecord{b28dd03 31429:com.google.android.gms/u999a21}
10-02 11:09:53.881  9152  9152 W Looper  : Slow Looper main: doFrame is 968ms late because of 2 msg, msg 2 took 910ms (late=43ms h=android.app.ActivityThread$H w=159)
10-02 11:09:53.885  3118  3845 D SecurityCenter: memDiff : 254, timeDiff : 10002
10-02 11:09:53.885  3118  3845 D SecurityCenter: cycle_memory
10-02 11:09:53.885  3118  3845 D SecurityCenter: screen on : true, enable : true
10-02 11:09:53.885  3118  3118 D SecurityCenter: notifyNotification
10-02 11:09:53.895  2065  3948 D ActivityManager: Raise procstate to external provider: ProcessRecord{b28dd03 31429:com.google.android.gms/u999a21}
10-02 11:09:53.919  2065  3949 D ActivityManager: Raise procstate to external provider: ProcessRecord{b28dd03 31429:com.google.android.gms/u999a21}
10-02 11:09:53.922  2065  3949 D ActivityManager: Raise procstate to external provider: ProcessRecord{b28dd03 31429:com.google.android.gms/u999a21}
10-02 11:09:53.925  2065  3948 D ActivityManager: Raise procstate to external provider: ProcessRecord{b28dd03 31429:com.google.android.gms/u999a21}
10-02 11:09:54.024  2065  2074 I system_server: Background concurrent copying GC freed 329926(19MB) AllocSpace objects, 51(1596KB) LOS objects, 28% free, 61MB/85MB, paused 535us total 270.442ms
10-02 11:09:54.062  2065  3271 D ActivityManager: Raise procstate to external provider: ProcessRecord{b28dd03 31429:com.google.android.gms/u999a21}
10-02 11:09:54.083  2065  2532 D ActivityManager: Raise procstate to external provider: ProcessRecord{b28dd03 31429:com.google.android.gms/u999a21}
10-02 11:09:54.083  9152  9152 W Looper  : Slow Looper main: doFrame is 319ms late because of 1 msg, msg 1 took 294ms (late=968ms h=android.view.Choreographer$FrameHandler c=android.view.Choreographer$FrameDisplayEventReceiver)
10-02 11:09:54.092  2065  2149 I Timeline: Timeline: App_transition_ready time:30588988
10-02 11:09:54.111  2065  2115 I ActivityManager: Displayed ru.neverlands.abclient/.MainActivity: +1s488ms
10-02 11:09:54.126  2326  2326 D StatusBar: updateNotificationRankingDelayed messageReceiveTime=30588822
10-02 11:09:54.150  2326  2326 D StatusBar: onNotificationPosted key=0|com.miui.securitycenter|20004|null|1000 isUpdate=true
10-02 11:09:54.168  2326  2326 D StatusBar: updateNotification old=StatusBarNotification(pkg=com.miui.securitycenter user=UserHandle{0} id=20004 tag=null key=0|com.miui.securitycenter|20004|null|1000: Notification(channel=securitycenter_resident_notification pri=2 contentView=com.miui.securitycenter/0x7f0e02c8 vibrate=null sound=null defaults=0x0 flags=0x2 color=0x00000000 groupKey=ResidentGroup vis=PRIVATE))
10-02 11:09:54.168  2326  2326 D StatusBar:     pkgName=com.miui.securitycenter appUid=1000 sdk=34 imp=5 sysApp=T priApp=T hasShown=F float=T keyguard=T peek=F fullscreen=F
10-02 11:09:54.168  2326  2326 D StatusBar:     showMiuiAction=F enableFloat=F enableKeyguard=F floatTime=5000 messageCount=1 persistent=F customHeight=F
10-02 11:09:54.182  2065  3271 D ActivityManager: Raise procstate to external provider: ProcessRecord{b28dd03 31429:com.google.android.gms/u999a21}
10-02 11:09:54.217  2326  2326 D StatusBar: No peeking: 0|com.miui.securitycenter|20004|null|1000
10-02 11:09:54.217  2326  2326 D StatusBar: updateHeadsUp wasHeadsUp=false shouldPeek=false alertAgain=true
10-02 11:09:54.219  2065  2532 D ActivityManager: Raise procstate to external provider: ProcessRecord{b28dd03 31429:com.google.android.gms/u999a21}
10-02 11:09:54.230  2065  2088 E NotificationService: Error creating vibration waveform with pattern: [0]
10-02 11:09:54.271  2305  2305 I GoogleInputMethodService: GoogleInputMethodService.onFinishInput():2085 
10-02 11:09:54.272  2305  2305 I Module  : DeviceLockedStatusModuleProvider$Module.updateDeviceLockedStatus():100 repeatCheckTimes = 0, locked = false
10-02 11:09:54.273  2305  2305 I GoogleInputMethodService: GoogleInputMethodService.onStartInput():1346 onStartInput(EditorInfo{EditorInfo{packageName=ru.neverlands.abclient, inputType=0, inputTypeString=NULL, enableLearning=false, autoCorrection=false, autoComplete=false, imeOptions=0, privateImeOptions=null, actionName=UNSPECIFIED, actionLabel=null, initialSelStart=-1, initialSelEnd=-1, initialCapsMode=0, label=null, fieldId=-1, fieldName=null, extras=null, hintText=null, hintLocales=[]}}, false)
10-02 11:09:54.274  2305  2305 I HardKeyTracker: HardKeyTracker.registerKeySequence():170 Register key sequence nfz{labelResId=0, callback=gds@4e70a02, lastModifier=0, keyCodes=[57, 57], actions=[1, 0]}
10-02 11:09:54.274  2305  2305 I HardKeyTracker: HardKeyTracker.registerKeySequence():170 Register key sequence nfz{labelResId=0, callback=gds@cb1b349, lastModifier=0, keyCodes=[58, 58], actions=[1, 0]}
10-02 11:09:54.275  2305  2305 I Module  : DeviceLockedStatusModuleProvider$Module.updateDeviceLockedStatus():100 repeatCheckTimes = 1, locked = false
10-02 11:09:54.327  2065  2088 D ActivityManager: Raise procstate to external provider: ProcessRecord{b28dd03 31429:com.google.android.gms/u999a21}
10-02 11:09:54.335  2065  2532 D ActivityManager: Raise procstate to external provider: ProcessRecord{b28dd03 31429:com.google.android.gms/u999a21}
10-02 11:09:54.362  2065  3949 D ActivityManager: Raise procstate to external provider: ProcessRecord{b28dd03 31429:com.google.android.gms/u999a21}
10-02 11:09:54.428  2065  2532 D ActivityManager: Raise procstate to external provider: ProcessRecord{b28dd03 31429:com.google.android.gms/u999a21}
10-02 11:09:54.602  2065  2115 I Timeline: Timeline: Activity_windows_visible id: ActivityRecord{b9dc892 u0 ru.neverlands.abclient/.MainActivity t1628} time:30589498
10-02 11:09:54.604  2326  2326 D EventBus: [2326, u0] send(AppTransitionFinishedEvent)
10-02 11:09:54.605  2326  2326 D EventBus: [2326, u0]  -> ForcedResizableInfoActivityController [0xf4af2fa, P1] onBusEvent(AppTransitionFinishedEvent)
10-02 11:09:54.605  2326  2326 D EventBus: [2326, u0] onBusEvent(AppTransitionFinishedEvent) duration: 20 microseconds, avg: 519
10-02 11:09:54.605  2326  2326 D EventBus: [2326, u0] send(AppTransitionFinishedEvent)
10-02 11:09:54.605  2326  2326 D EventBus: [2326, u0]  -> ForcedResizableInfoActivityController [0xf4af2fa, P1] onBusEvent(AppTransitionFinishedEvent)
10-02 11:09:54.605  2326  2326 D EventBus: [2326, u0] onBusEvent(AppTransitionFinishedEvent) duration: 12 microseconds, avg: 519
10-02 11:09:54.605  2065  2149 I Timeline: Timeline: App_transition_stopped time:30589501
10-02 11:09:54.615  2065  2107 D ActivityManager: Raise procstate to external provider: ProcessRecord{b28dd03 31429:com.google.android.gms/u999a21}
10-02 11:09:54.625  9152  9152 E JS_CONSOLE: Uncaught TypeError: top.start is not a function -- From line 13 of http://neverlands.ru/ch/msg.php
10-02 11:09:54.649 25878 32449 D IdProviderImpl: getOAID
10-02 11:09:54.706  2065  2181 D NtpTrustedTime: currentTimeMillis() cache hit
10-02 11:09:54.747  2326  2326 D EventBus: [2326, u0] send(AppTransitionFinishedEvent)
10-02 11:09:54.747  2326  2326 D EventBus: [2326, u0]  -> ForcedResizableInfoActivityController [0xf4af2fa, P1] onBusEvent(AppTransitionFinishedEvent)
10-02 11:09:54.747  2326  2326 D EventBus: [2326, u0] onBusEvent(AppTransitionFinishedEvent) duration: 21 microseconds, avg: 518
10-02 11:09:54.789  2065  2181 D NtpTrustedTime: currentTimeMillis() cache hit
10-02 11:09:54.790  3118  3911 D TrafficManageService: onReceive: intent.action = com.android.server.action.NETWORK_STATS_UPDATED
10-02 11:09:55.194  2065  2181 D NtpTrustedTime: currentTimeMillis() cache hit
10-02 11:09:55.240  2065  2181 D NtpTrustedTime: currentTimeMillis() cache hit
10-02 11:09:55.244  3118  3911 D TrafficManageService: onReceive: intent.action = com.android.server.action.NETWORK_STATS_UPDATED
10-02 11:09:55.904  3216  4436 W MiuiPerfServiceClient: PSI: Memory Some|52|30590573418616
10-02 11:09:56.252   702  3048 E ANDR-PERF-MPCTL: poll() has timed out for /sys/module/msm_performance/events/cpu_hotplug
10-02 11:09:56.252   702  3048 E ANDR-PERF-MPCTL: Block on poll()
10-02 11:09:56.506  2065  2088 D ActivityManager: Raise procstate to external provider: ProcessRecord{b28dd03 31429:com.google.android.gms/u999a21}
10-02 11:09:56.591  9265  9352 W dex2oat : Accessing hidden method Landroid/content/res/Resources$Theme;->rebase()V (dark greylist, linking)
10-02 11:09:56.878  9265  9354 W dex2oat : Accessing hidden method Landroid/view/View;->setTransitionVisibility(I)V (dark greylist, linking)
10-02 11:09:56.887  9265  9357 W dex2oat : Accessing hidden method Landroid/view/View;->setTransitionVisibility(I)V (dark greylist, linking)
10-02 11:09:56.940 26064 26064 I Finsky  : [2] App states replicator found 101 unowned apps
10-02 11:09:56.979 26064 26128 I Finsky  : [4677] Completed 0 account content syncs with 0 successful.
10-02 11:09:56.990 26064 26064 I Finsky  : [2] [ContentSync] Installation state replication succeeded.
10-02 11:09:56.990 26064 26064 I Finsky  : [2] SCH: jobFinished: 12-1. TimeElapsed: 3780ms.
10-02 11:09:56.990 26064 26064 I Finsky  : [2] WM::SCH: Logging work end for 12-1
10-02 11:09:57.063 26064 26101 I Finsky  : [4670] SCH: Scheduling phonesky job Id: 1-1337, CT: 1759373833131, Constraints: [{ L: 29628599, D: 72828599, C: CHARGING_NONE, I: IDLE_NONE, N: NET_ANY, B: BATTERY_ANY }]
10-02 11:09:57.063 26064 26101 I Finsky  : [4670] SCH: Scheduling phonesky job Id: 34-1896, CT: 1759317091206, Constraints: [{ L: 604800000, D: 2587710789, C: CHARGING_NONE, I: IDLE_NONE, N: NET_ANY, B: BATTERY_ANY }]
