2025-09-27 17:52:10.748 15407-15407 rlands.abclien          ru.neverlands.abclient               I    at void android.view.LayoutInflater.rInflate(org.xmlpull.v1.XmlPullParser, android.view.View, android.content.Context, android.util.AttributeSet, boolean) (LayoutInflater.java:863)
2025-09-27 17:52:10.748 15407-15407 rlands.abclien          ru.neverlands.abclient               I    at void android.view.LayoutInflater.rInflateChildren(org.xmlpull.v1.XmlPullParser, android.view.View, android.util.AttributeSet, boolean) (LayoutInflater.java:828)
2025-09-27 17:52:10.748 15407-15407 rlands.abclien          ru.neverlands.abclient               I    at android.view.View android.view.LayoutInflater.inflate(org.xmlpull.v1.XmlPullParser, android.view.ViewGroup, boolean) (LayoutInflater.java:519)
2025-09-27 17:52:10.748 15407-15407 rlands.abclien          ru.neverlands.abclient               I    at android.view.View android.view.LayoutInflater.inflate(int, android.view.ViewGroup, boolean) (LayoutInflater.java:427)
2025-09-27 17:52:10.748 15407-15407 rlands.abclien          ru.neverlands.abclient               I    at ru.neverlands.abclient.databinding.ActivityMainBinding ru.neverlands.abclient.databinding.ActivityMainBinding.inflate(android.view.LayoutInflater, android.view.ViewGroup, boolean) (ActivityMainBinding.java:53)
2025-09-27 17:52:10.748 15407-15407 rlands.abclien          ru.neverlands.abclient               I    at ru.neverlands.abclient.databinding.ActivityMainBinding ru.neverlands.abclient.databinding.ActivityMainBinding.inflate(android.view.LayoutInflater) (ActivityMainBinding.java:47)
2025-09-27 17:52:10.748 15407-15407 rlands.abclien          ru.neverlands.abclient               I    at void ru.neverlands.abclient.MainActivity.onCreate(android.os.Bundle) (MainActivity.java:66)
2025-09-27 17:52:10.748 15407-15407 rlands.abclien          ru.neverlands.abclient               I    at void android.app.Activity.performCreate(android.os.Bundle, android.os.PersistableBundle) (Activity.java:7224)
2025-09-27 17:52:10.748 15407-15407 rlands.abclien          ru.neverlands.abclient               I    at void android.app.Activity.performCreate(android.os.Bundle) (Activity.java:7213)
2025-09-27 17:52:10.748 15407-15407 rlands.abclien          ru.neverlands.abclient               I    at void android.app.Instrumentation.callActivityOnCreate(android.app.Activity, android.os.Bundle) (Instrumentation.java:1272)
2025-09-27 17:52:10.748 15407-15407 rlands.abclien          ru.neverlands.abclient               I    at android.app.Activity android.app.ActivityThread.performLaunchActivity(android.app.ActivityThread$ActivityClientRecord, android.content.Intent) (ActivityThread.java:2926)
2025-09-27 17:52:10.748 15407-15407 rlands.abclien          ru.neverlands.abclient               I    at android.app.Activity android.app.ActivityThread.handleLaunchActivity(android.app.ActivityThread$ActivityClientRecord, android.app.servertransaction.PendingTransactionActions, android.content.Intent) (ActivityThread.java:3081)
2025-09-27 17:52:10.748 15407-15407 rlands.abclien          ru.neverlands.abclient               I    at void android.app.servertransaction.LaunchActivityItem.execute(android.app.ClientTransactionHandler, android.os.IBinder, android.app.servertransaction.PendingTransactionActions) (LaunchActivityItem.java:78)
2025-09-27 17:52:10.748 15407-15407 rlands.abclien          ru.neverlands.abclient               I    at void android.app.servertransaction.TransactionExecutor.executeCallbacks(android.app.servertransaction.ClientTransaction) (TransactionExecutor.java:108)
2025-09-27 17:52:10.748 15407-15407 rlands.abclien          ru.neverlands.abclient               I    at void android.app.servertransaction.TransactionExecutor.execute(android.app.servertransaction.ClientTransaction) (TransactionExecutor.java:68)
2025-09-27 17:52:10.748 15407-15407 rlands.abclien          ru.neverlands.abclient               I    at void android.app.ActivityThread$H.handleMessage(android.os.Message) (ActivityThread.java:1831)
2025-09-27 17:52:10.748 15407-15407 rlands.abclien          ru.neverlands.abclient               I    at void android.os.Handler.dispatchMessage(android.os.Message) (Handler.java:106)
2025-09-27 17:52:10.748 15407-15407 rlands.abclien          ru.neverlands.abclient               I    at void android.os.Looper.loop() (Looper.java:201)
2025-09-27 17:52:10.748 15407-15407 rlands.abclien          ru.neverlands.abclient               I    at void android.app.ActivityThread.main(java.lang.String[]) (ActivityThread.java:6810)
2025-09-27 17:52:10.748 15407-15407 rlands.abclien          ru.neverlands.abclient               I    at java.lang.Object java.lang.reflect.Method.invoke(java.lang.Object, java.lang.Object[]) (Method.java:-2)
2025-09-27 17:52:10.748 15407-15407 rlands.abclien          ru.neverlands.abclient               I    at void com.android.internal.os.RuntimeInit$MethodAndArgsCaller.run() (RuntimeInit.java:547)
2025-09-27 17:52:10.748 15407-15407 rlands.abclien          ru.neverlands.abclient               I    at void com.android.internal.os.ZygoteInit.main(java.lang.String[]) (ZygoteInit.java:873)
2025-09-27 17:52:10.748 15407-15407 rlands.abclien          ru.neverlands.abclient               I  
2025-09-27 17:52:10.764 15407-15407 EgretLoader             ru.neverlands.abclient               D  EgretLoader(Context context)
2025-09-27 17:52:10.766 15407-15407 EgretLoader             ru.neverlands.abclient               D  The context is not activity
2025-09-27 17:52:10.784 15407-15910 cr_media                ru.neverlands.abclient               W  getBluetoothAdapter() requires BLUETOOTH permission
2025-09-27 17:52:10.784 15407-15910 cr_media                ru.neverlands.abclient               W  registerBluetoothIntentsIfNeeded: Requires BLUETOOTH permission
2025-09-27 17:52:10.786 15407-15407 EgretLoader             ru.neverlands.abclient               D  EgretLoader(Context context)
2025-09-27 17:52:10.787 15407-15407 EgretLoader             ru.neverlands.abclient               D  The context is not activity
2025-09-27 17:52:10.796 15407-15407 EgretLoader             ru.neverlands.abclient               D  EgretLoader(Context context)
2025-09-27 17:52:10.797 15407-15407 EgretLoader             ru.neverlands.abclient               D  The context is not activity
2025-09-27 17:52:10.805 15407-15407 EgretLoader             ru.neverlands.abclient               D  EgretLoader(Context context)
2025-09-27 17:52:10.806 15407-15407 EgretLoader             ru.neverlands.abclient               D  The context is not activity
2025-09-27 17:52:10.982 15407-15407 Activity                ru.neverlands.abclient               W  Slow Operation: Activity ru.neverlands.abclient/.MainActivity onCreate took 540ms
2025-09-27 17:52:11.025 15407-15936 CameraManagerGlobal     ru.neverlands.abclient               I  Connecting to camera service
2025-09-27 17:52:11.033 15407-15936 libc                    ru.neverlands.abclient               E  Access denied finding property "vendor.camera.aux.packagelist"
2025-09-27 17:52:11.033 15407-15407 Choreographer           ru.neverlands.abclient               I  Skipped 37 frames!  The application may be doing too much work on its main thread.
2025-09-27 17:52:11.033 15407-15936 libc                    ru.neverlands.abclient               E  Access denied finding property "vendor.camera.aux.packagelist"
2025-09-27 17:52:11.033 15407-15936 libc                    ru.neverlands.abclient               E  Access denied finding property "vendor.camera.aux.packagelist"
2025-09-27 17:52:11.033 15407-15936 CameraManagerGlobal     ru.neverlands.abclient               W  [soar.cts] ignore the status update of camera: 2
2025-09-27 17:52:11.033 15407-15936 libc                    ru.neverlands.abclient               E  Access denied finding property "vendor.camera.aux.packagelist"
2025-09-27 17:52:11.034 15407-15936 CameraManagerGlobal     ru.neverlands.abclient               W  [soar.cts] ignore the status update of camera: 3
2025-09-27 17:52:11.034 15407-15420 libc                    ru.neverlands.abclient               E  Access denied finding property "vendor.camera.aux.packagelist"
2025-09-27 17:52:11.035 15407-15426 libc                    ru.neverlands.abclient               E  Access denied finding property "vendor.camera.aux.packagelist"
2025-09-27 17:52:11.035 15407-15426 CameraManagerGlobal     ru.neverlands.abclient               W  ignore the torch status update of camera: 2
2025-09-27 17:52:11.036 15407-15426 libc                    ru.neverlands.abclient               E  Access denied finding property "vendor.camera.aux.packagelist"
2025-09-27 17:52:11.036 15407-15426 CameraManagerGlobal     ru.neverlands.abclient               W  ignore the torch status update of camera: 3
2025-09-27 17:52:11.046 15407-15407 ContentCatcher          ru.neverlands.abclient               W  Failed to notify a WebView
2025-09-27 17:52:11.116 15407-15407 ContentCatcher          ru.neverlands.abclient               W  Failed to notify a WebView
2025-09-27 17:52:11.118 15407-15915 VideoCapabilities       ru.neverlands.abclient               W  Unrecognized profile 4 for video/hevc
2025-09-27 17:52:11.119 15407-15407 ContentCatcher          ru.neverlands.abclient               W  Failed to notify a WebView
2025-09-27 17:52:11.122 15407-15915 VideoCapabilities       ru.neverlands.abclient               W  Unrecognized profile/level 0/3 for video/mpeg2
2025-09-27 17:52:11.123 15407-15407 ContentCatcher          ru.neverlands.abclient               W  Failed to notify a WebView
2025-09-27 17:52:11.125 15407-15915 VideoCapabilities       ru.neverlands.abclient               W  Unrecognized profile/level 0/3 for video/mpeg2
2025-09-27 17:52:11.130 15407-15407 rlands.abclien          ru.neverlands.abclient               W  Accessing hidden method Landroid/view/View;->getViewRootImpl()Landroid/view/ViewRootImpl; (light greylist, reflection)
2025-09-27 17:52:11.130 15407-15407 rlands.abclien          ru.neverlands.abclient               W  Accessing hidden field Landroid/view/View$AttachInfo;->mVisibleInsets:Landroid/graphics/Rect; (light greylist, reflection)
2025-09-27 17:52:11.130 15407-15407 rlands.abclien          ru.neverlands.abclient               W  Accessing hidden field Landroid/view/ViewRootImpl;->mAttachInfo:Landroid/view/View$AttachInfo; (light greylist, reflection)
2025-09-27 17:52:11.153 15407-15915 VideoCapabilities       ru.neverlands.abclient               I  Unsupported profile 4 for video/mp4v-es
2025-09-27 17:52:11.158 15407-15915 Utils                   ru.neverlands.abclient               W  could not parse long range '175-174'
2025-09-27 17:52:11.212 15407-15407 rlands.abclien          ru.neverlands.abclient               W  Accessing hidden field Landroid/view/View;->mAccessibilityDelegate:Landroid/view/View$AccessibilityDelegate; (light greylist, reflection)
2025-09-27 17:52:11.289 15407-15407 Looper                  ru.neverlands.abclient               W  Slow Looper main: doFrame is 624ms late because of 2 msg, msg 2 took 597ms (late=31ms h=android.app.ActivityThread$H w=159)
2025-09-27 17:52:11.626 15407-15954 ProxyService            ru.neverlands.abclient               D  Proxy server started on port 8052
2025-09-27 17:52:11.766 15407-15933 System.out              ru.neverlands.abclient               I  HP: 355.0/355, MP: 2527.0/2527
2025-09-27 17:52:11.908 15407-15407 chromium                ru.neverlands.abclient               I  [INFO:CONSOLE:13] "Uncaught TypeError: top.start is not a function", source: http://neverlands.ru/ch/msg.php (13)
2025-09-27 17:52:12.447 15407-15417 System                  ru.neverlands.abclient               W  A resource failed to call end. 
2025-09-27 17:52:12.449 15407-15417 chatty                  ru.neverlands.abclient               I  uid=10496(ru.neverlands.abclient) FinalizerDaemon identical 13 lines
2025-09-27 17:52:12.449 15407-15417 System                  ru.neverlands.abclient               W  A resource failed to call end. 
2025-09-27 17:52:16.679 15407-15419 rlands.abclien          ru.neverlands.abclient               I  Background concurrent copying GC freed 79165(6MB) AllocSpace objects, 234(4MB) LOS objects, 49% free, 16MB/33MB, paused 578us total 114.466ms
2025-09-27 17:52:17.775 15407-15419 rlands.abclien          ru.neverlands.abclient               I  Background concurrent copying GC freed 95712(7MB) AllocSpace objects, 283(5MB) LOS objects, 49% free, 20MB/41MB, paused 709us total 126.608ms
2025-09-27 17:52:19.506 15407-15419 rlands.abclien          ru.neverlands.abclient               I  Background concurrent copying GC freed 117380(9MB) AllocSpace objects, 346(6MB) LOS objects, 47% free, 26MB/50MB, paused 869us total 218.647ms
2025-09-27 17:52:21.691 15407-15419 rlands.abclien          ru.neverlands.abclient               I  Background concurrent copying GC freed 142569(11MB) AllocSpace objects, 419(8MB) LOS objects, 43% free, 31MB/55MB, paused 933us total 188.481ms
2025-09-27 17:52:24.429 15407-15419 rlands.abclien          ru.neverlands.abclient               I  Background concurrent copying GC freed 140323(11MB) AllocSpace objects, 413(8MB) LOS objects, 39% free, 37MB/61MB, paused 1.485ms total 233.323ms
2025-09-27 17:52:26.937 15407-15419 rlands.abclien          ru.neverlands.abclient               I  Background concurrent copying GC freed 138023(10MB) AllocSpace objects, 409(7MB) LOS objects, 34% free, 45MB/69MB, paused 3.111ms total 310.697ms
2025-09-27 17:52:28.681 15407-15419 rlands.abclien          ru.neverlands.abclient               I  Background concurrent copying GC freed 152683(11MB) AllocSpace objects, 453(8MB) LOS objects, 31% free, 51MB/75MB, paused 1.441ms total 298.978ms
2025-09-27 17:52:30.863 15407-15419 rlands.abclien          ru.neverlands.abclient               I  Background concurrent copying GC freed 155703(12MB) AllocSpace objects, 455(8MB) LOS objects, 29% free, 56MB/80MB, paused 2.760ms total 431.571ms
2025-09-27 17:52:33.683 15407-15419 rlands.abclien          ru.neverlands.abclient               I  Background concurrent copying GC freed 146646(11MB) AllocSpace objects, 434(8MB) LOS objects, 27% free, 61MB/85MB, paused 6.168ms total 396.557ms
2025-09-27 17:52:36.520  2102-2354  ActivityTrigger         system_server                        E  activityResumeTrigger: not whiteListedru.neverlands.abclient/ru.neverlands.abclient.MainActivity/1
2025-09-27 17:52:36.871  2102-3225  ActivityTrigger         system_server                        E  activityResumeTrigger: not whiteListedru.neverlands.abclient/ru.neverlands.abclient.MainActivity/1
2025-09-27 17:52:37.862 15407-15419 rlands.abclien          ru.neverlands.abclient               I  Background concurrent copying GC freed 142543(11MB) AllocSpace objects, 419(8MB) LOS objects, 26% free, 68MB/92MB, paused 4.077ms total 355.884ms
2025-09-27 17:52:38.542 15407-15407 rlands.abclien          ru.neverlands.abclient               W  Accessing hidden method Landroid/view/MotionEvent;->getEventTimeNano()J (light greylist, reflection)
2025-09-27 17:52:38.880 15407-15407 ABClient                ru.neverlands.abclient               D  Page loaded: http://www.neverlands.ru/main.php
2025-09-27 17:52:39.098 15407-15407 ABClient                ru.neverlands.abclient               D  Page loaded: http://neverlands.ru/main.php
2025-09-27 17:52:39.352 15407-15933 System.out              ru.neverlands.abclient               I  HP: 355.0/355, MP: 2527.0/2527
2025-09-27 17:52:40.529 15407-15419 rlands.abclien          ru.neverlands.abclient               I  Background concurrent copying GC freed 157040(12MB) AllocSpace objects, 410(8MB) LOS objects, 24% free, 72MB/96MB, paused 2.817ms total 366.217ms
2025-09-27 17:52:40.532 15407-15417 System                  ru.neverlands.abclient               W  A resource failed to call end. 
2025-09-27 17:52:40.533 15407-15417 chatty                  ru.neverlands.abclient               I  uid=10496(ru.neverlands.abclient) FinalizerDaemon identical 11 lines
2025-09-27 17:52:40.533 15407-15417 System                  ru.neverlands.abclient               W  A resource failed to call end. 
2025-09-27 17:52:41.432 15407-15407 ABClient                ru.neverlands.abclient               D  Page loaded: http://neverlands.ru/main.php?get_id=56&act=10&go=inf&vcode=ff38c043949fca270ee01a695036baed
2025-09-27 17:52:41.824 15407-15933 System.out              ru.neverlands.abclient               I  HP: 355.0/355, MP: 2527.0/2527
2025-09-27 17:52:42.851 15407-15419 rlands.abclien          ru.neverlands.abclient               I  Background concurrent copying GC freed 146338(11MB) AllocSpace objects, 343(9MB) LOS objects, 22% free, 80MB/104MB, paused 2.558ms total 502.521ms
2025-09-27 17:52:42.854 15407-15417 System                  ru.neverlands.abclient               W  A resource failed to call end. 
2025-09-27 17:52:42.855 15407-15417 chatty                  ru.neverlands.abclient               I  uid=10496(ru.neverlands.abclient) FinalizerDaemon identical 13 lines
2025-09-27 17:52:42.855 15407-15417 System                  ru.neverlands.abclient               W  A resource failed to call end. 
2025-09-27 17:52:45.850 15407-15419 rlands.abclien          ru.neverlands.abclient               I  Background concurrent copying GC freed 176333(13MB) AllocSpace objects, 417(8MB) LOS objects, 21% free, 87MB/111MB, paused 2.671ms total 465.950ms
2025-09-27 17:52:46.609 15407-15407 ABClient                ru.neverlands.abclient               D  Page loaded: http://neverlands.ru/main.php?get_id=56&act=10&go=inv&vcode=2bca6970944bad1ce47aabd04c73a771
2025-09-27 17:52:47.863 15407-15419 rlands.abclien          ru.neverlands.abclient               I  Background concurrent copying GC freed 167379(13MB) AllocSpace objects, 439(9MB) LOS objects, 20% free, 95MB/119MB, paused 3.083ms total 606.701ms
2025-09-27 17:52:47.870 15407-15417 System                  ru.neverlands.abclient               W  A resource failed to call end. 
2025-09-27 17:52:47.871 15407-15417 chatty                  ru.neverlands.abclient               I  uid=10496(ru.neverlands.abclient) FinalizerDaemon identical 8 lines
2025-09-27 17:52:47.872 15407-15417 System                  ru.neverlands.abclient               W  A resource failed to call end. 
2025-09-27 17:52:49.916 15407-15419 rlands.abclien          ru.neverlands.abclient               I  Background concurrent copying GC freed 156213(13MB) AllocSpace objects, 431(12MB) LOS objects, 19% free, 97MB/121MB, paused 3.238ms total 493.998ms
2025-09-27 17:52:52.148 15407-15954 libc                    ru.neverlands.abclient               W  pthread_create failed: couldn't allocate 1073152-bytes mapped space: Out of memory
2025-09-27 17:52:52.148 15407-15954 rlands.abclien          ru.neverlands.abclient               W  Throwing OutOfMemoryError "pthread_create (1040KB stack) failed: Try again"
2025-09-27 17:52:52.150 15407-24624 rlands.abclien          ru.neverlands.abclient               A  thread.cc:3905] Unable to create protected region in stack for implicit overflow check. Reason: Out of memory size:  4096
2025-09-27 17:52:52.360 15407-24624 libc++abi               ru.neverlands.abclient               E  (null)
2025-09-27 17:52:52.566 15407-15419 libc++abi               ru.neverlands.abclient               E  terminating with uncaught exception of type std::bad_alloc: std::bad_alloc
2025-09-27 17:52:52.601 15407-15915 libc                    ru.neverlands.abclient               W  pthread_create failed: couldn't mprotect TLS: Out of memory
2025-09-27 17:52:52.602 15407-15915 chromium                ru.neverlands.abclient               E  [ERROR:base/threading/platform_thread_posix.cc:160] pthread_create: Try again (11)
