2025-10-02 10:30:05.966 31783-31783 rlands.abclien          ru.neverlands.abclient               W  Accessing hidden field Landroid/view/ViewRootImpl;->mAttachInfo:Landroid/view/View$AttachInfo; (light greylist, reflection)
2025-10-02 10:30:05.974 31783-32121 VideoCapabilities       ru.neverlands.abclient               W  Unrecognized profile 4 for video/hevc
2025-10-02 10:30:05.977 31783-32121 VideoCapabilities       ru.neverlands.abclient               W  Unrecognized profile/level 0/3 for video/mpeg2
2025-10-02 10:30:05.978 31783-32121 VideoCapabilities       ru.neverlands.abclient               W  Unrecognized profile/level 0/3 for video/mpeg2
2025-10-02 10:30:06.005 31783-32121 VideoCapabilities       ru.neverlands.abclient               I  Unsupported profile 4 for video/mp4v-es
2025-10-02 10:30:06.007 31783-32121 Utils                   ru.neverlands.abclient               W  could not parse long range '175-174'
2025-10-02 10:30:06.048 31783-31783 rlands.abclien          ru.neverlands.abclient               W  Accessing hidden field Landroid/view/View;->mAccessibilityDelegate:Landroid/view/View$AccessibilityDelegate; (light greylist, reflection)
2025-10-02 10:30:06.341 31783-32102 ChListJs                ru.neverlands.abclient               D  process() called
2025-10-02 10:30:06.345 31783-31806 System                  ru.neverlands.abclient               W  A resource failed to call end. 
2025-10-02 10:30:06.347 31783-31806 chatty                  ru.neverlands.abclient               I  uid=10589(ru.neverlands.abclient) FinalizerDaemon identical 1 line
2025-10-02 10:30:06.349 31783-31806 System                  ru.neverlands.abclient               W  A resource failed to call end. 
2025-10-02 10:30:06.363 31783-32102 ChListJs                ru.neverlands.abclient               D  Finished processing ch_list.js
2025-10-02 10:30:06.539 31783-31783 Looper                  ru.neverlands.abclient               W  Slow Looper main: doFrame is 325ms late because of 67 msg, msg 1 took 169ms (h=android.view.Choreographer$FrameHandler c=android.view.Choreographer$FrameDisplayEventReceiver)
2025-10-02 10:30:06.714 31783-31783 JS_CONSOLE              ru.neverlands.abclient               E  Uncaught SyntaxError: missing ) after argument list -- From line 156 of http://neverlands.ru/ch/ch_list.js
2025-10-02 10:30:07.284 31783-31806 System                  ru.neverlands.abclient               W  A resource failed to call end. 
2025-10-02 10:30:07.289 31783-31806 chatty                  ru.neverlands.abclient               I  uid=10589(ru.neverlands.abclient) FinalizerDaemon identical 19 lines
2025-10-02 10:30:07.292 31783-31806 System                  ru.neverlands.abclient               W  A resource failed to call end. 
2025-10-02 10:30:07.309 31783-31808 rlands.abclien          ru.neverlands.abclient               I  Background concurrent copying GC freed 39142(2MB) AllocSpace objects, 30(37MB) LOS objects, 49% free, 11MB/22MB, paused 1.338ms total 142.209ms
2025-10-02 10:30:07.325 31783-31783 Looper                  ru.neverlands.abclient               W  Slow Looper main: doFrame is 316ms late because of 3 msg, msg 1 took 254ms (late=48ms h=android.view.Choreographer$FrameHandler c=android.view.Choreographer$FrameDisplayEventReceiver)
2025-10-02 10:30:07.328 31783-31783 ABClient                ru.neverlands.abclient               D  Page loaded: http://neverlands.ru/ch.php?lo=1
2025-10-02 10:30:07.331 31783-31783 ABClient                ru.neverlands.abclient               D  Page loaded: http://neverlands.ru/ch/msg.php
2025-10-02 10:30:08.095 31783-31808 rlands.abclien          ru.neverlands.abclient               I  Background concurrent copying GC freed 173654(10MB) AllocSpace objects, 42(800KB) LOS objects, 46% free, 27MB/51MB, paused 184us total 101.792ms
2025-10-02 10:30:08.411 31783-31783 ABClient                ru.neverlands.abclient               D  Page loaded: http://neverlands.ru/main.php
2025-10-02 10:30:08.738 31783-31783 ABClient                ru.neverlands.abclient               D  Page loaded: http://neverlands.ru/ch/but.php
2025-10-02 10:30:10.459 31783-32100 System                  ru.neverlands.abclient               W  Ignoring header Cookie because its value was null.
2025-10-02 10:30:10.682 31783-31783 ABClient                ru.neverlands.abclient               D  Page loaded: http://www.neverlands.ru/main.php
2025-10-02 10:30:15.840 31783-31783 rlands.abclien          ru.neverlands.abclient               W  Accessing hidden method Landroid/view/MotionEvent;->getEventTimeNano()J (light greylist, reflection)
2025-10-02 10:30:16.752 31783-31806 System                  ru.neverlands.abclient               W  A resource failed to call end. 
2025-10-02 10:30:16.759 31783-31806 chatty                  ru.neverlands.abclient               I  uid=10589(ru.neverlands.abclient) FinalizerDaemon identical 29 lines
2025-10-02 10:30:16.759 31783-31806 System                  ru.neverlands.abclient               W  A resource failed to call end. 
2025-10-02 10:30:16.866 31783-32101 System                  ru.neverlands.abclient               W  Ignoring header Cookie because its value was null.
2025-10-02 10:30:17.160 31783-31806 System                  ru.neverlands.abclient               W  A resource failed to call end. 
2025-10-02 10:30:17.160 31783-31806 System                  ru.neverlands.abclient               W  A resource failed to call end. 
2025-10-02 10:30:17.273 31783-31806 System                  ru.neverlands.abclient               W  A resource failed to call end. 
2025-10-02 10:30:17.284 31783-31783 ABClient                ru.neverlands.abclient               D  Page loaded: http://www.neverlands.ru/main.php?get_id=56&act=10&go=ret&vcode=2d4395035157cda6a0328852703b879b
2025-10-02 10:30:19.553 31783-32106 System                  ru.neverlands.abclient               W  Ignoring header Cookie because its value was null.
2025-10-02 10:30:19.750 31783-31783 ABClient                ru.neverlands.abclient               D  Page loaded: http://www.neverlands.ru/main.php?get_id=56&act=10&go=inf&vcode=f18f436cd03a3172bfa7408b04258aaf
2025-10-02 10:30:22.715  2065-2169  InputDispatcher         system_server                        E  channel '625845f ru.neverlands.abclient/ru.neverlands.abclient.MainActivity (server)' ~ Channel is unrecoverably broken and will be disposed!
