10-02 11:09:53.032  2065  2109 I ActivityManager: Start proc 9277:com.android.chrome:sandboxed_process0/u0i93 for webview_service ru.neverlands.abclient/org.chromium.content.app.SandboxedProcessService0 caller=ru.neverlands.abclient
10-02 11:09:53.032  9277  9277 E dboxed_process: Not starting debugger since process cannot load the jdwp agent.
10-02 11:09:53.074  9152  9152 W chromium: [WARNING:android_webview/browser/network_service/net_helpers.cc:143] HTTP Cache size is: 20971520
10-02 11:09:53.077  2065  3948 D CompatibilityInfo: mCompatibilityFlags - 0
10-02 11:09:53.077  2065  3948 D CompatibilityInfo: applicationDensity - 421
10-02 11:09:53.078  2065  3948 D CompatibilityInfo: applicationScale - 1.0
10-02 11:09:53.080  2065  3948 D ActivityManager: Raise procstate to external provider: ProcessRecord{b28dd03 31429:com.google.android.gms/u999a21}
10-02 11:09:53.081  2065  3948 D CompatibilityInfo: mCompatibilityFlags - 0
10-02 11:09:53.081  2065  3948 D CompatibilityInfo: applicationDensity - 421
10-02 11:09:53.081  2065  3948 D CompatibilityInfo: applicationScale - 1.0
10-02 11:09:53.106  2065  2532 D ActivityManager: Raise procstate to external provider: ProcessRecord{b28dd03 31429:com.google.android.gms/u999a21}
10-02 11:09:53.109  2065  2532 D CompatibilityInfo: mCompatibilityFlags - 0
10-02 11:09:53.109  2065  2532 D CompatibilityInfo: applicationDensity - 421
10-02 11:09:53.109  2065  2532 D CompatibilityInfo: applicationScale - 1.0
10-02 11:09:53.120  3132  3132 D BoundBrokerSvc: onBind: Intent { act=com.google.android.gms.safebrowsing.SafeBrowsingService.START dat=chimera-action: cmp=com.google.android.gms/.chimera.GmsBoundBrokerService }
10-02 11:09:53.120  3132  3132 D BoundBrokerSvc: Loading bound service for intent: Intent { act=com.google.android.gms.safebrowsing.SafeBrowsingService.START dat=chimera-action: cmp=com.google.android.gms/.chimera.GmsBoundBrokerService }
10-02 11:09:53.116  9277  9277 W dboxed_process0: type=1400 audit(0.0:7639): avc: denied { search } for name="theme" dev="dm-1" ino=6946825 scontext=u:r:isolated_app:s0:c93,c256,c512,c768 tcontext=u:object_r:theme_data_file:s0 tclass=dir permissive=0
10-02 11:09:53.140  2065  2532 D ConnectivityService: requestNetwork for uid/pid:10590/9152 NetworkRequest [ TRACK_DEFAULT id=898, [ Capabilities: INTERNET&NOT_RESTRICTED&TRUSTED Unwanted:  Uid: 10590] ]
10-02 11:09:53.116  9277  9277 I chatty  : uid=99093(u0_i93) com.android.chrome:sandboxed_process0 identical 2 lines
10-02 11:09:53.116  9277  9277 W dboxed_process0: type=1400 audit(0.0:7642): avc: denied { search } for name="theme" dev="dm-1" ino=6946825 scontext=u:r:isolated_app:s0:c93,c256,c512,c768 tcontext=u:object_r:theme_data_file:s0 tclass=dir permissive=0
10-02 11:09:53.141  2065  2186 D WIFI    : got request NetworkRequest [ TRACK_DEFAULT id=898, [ Capabilities: INTERNET&NOT_RESTRICTED&TRUSTED Unwanted:  Uid: 10590] ] with score 60
10-02 11:09:53.142  2065  2186 D WIFI_UT : got request NetworkRequest [ TRACK_DEFAULT id=898, [ Capabilities: INTERNET&NOT_RESTRICTED&TRUSTED Unwanted:  Uid: 10590] ] with score 60
10-02 11:09:53.142  2065  2249 D Ethernet: got request NetworkRequest [ TRACK_DEFAULT id=898, [ Capabilities: INTERNET&NOT_RESTRICTED&TRUSTED Unwanted:  Uid: 10590] ] with score 60
10-02 11:09:53.142  2710  2710 D PhoneSwitcherNetworkRequstListener: got request NetworkRequest [ TRACK_DEFAULT id=898, [ Capabilities: INTERNET&NOT_RESTRICTED&TRUSTED Unwanted:  Uid: 10590] ] with score 60
10-02 11:09:53.144  2688  2688 D QcrilMsgTunnelIfaceManager: handleMessage what = 1
10-02 11:09:53.145  2065  2215 D ActivityManager: Raise procstate to external provider: ProcessRecord{b28dd03 31429:com.google.android.gms/u999a21}
10-02 11:09:53.146  2688  2688 I QcrilOemhookMsgTunnel: [0]invokeOemRilRequestRaw: serial=3388 length=24
10-02 11:09:53.146  2688  2820 I QcrilOemhookMsgTunnel: [0]processOemHookResponse serial no: 3388 error: 0length=0
10-02 11:09:53.147  2688  2688 D QcrilMsgTunnelIfaceManager: handleMessage what = 2
10-02 11:09:53.148  2688  2820 I QcrilOemhookMsgTunnel: [0]processOemHookIndication length=28
10-02 11:09:53.148  2688  2688 D QcrilMsgTunnelIfaceManager: handleMessage what = 1
10-02 11:09:53.150  2065  2215 D CompatibilityInfo: mCompatibilityFlags - 0
10-02 11:09:53.150  2065  2215 D CompatibilityInfo: applicationDensity - 421
10-02 11:09:53.150  2065  2215 D CompatibilityInfo: applicationScale - 1.0
10-02 11:09:53.154  2688  2688 I QcrilOemhookMsgTunnel: [1]invokeOemRilRequestRaw: serial=3389 length=24
10-02 11:09:53.154  2688  2688 D QcrilMsgTunnelIfaceManager: handleMessage what = 0
10-02 11:09:53.155  2688  2820 I QcrilOemhookMsgTunnel: [1]processOemHookResponse serial no: 3389 error: 0length=0
10-02 11:09:53.157  2688  2688 D QcrilMsgTunnelIfaceManager: handleMessage what = 2
10-02 11:09:53.161  2688  2820 I QcrilOemhookMsgTunnel: [1]processOemHookIndication length=28
10-02 11:09:53.162  2688  2688 D QcrilMsgTunnelIfaceManager: handleMessage what = 0
10-02 11:09:53.173 26064 26064 I Finsky  : [2] SCH: job service start with id 9744.
10-02 11:09:53.187  9152  9152 I rlands.abclien: Rejecting re-init on previously-failed class java.lang.Class<f3>: java.lang.NoClassDefFoundError: Failed resolution of: Landroid/app/UiModeManager$ContrastChangeListener;
10-02 11:09:53.187  9152  9152 I rlands.abclien:   at void J.N.VJO(int, long, java.lang.Object) (chromium-Monochrome.aab-stable-720417921:-2)
10-02 11:09:53.187  9152  9152 I rlands.abclien:   at void org.chromium.android_webview.AwContents.E(long) (chromium-Monochrome.aab-stable-720417921:479)
10-02 11:09:53.187  9152  9152 I rlands.abclien:   at void org.chromium.android_webview.AwContents.<init>(org.chromium.android_webview.AwBrowserContext, android.view.ViewGroup, Gt0, com.android.webview.chromium.L, com.android.webview.chromium.M, UN, org.chromium.android_webview.AwSettings, IN) (chromium-Monochrome.aab-stable-720417921:439)
10-02 11:09:53.187  9152  9152 I rlands.abclien:   at void com.android.webview.chromium.l.run() (chromium-Monochrome.aab-stable-720417921:144)
10-02 11:09:53.187  9152  9152 I rlands.abclien:   at void qa7.run() (chromium-Monochrome.aab-stable-720417921:13)
10-02 11:09:53.187  9152  9152 I rlands.abclien:   at void org.chromium.base.task.PostTask.d(int, java.lang.Runnable) (chromium-Monochrome.aab-stable-720417921:14)
10-02 11:09:53.187  9152  9152 I rlands.abclien:   at void ra7.a(java.lang.Runnable) (chromium-Monochrome.aab-stable-720417921:16)
10-02 11:09:53.187  9152  9152 I rlands.abclien:   at void com.android.webview.chromium.WebViewChromiumFactoryProvider.a(java.lang.Runnable) (chromium-Monochrome.aab-stable-720417921:3)
10-02 11:09:53.187  9152  9152 I rlands.abclien:   at void com.android.webview.chromium.WebViewChromium.init(java.util.Map, boolean) (chromium-Monochrome.aab-stable-720417921:352)
10-02 11:09:53.187  9152  9152 I rlands.abclien:   at void android.webkit.WebView.<init>(android.content.Context, android.util.AttributeSet, int, int, java.util.Map, boolean) (WebView.java:678)
10-02 11:09:53.187  9152  9152 I rlands.abclien:   at void android.webkit.WebView.<init>(android.content.Context, android.util.AttributeSet, int, int) (WebView.java:604)
10-02 11:09:53.187  9152  9152 I rlands.abclien:   at void android.webkit.WebView.<init>(android.content.Context, android.util.AttributeSet, int) (WebView.java:587)
10-02 11:09:53.187  9152  9152 I rlands.abclien:   at void android.webkit.WebView.<init>(android.content.Context, android.util.AttributeSet) (WebView.java:574)
10-02 11:09:53.187  9152  9152 I rlands.abclien:   at java.lang.Object java.lang.reflect.Constructor.newInstance0(java.lang.Object[]) (Constructor.java:-2)
10-02 11:09:53.187  9152  9152 I rlands.abclien:   at java.lang.Object java.lang.reflect.Constructor.newInstance(java.lang.Object[]) (Constructor.java:343)
10-02 11:09:53.187  9152  9152 I rlands.abclien:   at android.view.View android.view.LayoutInflater.createView(java.lang.String, java.lang.String, android.util.AttributeSet) (LayoutInflater.java:651)
10-02 11:09:53.187  9152  9152 I rlands.abclien:   at android.view.View com.android.internal.policy.PhoneLayoutInflater.onCreateView(java.lang.String, android.util.AttributeSet) (PhoneLayoutInflater.java:58)
10-02 11:09:53.187  9152  9152 I rlands.abclien:   at android.view.View android.view.LayoutInflater.onCreateView(android.view.View, java.lang.String, android.util.AttributeSet) (LayoutInflater.java:724)
10-02 11:09:53.187  9152  9152 I rlands.abclien:   at android.view.View android.view.LayoutInflater.createViewFromTag(android.view.View, java.lang.String, android.content.Context, android.util.AttributeSet, boolean) (LayoutInflater.java:792)
10-02 11:09:53.187  9152  9152 I rlands.abclien:   at android.view.View android.view.LayoutInflater.createViewFromTag(android.view.View, java.lang.String, android.content.Context, android.util.AttributeSet) (LayoutInflater.java:734)
10-02 11:09:53.187  9152  9152 I rlands.abclien:   at void android.view.LayoutInflater.rInflate(org.xmlpull.v1.XmlPullParser, android.view.View, android.content.Context, android.util.AttributeSet, boolean) (LayoutInflater.java:867)
10-02 11:09:53.187  9152  9152 I rlands.abclien:   at void android.view.LayoutInflater.rInflateChildren(org.xmlpull.v1.XmlPullParser, android.view.View, android.util.AttributeSet, boolean) (LayoutInflater.java:828)
10-02 11:09:53.187  9152  9152 I rlands.abclien:   at void android.view.LayoutInflater.parseInclude(org.xmlpull.v1.XmlPullParser, android.content.Context, android.view.View, android.util.AttributeSet) (LayoutInflater.java:999)
10-02 11:09:53.187  9152  9152 I rlands.abclien:   at void android.view.LayoutInflater.rInflate(org.xmlpull.v1.XmlPullParser, android.view.View, android.content.Context, android.util.AttributeSet, boolean) (LayoutInflater.java:863)
10-02 11:09:53.188  9152  9152 I rlands.abclien:   at void android.view.LayoutInflater.rInflateChildren(org.xmlpull.v1.XmlPullParser, android.view.View, android.util.AttributeSet, boolean) (LayoutInflater.java:828)
10-02 11:09:53.188  9152  9152 I rlands.abclien:   at void android.view.LayoutInflater.parseInclude(org.xmlpull.v1.XmlPullParser, android.content.Context, android.view.View, android.util.AttributeSet) (LayoutInflater.java:999)
10-02 11:09:53.188  9152  9152 I rlands.abclien:   at void android.view.LayoutInflater.rInflate(org.xmlpull.v1.XmlPullParser, android.view.View, android.content.Context, android.util.AttributeSet, boolean) (LayoutInflater.java:863)
10-02 11:09:53.188  9152  9152 I rlands.abclien:   at void android.view.LayoutInflater.rInflateChildren(org.xmlpull.v1.XmlPullParser, android.view.View, android.util.AttributeSet, boolean) (LayoutInflater.java:828)
10-02 11:09:53.188  9152  9152 I rlands.abclien:   at android.view.View android.view.LayoutInflater.inflate(org.xmlpull.v1.XmlPullParser, android.view.ViewGroup, boolean) (LayoutInflater.java:519)
10-02 11:09:53.188  9152  9152 I rlands.abclien:   at android.view.View android.view.LayoutInflater.inflate(int, android.view.ViewGroup, boolean) (LayoutInflater.java:427)
10-02 11:09:53.188  9152  9152 I rlands.abclien:   at ru.neverlands.abclient.databinding.ActivityMainBinding ru.neverlands.abclient.databinding.ActivityMainBinding.inflate(android.view.LayoutInflater, android.view.ViewGroup, boolean) (ActivityMainBinding.java:53)
10-02 11:09:53.188  9152  9152 I rlands.abclien:   at ru.neverlands.abclient.databinding.ActivityMainBinding ru.neverlands.abclient.databinding.ActivityMainBinding.inflate(android.view.LayoutInflater) (ActivityMainBinding.java:47)
10-02 11:09:53.188  9152  9152 I rlands.abclien:   at void ru.neverlands.abclient.MainActivity.onCreate(android.os.Bundle) (MainActivity.java:115)
10-02 11:09:53.188  9152  9152 I rlands.abclien:   at void android.app.Activity.performCreate(android.os.Bundle, android.os.PersistableBundle) (Activity.java:7224)
10-02 11:09:53.188  9152  9152 I rlands.abclien:   at void android.app.Activity.performCreate(android.os.Bundle) (Activity.java:7213)
10-02 11:09:53.188  9152  9152 I rlands.abclien:   at void android.app.Instrumentation.callActivityOnCreate(android.app.Activity, android.os.Bundle) (Instrumentation.java:1272)
10-02 11:09:53.188  9152  9152 I rlands.abclien:   at android.app.Activity android.app.ActivityThread.performLaunchActivity(android.app.ActivityThread$ActivityClientRecord, android.content.Intent) (ActivityThread.java:2926)
10-02 11:09:53.188  9152  9152 I rlands.abclien:   at android.app.Activity android.app.ActivityThread.handleLaunchActivity(android.app.ActivityThread$ActivityClientRecord, android.app.servertransaction.PendingTransactionActions, android.content.Intent) (ActivityThread.java:3081)
10-02 11:09:53.188  9152  9152 I rlands.abclien:   at void android.app.servertransaction.LaunchActivityItem.execute(android.app.ClientTransactionHandler, android.os.IBinder, android.app.servertransaction.PendingTransactionActions) (LaunchActivityItem.java:78)
10-02 11:09:53.188  9152  9152 I rlands.abclien:   at void android.app.servertransaction.TransactionExecutor.executeCallbacks(android.app.servertransaction.ClientTransaction) (TransactionExecutor.java:108)
10-02 11:09:53.188  9152  9152 I rlands.abclien:   at void android.app.servertransaction.TransactionExecutor.execute(android.app.servertransaction.ClientTransaction) (TransactionExecutor.java:68)
10-02 11:09:53.188  9152  9152 I rlands.abclien:   at void android.app.ActivityThread$H.handleMessage(android.os.Message) (ActivityThread.java:1831)
10-02 11:09:53.188  9152  9152 I rlands.abclien:   at void android.os.Handler.dispatchMessage(android.os.Message) (Handler.java:106)
10-02 11:09:53.188  9152  9152 I rlands.abclien:   at void android.os.Looper.loop() (Looper.java:201)
10-02 11:09:53.188  9152  9152 I rlands.abclien:   at void android.app.ActivityThread.main(java.lang.String[]) (ActivityThread.java:6810)
10-02 11:09:53.188  9152  9152 I rlands.abclien:   at java.lang.Object java.lang.reflect.Method.invoke(java.lang.Object, java.lang.Object[]) (Method.java:-2)
10-02 11:09:53.188  9152  9152 I rlands.abclien:   at void com.android.internal.os.RuntimeInit$MethodAndArgsCaller.run() (RuntimeInit.java:547)
10-02 11:09:53.188  9152  9152 I rlands.abclien:   at void com.android.internal.os.ZygoteInit.main(java.lang.String[]) (ZygoteInit.java:873)
10-02 11:09:53.188  9152  9152 I rlands.abclien: Caused by: java.lang.ClassNotFoundException: Didn't find class "android.app.UiModeManager$ContrastChangeListener" on path: DexPathList[[zip file "/data/app/com.android.chrome-PQcqcIJyo8Iii3KwO97nbQ==/base.apk"],nativeLibraryDirectories=[/data/app/com.android.chrome-PQcqcIJyo8Iii3KwO97nbQ==/lib/arm64, /data/app/com.android.chrome-PQcqcIJyo8Iii3KwO97nbQ==/base.apk!/lib/arm64-v8a, /system/lib64, /system/vendor/lib64]]
10-02 11:09:53.188  9152  9152 I rlands.abclien:   at java.lang.Class dalvik.system.BaseDexClassLoader.findClass(java.lang.String) (BaseDexClassLoader.java:134)
10-02 11:09:53.188  9152  9152 I rlands.abclien:   at java.lang.Class java.lang.ClassLoader.loadClass(java.lang.String, boolean) (ClassLoader.java:379)
10-02 11:09:53.188  9152  9152 I rlands.abclien:   at java.lang.Class java.lang.ClassLoader.loadClass(java.lang.String) (ClassLoader.java:312)
10-02 11:09:53.188  9152  9152 I rlands.abclien:   at void J.N.VJO(int, long, java.lang.Object) (chromium-Monochrome.aab-stable-720417921:-2)
10-02 11:09:53.188  9152  9152 I rlands.abclien:   at void org.chromium.android_webview.AwContents.E(long) (chromium-Monochrome.aab-stable-720417921:479)
10-02 11:09:53.188  9152  9152 I rlands.abclien:   at void org.chromium.android_webview.AwContents.<init>(org.chromium.android_webview.AwBrowserContext, android.view.ViewGroup, Gt0, com.android.webview.chromium.L, com.android.webview.chromium.M, UN, org.chromium.android_webview.AwSettings, IN) (chromium-Monochrome.aab-stable-720417921:439)
10-02 11:09:53.188  9152  9152 I rlands.abclien:   at void com.android.webview.chromium.l.run() (chromium-Monochrome.aab-stable-720417921:144)
10-02 11:09:53.188  9152  9152 I rlands.abclien:   at void qa7.run() (chromium-Monochrome.aab-stable-720417921:13)
10-02 11:09:53.188  9152  9152 I rlands.abclien:   at void org.chromium.base.task.PostTask.d(int, java.lang.Runnable) (chromium-Monochrome.aab-stable-720417921:14)
10-02 11:09:53.188  9152  9152 I rlands.abclien:   at void ra7.a(java.lang.Runnable) (chromium-Monochrome.aab-stable-720417921:16)
10-02 11:09:53.188  9152  9152 I rlands.abclien:   at void com.android.webview.chromium.WebViewChromiumFactoryProvider.a(java.lang.Runnable) (chromium-Monochrome.aab-stable-720417921:3)
10-02 11:09:53.188  9152  9152 I rlands.abclien:   at void com.android.webview.chromium.WebViewChromium.init(java.util.Map, boolean) (chromium-Monochrome.aab-stable-720417921:352)
10-02 11:09:53.188  9152  9152 I rlands.abclien:   at void android.webkit.WebView.<init>(android.content.Context, android.util.AttributeSet, int, int, java.util.Map, boolean) (WebView.java:678)
10-02 11:09:53.188  9152  9152 I rlands.abclien:   at void android.webkit.WebView.<init>(android.content.Context, android.util.AttributeSet, int, int) (WebView.java:604)
10-02 11:09:53.188  9152  9152 I rlands.abclien:   at void android.webkit.WebView.<init>(android.content.Context, android.util.AttributeSet, int) (WebView.java:587)
10-02 11:09:53.188  9152  9152 I rlands.abclien:   at void android.webkit.WebView.<init>(android.content.Context, android.util.AttributeSet) (WebView.java:574)
10-02 11:09:53.188  9152  9152 I rlands.abclien:   at java.lang.Object java.lang.reflect.Constructor.newInstance0(java.lang.Object[]) (Constructor.java:-2)
10-02 11:09:53.188  9152  9152 I rlands.abclien:   at java.lang.Object java.lang.reflect.Constructor.newInstance(java.lang.Object[]) (Constructor.java:343)
10-02 11:09:53.188  9152  9152 I rlands.abclien:   at android.view.View android.view.LayoutInflater.createView(java.lang.String, java.lang.String, android.util.AttributeSet) (LayoutInflater.java:651)
10-02 11:09:53.188  9152  9152 I rlands.abclien:   at android.view.View com.android.internal.policy.PhoneLayoutInflater.onCreateView(java.lang.String, android.util.AttributeSet) (PhoneLayoutInflater.java:58)
10-02 11:09:53.188  9152  9152 I rlands.abclien:   at android.view.View android.view.LayoutInflater.onCreateView(android.view.View, java.lang.String, android.util.AttributeSet) (LayoutInflater.java:724)
10-02 11:09:53.188  9152  9152 I rlands.abclien:   at android.view.View android.view.LayoutInflater.createViewFromTag(android.view.View, java.lang.String, android.content.Context, android.util.AttributeSet, boolean) (LayoutInflater.java:792)
10-02 11:09:53.188  9152  9152 I rlands.abclien:   at android.view.View android.view.LayoutInflater.createViewFromTag(android.view.View, java.lang.String, android.content.Context, android.util.AttributeSet) (LayoutInflater.java:734)
10-02 11:09:53.188  9152  9152 I rlands.abclien:   at void android.view.LayoutInflater.rInflate(org.xmlpull.v1.XmlPullParser, android.view.View, android.content.Context, android.util.AttributeSet, boolean) (LayoutInflater.java:867)
10-02 11:09:53.188  9152  9152 I rlands.abclien:   at void android.view.LayoutInflater.rInflateChildren(org.xmlpull.v1.XmlPullParser, android.view.View, android.util.AttributeSet, boolean) (LayoutInflater.java:828)
10-02 11:09:53.188  9152  9152 I rlands.abclien:   at void android.view.LayoutInflater.parseInclude(org.xmlpull.v1.XmlPullParser, android.content.Context, android.view.View, android.util.AttributeSet) (LayoutInflater.java:999)
10-02 11:09:53.188  9152  9152 I rlands.abclien:   at void android.view.LayoutInflater.rInflate(org.xmlpull.v1.XmlPullParser, android.view.View, android.content.Context, android.util.AttributeSet, boolean) (LayoutInflater.java:863)
10-02 11:09:53.188  9152  9152 I rlands.abclien:   at void android.view.LayoutInflater.rInflateChildren(org.xmlpull.v1.XmlPullParser, android.view.View, android.util.AttributeSet, boolean) (LayoutInflater.java:828)
10-02 11:09:53.188  9152  9152 I rlands.abclien:   at void android.view.LayoutInflater.parseInclude(org.xmlpull.v1.XmlPullParser, android.content.Context, android.view.View, android.util.AttributeSet) (LayoutInflater.java:999)
10-02 11:09:53.188  9152  9152 I rlands.abclien:   at void android.view.LayoutInflater.rInflate(org.xmlpull.v1.XmlPullParser, android.view.View, android.content.Context, android.util.AttributeSet, boolean) (LayoutInflater.java:863)
10-02 11:09:53.188  9152  9152 I rlands.abclien:   at void android.view.LayoutInflater.rInflateChildren(org.xmlpull.v1.XmlPullParser, android.view.View, android.util.AttributeSet, boolean) (LayoutInflater.java:828)
10-02 11:09:53.188  9152  9152 I rlands.abclien:   at android.view.View android.view.LayoutInflater.inflate(org.xmlpull.v1.XmlPullParser, android.view.ViewGroup, boolean) (LayoutInflater.java:519)
10-02 11:09:53.188  9152  9152 I rlands.abclien:   at android.view.View android.view.LayoutInflater.inflate(int, android.view.ViewGroup, boolean) (LayoutInflater.java:427)
10-02 11:09:53.188  9152  9152 I rlands.abclien:   at ru.neverlands.abclient.databinding.ActivityMainBinding ru.neverlands.abclient.databinding.ActivityMainBinding.inflate(android.view.LayoutInflater, android.view.ViewGroup, boolean) (ActivityMainBinding.java:53)
10-02 11:09:53.188  9152  9152 I rlands.abclien:   at ru.neverlands.abclient.databinding.ActivityMainBinding ru.neverlands.abclient.databinding.ActivityMainBinding.inflate(android.view.LayoutInflater) (ActivityMainBinding.java:47)
10-02 11:09:53.188  9152  9152 I rlands.abclien:   at void ru.neverlands.abclient.MainActivity.onCreate(android.os.Bundle) (MainActivity.java:115)
10-02 11:09:53.188  9152  9152 I rlands.abclien:   at void android.app.Activity.performCreate(android.os.Bundle, android.os.PersistableBundle) (Activity.java:7224)
10-02 11:09:53.188  9152  9152 I rlands.abclien:   at void android.app.Activity.performCreate(android.os.Bundle) (Activity.java:7213)
10-02 11:09:53.188  9152  9152 I rlands.abclien:   at void android.app.Instrumentation.callActivityOnCreate(android.app.Activity, android.os.Bundle) (Instrumentation.java:1272)
10-02 11:09:53.188  9152  9152 I rlands.abclien:   at android.app.Activity android.app.ActivityThread.performLaunchActivity(android.app.ActivityThread$ActivityClientRecord, android.content.Intent) (ActivityThread.java:2926)
10-02 11:09:53.188  9152  9152 I rlands.abclien:   at android.app.Activity android.app.ActivityThread.handleLaunchActivity(android.app.ActivityThread$ActivityClientRecord, android.app.servertransaction.PendingTransactionActions, android.content.Intent) (ActivityThread.java:3081)
10-02 11:09:53.188  9152  9152 I rlands.abclien:   at void android.app.servertransaction.LaunchActivityItem.execute(android.app.ClientTransactionHandler, android.os.IBinder, android.app.servertransaction.PendingTransactionActions) (LaunchActivityItem.java:78)
10-02 11:09:53.188  9152  9152 I rlands.abclien:   at void android.app.servertransaction.TransactionExecutor.executeCallbacks(android.app.servertransaction.ClientTransaction) (TransactionExecutor.java:108)
10-02 11:09:53.188  9152  9152 I rlands.abclien:   at void android.app.servertransaction.TransactionExecutor.execute(android.app.servertransaction.ClientTransaction) (TransactionExecutor.java:68)
10-02 11:09:53.188  9152  9152 I rlands.abclien:   at void android.app.ActivityThread$H.handleMessage(android.os.Message) (ActivityThread.java:1831)
10-02 11:09:53.188  9152  9152 I rlands.abclien:   at void android.os.Handler.dispatchMessage(android.os.Message) (Handler.java:106)
10-02 11:09:53.188  9152  9152 I rlands.abclien:   at void android.os.Looper.loop() (Looper.java:201)
10-02 11:09:53.188  9152  9152 I rlands.abclien:   at void android.app.ActivityThread.main(java.lang.String[]) (ActivityThread.java:6810)
10-02 11:09:53.188  9152  9152 I rlands.abclien:   at java.lang.Object java.lang.reflect.Method.invoke(java.lang.Object, java.lang.Object[]) (Method.java:-2)
10-02 11:09:53.188  9152  9152 I rlands.abclien:   at void com.android.internal.os.RuntimeInit$MethodAndArgsCaller.run() (RuntimeInit.java:547)
10-02 11:09:53.188  9152  9152 I rlands.abclien:   at void com.android.internal.os.ZygoteInit.main(java.lang.String[]) (ZygoteInit.java:873)
10-02 11:09:53.188  9152  9152 I rlands.abclien: 
10-02 11:09:53.189  9152  9152 I rlands.abclien: Rejecting re-init on previously-failed class java.lang.Class<f3>: java.lang.NoClassDefFoundError: Failed resolution of: Landroid/app/UiModeManager$ContrastChangeListener;
10-02 11:09:53.189  9152  9152 I rlands.abclien:   at void J.N.VJO(int, long, java.lang.Object) (chromium-Monochrome.aab-stable-720417921:-2)
10-02 11:09:53.189  9152  9152 I rlands.abclien:   at void org.chromium.android_webview.AwContents.E(long) (chromium-Monochrome.aab-stable-720417921:479)
10-02 11:09:53.189  9152  9152 I rlands.abclien:   at void org.chromium.android_webview.AwContents.<init>(org.chromium.android_webview.AwBrowserContext, android.view.ViewGroup, Gt0, com.android.webview.chromium.L, com.android.webview.chromium.M, UN, org.chromium.android_webview.AwSettings, IN) (chromium-Monochrome.aab-stable-720417921:439)
10-02 11:09:53.189  9152  9152 I rlands.abclien:   at void com.android.webview.chromium.l.run() (chromium-Monochrome.aab-stable-720417921:144)
10-02 11:09:53.189  9152  9152 I rlands.abclien:   at void qa7.run() (chromium-Monochrome.aab-stable-720417921:13)
10-02 11:09:53.189  9152  9152 I rlands.abclien:   at void org.chromium.base.task.PostTask.d(int, java.lang.Runnable) (chromium-Monochrome.aab-stable-720417921:14)
10-02 11:09:53.189  9152  9152 I rlands.abclien:   at void ra7.a(java.lang.Runnable) (chromium-Monochrome.aab-stable-720417921:16)
10-02 11:09:53.189  9152  9152 I rlands.abclien:   at void com.android.webview.chromium.WebViewChromiumFactoryProvider.a(java.lang.Runnable) (chromium-Monochrome.aab-stable-720417921:3)
10-02 11:09:53.189  9152  9152 I rlands.abclien:   at void com.android.webview.chromium.WebViewChromium.init(java.util.Map, boolean) (chromium-Monochrome.aab-stable-720417921:352)
10-02 11:09:53.189  9152  9152 I rlands.abclien:   at void android.webkit.WebView.<init>(android.content.Context, android.util.AttributeSet, int, int, java.util.Map, boolean) (WebView.java:678)
10-02 11:09:53.189  9152  9152 I rlands.abclien:   at void android.webkit.WebView.<init>(android.content.Context, android.util.AttributeSet, int, int) (WebView.java:604)
10-02 11:09:53.189  9152  9152 I rlands.abclien:   at void android.webkit.WebView.<init>(android.content.Context, android.util.AttributeSet, int) (WebView.java:587)
10-02 11:09:53.189  9152  9152 I rlands.abclien:   at void android.webkit.WebView.<init>(android.content.Context, android.util.AttributeSet) (WebView.java:574)
10-02 11:09:53.189  9152  9152 I rlands.abclien:   at java.lang.Object java.lang.reflect.Constructor.newInstance0(java.lang.Object[]) (Constructor.java:-2)
10-02 11:09:53.189  9152  9152 I rlands.abclien:   at java.lang.Object java.lang.reflect.Constructor.newInstance(java.lang.Object[]) (Constructor.java:343)
10-02 11:09:53.189  9152  9152 I rlands.abclien:   at android.view.View android.view.LayoutInflater.createView(java.lang.String, java.lang.String, android.util.AttributeSet) (LayoutInflater.java:651)
10-02 11:09:53.189  9152  9152 I rlands.abclien:   at android.view.View com.android.internal.policy.PhoneLayoutInflater.onCreateView(java.lang.String, android.util.AttributeSet) (PhoneLayoutInflater.java:58)
10-02 11:09:53.189  9152  9152 I rlands.abclien:   at android.view.View android.view.LayoutInflater.onCreateView(android.view.View, java.lang.String, android.util.AttributeSet) (LayoutInflater.java:724)
10-02 11:09:53.189  9152  9152 I rlands.abclien:   at android.view.View android.view.LayoutInflater.createViewFromTag(android.view.View, java.lang.String, android.content.Context, android.util.AttributeSet, boolean) (LayoutInflater.java:792)
10-02 11:09:53.189  9152  9152 I rlands.abclien:   at android.view.View android.view.LayoutInflater.createViewFromTag(android.view.View, java.lang.String, android.content.Context, android.util.AttributeSet) (LayoutInflater.java:734)
10-02 11:09:53.189  9152  9152 I rlands.abclien:   at void android.view.LayoutInflater.rInflate(org.xmlpull.v1.XmlPullParser, android.view.View, android.content.Context, android.util.AttributeSet, boolean) (LayoutInflater.java:867)
10-02 11:09:53.189  9152  9152 I rlands.abclien:   at void android.view.LayoutInflater.rInflateChildren(org.xmlpull.v1.XmlPullParser, android.view.View, android.util.AttributeSet, boolean) (LayoutInflater.java:828)
10-02 11:09:53.190  9152  9152 I rlands.abclien:   at void android.view.LayoutInflater.parseInclude(org.xmlpull.v1.XmlPullParser, android.content.Context, android.view.View, android.util.AttributeSet) (LayoutInflater.java:999)
10-02 11:09:53.190  9152  9152 I rlands.abclien:   at void android.view.LayoutInflater.rInflate(org.xmlpull.v1.XmlPullParser, android.view.View, android.content.Context, android.util.AttributeSet, boolean) (LayoutInflater.java:863)
10-02 11:09:53.190  9152  9152 I rlands.abclien:   at void android.view.LayoutInflater.rInflateChildren(org.xmlpull.v1.XmlPullParser, android.view.View, android.util.AttributeSet, boolean) (LayoutInflater.java:828)
10-02 11:09:53.190  9152  9152 I rlands.abclien:   at void android.view.LayoutInflater.parseInclude(org.xmlpull.v1.XmlPullParser, android.content.Context, android.view.View, android.util.AttributeSet) (LayoutInflater.java:999)
10-02 11:09:53.190  9152  9152 I rlands.abclien:   at void android.view.LayoutInflater.rInflate(org.xmlpull.v1.XmlPullParser, android.view.View, android.content.Context, android.util.AttributeSet, boolean) (LayoutInflater.java:863)
10-02 11:09:53.190  9152  9152 I rlands.abclien:   at void android.view.LayoutInflater.rInflateChildren(org.xmlpull.v1.XmlPullParser, android.view.View, android.util.AttributeSet, boolean) (LayoutInflater.java:828)
10-02 11:09:53.190  9152  9152 I rlands.abclien:   at android.view.View android.view.LayoutInflater.inflate(org.xmlpull.v1.XmlPullParser, android.view.ViewGroup, boolean) (LayoutInflater.java:519)
10-02 11:09:53.190  9152  9152 I rlands.abclien:   at android.view.View android.view.LayoutInflater.inflate(int, android.view.ViewGroup, boolean) (LayoutInflater.java:427)
10-02 11:09:53.190  9152  9152 I rlands.abclien:   at ru.neverlands.abclient.databinding.ActivityMainBinding ru.neverlands.abclient.databinding.ActivityMainBinding.inflate(android.view.LayoutInflater, android.view.ViewGroup, boolean) (ActivityMainBinding.java:53)
10-02 11:09:53.190  9152  9152 I rlands.abclien:   at ru.neverlands.abclient.databinding.ActivityMainBinding ru.neverlands.abclient.databinding.ActivityMainBinding.inflate(android.view.LayoutInflater) (ActivityMainBinding.java:47)
10-02 11:09:53.190  9152  9152 I rlands.abclien:   at void ru.neverlands.abclient.MainActivity.onCreate(android.os.Bundle) (MainActivity.java:115)
10-02 11:09:53.190  9152  9152 I rlands.abclien:   at void android.app.Activity.performCreate(android.os.Bundle, android.os.PersistableBundle) (Activity.java:7224)
10-02 11:09:53.190  9152  9152 I rlands.abclien:   at void android.app.Activity.performCreate(android.os.Bundle) (Activity.java:7213)
10-02 11:09:53.190  9152  9152 I rlands.abclien:   at void android.app.Instrumentation.callActivityOnCreate(android.app.Activity, android.os.Bundle) (Instrumentation.java:1272)
10-02 11:09:53.190  9152  9152 I rlands.abclien:   at android.app.Activity android.app.ActivityThread.performLaunchActivity(android.app.ActivityThread$ActivityClientRecord, android.content.Intent) (ActivityThread.java:2926)
10-02 11:09:53.190  9152  9152 I rlands.abclien:   at android.app.Activity android.app.ActivityThread.handleLaunchActivity(android.app.ActivityThread$ActivityClientRecord, android.app.servertransaction.PendingTransactionActions, android.content.Intent) (ActivityThread.java:3081)
10-02 11:09:53.190  9152  9152 I rlands.abclien:   at void android.app.servertransaction.LaunchActivityItem.execute(android.app.ClientTransactionHandler, android.os.IBinder, android.app.servertransaction.PendingTransactionActions) (LaunchActivityItem.java:78)
10-02 11:09:53.190  9152  9152 I rlands.abclien:   at void android.app.servertransaction.TransactionExecutor.executeCallbacks(android.app.servertransaction.ClientTransaction) (TransactionExecutor.java:108)
10-02 11:09:53.190  9152  9152 I rlands.abclien:   at void android.app.servertransaction.TransactionExecutor.execute(android.app.servertransaction.ClientTransaction) (TransactionExecutor.java:68)
10-02 11:09:53.190  9152  9152 I rlands.abclien:   at void android.app.ActivityThread$H.handleMessage(android.os.Message) (ActivityThread.java:1831)
10-02 11:09:53.190  9152  9152 I rlands.abclien:   at void android.os.Handler.dispatchMessage(android.os.Message) (Handler.java:106)
10-02 11:09:53.190  9152  9152 I rlands.abclien:   at void android.os.Looper.loop() (Looper.java:201)
10-02 11:09:53.190  9152  9152 I rlands.abclien:   at void android.app.ActivityThread.main(java.lang.String[]) (ActivityThread.java:6810)
10-02 11:09:53.190  9152  9152 I rlands.abclien:   at java.lang.Object java.lang.reflect.Method.invoke(java.lang.Object, java.lang.Object[]) (Method.java:-2)
10-02 11:09:53.190  9152  9152 I rlands.abclien:   at void com.android.internal.os.RuntimeInit$MethodAndArgsCaller.run() (RuntimeInit.java:547)
10-02 11:09:53.190  9152  9152 I rlands.abclien:   at void com.android.internal.os.ZygoteInit.main(java.lang.String[]) (ZygoteInit.java:873)
10-02 11:09:53.190  9152  9152 I rlands.abclien: Caused by: java.lang.ClassNotFoundException: Didn't find class "android.app.UiModeManager$ContrastChangeListener" on path: DexPathList[[zip file "/data/app/com.android.chrome-PQcqcIJyo8Iii3KwO97nbQ==/base.apk"],nativeLibraryDirectories=[/data/app/com.android.chrome-PQcqcIJyo8Iii3KwO97nbQ==/lib/arm64, /data/app/com.android.chrome-PQcqcIJyo8Iii3KwO97nbQ==/base.apk!/lib/arm64-v8a, /system/lib64, /system/vendor/lib64]]
10-02 11:09:53.190  9152  9152 I rlands.abclien:   at java.lang.Class dalvik.system.BaseDexClassLoader.findClass(java.lang.String) (BaseDexClassLoader.java:134)
10-02 11:09:53.190  9152  9152 I rlands.abclien:   at java.lang.Class java.lang.ClassLoader.loadClass(java.lang.String, boolean) (ClassLoader.java:379)
10-02 11:09:53.190  9152  9152 I rlands.abclien:   at java.lang.Class java.lang.ClassLoader.loadClass(java.lang.String) (ClassLoader.java:312)
10-02 11:09:53.190  9152  9152 I rlands.abclien:   at void J.N.VJO(int, long, java.lang.Object) (chromium-Monochrome.aab-stable-720417921:-2)
10-02 11:09:53.190  9152  9152 I rlands.abclien:   at void org.chromium.android_webview.AwContents.E(long) (chromium-Monochrome.aab-stable-720417921:479)
10-02 11:09:53.190  9152  9152 I rlands.abclien:   at void org.chromium.android_webview.AwContents.<init>(org.chromium.android_webview.AwBrowserContext, android.view.ViewGroup, Gt0, com.android.webview.chromium.L, com.android.webview.chromium.M, UN, org.chromium.android_webview.AwSettings, IN) (chromium-Monochrome.aab-stable-720417921:439)
10-02 11:09:53.190  9152  9152 I rlands.abclien:   at void com.android.webview.chromium.l.run() (chromium-Monochrome.aab-stable-720417921:144)
10-02 11:09:53.190  9152  9152 I rlands.abclien:   at void qa7.run() (chromium-Monochrome.aab-stable-720417921:13)
10-02 11:09:53.190  9152  9152 I rlands.abclien:   at void org.chromium.base.task.PostTask.d(int, java.lang.Runnable) (chromium-Monochrome.aab-stable-720417921:14)
10-02 11:09:53.190  9152  9152 I rlands.abclien:   at void ra7.a(java.lang.Runnable) (chromium-Monochrome.aab-stable-720417921:16)
10-02 11:09:53.190  9152  9152 I rlands.abclien:   at void com.android.webview.chromium.WebViewChromiumFactoryProvider.a(java.lang.Runnable) (chromium-Monochrome.aab-stable-720417921:3)
10-02 11:09:53.190  9152  9152 I rlands.abclien:   at void com.android.webview.chromium.WebViewChromium.init(java.util.Map, boolean) (chromium-Monochrome.aab-stable-720417921:352)
10-02 11:09:53.190  9152  9152 I rlands.abclien:   at void android.webkit.WebView.<init>(android.content.Context, android.util.AttributeSet, int, int, java.util.Map, boolean) (WebView.java:678)
10-02 11:09:53.190  9152  9152 I rlands.abclien:   at void android.webkit.WebView.<init>(android.content.Context, android.util.AttributeSet, int, int) (WebView.java:604)
10-02 11:09:53.190  9152  9152 I rlands.abclien:   at void android.webkit.WebView.<init>(android.content.Context, android.util.AttributeSet, int) (WebView.java:587)
10-02 11:09:53.190  9152  9152 I rlands.abclien:   at void android.webkit.WebView.<init>(android.content.Context, android.util.AttributeSet) (WebView.java:574)
10-02 11:09:53.190  9152  9152 I rlands.abclien:   at java.lang.Object java.lang.reflect.Constructor.newInstance0(java.lang.Object[]) (Constructor.java:-2)
10-02 11:09:53.190  9152  9152 I rlands.abclien:   at java.lang.Object java.lang.reflect.Constructor.newInstance(java.lang.Object[]) (Constructor.java:343)
10-02 11:09:53.190  9152  9152 I rlands.abclien:   at android.view.View android.view.LayoutInflater.createView(java.lang.String, java.lang.String, android.util.AttributeSet) (LayoutInflater.java:651)
10-02 11:09:53.190  9152  9152 I rlands.abclien:   at android.view.View com.android.internal.policy.PhoneLayoutInflater.onCreateView(java.lang.String, android.util.AttributeSet) (PhoneLayoutInflater.java:58)
10-02 11:09:53.190  9152  9152 I rlands.abclien:   at android.view.View android.view.LayoutInflater.onCreateView(android.view.View, java.lang.String, android.util.AttributeSet) (LayoutInflater.java:724)
10-02 11:09:53.190  9152  9152 I rlands.abclien:   at android.view.View android.view.LayoutInflater.createViewFromTag(android.view.View, java.lang.String, android.content.Context, android.util.AttributeSet, boolean) (LayoutInflater.java:792)
10-02 11:09:53.190  9152  9152 I rlands.abclien:   at android.view.View android.view.LayoutInflater.createViewFromTag(android.view.View, java.lang.String, android.content.Context, android.util.AttributeSet) (LayoutInflater.java:734)
10-02 11:09:53.190  9152  9152 I rlands.abclien:   at void android.view.LayoutInflater.rInflate(org.xmlpull.v1.XmlPullParser, android.view.View, android.content.Context, android.util.AttributeSet, boolean) (LayoutInflater.java:867)
10-02 11:09:53.190  9152  9152 I rlands.abclien:   at void android.view.LayoutInflater.rInflateChildren(org.xmlpull.v1.XmlPullParser, android.view.View, android.util.AttributeSet, boolean) (LayoutInflater.java:828)
10-02 11:09:53.190  9152  9152 I rlands.abclien:   at void android.view.LayoutInflater.parseInclude(org.xmlpull.v1.XmlPullParser, android.content.Context, android.view.View, android.util.AttributeSet) (LayoutInflater.java:999)
10-02 11:09:53.190  9152  9152 I rlands.abclien:   at void android.view.LayoutInflater.rInflate(org.xmlpull.v1.XmlPullParser, android.view.View, android.content.Context, android.util.AttributeSet, boolean) (LayoutInflater.java:863)
10-02 11:09:53.190  9152  9152 I rlands.abclien:   at void android.view.LayoutInflater.rInflateChildren(org.xmlpull.v1.XmlPullParser, android.view.View, android.util.AttributeSet, boolean) (LayoutInflater.java:828)
10-02 11:09:53.190  9152  9152 I rlands.abclien:   at void android.view.LayoutInflater.parseInclude(org.xmlpull.v1.XmlPullParser, android.content.Context, android.view.View, android.util.AttributeSet) (LayoutInflater.java:999)
10-02 11:09:53.190  9152  9152 I rlands.abclien:   at void android.view.LayoutInflater.rInflate(org.xmlpull.v1.XmlPullParser, android.view.View, android.content.Context, android.util.AttributeSet, boolean) (LayoutInflater.java:863)
10-02 11:09:53.190  9152  9152 I rlands.abclien:   at void android.view.LayoutInflater.rInflateChildren(org.xmlpull.v1.XmlPullParser, android.view.View, android.util.AttributeSet, boolean) (LayoutInflater.java:828)
10-02 11:09:53.190  9152  9152 I rlands.abclien:   at android.view.View android.view.LayoutInflater.inflate(org.xmlpull.v1.XmlPullParser, android.view.ViewGroup, boolean) (LayoutInflater.java:519)
10-02 11:09:53.190  9152  9152 I rlands.abclien:   at android.view.View android.view.LayoutInflater.inflate(int, android.view.ViewGroup, boolean) (LayoutInflater.java:427)
10-02 11:09:53.190  9152  9152 I rlands.abclien:   at ru.neverlands.abclient.databinding.ActivityMainBinding ru.neverlands.abclient.databinding.ActivityMainBinding.inflate(android.view.LayoutInflater, android.view.ViewGroup, boolean) (ActivityMainBinding.java:53)
10-02 11:09:53.190  9152  9152 I rlands.abclien:   at ru.neverlands.abclient.databinding.ActivityMainBinding ru.neverlands.abclient.databinding.ActivityMainBinding.inflate(android.view.LayoutInflater) (ActivityMainBinding.java:47)
10-02 11:09:53.190  9152  9152 I rlands.abclien:   at void ru.neverlands.abclient.MainActivity.onCreate(android.os.Bundle) (MainActivity.java:115)
10-02 11:09:53.190  9152  9152 I rlands.abclien:   at void android.app.Activity.performCreate(android.os.Bundle, android.os.PersistableBundle) (Activity.java:7224)
10-02 11:09:53.190  9152  9152 I rlands.abclien:   at void android.app.Activity.performCreate(android.os.Bundle) (Activity.java:7213)
10-02 11:09:53.190  9152  9152 I rlands.abclien:   at void android.app.Instrumentation.callActivityOnCreate(android.app.Activity, android.os.Bundle) (Instrumentation.java:1272)
10-02 11:09:53.190  9152  9152 I rlands.abclien:   at android.app.Activity android.app.ActivityThread.performLaunchActivity(android.app.ActivityThread$ActivityClientRecord, android.content.Intent) (ActivityThread.java:2926)
10-02 11:09:53.190  9152  9152 I rlands.abclien:   at android.app.Activity android.app.ActivityThread.handleLaunchActivity(android.app.ActivityThread$ActivityClientRecord, android.app.servertransaction.PendingTransactionActions, android.content.Intent) (ActivityThread.java:3081)
10-02 11:09:53.190  9152  9152 I rlands.abclien:   at void android.app.servertransaction.LaunchActivityItem.execute(android.app.ClientTransactionHandler, android.os.IBinder, android.app.servertransaction.PendingTransactionActions) (LaunchActivityItem.java:78)
10-02 11:09:53.190  9152  9152 I rlands.abclien:   at void android.app.servertransaction.TransactionExecutor.executeCallbacks(android.app.servertransaction.ClientTransaction) (TransactionExecutor.java:108)
10-02 11:09:53.190  9152  9152 I rlands.abclien:   at void android.app.servertransaction.TransactionExecutor.execute(android.app.servertransaction.ClientTransaction) (TransactionExecutor.java:68)
10-02 11:09:53.190  9152  9152 I rlands.abclien:   at void android.app.ActivityThread$H.handleMessage(android.os.Message) (ActivityThread.java:1831)
10-02 11:09:53.190  9152  9152 I rlands.abclien:   at void android.os.Handler.dispatchMessage(android.os.Message) (Handler.java:106)
10-02 11:09:53.190  9152  9152 I rlands.abclien:   at void android.os.Looper.loop() (Looper.java:201)
10-02 11:09:53.190  9152  9152 I rlands.abclien:   at void android.app.ActivityThread.main(java.lang.String[]) (ActivityThread.java:6810)
10-02 11:09:53.190  9152  9152 I rlands.abclien:   at java.lang.Object java.lang.reflect.Method.invoke(java.lang.Object, java.lang.Object[]) (Method.java:-2)
10-02 11:09:53.190  9152  9152 I rlands.abclien:   at void com.android.internal.os.RuntimeInit$MethodAndArgsCaller.run() (RuntimeInit.java:547)
10-02 11:09:53.190  9152  9152 I rlands.abclien:   at void com.android.internal.os.ZygoteInit.main(java.lang.String[]) (ZygoteInit.java:873)
10-02 11:09:53.190  9152  9152 I rlands.abclien: 
10-02 11:09:53.191  9152  9152 I rlands.abclien: Rejecting re-init on previously-failed class java.lang.Class<f3>: java.lang.NoClassDefFoundError: Failed resolution of: Landroid/app/UiModeManager$ContrastChangeListener;
10-02 11:09:53.191  9152  9152 I rlands.abclien:   at void J.N.VJO(int, long, java.lang.Object) (chromium-Monochrome.aab-stable-720417921:-2)
10-02 11:09:53.191  9152  9152 I rlands.abclien:   at void org.chromium.android_webview.AwContents.E(long) (chromium-Monochrome.aab-stable-720417921:479)
10-02 11:09:53.191  9152  9152 I rlands.abclien:   at void org.chromium.android_webview.AwContents.<init>(org.chromium.android_webview.AwBrowserContext, android.view.ViewGroup, Gt0, com.android.webview.chromium.L, com.android.webview.chromium.M, UN, org.chromium.android_webview.AwSettings, IN) (chromium-Monochrome.aab-stable-720417921:439)
10-02 11:09:53.191  9152  9152 I rlands.abclien:   at void com.android.webview.chromium.l.run() (chromium-Monochrome.aab-stable-720417921:144)
10-02 11:09:53.191  9152  9152 I rlands.abclien:   at void qa7.run() (chromium-Monochrome.aab-stable-720417921:13)
10-02 11:09:53.191  9152  9152 I rlands.abclien:   at void org.chromium.base.task.PostTask.d(int, java.lang.Runnable) (chromium-Monochrome.aab-stable-720417921:14)
10-02 11:09:53.191  9152  9152 I rlands.abclien:   at void ra7.a(java.lang.Runnable) (chromium-Monochrome.aab-stable-720417921:16)
10-02 11:09:53.192  9152  9152 I rlands.abclien:   at void com.android.webview.chromium.WebViewChromiumFactoryProvider.a(java.lang.Runnable) (chromium-Monochrome.aab-stable-720417921:3)
10-02 11:09:53.192  9152  9152 I rlands.abclien:   at void com.android.webview.chromium.WebViewChromium.init(java.util.Map, boolean) (chromium-Monochrome.aab-stable-720417921:352)
10-02 11:09:53.192  9152  9152 I rlands.abclien:   at void android.webkit.WebView.<init>(android.content.Context, android.util.AttributeSet, int, int, java.util.Map, boolean) (WebView.java:678)
10-02 11:09:53.192  9152  9152 I rlands.abclien:   at void android.webkit.WebView.<init>(android.content.Context, android.util.AttributeSet, int, int) (WebView.java:604)
10-02 11:09:53.192  9152  9152 I rlands.abclien:   at void android.webkit.WebView.<init>(android.content.Context, android.util.AttributeSet, int) (WebView.java:587)
10-02 11:09:53.192  9152  9152 I rlands.abclien:   at void android.webkit.WebView.<init>(android.content.Context, android.util.AttributeSet) (WebView.java:574)
10-02 11:09:53.192  9152  9152 I rlands.abclien:   at java.lang.Object java.lang.reflect.Constructor.newInstance0(java.lang.Object[]) (Constructor.java:-2)
10-02 11:09:53.192  9152  9152 I rlands.abclien:   at java.lang.Object java.lang.reflect.Constructor.newInstance(java.lang.Object[]) (Constructor.java:343)
10-02 11:09:53.192  9152  9152 I rlands.abclien:   at android.view.View android.view.LayoutInflater.createView(java.lang.String, java.lang.String, android.util.AttributeSet) (LayoutInflater.java:651)
10-02 11:09:53.192  9152  9152 I rlands.abclien:   at android.view.View com.android.internal.policy.PhoneLayoutInflater.onCreateView(java.lang.String, android.util.AttributeSet) (PhoneLayoutInflater.java:58)
10-02 11:09:53.192  9152  9152 I rlands.abclien:   at android.view.View android.view.LayoutInflater.onCreateView(android.view.View, java.lang.String, android.util.AttributeSet) (LayoutInflater.java:724)
10-02 11:09:53.192  9152  9152 I rlands.abclien:   at android.view.View android.view.LayoutInflater.createViewFromTag(android.view.View, java.lang.String, android.content.Context, android.util.AttributeSet, boolean) (LayoutInflater.java:792)
10-02 11:09:53.192  9152  9152 I rlands.abclien:   at android.view.View android.view.LayoutInflater.createViewFromTag(android.view.View, java.lang.String, android.content.Context, android.util.AttributeSet) (LayoutInflater.java:734)
10-02 11:09:53.192  9152  9152 I rlands.abclien:   at void android.view.LayoutInflater.rInflate(org.xmlpull.v1.XmlPullParser, android.view.View, android.content.Context, android.util.AttributeSet, boolean) (LayoutInflater.java:867)
10-02 11:09:53.192  9152  9152 I rlands.abclien:   at void android.view.LayoutInflater.rInflateChildren(org.xmlpull.v1.XmlPullParser, android.view.View, android.util.AttributeSet, boolean) (LayoutInflater.java:828)
10-02 11:09:53.192  9152  9152 I rlands.abclien:   at void android.view.LayoutInflater.parseInclude(org.xmlpull.v1.XmlPullParser, android.content.Context, android.view.View, android.util.AttributeSet) (LayoutInflater.java:999)
10-02 11:09:53.192  9152  9152 I rlands.abclien:   at void android.view.LayoutInflater.rInflate(org.xmlpull.v1.XmlPullParser, android.view.View, android.content.Context, android.util.AttributeSet, boolean) (LayoutInflater.java:863)
10-02 11:09:53.192  9152  9152 I rlands.abclien:   at void android.view.LayoutInflater.rInflateChildren(org.xmlpull.v1.XmlPullParser, android.view.View, android.util.AttributeSet, boolean) (LayoutInflater.java:828)
10-02 11:09:53.192  9152  9152 I rlands.abclien:   at void android.view.LayoutInflater.parseInclude(org.xmlpull.v1.XmlPullParser, android.content.Context, android.view.View, android.util.AttributeSet) (LayoutInflater.java:999)
10-02 11:09:53.192  9152  9152 I rlands.abclien:   at void android.view.LayoutInflater.rInflate(org.xmlpull.v1.XmlPullParser, android.view.View, android.content.Context, android.util.AttributeSet, boolean) (LayoutInflater.java:863)
10-02 11:09:53.192  9152  9152 I rlands.abclien:   at void android.view.LayoutInflater.rInflateChildren(org.xmlpull.v1.XmlPullParser, android.view.View, android.util.AttributeSet, boolean) (LayoutInflater.java:828)
10-02 11:09:53.192  9152  9152 I rlands.abclien:   at android.view.View android.view.LayoutInflater.inflate(org.xmlpull.v1.XmlPullParser, android.view.ViewGroup, boolean) (LayoutInflater.java:519)
10-02 11:09:53.192  9152  9152 I rlands.abclien:   at android.view.View android.view.LayoutInflater.inflate(int, android.view.ViewGroup, boolean) (LayoutInflater.java:427)
10-02 11:09:53.192  9152  9152 I rlands.abclien:   at ru.neverlands.abclient.databinding.ActivityMainBinding ru.neverlands.abclient.databinding.ActivityMainBinding.inflate(android.view.LayoutInflater, android.view.ViewGroup, boolean) (ActivityMainBinding.java:53)
