--------- beginning of system
10-02 11:09:24.708  2065  3949 D ActivityManager: Raise procstate to external provider: ProcessRecord{b28dd03 31429:com.google.android.gms/u999a21}
--------- beginning of main
10-02 11:09:25.065  9036  9036 W android.vendin: miui_dex2oat: oat file of /data/app/com.android.vending-qzk4vsA68QTBd31QVe2cKA==/split_config.arm64_v8a.apk is not exists
10-02 11:09:25.066  9036  9036 W android.vendin: miui_dex2oat: oat file of /data/app/com.android.vending-qzk4vsA68QTBd31QVe2cKA==/split_config.ru.apk is not exists
10-02 11:09:25.056  9036  9036 W android.vending: type=1400 audit(0.0:7635): avc: denied { getattr } for path="/data/data/com.android.vending" dev="dm-1" ino=655648 scontext=u:r:isolated_app:s0:c92,c256,c512,c768 tcontext=u:object_r:app_data_file:s0:c512,c768 tclass=dir permissive=0
10-02 11:09:25.086  9036  9036 W android.vending: type=1400 audit(0.0:7636): avc: denied { search } for name="theme" dev="dm-1" ino=6946825 scontext=u:r:isolated_app:s0:c92,c256,c512,c768 tcontext=u:object_r:theme_data_file:s0 tclass=dir permissive=0
10-02 11:09:25.086  9036  9036 W android.vending: type=1400 audit(0.0:7637): avc: denied { search } for name="theme" dev="dm-1" ino=6946825 scontext=u:r:isolated_app:s0:c92,c256,c512,c768 tcontext=u:object_r:theme_data_file:s0 tclass=dir permissive=0
10-02 11:09:25.114  8978  8994 I earchbox:searc: Waiting for a blocking GC ProfileSaver
10-02 11:09:25.221 26064 26138 D Volley  : [4684] mlz.a: HTTP response for request=<[ ] https://android-safebrowsing.google.com/safebrowsing/clientreport/download 0xeb5711c8 NORMAL 7> [lifetime=3695], [size=42], [rc=200], [retryCount=0]
10-02 11:09:25.246 26064 26064 E AbstractLogEventBuilder: The provided ProductIdOrigin 3 is not one of the process-level expected values: 1 or 2
10-02 11:09:25.274 26064  9056 I Finsky  : [4849] VerifyApps: Verification package=ru.neverlands.abclient, id=12, response=0, upload_requested=false, enable_ecm=false
10-02 11:09:25.285 26064  9056 I Finsky  : [4849] VerifyApps: PAM result saving to datastore delayed for package: ru.neverlands.abclient
10-02 11:09:25.339  9036  9036 W android.vendin: Verification of java.lang.Object buht.l() took 156.152ms
10-02 11:09:25.422  8978  8994 I earchbox:searc: WaitForGcToComplete blocked ProfileSaver on AddRemoveAppImageSpace for 307.928ms
10-02 11:09:25.507  8978  8989 I earchbox:searc: WaitForGcToComplete blocked HeapTrim on ProfileSaver for 23.654ms
10-02 11:09:25.574 26064 26064 I PlayCore: UID: [10062]  PID: [26064] avry : ServiceConnectionImpl.onServiceConnected(ComponentInfo{com.android.vending/com.google.android.finsky.verifier.apkanalysis.service.ApkContentsScanService})
10-02 11:09:25.584 26064 31051 I PlayCore: UID: [10062]  PID: [26064] avry : linkToDeath
10-02 11:09:25.842  9036  9057 I native  : I0000 00:00:1759392565.842675    9057 zip_archive.cpp:490] +++ Found EOCD at buf+65535
10-02 11:09:25.843  9036  9057 I native  : I0000 00:00:1759392565.843055    9057 zip_archive.cpp:534] +++ num_entries=1318dir_size=116996 dir_offset=8788924
10-02 11:09:25.843  9036  9057 I native  : I0000 00:00:1759392565.843163    9057 file_map.cpp:112] MAP: base 0x7b56ed3000/120000 data 0x7b56ed3bbc/116996
10-02 11:09:25.844  9036  9057 I native  : I0000 00:00:1759392565.844128    9057 zip_archive.cpp:686] +++ zip good scan 1318 entries
10-02 11:09:26.222   702  3048 E ANDR-PERF-MPCTL: poll() has timed out for /sys/module/msm_performance/events/cpu_hotplug
10-02 11:09:26.222   702  3048 E ANDR-PERF-MPCTL: Block on poll()
10-02 11:09:26.589  9036  9057 I native  : I0000 00:00:1759392566.589698    9057 zip_archive.cpp:774] Closing archive 0x7b56b2dd40
10-02 11:09:26.625  8935  8949 I roid.apps.turb: ProcessProfilingInfo new_methods=0 is saved saved_to_disk=0 resolve_classes_delay=8000
10-02 11:09:26.639 26064 31051 I PlayCore: UID: [10062]  PID: [26064] avry : Unbind from service.
10-02 11:09:26.576  2065  3949 I chatty  : uid=1000(system) Binder:2065_13 identical 2 lines
10-02 11:09:26.642  2065  3949 D ActivityManager: Raise procstate to external provider: ProcessRecord{b28dd03 31429:com.google.android.gms/u999a21}
10-02 11:09:26.642  2065  3949 I ActivityManager: Killing 9036:com.android.vending/u0a62i92 (adj 0): isolated not needed
10-02 11:09:26.643  2065  2110 W libprocessgroup: kill(-9036, 9) failed: No such process
10-02 11:09:26.654  2065  2110 I chatty  : uid=1000(system) ActivityManager identical 2 lines
10-02 11:09:26.661  2065  2110 W libprocessgroup: kill(-9036, 9) failed: No such process
10-02 11:09:26.661 26064 26101 E AbstractLogEventBuilder: The provided ProductIdOrigin 3 is not one of the process-level expected values: 1 or 2
10-02 11:09:26.666  2065  2110 W libprocessgroup: kill(-9036, 9) failed: No such process
10-02 11:09:26.684  2065  2110 I chatty  : uid=1000(system) ActivityManager identical 3 lines
10-02 11:09:26.690  2065  2110 W libprocessgroup: kill(-9036, 9) failed: No such process
10-02 11:09:26.695 26064 26170 I PlayCore: UID: [10062]  PID: [26064] avry : reportBinderDeath
10-02 11:09:26.695 26064 26170 I PlayCore: UID: [10062]  PID: [26064] avry : ApkContentsScanService : Binder has died.
10-02 11:09:26.696  2065  2110 W libprocessgroup: kill(-9036, 9) failed: No such process
10-02 11:09:26.696  2065  2110 I libprocessgroup: Successfully killed process cgroup uid 99092 pid 9036 in 53ms
10-02 11:09:26.697   931   931 I Zygote  : Process 9036 exited due to signal (9)
10-02 11:09:26.697  3686  3712 D PMonitor:  onProcessDied:pid = 9036,died-uid=10062
10-02 11:09:26.699  2065  2111 E KernelWakelockReader: Kernel wake locks exceeded buffer size 32768
10-02 11:09:26.702  2065  3949 D ActivityManager: Raise procstate to external provider: ProcessRecord{b28dd03 31429:com.google.android.gms/u999a21}
10-02 11:09:26.711  2065  2107 W BroadcastQueue: Background execution not allowed: receiving Intent { act=android.intent.action.DROPBOX_ENTRY_ADDED flg=0x10 (has extras) } to com.google.android.gms/.stats.service.DropBoxEntryAddedReceiver
10-02 11:09:26.712  2065  2107 D ActivityManager: Raise procstate to external provider: ProcessRecord{b28dd03 31429:com.google.android.gms/u999a21}
10-02 11:09:27.112 26064 26072 W System  : A resource failed to call close. 
10-02 11:09:27.524  3216  4436 W MiuiPerfServiceClient: PSI: Memory Some|24|30562193348009
10-02 11:09:27.724  3216  4436 W MiuiPerfServiceClient: PSI: Memory Full|33|30562393382020
10-02 11:09:27.772  2065  3949 D ActivityManager: Raise procstate to external provider: ProcessRecord{b28dd03 31429:com.google.android.gms/u999a21}
10-02 11:09:27.784  2065  3975 D ActivityManager: Raise procstate to external provider: ProcessRecord{b28dd03 31429:com.google.android.gms/u999a21}
10-02 11:09:27.112 26064 26072 W System  : A resource failed to call close. 
10-02 11:09:27.912  8978  9029 V ClearcutMetricXmitter: Transmission is done.
10-02 11:09:28.543 25878 25888 I fication:remot: Background concurrent copying GC freed 98120(4MB) AllocSpace objects, 0(0B) LOS objects, 50% free, 4MB/8MB, paused 179us total 110.457ms
10-02 11:09:28.564  3216  4436 W MiuiPerfServiceClient: PSI: Memory Some|64|30563233333897
10-02 11:09:28.674  2326  2326 D StatusBar: updateNotificationRankingDelayed messageReceiveTime=30563370
10-02 11:09:28.846  3118  3845 D SecurityCenter: memDiff : 304, timeDiff : 10407
10-02 11:09:28.846  3118  3845 D SecurityCenter: cycle_memory
10-02 11:09:28.846  3118  3845 D SecurityCenter: screen on : true, enable : true
10-02 11:09:28.846  3118  3118 D SecurityCenter: notifyNotification
10-02 11:09:28.874  3216  4436 W MiuiPerfServiceClient: PSI: Memory Full|21|30563543344367
10-02 11:09:29.020  2326  2326 D StatusBar: onNotificationPosted key=0|com.miui.securitycenter|20004|null|1000 isUpdate=true
10-02 11:09:29.025  2326  2326 D StatusBar: updateNotification old=StatusBarNotification(pkg=com.miui.securitycenter user=UserHandle{0} id=20004 tag=null key=0|com.miui.securitycenter|20004|null|1000: Notification(channel=securitycenter_resident_notification pri=2 contentView=com.miui.securitycenter/0x7f0e02c8 vibrate=null sound=null defaults=0x0 flags=0x2 color=0x00000000 groupKey=ResidentGroup vis=PRIVATE))
10-02 11:09:29.025  2326  2326 D StatusBar:     pkgName=com.miui.securitycenter appUid=1000 sdk=34 imp=5 sysApp=T priApp=T hasShown=F float=T keyguard=T peek=F fullscreen=F
10-02 11:09:29.025  2326  2326 D StatusBar:     showMiuiAction=F enableFloat=F enableKeyguard=F floatTime=5000 messageCount=1 persistent=F customHeight=F
10-02 11:09:29.025  2065  3256 E NotificationService: Error creating vibration waveform with pattern: [0]
10-02 11:09:29.054  2326  2326 D StatusBar: No peeking: 0|com.miui.securitycenter|20004|null|1000
10-02 11:09:29.055  2326  2326 D StatusBar: updateHeadsUp wasHeadsUp=false shouldPeek=false alertAgain=true
10-02 11:09:29.223   702  3048 E ANDR-PERF-MPCTL: poll() has timed out for /sys/module/msm_performance/events/cpu_hotplug
10-02 11:09:29.224   702  3048 E ANDR-PERF-MPCTL: Block on poll()
10-02 11:09:29.526 25878 32449 D IdProviderImpl: getOAID
10-02 11:09:29.756  2065  2104 D ActivityManager: Raise procstate to external provider: ProcessRecord{b28dd03 31429:com.google.android.gms/u999a21}
10-02 11:09:32.227   702  3048 E ANDR-PERF-MPCTL: poll() has timed out for /sys/module/msm_performance/events/cpu_hotplug
10-02 11:09:32.227   702  3048 E ANDR-PERF-MPCTL: Block on poll()
10-02 11:09:32.488   960  1142 E storaged: getDiskStats failed with result NOT_SUPPORTED and size 0
10-02 11:09:33.810  2065  3256 D ActivityManager: Raise procstate to external provider: ProcessRecord{b28dd03 31429:com.google.android.gms/u999a21}
10-02 11:09:33.855  3118  3845 D SecurityCenter: memDiff : 1, timeDiff : 4952
10-02 11:09:34.730  2894  2894 D BoundBrokerSvc: onUnbind: Intent { act=com.google.android.gms.libs.gmscorelogger.service.START dat=chimera-action: cmp=com.google.android.gms/.chimera.PersistentDirectBootAwareApiService }
10-02 11:09:35.231   702  3048 E ANDR-PERF-MPCTL: poll() has timed out for /sys/module/msm_performance/events/cpu_hotplug
10-02 11:09:35.231   702  3048 E ANDR-PERF-MPCTL: Block on poll()
10-02 11:09:34.727  2065  3256 I chatty  : uid=1000(system) Binder:2065_C identical 1 line
10-02 11:09:34.871  2065  3256 D ActivityManager: Raise procstate to external provider: ProcessRecord{b28dd03 31429:com.google.android.gms/u999a21}
10-02 11:09:35.597  2065  3975 D ActivityManager: Raise procstate to external provider: ProcessRecord{b28dd03 31429:com.google.android.gms/u999a21}
10-02 11:09:36.300  3132  3132 D BoundBrokerSvc: onUnbind: Intent { act=com.google.android.mobstore.service.START pkg=com.google.android.gms }
10-02 11:09:36.561 26064  8993 E AbstractLogEventBuilder: The provided ProductIdOrigin 3 is not one of the process-level expected values: 1 or 2
10-02 11:09:36.575 26064  8993 I Finsky  : [4845] VerifyApps: Starting required split types check for ru.neverlands.abclient.
10-02 11:09:36.579 26064  8993 I Finsky  : [4845] VerifyApps: Required split types check successful for ru.neverlands.abclient.
10-02 11:09:36.587  2894  2894 D BoundBrokerSvc: onUnbind: Intent { act=com.google.android.gms.auth.aang.events.services.START dat=chimera-action: cmp=com.google.android.gms/.chimera.PersistentApiService }
10-02 11:09:36.594 26064  8993 I Finsky  : [4845] VerifyApps AdvancedProtection: Verify AP install started
10-02 11:09:36.594 26064  8993 I Finsky  : [4845] VerifyApps AdvancedProtection: Allowing install because there are no Advanced Protection users
10-02 11:09:36.595 26064 26064 I Finsky  : [2] VerifyApps AdvancedProtection: Reported Advanced Protection verification result: ALLOW
10-02 11:09:36.597 26064  8993 E Finsky  : [4845] Package name null is not an installed package
10-02 11:09:36.602 26064  8993 I Finsky  : [4845] Skipping logging for attempted installation. The source is a system package.
10-02 11:09:36.607 26064  8993 I Finsky  : [4845] VerifyApps V31SignatureVerification: Successful verification for the package: ru.neverlands.abclient using APK Signature Scheme v3
10-02 11:09:36.607 26064  8993 I Finsky  : [4845] VerifyApps: Returning package verification result id=12, result=ALLOW
10-02 11:09:36.661 26064 26128 E AbstractLogEventBuilder: The provided ProductIdOrigin 3 is not one of the process-level expected values: 1 or 2
10-02 11:09:36.679  2065  3975 D CompatibilityInfo: mCompatibilityFlags - 0
10-02 11:09:36.679  2065  3975 D CompatibilityInfo: applicationDensity - 421
10-02 11:09:36.679  2065  3975 D CompatibilityInfo: applicationScale - 1.0
10-02 11:09:36.683  3132  3132 D BoundBrokerSvc: onBind: Intent { act=com.google.android.gms.safetynet.service.START pkg=com.google.android.gms }
10-02 11:09:36.683  3132  3132 D BoundBrokerSvc: Loading bound service for intent: Intent { act=com.google.android.gms.safetynet.service.START pkg=com.google.android.gms }
10-02 11:09:36.691   702   777 E ANDR-PERF-MPCTL: Invalid profile no. 0, total profiles 0 only
10-02 11:09:36.692 26064 26064 I Finsky  : [2] VerifyApps: Install-time verification complete: id=12, package_name=ru.neverlands.abclient
10-02 11:09:36.698  2065  2121 E system_server: Invalid ID 0x00000000.
10-02 11:09:36.586  2065  3975 I chatty  : uid=1000(system) Binder:2065_20 identical 4 lines
10-02 11:09:36.657  2065  3975 D ActivityManager: Raise procstate to external provider: ProcessRecord{b28dd03 31429:com.google.android.gms/u999a21}
10-02 11:09:36.699  2065  3952 D ActivityManager: Raise procstate to external provider: ProcessRecord{b28dd03 31429:com.google.android.gms/u999a21}
10-02 11:09:36.715  2065  2121 E SELinux : SELinux:  setxattr failed: /data/app/ru.neverlands.abclient-cr8CxW2Ufw7D5vCLAvP_Lg==:  Operation not permitted
10-02 11:09:36.715  2065  2121 E SELinux : SELinux:  setxattr failed: /data/app/ru.neverlands.abclient-cr8CxW2Ufw7D5vCLAvP_Lg==/lib:  Operation not permitted
10-02 11:09:36.715  2065  2107 I ActivityManager: Force stopping ru.neverlands.abclient appid=10590 user=-1: installPackageLI
10-02 11:09:36.716  2065  2107 D ActivityManager: Raise procstate to external provider: ProcessRecord{b28dd03 31429:com.google.android.gms/u999a21}
10-02 11:09:36.975   941  2242 D installd: Found valid user 999
10-02 11:09:36.718  2065  2107 D ActivityManager: Raise procstate to external provider: ProcessRecord{b28dd03 31429:com.google.android.gms/u999a21}
10-02 11:09:36.975  2065  2121 I PackageManager: Update package ru.neverlands.abclient code path from /data/app/ru.neverlands.abclient-1XsyC4JG14LABgUB03OUqA== to /data/app/ru.neverlands.abclient-cr8CxW2Ufw7D5vCLAvP_Lg==; Retain data and using new
10-02 11:09:36.976  2065  2121 I PackageManager: Update package ru.neverlands.abclient resource path from /data/app/ru.neverlands.abclient-1XsyC4JG14LABgUB03OUqA== to /data/app/ru.neverlands.abclient-cr8CxW2Ufw7D5vCLAvP_Lg==; Retain data and using new
10-02 11:09:37.064  2065  2104 D ActivityManager: Raise procstate to external provider: ProcessRecord{b28dd03 31429:com.google.android.gms/u999a21}
10-02 11:09:37.301  3132  7938 E ServiceAvailability: Too many files
10-02 11:09:37.316  2065  2121 D ActivityManager: Raise procstate to external provider: ProcessRecord{b28dd03 31429:com.google.android.gms/u999a21}
10-02 11:09:37.317  2065  2121 I InstallationStatistic: ru.neverlands.abclient|null|18598|631|48|456|16601|0
10-02 11:09:37.318  2065  2121 I system_server: Waiting for a blocking GC Explicit
10-02 11:09:37.318  2065  3266 D ActivityManager: Raise procstate to external provider: ProcessRecord{b28dd03 31429:com.google.android.gms/u999a21}
10-02 11:09:37.320  2065  3266 I ActivityManager: Killing 7879:com.android.keychain/1000 (adj 906): empty #17
10-02 11:09:37.322  2065  2110 W libprocessgroup: kill(-7879, 9) failed: No such process
10-02 11:09:37.350  2065  2110 I chatty  : uid=1000(system) ActivityManager identical 5 lines
10-02 11:09:37.355  2065  2110 W libprocessgroup: kill(-7879, 9) failed: No such process
10-02 11:09:37.356  3686  3712 D PMonitor:  onProcessDied:pid = 7879,died-uid=1000
10-02 11:09:37.360  2065  2532 D ActivityManager: Raise procstate to external provider: ProcessRecord{b28dd03 31429:com.google.android.gms/u999a21}
10-02 11:09:37.361  2065  2110 W libprocessgroup: kill(-7879, 9) failed: No such process
10-02 11:09:37.364   931   931 I Zygote  : Process 7879 exited due to signal (9)
10-02 11:09:37.366  2065  2110 W libprocessgroup: kill(-7879, 9) failed: No such process
10-02 11:09:37.366  2065  2110 I libprocessgroup: Successfully killed process cgroup uid 1000 pid 7879 in 44ms
10-02 11:09:37.408  2065  2074 I system_server: Background concurrent copying GC freed 517720(21MB) AllocSpace objects, 44(2MB) LOS objects, 28% free, 59MB/83MB, paused 172us total 216.376ms
10-02 11:09:37.408  2065  2121 I system_server: WaitForGcToComplete blocked Explicit on HeapTrim for 89.864ms
10-02 11:09:37.416  2065  2072 W System  : A resource failed to call close. 
10-02 11:09:37.417  2065  2532 I system_server: IncrementDisableThreadFlip blocked for 5.633ms
10-02 11:09:37.815  2065  2121 I system_server: Explicit concurrent copying GC freed 47597(2MB) AllocSpace objects, 7(332KB) LOS objects, 29% free, 57MB/81MB, paused 1.341ms total 406.900ms
10-02 11:09:37.830   941  2242 E         : Couldn't opendir /data/app/vmdl353850565.tmp: No such file or directory
10-02 11:09:37.830   941  2242 E installd: Failed to delete /data/app/vmdl353850565.tmp: No such file or directory
10-02 11:09:37.831  2065  2121 I ActivityManager: Force stopping ru.neverlands.abclient appid=10590 user=0: pkg removed
10-02 11:09:37.831  2065  2121 I AutoStartManagerService: MIUILOG- Reject RestartService packageName :ru.neverlands.abclient uid : 10590
10-02 11:09:37.831  2065  2121 D ActivityManager: Raise procstate to external provider: ProcessRecord{b28dd03 31429:com.google.android.gms/u999a21}
10-02 11:09:37.841  2065  2107 D ActivityManager: Raise procstate to external provider: ProcessRecord{b28dd03 31429:com.google.android.gms/u999a21}
10-02 11:09:37.845  2512  2624 E InstallApkReceiver: uninstall:package:ru.neverlands.abclient
10-02 11:09:37.846  3118  3118 D AppInstalledReceiver: receive broadcast
10-02 11:09:37.849  3118  3938 I GpBinderManager: bindCount : 8
10-02 11:09:37.849  3118  3118 I TrafficManageService: mina mPackageReceiver 0
10-02 11:09:37.856 25878 25878 D AggregateListener: notifyAction action:android.intent.action.PACKAGE_REMOVED
10-02 11:09:37.856 25878 25878 D AggregateListener: onPackageRemoved packageName:ru.neverlands.abclient
10-02 11:09:37.857  3118  3681 I FireWallService: mina mPackageReceiver onReceive
10-02 11:09:37.859  2065  2107 W BroadcastQueue: Background execution not allowed: receiving Intent { act=android.intent.action.PACKAGE_REMOVED dat=package:ru.neverlands.abclient flg=0x4000010 (has extras) } to com.lbe.security.miui/com.lbe.security.service.BootReceiver
10-02 11:09:37.860  2065  2107 D ActivityManager: Raise procstate to external provider: ProcessRecord{b28dd03 31429:com.google.android.gms/u999a21}
10-02 11:09:37.861  8066  8066 I Finsky:background: [2] aflz - Received: android.intent.action.PACKAGE_REMOVED, [8V0Whw-RkW75sc0XJ8NhtreV7AkyvbRH6VMFFje0kGE]
10-02 11:09:37.862  2065  2107 D CompatibilityInfo: mCompatibilityFlags - 0
10-02 11:09:37.862  2065  2107 D CompatibilityInfo: applicationDensity - 421
10-02 11:09:37.862  2065  2107 D CompatibilityInfo: applicationScale - 1.0
10-02 11:09:37.866 26064 26064 I Finsky  : [2] afml - Received: android.intent.action.PACKAGE_REMOVED, [8V0Whw-RkW75sc0XJ8NhtreV7AkyvbRH6VMFFje0kGE]
10-02 11:09:37.867  2065  2121 D CompatibilityInfo: mCompatibilityFlags - 0
10-02 11:09:37.867  2065  2121 D CompatibilityInfo: applicationDensity - 421
10-02 11:09:37.867  2065  2121 D CompatibilityInfo: applicationScale - 1.0
10-02 11:09:37.869  2065  2200 V LocationPolicy: ACTION_PACKAGE_ADDED for uid=10590
10-02 11:09:37.870  2512  2624 E InstallApkReceiver: install:package:ru.neverlands.abclient
10-02 11:09:37.873  2065  2065 D ActivityManager: Raise procstate to external provider: ProcessRecord{b28dd03 31429:com.google.android.gms/u999a21}
10-02 11:09:37.873 32584 32584 E FlatAdSdk: ACTION_PACKAGE_ADDED packageName:ru.neverlands.abclient
10-02 11:09:37.874 25878 25878 D AggregateListener: notifyAction action:android.intent.action.PACKAGE_ADDED
10-02 11:09:37.874  3118  3118 D AppInstalledReceiver: receive broadcast
10-02 11:09:37.874  2710  2710 E PhoneInterfaceManager: [PhoneIntfMgr] getCarrierPackageNamesForIntent: No UICC
10-02 11:09:37.874  3118  3118 I TrafficManageService: mina mPackageReceiver 0
10-02 11:09:37.874  2710  2710 D CarrierSvcBindHelper: No carrier app for: 0
10-02 11:09:37.875  3118  7107 I FireWallService: mina mPackageReceiver onReceive
10-02 11:09:37.875  3118  3937 D AppInstalledReceiver: packageName: ru.neverlands.abclient
10-02 11:09:37.876  2710  2710 E PhoneInterfaceManager: [PhoneIntfMgr] getCarrierPackageNamesForIntent: No UICC
10-02 11:09:37.876  2710  2710 D CarrierSvcBindHelper: No carrier app for: 1
10-02 11:09:37.877  3118  7107 W FireWallService: is Pre-installed application
10-02 11:09:37.877  2065  2532 D ActivityManager: Raise procstate to external provider: ProcessRecord{b28dd03 31429:com.google.android.gms/u999a21}
10-02 11:09:37.877  2710  2710 E PhoneInterfaceManager: [PhoneIntfMgr] getCarrierPackageNamesForIntent: No UICC
10-02 11:09:37.877  2710  2710 D CarrierSvcBindHelper: No carrier app for: 0
10-02 11:09:37.878  7967  8002 D PowerKeeperPackageManager: addPackage: userId = 0, xspaceUserId = 999
10-02 11:09:37.878  2065  2532 D CompatibilityInfo: mCompatibilityFlags - 0
10-02 11:09:37.878  2065  2532 D CompatibilityInfo: applicationDensity - 421
10-02 11:09:37.878  2065  2532 D CompatibilityInfo: applicationScale - 1.0
10-02 11:09:37.881  2326  2326 D LockScreenMagazineController: received broadcast android.intent.action.PACKAGE_REMOVED
10-02 11:09:37.884  2326  2487 D EventBus: [2326, u0] post(PackagesChangedEvent)
10-02 11:09:37.885  2326  2326 D LockScreenMagazineController: received broadcast android.intent.action.PACKAGE_ADDED
10-02 11:09:37.885  2326  2326 D EventBus: [2326, u0]  -> TaskStackView [0x207662d, P3] onBusEvent(PackagesChangedEvent)
10-02 11:09:37.885  2326  2326 D EventBus: [2326, u0] onBusEvent(PackagesChangedEvent) duration: 69 microseconds, avg: 521
10-02 11:09:37.885  2326  2326 D EventBus: [2326, u0]  -> RecentsRecommendView [0x36b84e4, P1] onBusEvent(PackagesChangedEvent)
10-02 11:09:37.886  2326  2326 D EventBus: [2326, u0] onBusEvent(PackagesChangedEvent) duration: 15 microseconds, avg: 520
10-02 11:09:37.886  2326  2326 D EventBus: [2326, u0]  -> RecentsTaskLoader [0x2ef116e, P1] onBusEvent(PackagesChangedEvent)
10-02 11:09:37.886  2326  2326 D EventBus: [2326, u0] onBusEvent(PackagesChangedEvent) duration: 65 microseconds, avg: 520
10-02 11:09:37.886  2710  2710 E PhoneInterfaceManager: [PhoneIntfMgr] getCarrierPackageNamesForIntent: No UICC
10-02 11:09:37.886  2710  2710 D CarrierSvcBindHelper: No carrier app for: 1
10-02 11:09:37.889  2065  2065 D ActivityManagerServiceInjector: uninstall uid=10590 name=ru.neverlands.abclient
10-02 11:09:37.894  2065  2109 D Boost   : hostingType=service, hostingName=com.android.keychain/.KeyChainService, callerPackage=android, isSystem=true, isBoostNeeded=false.
10-02 11:09:37.896  2065  3948 D ActivityManager: Raise procstate to external provider: ProcessRecord{b28dd03 31429:com.google.android.gms/u999a21}
10-02 11:09:37.901  2065  3948 D CompatibilityInfo: mCompatibilityFlags - 0
10-02 11:09:37.901  2065  3948 D CompatibilityInfo: applicationDensity - 421
10-02 11:09:37.901  2065  3948 D CompatibilityInfo: applicationScale - 1.0
10-02 11:09:37.905  2065  2121 D CompatibilityInfo: mCompatibilityFlags - 0
10-02 11:09:37.906  2065  2121 D CompatibilityInfo: applicationDensity - 421
10-02 11:09:37.906  2065  2121 D CompatibilityInfo: applicationScale - 1.0
10-02 11:09:37.906  3216  4436 W MiuiPerfServiceClient: PSI: Memory Some|29|30572573443874
10-02 11:09:37.913  2065  2109 I ActivityManager: Start proc 9072:com.android.keychain/1000 for service com.android.keychain/.KeyChainService caller=android
10-02 11:09:37.928  9072  9072 E ndroid.keychai: Not starting debugger since process cannot load the jdwp agent.
10-02 11:09:37.931  3118  3118 D AppInstalledReceiver: receive broadcast
10-02 11:09:37.931  3118  3591 I GpBinderManager: bindCount : 9
10-02 11:09:37.932  2326  2326 D LockScreenMagazineController: received broadcast android.intent.action.PACKAGE_REPLACED
10-02 11:09:37.946  3165  3182 I hbox:interacto: Background concurrent copying GC freed 11090(737KB) AllocSpace objects, 0(0B) LOS objects, 49% free, 4MB/9MB, paused 130us total 110.081ms
10-02 11:09:37.947  3118  3937 I NewGlobalInstallCheckTask: queueExecution: add task to queue last
10-02 11:09:37.947  3118  3937 I NewGlobalInstallCheckTask: checkStart: start the queue first task
10-02 11:09:37.948  3118  3937 I NewGlobalInstallCheckTask: start
10-02 11:09:37.967  2710  2710 E VvmPkgInstalledRcvr: cannot create TelephonyManager from ComponentInfo{com.android.phone/com.android.services.telephony.TelephonyConnectionService}, ***, UserHandle{0}
10-02 11:09:37.967  2710  2710 D ImsResolver: maybeAddedImsService, packageName: ru.neverlands.abclient
10-02 11:09:37.973  2512  2526 I com.miui.home: Background concurrent copying GC freed 165748(7MB) AllocSpace objects, 5(468KB) LOS objects, 49% free, 10MB/20MB, paused 132us total 139.231ms
10-02 11:09:37.977  2710  2710 D CarrierConfigLoader: mHandler: 9 phoneId: 0
10-02 11:09:37.977  2065  3266 D ActivityManager: Raise procstate to external provider: ProcessRecord{b28dd03 31429:com.google.android.gms/u999a21}
10-02 11:09:37.980  2065  3949 D ActivityManager: Raise procstate to external provider: ProcessRecord{b28dd03 31429:com.google.android.gms/u999a21}
10-02 11:09:37.989  2065  3948 D ActivityManager: Raise procstate to external provider: ProcessRecord{b28dd03 31429:com.google.android.gms/u999a21}
10-02 11:09:37.995 25898  9083 D AppVerDbManager: will update
10-02 11:09:38.003  2065  3948 D CompatibilityInfo: mCompatibilityFlags - 0
10-02 11:09:38.003  2065  3948 D CompatibilityInfo: applicationDensity - 421
10-02 11:09:38.003  2065  3948 D CompatibilityInfo: applicationScale - 1.0
10-02 11:09:38.009  2065  3975 D ActivityManager: Raise procstate to external provider: ProcessRecord{b28dd03 31429:com.google.android.gms/u999a21}
10-02 11:09:38.013  2065  3975 D CompatibilityInfo: mCompatibilityFlags - 0
10-02 11:09:38.013  2065  3975 D CompatibilityInfo: applicationDensity - 421
10-02 11:09:38.013  2065  3975 D CompatibilityInfo: applicationScale - 1.0
10-02 11:09:38.045  2065  3975 W BroadcastQueue: Background execution not allowed: receiving Intent { act=android.intent.action.PACKAGE_REMOVED dat=package:ru.neverlands.abclient flg=0x4000010 (has extras) } to com.android.vending/com.google.android.finsky.packagemonitor.impl.PackageMonitorReceiverImpl$RegisteredReceiver
10-02 11:09:38.046  2065  3975 D ActivityManager: Raise procstate to external provider: ProcessRecord{b28dd03 31429:com.google.android.gms/u999a21}
10-02 11:09:38.047 26064 26096 I Finsky  : [4666] AIM: AppInfoManager-Perf > OnDeviceAppInfo > cacheHitCount=1, cacheMissCount=0. Missed  in cache (limit 10) : []
10-02 11:09:38.047  2065  2107 W BroadcastQueue: Background execution not allowed: receiving Intent { act=android.intent.action.PACKAGE_REMOVED dat=package:ru.neverlands.abclient flg=0x4000010 (has extras) } to com.android.vending/com.google.android.finsky.packagemonitor.backgroundimpl.BackgroundPackageMonitorReceiverImpl$RegisteredReceiver
10-02 11:09:38.047  2065  2107 W BroadcastQueue: Background execution not allowed: receiving Intent { act=android.intent.action.PACKAGE_REMOVED dat=package:ru.neverlands.abclient flg=0x4000010 (has extras) } to com.android.vending/com.google.android.finsky.instantapps.appmanagement.InstantAppRemoveMonitor
10-02 11:09:38.047  2065  2107 W BroadcastQueue: Background execution not allowed: receiving Intent { act=android.intent.action.PACKAGE_REMOVED dat=package:ru.neverlands.abclient flg=0x4000010 (has extras) } to com.facebook.services/com.facebook.oxygen.services.fbns.RegisteredMqttSystemBroadcastReceiver
10-02 11:09:38.047 26064 26101 I Finsky  : [4670] AIM: Got app ownership map. App counts: . Unique apps: 0
10-02 11:09:38.047 26064 26101 E Finsky  : [4670] [Counters] attempted to use a non-positive increment for: 4752
10-02 11:09:38.048 26064 26101 E Finsky  : [4670] [Counters] attempted to use a non-positive increment for: 4753
10-02 11:09:38.048  2065  2107 W BroadcastQueue: Background execution not allowed: receiving Intent { act=android.intent.action.PACKAGE_REMOVED dat=package:ru.neverlands.abclient flg=0x4000010 (has extras) } to com.google.android.apps.maps/com.google.android.libraries.social.peoplekit.thirdparty.viewcontrollers.ThirdPartyReceiver
10-02 11:09:38.048  2065  2107 W BroadcastQueue: Background execution not allowed: receiving Intent { act=android.intent.action.PACKAGE_REMOVED dat=package:ru.neverlands.abclient flg=0x4000010 (has extras) } to com.google.android.apps.photos/com.google.android.libraries.social.peoplekit.thirdparty.viewcontrollers.ThirdPartyReceiver
10-02 11:09:38.048  2065  2107 W BroadcastQueue: Background execution not allowed: receiving Intent { act=android.intent.action.PACKAGE_REMOVED dat=package:ru.neverlands.abclient flg=0x4000010 (has extras) } to com.google.android.gms/.chimera.GmsIntentOperationService$PersistentTrustedReceiver
10-02 11:09:38.048  2065  2107 W BroadcastQueue: Background execution not allowed: receiving Intent { act=android.intent.action.PACKAGE_REMOVED dat=package:ru.neverlands.abclient flg=0x4000010 (has extras) } to com.google.android.videos/com.google.android.libraries.social.peoplekit.thirdparty.viewcontrollers.ThirdPartyReceiver
10-02 11:09:38.048  2065  2107 W BroadcastQueue: Background execution not allowed: receiving Intent { act=android.intent.action.PACKAGE_REMOVED dat=package:ru.neverlands.abclient flg=0x4000010 (has extras) } to com.miui.audioeffect/com.android.musicfx.Compatibility$Receiver
10-02 11:09:38.048  2065  2107 W BroadcastQueue: Background execution not allowed: receiving Intent { act=android.intent.action.PACKAGE_REMOVED dat=package:ru.neverlands.abclient flg=0x4000010 (has extras) } to com.xiaomi.discover/com.xiaomi.market.data.MyPackageMonitor
10-02 11:09:38.049  2065  2107 D ActivityManager: Raise procstate to external provider: ProcessRecord{b28dd03 31429:com.google.android.gms/u999a21}
10-02 11:09:38.049  2065  2107 D CompatibilityInfo: mCompatibilityFlags - 0
10-02 11:09:38.049  2065  2107 D CompatibilityInfo: applicationDensity - 421
10-02 11:09:38.049  2065  2107 D CompatibilityInfo: applicationScale - 1.0
10-02 11:09:38.056  3229  3229 D RegisteredServicesCache: Intent action: android.intent.action.PACKAGE_REMOVED
10-02 11:09:38.059  4070  4124 D GrantPermission: id: 1 packageName: com.mi.android.globallauncher
10-02 11:09:38.059  3229  3229 D RegisteredNxpServicesCache: uninstall packageName:ru.neverlands.abclient
10-02 11:09:38.059  4070  4124 D GrantPermission: id: 2 packageName: com.sohu.inputmethod.sogou.xiaomi
10-02 11:09:38.059  4070  4124 D GrantPermission: id: 3 packageName: com.comprion.android.GSMA_AC_Mobile_App_SP1_signed
10-02 11:09:38.059  4070  4124 D GrantPermission: id: 4 packageName: com.android.providers.partnerbookmarks
10-02 11:09:38.059  4070  4124 D GrantPermission: id: 5 packageName: de.telekom.tsc
10-02 11:09:38.059  4070  4124 D GrantPermission: id: 6 packageName: com.gallery.player
10-02 11:09:38.071  7912  7912 I AppTimerReceiver: onReceive: action=android.intent.action.PACKAGE_REMOVED
10-02 11:09:38.073  8066  8066 I Finsky:background: [2] IQ: onPackageRemoved ru.neverlands.abclient, replacing=true, uninstallingFromPlay=false
10-02 11:09:38.077  2065  3948 W BroadcastQueue: Background execution not allowed: receiving Intent { act=android.intent.action.PACKAGE_REMOVED dat=package:ru.neverlands.abclient flg=0x4000010 (has extras) } to com.xiaomi.providers.appindex/.PackageChangeReceiver
10-02 11:09:38.078  2065  3948 D ActivityManager: Raise procstate to external provider: ProcessRecord{b28dd03 31429:com.google.android.gms/u999a21}
10-02 11:09:38.081  2065  2107 W BroadcastQueue: Background execution not allowed: receiving Intent { act=android.intent.action.PACKAGE_REMOVED dat=package:ru.neverlands.abclient flg=0x4000010 (has extras) } to com.alibaba.aliexpresshd/com.taobao.agoo.AgooCommondReceiver
10-02 11:09:38.082  2065  2107 W BroadcastQueue: Background execution not allowed: receiving Intent { act=android.intent.action.PACKAGE_REMOVED dat=package:ru.neverlands.abclient flg=0x4000010 (has extras) } to com.alibaba.aliexpresshd/com.taobao.accs.EventReceiver
10-02 11:09:38.083  2065  2107 W BroadcastQueue: Background execution not allowed: receiving Intent { act=android.intent.action.PACKAGE_REMOVED dat=package:ru.neverlands.abclient flg=0x4000010 (has extras) } to com.apkpure.aegon/com.san.core.receiver.AppPkgReceiver
10-02 11:09:38.083  2065  2107 W BroadcastQueue: Background execution not allowed: receiving Intent { act=android.intent.action.PACKAGE_REMOVED dat=package:ru.neverlands.abclient flg=0x4000010 (has extras) } to com.snaptube.premium/com.snaptube.ads.selfbuild.request.verify.StaticAppInstalledReceiver
10-02 11:09:38.083  2065  2107 W BroadcastQueue: Background execution not allowed: receiving Intent { act=android.intent.action.PACKAGE_REMOVED dat=package:ru.neverlands.abclient flg=0x4000010 (has extras) } to com.snaptube.premium/com.snaptube.ads.infomobi.receiver.ReceiverDelegate
10-02 11:09:38.083  2065  2107 W BroadcastQueue: Background execution not allowed: receiving Intent { act=android.intent.action.PACKAGE_REMOVED dat=package:ru.neverlands.abclient flg=0x4000010 (has extras) } to com.snaptube.premium/com.snaptube.titan.carrier.CarrierReceiver
10-02 11:09:38.083  2065  2107 W BroadcastQueue: Background execution not allowed: receiving Intent { act=android.intent.action.PACKAGE_REMOVED dat=package:ru.neverlands.abclient flg=0x4000010 (has extras) } to com.vkontakte.android/ru.mail.libverify.utils.PackageStateReceiver
10-02 11:09:38.083  2065  2107 W BroadcastQueue: Background execution not allowed: receiving Intent { act=android.intent.action.PACKAGE_REMOVED dat=package:ru.neverlands.abclient flg=0x4000010 (has extras) } to ru.mail.cloud/ru.mail.libverify.utils.PackageStateReceiver
10-02 11:09:38.083  2065  2107 W BroadcastQueue: Background execution not allowed: receiving Intent { act=android.intent.action.PACKAGE_REMOVED dat=package:ru.neverlands.abclient flg=0x4000010 (has extras) } to ru.mail.mailapp/ru.mail.libverify.utils.PackageStateReceiver
10-02 11:09:38.084  2065  2107 W BroadcastQueue: Background execution not allowed: receiving Intent { act=android.intent.action.PACKAGE_REMOVED dat=package:ru.neverlands.abclient flg=0x4000010 (has extras) } to ru.vk.store/com.kavsdk.AppInstallationReceiver
10-02 11:09:38.086  2065  2107 W BroadcastQueue: Background execution not allowed: receiving Intent { act=android.intent.action.PACKAGE_ADDED dat=package:ru.neverlands.abclient flg=0x4000010 (has extras) } to com.lbe.security.miui/com.lbe.security.service.BootReceiver
10-02 11:09:38.087  2065  2107 D ActivityManager: Raise procstate to external provider: ProcessRecord{b28dd03 31429:com.google.android.gms/u999a21}
10-02 11:09:38.089  2065  2107 D CompatibilityInfo: mCompatibilityFlags - 0
10-02 11:09:38.089  2065  2107 D CompatibilityInfo: applicationDensity - 421
10-02 11:09:38.089  2065  2107 D CompatibilityInfo: applicationScale - 1.0
10-02 11:09:38.089 26064 26064 I Finsky  : [2] AIM: AppInfoCacheUpdater -> invalidating apps: [ru.neverlands.abclient]
10-02 11:09:38.089 26064 26064 I Finsky  : [2] AIM: AppInfoManager-Perf > getApps > called for 1 apps
10-02 11:09:38.092 32584 32584 E FlatAdSdk: ACTION_PACKAGE_ADDED packageName:ru.neverlands.abclient
10-02 11:09:38.093 26064 26096 I Finsky  : [4666] AIM: AppInfoManager-Perf > OnDeviceAppInfo > cacheHitCount=0, cacheMissCount=1. Missed  in cache (limit 10) : [ru.neverlands.abclient]
10-02 11:09:38.095 26064 26096 I Finsky  : [4666] AIM: Got app ownership map. App counts: . Unique apps: 0
10-02 11:09:38.095 26064 26096 E Finsky  : [4666] [Counters] attempted to use a non-positive increment for: 4752
10-02 11:09:38.095 26064 26064 I Finsky  : [2] afml - Received: android.intent.action.PACKAGE_ADDED, [8V0Whw-RkW75sc0XJ8NhtreV7AkyvbRH6VMFFje0kGE]
10-02 11:09:38.101  2326  2337 I ndroid.systemu: Background concurrent copying GC freed 238183(9MB) AllocSpace objects, 0(0B) LOS objects, 41% free, 33MB/57MB, paused 105us total 255.119ms
10-02 11:09:38.101  2065  3948 W BroadcastQueue: Background execution not allowed: receiving Intent { act=android.intent.action.PACKAGE_ADDED dat=package:ru.neverlands.abclient flg=0x4000010 (has extras) } to com.android.vending/com.google.android.finsky.packagemonitor.impl.PackageMonitorReceiverImpl$RegisteredReceiver
10-02 11:09:38.102  2065  3948 D ActivityManager: Raise procstate to external provider: ProcessRecord{b28dd03 31429:com.google.android.gms/u999a21}
10-02 11:09:38.103  8066  8066 I Finsky:background: [2] aflz - Received: android.intent.action.PACKAGE_ADDED, [8V0Whw-RkW75sc0XJ8NhtreV7AkyvbRH6VMFFje0kGE]
10-02 11:09:38.104  2065  2107 W BroadcastQueue: Background execution not allowed: receiving Intent { act=android.intent.action.PACKAGE_ADDED dat=package:ru.neverlands.abclient flg=0x4000010 (has extras) } to com.android.vending/com.google.android.finsky.packagemonitor.backgroundimpl.BackgroundPackageMonitorReceiverImpl$RegisteredReceiver
10-02 11:09:38.105  2065  2107 W BroadcastQueue: Background execution not allowed: receiving Intent { act=android.intent.action.PACKAGE_ADDED dat=package:ru.neverlands.abclient flg=0x4000010 (has extras) } to com.facebook.appmanager/com.facebook.oxygen.common.packages.event.manifest.ManifestPackageEventReceiver
10-02 11:09:38.105  2065  2107 W BroadcastQueue: Background execution not allowed: receiving Intent { act=android.intent.action.PACKAGE_ADDED dat=package:ru.neverlands.abclient flg=0x4000010 (has extras) } to com.google.android.gms/.chimera.GmsIntentOperationService$PersistentTrustedReceiver
10-02 11:09:38.105  2065  2107 W BroadcastQueue: Background execution not allowed: receiving Intent { act=android.intent.action.PACKAGE_ADDED dat=package:ru.neverlands.abclient flg=0x4000010 (has extras) } to com.google.android.gms/.gass.chimera.PackageChangeBroadcastReceiver
10-02 11:09:38.105  2065  2107 W BroadcastQueue: Background execution not allowed: receiving Intent { act=android.intent.action.PACKAGE_ADDED dat=package:ru.neverlands.abclient flg=0x4000010 (has extras) } to com.miui.audioeffect/com.android.musicfx.Compatibility$Receiver
10-02 11:09:38.105  2065  2107 W BroadcastQueue: Background execution not allowed: receiving Intent { act=android.intent.action.PACKAGE_ADDED dat=package:ru.neverlands.abclient flg=0x4000010 (has extras) } to com.xiaomi.discover/com.xiaomi.market.data.MyPackageMonitor
10-02 11:09:38.106  2065  2107 D ActivityManager: Raise procstate to external provider: ProcessRecord{b28dd03 31429:com.google.android.gms/u999a21}
10-02 11:09:38.106  2065  2107 D CompatibilityInfo: mCompatibilityFlags - 0
10-02 11:09:38.107  2065  2107 D CompatibilityInfo: applicationDensity - 421
10-02 11:09:38.107  2065  2107 D CompatibilityInfo: applicationScale - 1.0
10-02 11:09:38.108  7912  7912 I AppTimerReceiver: onReceive: action=android.intent.action.PACKAGE_ADDED
10-02 11:09:38.111  2065  3948 W BroadcastQueue: Background execution not allowed: receiving Intent { act=android.intent.action.PACKAGE_ADDED dat=package:ru.neverlands.abclient flg=0x4000010 (has extras) } to com.xiaomi.providers.appindex/.PackageChangeReceiver
10-02 11:09:38.112  2065  3948 D ActivityManager: Raise procstate to external provider: ProcessRecord{b28dd03 31429:com.google.android.gms/u999a21}
10-02 11:09:38.114  2065  2107 W BroadcastQueue: Background execution not allowed: receiving Intent { act=android.intent.action.PACKAGE_ADDED dat=package:ru.neverlands.abclient flg=0x4000010 (has extras) } to com.apkpure.aegon/com.san.core.receiver.AppPkgReceiver
10-02 11:09:38.115  2065  2107 W BroadcastQueue: Background execution not allowed: receiving Intent { act=android.intent.action.PACKAGE_ADDED dat=package:ru.neverlands.abclient flg=0x4000010 (has extras) } to com.applisto.appcloner/.update.UpdateReceiver
10-02 11:09:38.115  2065  2107 W BroadcastQueue: Background execution not allowed: receiving Intent { act=android.intent.action.PACKAGE_ADDED dat=package:ru.neverlands.abclient flg=0x4000010 (has extras) } to com.snaptube.premium/com.snaptube.ads.selfbuild.request.verify.StaticAppInstalledReceiver
10-02 11:09:38.115  2065  2107 W BroadcastQueue: Background execution not allowed: receiving Intent { act=android.intent.action.PACKAGE_ADDED dat=package:ru.neverlands.abclient flg=0x4000010 (has extras) } to com.snaptube.premium/com.snaptube.ads.infomobi.receiver.ReceiverDelegate
10-02 11:09:38.116  2065  2107 W BroadcastQueue: Background execution not allowed: receiving Intent { act=android.intent.action.PACKAGE_ADDED dat=package:ru.neverlands.abclient flg=0x4000010 (has extras) } to com.snaptube.premium/com.snaptube.titan.carrier.CarrierReceiver
10-02 11:09:38.116  2065  2107 W BroadcastQueue: Background execution not allowed: receiving Intent { act=android.intent.action.PACKAGE_ADDED dat=package:ru.neverlands.abclient flg=0x4000010 (has extras) } to ru.vk.store/com.kavsdk.AppInstallationReceiver
10-02 11:09:38.116  2065  2107 W BroadcastQueue: Background execution not allowed: receiving Intent { act=android.intent.action.PACKAGE_ADDED dat=package:ru.neverlands.abclient flg=0x4000010 (has extras) } to tr.com.turkcell.akillidepo/tr.com.turkcell.receivers.PackageUpdateReceiver
10-02 11:09:38.116  2065  2107 D ActivityManager: Raise procstate to external provider: ProcessRecord{b28dd03 31429:com.google.android.gms/u999a21}
10-02 11:09:38.117  2065  2107 D CompatibilityInfo: mCompatibilityFlags - 0
10-02 11:09:38.117  2065  2107 D CompatibilityInfo: applicationDensity - 421
10-02 11:09:38.117  2065  2107 D CompatibilityInfo: applicationScale - 1.0
10-02 11:09:38.124 26064 26096 E Finsky  : [4666] [Counters] attempted to use a non-positive increment for: 4753
10-02 11:09:38.135  2065  3949 D CompatibilityInfo: mCompatibilityFlags - 0
10-02 11:09:38.135  2065  3949 D CompatibilityInfo: applicationDensity - 421
10-02 11:09:38.135  2065  3949 D CompatibilityInfo: applicationScale - 1.0
10-02 11:09:38.136  2065  3949 D ActivityManager: Raise procstate to external provider: ProcessRecord{b28dd03 31429:com.google.android.gms/u999a21}
10-02 11:09:38.137  2065  3949 D CompatibilityInfo: mCompatibilityFlags - 0
10-02 11:09:38.137  2065  3949 D CompatibilityInfo: applicationDensity - 421
10-02 11:09:38.137  2065  3949 D CompatibilityInfo: applicationScale - 1.0
10-02 11:09:38.098 26064  9112 I Finsky  : [4852] SCH: Received scheduling request: Id: 12-1, Constraints: [{ L: 15000, D: 86400000, C: CHARGING_NONE, I: IDLE_NONE, N: NET_ANY, B: BATTERY_ANY }]
10-02 11:09:38.158  3229  3229 D RegisteredServicesCache: Ignoring package intent due to package being replaced.
10-02 11:09:38.169  8066  9116 I Finsky:background: [5183] IQ: handled package removed
10-02 11:09:38.172  9072  9072 I ndroid.keychai: The ClassLoaderContext is a special shared library.
10-02 11:09:38.183  9072  9072 I Perf    : Connecting to perf service.
10-02 11:09:38.203 26064 26101 I Finsky  : [4670] AIM: AppInfoManager-Perf > OnDeviceAppInfo > cacheHitCount=1, cacheMissCount=0. Missed  in cache (limit 10) : []
10-02 11:09:38.210  3118  3937 E FreeformWindowUtils: reflect error when get hasSmallFreeformFeature
10-02 11:09:38.210  3118  3937 E FreeformWindowUtils: java.lang.NoSuchMethodException: hasSmallFreeformFeature []
10-02 11:09:38.210  3118  3937 E FreeformWindowUtils: 	at java.lang.Class.getMethod(Class.java:2068)
10-02 11:09:38.210  3118  3937 E FreeformWindowUtils: 	at java.lang.Class.getDeclaredMethod(Class.java:2047)
10-02 11:09:38.210  3118  3937 E FreeformWindowUtils: 	at nf.f.h(Unknown Source:0)
10-02 11:09:38.210  3118  3937 E FreeformWindowUtils: 	at n6.b.m(Unknown Source:48)
10-02 11:09:38.210  3118  3937 E FreeformWindowUtils: 	at n6.b.t(Unknown Source:0)
10-02 11:09:38.210  3118  3937 E FreeformWindowUtils: 	at o2.j.w(Unknown Source:72)
10-02 11:09:38.210  3118  3937 E FreeformWindowUtils: 	at o2.j.j(Unknown Source:0)
10-02 11:09:38.210  3118  3937 E FreeformWindowUtils: 	at o2.j$a.run(Unknown Source:20)
10-02 11:09:38.210  3118  3937 E FreeformWindowUtils: 	at java.util.concurrent.ThreadPoolExecutor.runWorker(ThreadPoolExecutor.java:1167)
10-02 11:09:38.210  3118  3937 E FreeformWindowUtils: 	at java.util.concurrent.ThreadPoolExecutor$Worker.run(ThreadPoolExecutor.java:641)
10-02 11:09:38.210  3118  3937 E FreeformWindowUtils: 	at java.lang.Thread.run(Thread.java:764)
10-02 11:09:38.212  3118  3937 I GpBinderManager: bindCount : 10
10-02 11:09:38.217  3229  3229 D RegisteredServicesCache: Intent action: android.intent.action.PACKAGE_ADDED
10-02 11:09:38.217  3229  3229 D RegisteredServicesCache: Ignoring package intent due to package being replaced.
10-02 11:09:38.217  7900  7900 I PI-ScanDispatch: service bind, pkgName = ru.neverlands.abclient, installer = null, isReplace = true, firstGoogleTime = 1702469433252
10-02 11:09:38.217  3229  3229 D RegisteredServicesCache: Intent action: android.intent.action.PACKAGE_REPLACED
10-02 11:09:38.220  7900  7900 D PI-ScanDispatch: receive security msg： send client messenger
10-02 11:09:38.224 26064 26096 I Finsky  : [4666] AIM: Got app ownership map. App counts: . Unique apps: 0
10-02 11:09:38.224 26064 26096 E Finsky  : [4666] [Counters] attempted to use a non-positive increment for: 4752
10-02 11:09:38.227  3229  3229 D RegisteredServicesCache: Adding service: ComponentInfo{com.google.android.gms/com.google.android.gms.nearby.mediums.nearfieldcommunication.NfcAdvertisingService} AIDs: [F00000FE2C]
10-02 11:09:38.227  3229  3229 D RegisteredServicesCache: Adding service: ComponentInfo{com.google.android.gms/com.google.android.gms.pay.hce.service.PayHceService} AIDs: []
10-02 11:09:38.227  3229  3229 D RegisteredServicesCache: Adding service: ComponentInfo{com.google.android.gms/com.google.android.gms.tapandpay.hce.service.TpHceService} AIDs: [325041592E5359532E4444463031]
10-02 11:09:38.227  3229  3229 D RegisteredServicesCache: Adding service: ComponentInfo{com.tencent.mm/com.tencent.mm.plugin.appbrand.jsapi.nfc.hce.HCEService} AIDs: [F123456789]
10-02 11:09:38.227  3229  3229 D RegisteredServicesCache:  Reading service state data always from file
10-02 11:09:38.230  3229  3229 D RegisteredServicesCache: ServiceStateFileVersion=1.0
10-02 11:09:38.230  3229  3229 E RegisteredServicesCache: Next Tag=services
10-02 11:09:38.230  3229  3229 D RegisteredServicesCache:  curr component com.google.android.gms/com.google.android.gms.nearby.mediums.nearfieldcommunication.NfcAdvertisingService
10-02 11:09:38.230  3229  3229 D RegisteredServicesCache:  curr uid 10021
10-02 11:09:38.230  3229  3229 D RegisteredServicesCache:  curr state 1
10-02 11:09:38.230  3229  3229 E RegisteredServicesCache: installedServices no uidString 
10-02 11:09:38.230  3229  3229 D RegisteredServicesCache:  curr component com.google.android.gms/com.google.android.gms.pay.hce.service.PayHceService
10-02 11:09:38.230  3229  3229 D RegisteredServicesCache:  curr uid 10021
10-02 11:09:38.230  3229  3229 D RegisteredServicesCache:  curr state 1
10-02 11:09:38.230  3229  3229 E RegisteredServicesCache: installedServices contains uidString : 10021
10-02 11:09:38.230  3229  3229 D RegisteredServicesCache:  curr component com.google.android.gms/com.google.android.gms.nearby.mediums.nearfieldcommunication.NfcAdvertisingService
10-02 11:09:38.230  3229  3229 D RegisteredServicesCache:  curr uid 99910021
10-02 11:09:38.230  3229  3229 D RegisteredServicesCache:  curr state 2
10-02 11:09:38.230  3229  3229 E RegisteredServicesCache: installedServices no uidString 
10-02 11:09:38.230  3229  3229 E RegisteredServicesCache: 1invalidateCache:WriteServiceStateToFile
10-02 11:09:38.230  3229  3229 E RegisteredServicesCache:  Writing service state Data Always
10-02 11:09:38.232  3229  3229 E RegisteredServicesCache: component namecom.google.android.gms/com.google.android.gms.nearby.mediums.nearfieldcommunication.NfcAdvertisingService
10-02 11:09:38.232  3229  3229 E RegisteredServicesCache: component namecom.google.android.gms/com.google.android.gms.pay.hce.service.PayHceService
10-02 11:09:38.232  3229  3229 E RegisteredServicesCache: component namecom.google.android.gms/com.google.android.gms.nearby.mediums.nearfieldcommunication.NfcAdvertisingService
10-02 11:09:38.233   702  3048 E ANDR-PERF-MPCTL: poll() has timed out for /sys/module/msm_performance/events/cpu_hotplug
10-02 11:09:38.234   702  3048 E ANDR-PERF-MPCTL: Block on poll()
10-02 11:09:38.236  8066  8066 I Finsky:background: [2] aflz - Received: android.intent.action.PACKAGE_ADDED, [8V0Whw-RkW75sc0XJ8NhtreV7AkyvbRH6VMFFje0kGE]
10-02 11:09:38.247  3132  3143 I gle.android.gm: Background concurrent copying GC freed 363421(18MB) AllocSpace objects, 20(848KB) LOS objects, 40% free, 35MB/59MB, paused 121us total 406.774ms
10-02 11:09:38.252  3229  3229 D CardEmulationManager: Current default: ComponentInfo{com.google.android.gms/com.google.android.gms.tapandpay.hce.service.TpHceService}
10-02 11:09:38.252  3229  3229 D CardEmulationManager: Default payment service still ok.
10-02 11:09:38.252  3229  3229 D RegisteredAidCache: onServicesUpdated
10-02 11:09:38.252  3229  3229 D RegisteredAidCache: generateServiceMap component: ComponentInfo{com.google.android.gms/com.google.android.gms.nearby.mediums.nearfieldcommunication.NfcAdvertisingService}
