10-02 11:09:57.063 26064 26101 I Finsky  : [4670] SCH: Scheduling phonesky job Id: 34-1898, CT: 1759392003338, Constraints: [{ L: 79199693, D: 1375199693, C: CHARGING_NONE, I: IDLE_NONE, N: NET_ANY, B: BATTERY_ANY }]
10-02 11:09:57.063 26064 26101 I Finsky  : [4670] SCH: Scheduling phonesky job Id: 34-1900, CT: 1759392003874, Constraints: [{ L: 604800000, D: 2591999723, C: CHARGING_NONE, I: IDLE_NONE, N: NET_ANY, B: BATTERY_ANY }]
10-02 11:09:57.069 26064 26128 I Finsky  : [4677] SCH: Scheduling 1 system job(s)
10-02 11:09:57.069 26064 26128 I Finsky  : [4677] SCH: Scheduling system job Id: 9750, L: 10864661, D: 54064661, C: false, I: false, N: 1
10-02 11:09:57.076 26064  9313 I Finsky  : [4855] SCH: job service finished with id 9744.
10-02 11:09:57.080  2065  2088 D ActivityManager: Raise procstate to external provider: ProcessRecord{b28dd03 31429:com.google.android.gms/u999a21}
10-02 11:09:57.086  2065  3949 D ActivityManager: Raise procstate to external provider: ProcessRecord{b28dd03 31429:com.google.android.gms/u999a21}
10-02 11:09:58.474  9265  9265 W dex2oat : Accessing hidden method Landroid/content/res/Resources$Theme;->rebase()V (dark greylist, linking)
10-02 11:09:58.476  9265  9265 W dex2oat : Accessing hidden method Landroid/view/View;->setTransitionVisibility(I)V (dark greylist, linking)
10-02 11:09:58.642  2065  2215 D ActivityManager: Raise procstate to external provider: ProcessRecord{b28dd03 31429:com.google.android.gms/u999a21}
10-02 11:09:58.645  2065  2215 D CompatibilityInfo: mCompatibilityFlags - 0
10-02 11:09:58.645  2065  2215 D CompatibilityInfo: applicationDensity - 421
10-02 11:09:58.645  2065  2215 D CompatibilityInfo: applicationScale - 1.0
10-02 11:09:58.695  8978  8978 D WM-SystemJobService: onStartJob for WorkGenerationalId(workSpecId=19b782d6-2076-46a3-93fb-661ce2d66726, generation=422)
10-02 11:09:58.697  9152  9152 W rlands.abclien: Accessing hidden method Landroid/view/MotionEvent;->getEventTimeNano()J (light greylist, reflection)
10-02 11:09:58.755  8978  8998 D WM-Processor: mkm: processing WorkGenerationalId(workSpecId=19b782d6-2076-46a3-93fb-661ce2d66726, generation=422)
10-02 11:09:58.794  8978  8978 D WM-WorkerWrapper: Starting work for androidx.work.multiprocess.RemoteListenableDelegatingWorker
10-02 11:09:58.816  2065  2104 D ActivityManager: Raise procstate to external provider: ProcessRecord{b28dd03 31429:com.google.android.gms/u999a21}
10-02 11:09:58.822  9265  9265 I dex2oat : Explicit concurrent copying GC freed 35584(8MB) AllocSpace objects, 0(0B) LOS objects, 75% free, 1008KB/3MB, paused 66us total 15.845ms
10-02 11:09:58.824  8978  8978 D WM-ListenableWorkerImpl: Binding to com.google.android.googlequicksearchbox, com.google.android.libraries.search.integrations.tiktok.RemoteWorkerService_search
10-02 11:09:58.827  2065  2088 D ActivityManager: Raise procstate to external provider: ProcessRecord{b28dd03 31429:com.google.android.gms/u999a21}
10-02 11:09:58.829  2065  2088 D CompatibilityInfo: mCompatibilityFlags - 0
10-02 11:09:58.829  2065  2088 D CompatibilityInfo: applicationDensity - 421
10-02 11:09:58.829  2065  2088 D CompatibilityInfo: applicationScale - 1.0
10-02 11:09:58.863   702   777 E ANDR-PERF-MPCTL: Invalid profile no. 0, total profiles 0 only
10-02 11:09:58.867  9152  9152 E JS_CONSOLE: Uncaught TypeError: top.save_scroll_p is not a function -- From line 10 of http://neverlands.ru/ch.php?lo=1
10-02 11:09:58.870  8978  8978 I WM-RemoteWorkerService: Binding to RemoteWorkerService
10-02 11:09:58.872  8978  8978 D WM-ListenableWorkerImpl: Service connected
10-02 11:09:58.886  9152  9152 E JS_CONSOLE: Uncaught TypeError: top.save_scroll_p is not a function -- From line 10 of http://neverlands.ru/ch.php?lo=1
10-02 11:09:58.886  8978  9005 D WM-ListenableWorkerImpl: Executing work request (19b782d6-2076-46a3-93fb-661ce2d66726, com.google.apps.tiktok.contrib.work.TikTokListenableWorker)
10-02 11:09:58.890  3118  3845 D SecurityCenter: memDiff : 129, timeDiff : 4897
10-02 11:09:58.902  9152  9152 E JS_CONSOLE: Uncaught TypeError: top.save_scroll_p is not a function -- From line 10 of http://neverlands.ru/ch.php?lo=1
10-02 11:09:58.998  9152  9152 I chatty  : uid=10590(ru.neverlands.abclient) identical 6 lines
10-02 11:09:59.013  9152  9152 E JS_CONSOLE: Uncaught TypeError: top.save_scroll_p is not a function -- From line 10 of http://neverlands.ru/ch.php?lo=1
10-02 11:09:59.019  8978  8978 I eerr    : #sync(). Running Synclets and scheduling next sync.
10-02 11:09:59.032  9152  9152 E JS_CONSOLE: Uncaught TypeError: top.save_scroll_p is not a function -- From line 10 of http://neverlands.ru/ch.php?lo=1
10-02 11:09:59.129  9152  9152 I chatty  : uid=10590(ru.neverlands.abclient) identical 6 lines
10-02 11:09:59.145  9152  9152 E JS_CONSOLE: Uncaught TypeError: top.save_scroll_p is not a function -- From line 10 of http://neverlands.ru/ch.php?lo=1
10-02 11:09:59.253   702  3048 E ANDR-PERF-MPCTL: poll() has timed out for /sys/module/msm_performance/events/cpu_hotplug
10-02 11:09:59.254   702  3048 E ANDR-PERF-MPCTL: Block on poll()
10-02 11:09:59.289  9152  9152 E JS_CONSOLE: Uncaught TypeError: top.save_scroll_p is not a function -- From line 10 of http://neverlands.ru/ch.php?lo=1
10-02 11:09:59.441  9152  9152 I chatty  : uid=10590(ru.neverlands.abclient) identical 8 lines
10-02 11:09:59.455  9152  9152 E JS_CONSOLE: Uncaught TypeError: top.save_scroll_p is not a function -- From line 10 of http://neverlands.ru/ch.php?lo=1
10-02 11:09:59.465  8978  9005 I eerr    : (REDACTED) Running synclets: %s
10-02 11:09:59.533  8978  9017 I eerr    : (REDACTED) Starting synclet: %s
10-02 11:09:59.538  8978  9014 I eerr    : (REDACTED) Starting synclet: %s
10-02 11:09:59.546  8978  9010 I eerr    : (REDACTED) Starting synclet: %s
10-02 11:09:59.621  8978  9005 I tpb     : Starting Phenotype registration
10-02 11:09:59.672  3132  3132 D BoundBrokerSvc: onBind: Intent { act=com.google.android.gms.audit.service.START pkg=com.google.android.gms }
10-02 11:09:59.672  3132  3132 D BoundBrokerSvc: Loading bound service for intent: Intent { act=com.google.android.gms.audit.service.START pkg=com.google.android.gms }
10-02 11:09:59.739  8978  9023 I bybe    : (REDACTED) Using GoogleAuthUtil for getToken for 1p app: %s
10-02 11:09:59.756  2065  2088 D CompatibilityInfo: mCompatibilityFlags - 0
10-02 11:09:59.756  2065  2088 D CompatibilityInfo: applicationDensity - 421
10-02 11:09:59.756  2065  2088 D CompatibilityInfo: applicationScale - 1.0
10-02 11:09:59.833  8978  9008 W sss     : No EventLoggerStore set on EventLogger, event will be ignored.Initialize EventLogger in your Application#onCreate method
10-02 11:09:59.833  8978  9008 W sss     : eltt: SMALL
10-02 11:09:59.833  8978  9008 W sss     : 	at sss.f(PG:151)
10-02 11:09:59.833  8978  9008 W sss     : 	at sss.b(PG:56)
10-02 11:09:59.833  8978  9008 W sss     : 	at tpb.a(PG:97)
10-02 11:09:59.833  8978  9008 W sss     : 	at tpa.b(PG:17)
10-02 11:09:59.833  8978  9008 W sss     : 	at fdkh.u(PG:12)
10-02 11:09:59.833  8978  9008 W sss     : 	at fduf.run(PG:110)
10-02 11:09:59.833  8978  9008 W sss     : 	at edor.run(PG:3)
10-02 11:09:59.833  8978  9008 W sss     : 	at ckod.run(PG:5)
10-02 11:09:59.833  8978  9008 W sss     : 	at emkw.run(PG:44)
10-02 11:09:59.833  8978  9008 W sss     : 	at cknp.run(PG:83)
10-02 11:09:59.834  8978  9008 I tpb     : Phenotype registration complete
10-02 11:09:59.842  9265  9265 I dex2oat : dex2oat took 6.861s (8.474s cpu) (threads: 6) arena alloc=3MB (3432992B) java alloc=1024KB (1049144B) native alloc=16MB (17196048B) free=9MB (9542640B)
10-02 11:09:59.891   941  2242 V installed: DexInv: --- END '/data/app/ru.neverlands.abclient-cr8CxW2Ufw7D5vCLAvP_Lg==/base.apk' (success) ---
10-02 11:09:59.755  2065  2088 D ActivityManager: Raise procstate to external provider: ProcessRecord{b28dd03 31429:com.google.android.gms/u999a21}
10-02 11:09:59.932  2065 16567 D com.android.server.pm.PackageManagerServiceInjector: FirstUseActivity packageName = ru.neverlands.abclient is compiled using filter = speed-profile, success = true
10-02 11:09:59.932  2065 16567 I com.android.server.pm.PackageManagerServiceInjector: FirstUseActivity Pinning optimized code ru.neverlands.abclient
10-02 11:09:59.973  8978  9017 I door    : (REDACTED) Attempting to cache the data for enabled corpora %s.
10-02 11:09:59.976  8978  9028 I door    : (REDACTED) Attempting to cache the data for enabled corpora %s.
10-02 11:09:59.978  8978  9014 I door    : (REDACTED) Attempting to cache the data for enabled corpora %s.
10-02 11:09:59.980  8978  9012 I door    : (REDACTED) Attempting to cache the data for enabled corpora %s.
10-02 11:09:59.983  8978  9012 W cmzk    : (REDACTED) Corpus: %s is disabled
10-02 11:09:59.983  8978  9012 I chatty  : uid=10033(com.google.android.googlequicksearchbox) Lite Thread #1 identical 6 lines
10-02 11:09:59.983  8978  9012 W cmzk    : (REDACTED) Corpus: %s is disabled
10-02 11:09:59.984  8978  9014 W cmzk    : (REDACTED) Corpus: %s is disabled
10-02 11:09:59.984  8978  9014 I chatty  : uid=10033(com.google.android.googlequicksearchbox) Lite Thread #2 identical 6 lines
10-02 11:09:59.984  8978  9014 W cmzk    : (REDACTED) Corpus: %s is disabled
10-02 11:09:59.985  8978  9010 I cmyp    : (REDACTED) Starting batch sync for corpora: %s
10-02 11:09:59.995  8978  9014 W cmzk    : (REDACTED) Corpus: %s is disabled
10-02 11:09:59.996  8978  9012 W cmzk    : (REDACTED) Corpus: %s is disabled
10-02 11:09:59.998  8978  9014 W cmzk    : (REDACTED) Corpus: %s is disabled
10-02 11:10:00.001  2065  2065 D ActivityManager: Raise procstate to external provider: ProcessRecord{b28dd03 31429:com.google.android.gms/u999a21}
10-02 11:09:59.999  8978  9014 I chatty  : uid=10033(com.google.android.googlequicksearchbox) Lite Thread #2 identical 7 lines
10-02 11:09:59.999  8978  9014 W cmzk    : (REDACTED) Corpus: %s is disabled
10-02 11:10:00.003  2326  2326 D KeyguardUpdateMonitor: handleTimeUpdate
10-02 11:10:00.004  2065  2532 D ActivityManager: Raise procstate to external provider: ProcessRecord{b28dd03 31429:com.google.android.gms/u999a21}
10-02 11:10:00.013  8978  9012 W cmzk    : (REDACTED) Corpus: %s is disabled
10-02 11:10:00.012  2065  2532 I chatty  : uid=1000(system) Binder:2065_6 identical 3 lines
10-02 11:10:00.018  2065  2532 D ActivityManager: Raise procstate to external provider: ProcessRecord{b28dd03 31429:com.google.android.gms/u999a21}
10-02 11:10:00.024  2065  3271 D ActivityManager: Raise procstate to external provider: ProcessRecord{b28dd03 31429:com.google.android.gms/u999a21}
10-02 11:10:00.015  8978  9012 I chatty  : uid=10033(com.google.android.googlequicksearchbox) Lite Thread #1 identical 7 lines
10-02 11:10:00.015  8978  9012 W cmzk    : (REDACTED) Corpus: %s is disabled
10-02 11:10:00.026  8978  9018 D NetworkSecurityConfig: Using Network Security Config from resource network_security_config debugBuild: false
10-02 11:10:00.027  2065  3271 D ActivityManager: Raise procstate to external provider: ProcessRecord{b28dd03 31429:com.google.android.gms/u999a21}
10-02 11:10:00.028  2065  3949 D ActivityManager: Raise procstate to external provider: ProcessRecord{b28dd03 31429:com.google.android.gms/u999a21}
10-02 11:10:00.043  8978  9005 I cnbu    : (REDACTED) Setting isLegacySQLite mode to %s.
10-02 11:10:00.048  8978  9012 I cmyp    : (REDACTED) Starting batch sync for corpora: %s
10-02 11:10:00.058  8978  9028 I cmyp    : (REDACTED) Starting batch sync for corpora: %s
10-02 11:10:00.068  8978  9014 I cmyp    : (REDACTED) Starting batch sync for corpora: %s
10-02 11:10:00.167  8978  9008 I cnbu    : (REDACTED) Setting isLegacySQLite mode to %s.
10-02 11:10:00.272  8978  9005 I dlaa    : (REDACTED) getting App Capabilities %s
10-02 11:10:00.291  8978  9008 I dkxh    : Building Device Properties.
10-02 11:10:00.293  8978  9005 I dlaa    : (REDACTED) getting App Capabilities %s
10-02 11:10:00.301  8978  9018 I dkxh    : Building Device Properties.
10-02 11:10:00.323  8978  9018 D AudioManager: getStreamVolume isRestricted mode = 0
10-02 11:10:00.327  8978  9008 D AudioManager: getStreamVolume isRestricted mode = 0
10-02 11:10:00.335  8978  9018 D AudioManager: getStreamVolume isRestricted mode = 0
10-02 11:10:00.343  8978  9008 D AudioManager: getStreamVolume isRestricted mode = 0
10-02 11:10:00.406  8978  9371 I cmyp    : (REDACTED) The syncToken for corpus %s is %s and the syncRequestReason is %s
10-02 11:10:00.408  8978  9371 I cmyp    : (REDACTED) The syncToken for corpus %s is %s and the syncRequestReason is %s
10-02 11:10:00.425  8978  9005 W fbsp    : Failed to create JWT helper. This is unexpected
10-02 11:10:00.425  8978  9005 W fbsp    : java.lang.NoSuchMethodException: getScopes []
10-02 11:10:00.425  8978  9005 W fbsp    : 	at java.lang.Class.getMethod(Class.java:2068)
10-02 11:10:00.425  8978  9005 W fbsp    : 	at java.lang.Class.getMethod(Class.java:1690)
10-02 11:10:00.425  8978  9005 W fbsp    : 	at fbsn.<init>(PG:15)
10-02 11:10:00.425  8978  9005 W fbsp    : 	at fbsp.<clinit>(PG:27)
10-02 11:10:00.425  8978  9005 W fbsp    : 	at cmxw.a(PG:54)
10-02 11:10:00.425  8978  9005 W fbsp    : 	at cmyp.e(PG:50)
10-02 11:10:00.425  8978  9005 W fbsp    : 	at cmyc.a(PG:32)
10-02 11:10:00.425  8978  9005 W fbsp    : 	at eezd.a(PG:18)
10-02 11:10:00.425  8978  9005 W fbsp    : 	at enmz.c(PG:8)
10-02 11:10:00.425  8978  9005 W fbsp    : 	at enmv.apply(PG:22)
10-02 11:10:00.425  8978  9005 W fbsp    : 	at enmc.d(PG:3)
10-02 11:10:00.425  8978  9005 W fbsp    : 	at enme.run(PG:38)
10-02 11:10:00.425  8978  9005 W fbsp    : 	at ckod.run(PG:5)
10-02 11:10:00.425  8978  9005 W fbsp    : 	at emkw.run(PG:44)
10-02 11:10:00.425  8978  9005 W fbsp    : 	at cknp.run(PG:83)
10-02 11:10:00.425  8978  9005 W fbsp    : 	at java.lang.Thread.run(Thread.java:764)
10-02 11:10:00.425  8978  9005 W fbsp    : 	at ckph.run(PG:62)
10-02 11:10:00.434  8978  9018 I AudioManager: In isBluetoothScoOn(), calling application: com.google.android.googlequicksearchbox
10-02 11:10:00.434  8978  9008 I AudioManager: In isBluetoothScoOn(), calling application: com.google.android.googlequicksearchbox
10-02 11:10:00.435  2065  3271 I AudioService: In isBluetoothScoOn(), mForcedUseForCommExt: 0
10-02 11:10:00.435  2065  3949 I AudioService: In isBluetoothScoOn(), mForcedUseForCommExt: 0
10-02 11:10:00.481  8978  9372 I cmyp    : (REDACTED) The syncToken for corpus %s is %s and the syncRequestReason is %s
10-02 11:10:00.482  8978  9372 I cmyp    : (REDACTED) The syncToken for corpus %s is %s and the syncRequestReason is %s
10-02 11:10:00.674  8978  9373 I cmyp    : (REDACTED) The syncToken for corpus %s is %s and the syncRequestReason is %s
10-02 11:10:00.706  8978  9373 I chatty  : uid=10033 com.google.android.googlequicksearchbox:search identical 4 lines
10-02 11:10:00.710  8978  9373 I cmyp    : (REDACTED) The syncToken for corpus %s is %s and the syncRequestReason is %s
10-02 11:10:00.716  8978  9373 I cmyp    : (REDACTED) No previous syncToken for corpus %s found.
10-02 11:10:00.723  8978  9373 I cmyp    : (REDACTED) The syncToken for corpus %s is %s and the syncRequestReason is %s
10-02 11:10:00.797  8978  9371 I cmyp    : (REDACTED) The syncToken for corpus %s is %s and the syncRequestReason is %s
10-02 11:10:00.803  8978  9371 I chatty  : uid=10033 com.google.android.googlequicksearchbox:search identical 4 lines
10-02 11:10:00.805  8978  9371 I cmyp    : (REDACTED) The syncToken for corpus %s is %s and the syncRequestReason is %s
10-02 11:10:00.807  8978  9371 I cmyp    : (REDACTED) No previous syncToken for corpus %s found.
10-02 11:10:00.810  8978  9371 I cmyp    : (REDACTED) The syncToken for corpus %s is %s and the syncRequestReason is %s
10-02 11:10:00.815  2710  3943 E PhoneInterfaceManager: [PhoneIntfMgr] checkCarrierPrivilegesForPackage: No UICC
10-02 11:10:00.820  2710  3943 E PhoneInterfaceManager: [PhoneIntfMgr] checkCarrierPrivilegesForPackage: No UICC
10-02 11:10:01.086  8978  9369 I cnbu    : (REDACTED) Writing data for these Geller corpora: %s
10-02 11:10:01.088  8978  9369 I cnbu    : (REDACTED) Writing metadata key: %s, corpus: %s
10-02 11:10:01.089  8978  9369 I cnbu    : (REDACTED) Writing metadata key: %s, corpus: %s
10-02 11:10:01.121  8978  9369 I cnbu    : (REDACTED) Writing data for these Geller corpora: %s
10-02 11:10:01.144  8978  9369 I cnbu    : (REDACTED) Wrote %d elements for corpus %s
10-02 11:10:01.146  8978  9369 I cnbu    : (REDACTED) Writing metadata key: %s, corpus: %s
10-02 11:10:00.082  2065  3949 I chatty  : uid=1000(system) Binder:2065_13 identical 3 lines
10-02 11:10:00.306  2065  3949 D ActivityManager: Raise procstate to external provider: ProcessRecord{b28dd03 31429:com.google.android.gms/u999a21}
10-02 11:10:01.164  3216  4436 W MiuiPerfServiceClient: PSI: Memory Some|43|30595833371340
10-02 11:10:01.148  8978  9369 I chatty  : uid=10033 com.google.android.googlequicksearchbox:search identical 1 line
10-02 11:10:01.149  8978  9369 I cnbu    : (REDACTED) Writing metadata key: %s, corpus: %s
10-02 11:10:01.178  8978  9369 I cnbu    : (REDACTED) Writing data for these Geller corpora: %s
10-02 11:10:01.179  8978  9369 I cnbu    : (REDACTED) Writing metadata key: %s, corpus: %s
10-02 11:10:01.180  8978  9369 I chatty  : uid=10033 com.google.android.googlequicksearchbox:search identical 1 line
10-02 11:10:01.181  8978  9369 I cnbu    : (REDACTED) Writing metadata key: %s, corpus: %s
10-02 11:10:01.201  8978  9369 I cnbu    : (REDACTED) Writing data for these Geller corpora: %s
10-02 11:10:01.204  8978  9369 I cnbu    : (REDACTED) Wrote %d elements for corpus %s
10-02 11:10:01.206  8978  9369 I cnbu    : (REDACTED) Writing metadata key: %s, corpus: %s
10-02 11:10:01.207  8978  9369 I chatty  : uid=10033 com.google.android.googlequicksearchbox:search identical 1 line
10-02 11:10:01.208  8978  9369 I cnbu    : (REDACTED) Writing metadata key: %s, corpus: %s
10-02 11:10:01.231  8978  9369 I cnbu    : (REDACTED) Writing data for these Geller corpora: %s
10-02 11:10:01.235  8978  9369 I cnbu    : (REDACTED) Writing metadata key: %s, corpus: %s
10-02 11:10:01.236  8978  9369 I cnbu    : (REDACTED) Writing metadata key: %s, corpus: %s
10-02 11:10:01.329  8978  9369 I cnbu    : (REDACTED) Writing data for these Geller corpora: %s
10-02 11:10:01.330  8978  9369 I cnbu    : (REDACTED) Writing metadata key: %s, corpus: %s
10-02 11:10:01.407  8978  9369 I cnbu    : (REDACTED) Writing data for these Geller corpora: %s
10-02 11:10:01.458  8978  9369 I cnbu    : (REDACTED) Wrote %d elements for corpus %s
10-02 11:10:01.461  8978  9369 I cnbu    : (REDACTED) Writing metadata key: %s, corpus: %s
10-02 11:10:01.463  8978  9369 I chatty  : uid=10033 com.google.android.googlequicksearchbox:search identical 1 line
10-02 11:10:01.464  8978  9369 I cnbu    : (REDACTED) Writing metadata key: %s, corpus: %s
10-02 11:10:01.490  8978  9369 I cnbu    : (REDACTED) Writing data for these Geller corpora: %s
10-02 11:10:01.491  8978  9369 I cnbu    : (REDACTED) Writing metadata key: %s, corpus: %s
10-02 11:10:01.492  8978  9369 I chatty  : uid=10033 com.google.android.googlequicksearchbox:search identical 1 line
10-02 11:10:01.493  8978  9369 I cnbu    : (REDACTED) Writing metadata key: %s, corpus: %s
10-02 11:10:01.515  8978  9369 I cnbu    : (REDACTED) Writing data for these Geller corpora: %s
10-02 11:10:01.516  8978  9369 I cnbu    : (REDACTED) Writing metadata key: %s, corpus: %s
10-02 11:10:01.517  8978  9369 I cnbu    : (REDACTED) Writing metadata key: %s, corpus: %s
10-02 11:10:01.529  8978  9369 I cnbu    : (REDACTED) Writing data for these Geller corpora: %s
10-02 11:10:01.566  8978  9369 I cnbu    : (REDACTED) Wrote %d elements for corpus %s
10-02 11:10:01.567  8978  9369 I cnbu    : (REDACTED) Writing metadata key: %s, corpus: %s
10-02 11:10:01.568  8978  9369 I cnbu    : (REDACTED) Writing metadata key: %s, corpus: %s
10-02 11:10:01.593  8978  9369 I cnbu    : (REDACTED) Writing data for these Geller corpora: %s
10-02 11:10:01.595  8978  9369 I cnbu    : (REDACTED) Writing metadata key: %s, corpus: %s
10-02 11:10:01.596  8978  9369 I chatty  : uid=10033 com.google.android.googlequicksearchbox:search identical 1 line
10-02 11:10:01.597  8978  9369 I cnbu    : (REDACTED) Writing metadata key: %s, corpus: %s
10-02 11:10:01.614  8978  9369 I cnbu    : (REDACTED) Writing data for these Geller corpora: %s
10-02 11:10:01.652  8978  9369 I cnbu    : (REDACTED) Wrote %d elements for corpus %s
10-02 11:10:01.654  8978  9369 I cnbu    : (REDACTED) Writing metadata key: %s, corpus: %s
10-02 11:10:01.656  8978  9369 I cnbu    : (REDACTED) Writing metadata key: %s, corpus: %s
10-02 11:10:01.667  8978  9369 I cnbu    : (REDACTED) Writing data for these Geller corpora: %s
10-02 11:10:01.668  8978  9369 I cnbu    : (REDACTED) Writing metadata key: %s, corpus: %s
10-02 11:10:01.676  8978  9369 I cnbu    : (REDACTED) Writing data for these Geller corpora: %s
10-02 11:10:01.679  8978  9369 I cnbu    : (REDACTED) Wrote %d elements for corpus %s
10-02 11:10:01.680  8978  9369 I cnbu    : (REDACTED) Writing metadata key: %s, corpus: %s
10-02 11:10:01.681  8978  9369 I cnbu    : (REDACTED) Writing metadata key: %s, corpus: %s
10-02 11:10:01.689  8978  9369 I cnbu    : (REDACTED) Writing data for these Geller corpora: %s
10-02 11:10:01.690  8978  9369 I cnbu    : (REDACTED) Writing metadata key: %s, corpus: %s
10-02 11:10:01.701  8978  9369 I cnbu    : (REDACTED) Writing metadata key: %s, corpus: %s
10-02 11:10:01.712  8978  9369 I cnbu    : (REDACTED) Writing data for these Geller corpora: %s
10-02 11:10:01.713  8978  9369 I cnbu    : (REDACTED) Writing metadata key: %s, corpus: %s
10-02 11:10:01.715  8978  9369 I cnbu    : (REDACTED) Writing metadata key: %s, corpus: %s
10-02 11:10:01.729  8978  9369 I cnbu    : (REDACTED) Writing data for these Geller corpora: %s
10-02 11:10:01.741  8978  9369 I cnbu    : (REDACTED) Wrote %d elements for corpus %s
10-02 11:10:01.742  8978  9369 I cnbu    : (REDACTED) Writing metadata key: %s, corpus: %s
10-02 11:10:01.743  8978  9369 I cnbu    : (REDACTED) Writing metadata key: %s, corpus: %s
10-02 11:10:01.754  8978  9369 I cnbu    : (REDACTED) Writing data for these Geller corpora: %s
10-02 11:10:01.755  8978  9369 I cnbu    : (REDACTED) Writing metadata key: %s, corpus: %s
10-02 11:10:01.755  8978  9369 I cnbu    : (REDACTED) Writing metadata key: %s, corpus: %s
10-02 11:10:01.765  8978  9369 I cnbu    : (REDACTED) Writing data for these Geller corpora: %s
10-02 11:10:01.766  8978  9369 I cnbu    : (REDACTED) Writing metadata key: %s, corpus: %s
10-02 11:10:01.767  8978  9369 I cnbu    : (REDACTED) Writing metadata key: %s, corpus: %s
10-02 11:10:01.775  8978  9369 I cnbu    : (REDACTED) Writing data for these Geller corpora: %s
10-02 11:10:01.777  8978  9369 I cnbu    : (REDACTED) Wrote %d elements for corpus %s
10-02 11:10:01.778  8978  9369 I cnbu    : (REDACTED) Writing metadata key: %s, corpus: %s
10-02 11:10:01.844  2065  3949 D ActivityManager: Raise procstate to external provider: ProcessRecord{b28dd03 31429:com.google.android.gms/u999a21}
10-02 11:10:01.779  8978  9369 I cnbu    : (REDACTED) Writing metadata key: %s, corpus: %s
10-02 11:10:01.847  2065  3949 D CompatibilityInfo: mCompatibilityFlags - 0
10-02 11:10:01.847  2065  3949 D CompatibilityInfo: applicationDensity - 421
10-02 11:10:01.847  2065  3949 D CompatibilityInfo: applicationScale - 1.0
10-02 11:10:01.850  3165  3165 I epax    : (REDACTED) Created gRPC endpoint for service %s
10-02 11:10:01.925  8978  9027 I uin     : Geller-AiAi egress is not enabled
10-02 11:10:01.926  8978  9012 I xnp     : PR status onSyncCompleted called in TNG
10-02 11:10:01.928  8978  9010 I xnp     : PR status onSyncCompleted called in TNG
10-02 11:10:01.944  8978  9027 E edhp    : (REDACTED) Failed to share %s data to AiAi.
10-02 11:10:01.944  8978  9027 E edhp    : cmvx: Geller AiAi data share is not enabled
10-02 11:10:01.944  8978  9027 E edhp    : 	at uin.c(PG:28)
10-02 11:10:01.944  8978  9027 E edhp    : 	at uin.b(PG:1)
10-02 11:10:01.944  8978  9027 E edhp    : 	at uis.a(PG:29)
10-02 11:10:01.944  8978  9027 E edhp    : 	at eezj.a(PG:13)
10-02 11:10:01.944  8978  9027 E edhp    : 	at ennn.a(PG:3)
10-02 11:10:01.944  8978  9027 E edhp    : 	at enpd.run(PG:19)
10-02 11:10:01.944  8978  9027 E edhp    : 	at ckod.run(PG:5)
10-02 11:10:01.944  8978  9027 E edhp    : 	at emkw.run(PG:44)
10-02 11:10:01.944  8978  9027 E edhp    : 	at cknp.run(PG:83)
10-02 11:10:01.944  8978  9027 E edhp    : 	at java.lang.Thread.run(Thread.java:764)
10-02 11:10:01.944  8978  9027 E edhp    : 	at ckph.run(PG:62)
10-02 11:10:01.960  2065  3271 D ActivityManager: Raise procstate to external provider: ProcessRecord{b28dd03 31429:com.google.android.gms/u999a21}
10-02 11:10:01.970  3165  4122 I xgv     : (REDACTED) OnChange called on field %s
10-02 11:10:01.972  3165  4118 I xgv     : (REDACTED) OnChange called on field %s
10-02 11:10:02.047   702   777 E ANDR-PERF-MPCTL: Invalid profile no. 0, total profiles 0 only
10-02 11:10:02.065  9152  9152 E JS_CONSOLE: Uncaught TypeError: top.save_scroll_p is not a function -- From line 10 of http://neverlands.ru/ch.php?lo=1
10-02 11:10:02.074  2065  2532 D ActivityManager: Raise procstate to external provider: ProcessRecord{b28dd03 31429:com.google.android.gms/u999a21}
10-02 11:10:02.105  2065  3271 D ActivityManager: Raise procstate to external provider: ProcessRecord{b28dd03 31429:com.google.android.gms/u999a21}
10-02 11:10:02.122  8978  9010 I xnp     : (REDACTED) PR status onSyncCompleted updated in TNG to %s
10-02 11:10:02.124  8978  9014 I xnp     : (REDACTED) PR status onSyncCompleted updated in TNG to %s
10-02 11:10:02.184  8978  9012 I eerr    : Scheduling next wakeup
10-02 11:10:02.185  8978  9012 I eesr    : Scheduling next periodic WorkManager workers
10-02 11:10:02.257   702  3048 E ANDR-PERF-MPCTL: poll() has timed out for /sys/module/msm_performance/events/cpu_hotplug
10-02 11:10:02.257   702  3048 E ANDR-PERF-MPCTL: Block on poll()
10-02 11:10:02.312  8978  9005 D WM-GreedyScheduler: Cancelling work ID c724acda-44b5-44e3-81b0-a304bc751076
10-02 11:10:02.386  8978  9005 D WM-SystemJobScheduler: Scheduling work ID c724acda-44b5-44e3-81b0-a304bc751076Job ID 67373
10-02 11:10:02.391  8978  9005 D WM-GreedyScheduler: Ignoring {WorkSpec: f29bdefd-04b9-41f5-9379-a646b9c6c72c}. Requires device idle.
10-02 11:10:02.406  8978  9018 D WM-GreedyScheduler: Cancelling work ID c724acda-44b5-44e3-81b0-a304bc751076
10-02 11:10:02.429  8978  9018 D WM-SystemJobScheduler: Scheduling work ID c724acda-44b5-44e3-81b0-a304bc751076Job ID 67374
10-02 11:10:02.433  8978  9018 D WM-GreedyScheduler: Ignoring {WorkSpec: f29bdefd-04b9-41f5-9379-a646b9c6c72c}. Requires device idle.
10-02 11:10:02.451  8978  9018 D WM-GreedyScheduler: Cancelling work ID 72003085-c4c5-4bb1-a081-a345fe29176f
10-02 11:10:02.479  8978  9018 D WM-SystemJobScheduler: Scheduling work ID 72003085-c4c5-4bb1-a081-a345fe29176fJob ID 67375
10-02 11:10:02.486  8978  9018 D WM-GreedyScheduler: Ignoring {WorkSpec: f29bdefd-04b9-41f5-9379-a646b9c6c72c}. Requires device idle.
10-02 11:10:02.505  8978  9018 D WM-GreedyScheduler: Cancelling work ID 74e10837-7081-43a6-998d-8a5e0997f67a
10-02 11:10:02.525  8978  9018 D WM-SystemJobScheduler: Scheduling work ID 74e10837-7081-43a6-998d-8a5e0997f67aJob ID 67376
10-02 11:10:02.528  8978  9018 D WM-GreedyScheduler: Ignoring {WorkSpec: f29bdefd-04b9-41f5-9379-a646b9c6c72c}. Requires device idle.
10-02 11:10:02.536  8978  9012 I eesr    : Successfully scheduled next periodic workers
10-02 11:10:02.543  8978  9005 I eerr    : #sync() complete
10-02 11:10:02.556  8978  9005 D RemoteListenableDelegatingWorker: Cleaning up
10-02 11:10:02.589  8978  9005 I WM-WorkerWrapper: Worker result SUCCESS for Work [ id=19b782d6-2076-46a3-93fb-661ce2d66726, tags={ com.google.apps.tiktok.contrib.work.TikTokListenableWorker,com.google.apps.tiktok.sync.impl.workmanager.SyncPeriodicWorker_proc<search>,TikTokWorker#com.google.apps.tiktok.sync.impl.workmanager.SyncPeriodicWorker } ]
10-02 11:10:02.604  8978  8978 D WM-Processor: mkm 19b782d6-2076-46a3-93fb-661ce2d66726 executed; reschedule = false
10-02 11:10:02.605  8978  8978 D WM-SystemJobService: 19b782d6-2076-46a3-93fb-661ce2d66726 executed on JobScheduler
10-02 11:10:02.149  2065  3271 I chatty  : uid=1000(system) Binder:2065_F identical 1 line
10-02 11:10:02.568  2065  3271 D ActivityManager: Raise procstate to external provider: ProcessRecord{b28dd03 31429:com.google.android.gms/u999a21}
10-02 11:10:02.611  2065  2532 D ActivityManager: Raise procstate to external provider: ProcessRecord{b28dd03 31429:com.google.android.gms/u999a21}
10-02 11:10:02.616  2065  3271 D ActivityManager: Raise procstate to external provider: ProcessRecord{b28dd03 31429:com.google.android.gms/u999a21}
10-02 11:10:02.621  8978  9018 D WM-GreedyScheduler: Cancelling work ID 19b782d6-2076-46a3-93fb-661ce2d66726
10-02 11:10:02.639  8978  9018 D WM-SystemJobScheduler: Scheduling work ID 19b782d6-2076-46a3-93fb-661ce2d66726Job ID 67377
10-02 11:10:02.647  8978  9018 D WM-GreedyScheduler: Ignoring {WorkSpec: f29bdefd-04b9-41f5-9379-a646b9c6c72c}. Requires device idle.
10-02 11:10:03.110  9152  9152 W Choreographer: OPTS_INPUT: First frame was drawed before optimized, so skip!
10-02 11:10:03.147   702   777 E ANDR-PERF-MPCTL: Invalid profile no. 0, total profiles 0 only
10-02 11:10:03.228  9152  9152 E JS_CONSOLE: Uncaught TypeError: top.save_scroll_p is not a function -- From line 10 of http://neverlands.ru/ch.php?lo=1
10-02 11:10:03.469  3132  3132 D BoundBrokerSvc: onUnbind: Intent { act=com.google.firebase.dynamiclinks.service.START pkg=com.google.android.gms }
10-02 11:10:03.467  2065  3271 I chatty  : uid=1000(system) Binder:2065_F identical 1 line
10-02 11:10:03.503  2065  3271 D ActivityManager: Raise procstate to external provider: ProcessRecord{b28dd03 31429:com.google.android.gms/u999a21}
10-02 11:10:03.509  2065  2532 D ActivityManager: Raise procstate to external provider: ProcessRecord{b28dd03 31429:com.google.android.gms/u999a21}
10-02 11:10:03.515  2894  2894 D BoundBrokerSvc: onUnbind: Intent { act=com.google.android.gms.auth.aang.events.services.START dat=chimera-action: cmp=com.google.android.gms/.chimera.PersistentApiService }
10-02 11:10:03.522  3132  3132 D BoundBrokerSvc: onUnbind: Intent { act=com.google.android.gms.wallet.service.BIND pkg=com.google.android.gms }
10-02 11:10:03.521  2065  2532 D ActivityManager: Raise procstate to external provider: ProcessRecord{b28dd03 31429:com.google.android.gms/u999a21}
10-02 11:10:03.525  2065  2088 D ActivityManager: Raise procstate to external provider: ProcessRecord{b28dd03 31429:com.google.android.gms/u999a21}
10-02 11:10:03.530  3132  3132 D BoundBrokerSvc: onUnbind: Intent { act=com.google.android.gms.auth.api.phone.service.SmsRetrieverApiService.START dat=chimera-action: cmp=com.google.android.gms/.chimera.GmsApiService }
10-02 11:10:03.529  2065  2088 D ActivityManager: Raise procstate to external provider: ProcessRecord{b28dd03 31429:com.google.android.gms/u999a21}
10-02 11:10:03.656  2065  3271 D ActivityManager: Raise procstate to external provider: ProcessRecord{b28dd03 31429:com.google.android.gms/u999a21}
10-02 11:10:03.749  3132  3132 D BoundBrokerSvc: onUnbind: Intent { act=com.google.android.mdd.service.START dat=chimera-action: cmp=com.google.android.gms/.chimera.GmsBoundBrokerService }
10-02 11:10:03.751  2065  3271 D ActivityManager: Raise procstate to external provider: ProcessRecord{b28dd03 31429:com.google.android.gms/u999a21}
10-02 11:10:03.757  2065  2088 D ActivityManager: Raise procstate to external provider: ProcessRecord{b28dd03 31429:com.google.android.gms/u999a21}
10-02 11:10:03.898  3118  3845 D SecurityCenter: memDiff : 214, timeDiff : 9905
10-02 11:10:03.996  9152  9152 W Choreographer: OPTS_INPUT: First frame was drawed before optimized, so skip!
10-02 11:10:04.033   702   777 E ANDR-PERF-MPCTL: Invalid profile no. 0, total profiles 0 only
10-02 11:10:04.234  2326  2326 D StatusBar: updateNotificationRankingDelayed messageReceiveTime=30598930
10-02 11:10:04.446  2894  2894 D BoundBrokerSvc: onUnbind: Intent { act=com.google.android.gms.libs.gmscorelogger.service.START dat=chimera-action: cmp=com.google.android.gms/.chimera.PersistentDirectBootAwareApiService }
10-02 11:10:04.686  3132  3132 D BoundBrokerSvc: onUnbind: Intent { act=com.google.android.gms.chromesync.service.zeroparty.START dat=chimera-action: cmp=com.google.android.gms/.chimera.GmsApiService }
10-02 11:10:04.686  2065  2088 I chatty  : uid=1000(system) Binder:2065_1 identical 4 lines
10-02 11:10:04.906  2065  2088 D ActivityManager: Raise procstate to external provider: ProcessRecord{b28dd03 31429:com.google.android.gms/u999a21}
10-02 11:10:04.909  2065  3271 D ActivityManager: Raise procstate to external provider: ProcessRecord{b28dd03 31429:com.google.android.gms/u999a21}
10-02 11:10:04.969  2065  3271 D ActivityManager: Raise procstate to external provider: ProcessRecord{b28dd03 31429:com.google.android.gms/u999a21}
10-02 11:10:04.974  2065  2088 D ActivityManager: Raise procstate to external provider: ProcessRecord{b28dd03 31429:com.google.android.gms/u999a21}
10-02 11:10:05.260   702  3048 E ANDR-PERF-MPCTL: poll() has timed out for /sys/module/msm_performance/events/cpu_hotplug
10-02 11:10:05.260   702  3048 E ANDR-PERF-MPCTL: Block on poll()
10-02 11:10:05.168  2065  2088 D ActivityManager: Raise procstate to external provider: ProcessRecord{b28dd03 31429:com.google.android.gms/u999a21}
10-02 11:10:05.949  2065  2111 E BatteryExternalStatsWorker: no controller energy info supplied for bluetooth
10-02 11:10:06.002  2065  2111 E KernelWakelockReader: Kernel wake locks exceeded buffer size 32768
10-02 11:10:06.022  2065  2107 W BroadcastQueue: Background execution not allowed: receiving Intent { act=android.intent.action.DROPBOX_ENTRY_ADDED flg=0x10 (has extras) } to com.google.android.gms/.stats.service.DropBoxEntryAddedReceiver
10-02 11:10:06.022  2065  2107 D ActivityManager: Raise procstate to external provider: ProcessRecord{b28dd03 31429:com.google.android.gms/u999a21}
10-02 11:10:07.234  2065  2170 W BaseMiuiPhoneWindowManager: keyCode:4 down:true eventTime:30602120 downTime:30602120 policyFlags:22000002 flags:48 deviceId:8 isScreenOn:true keyguardActive:false repeatCount:0
10-02 11:10:07.738  2512  2533 D LauncherFsGestureCompat: componentName is ru.neverlands.abclient/.MainActivity
10-02 11:10:07.740  2512  2533 D Launcher: get showing item successandroid.graphics.Bitmap@ce3ef7b
10-02 11:10:07.743  2065  2108 D ActivityTrigger: ActivityTrigger activityPauseTrigger 
10-02 11:10:07.750  2065  2862 I OpenGLRenderer: Initialized EGL, version 1.4
10-02 11:10:07.751  2065  2862 D OpenGLRenderer: Swap behavior 2
10-02 11:10:07.753  2065  2108 I ActivityManager: Force stopping ru.neverlands.abclient appid=10590 user=0: key shortcut
10-02 11:10:07.754  2065  2108 I AutoStartManagerService: MIUILOG- Reject RestartService packageName :ru.neverlands.abclient uid : 10590
10-02 11:10:07.764  2065  2108 D AutoStartManagerService: prepare force stop p:9152 s: 19
10-02 11:10:07.764  2065  2108 I Process : Sending signal. PID: 9152 SIG: 19
10-02 11:10:07.765  2065  2108 I ActivityManager: Killing 9152:ru.neverlands.abclient/u0a590 (adj 0): stop ru.neverlands.abclient: key shortcut
10-02 11:10:07.768  2065  2110 W libprocessgroup: kill(-9152, 9) failed: No such process
10-02 11:10:07.773  2065  2110 W libprocessgroup: kill(-9152, 9) failed: No such process
10-02 11:10:07.776  3132  3132 D BoundBrokerSvc: onUnbind: Intent { act=com.google.android.gms.safebrowsing.SafeBrowsingService.START dat=chimera-action: cmp=com.google.android.gms/.chimera.GmsBoundBrokerService }
10-02 11:10:07.777  9277  9277 I cr_ChildProcessService: Destroying ChildProcessService pid=9277
10-02 11:10:07.779  2065  2110 W libprocessgroup: kill(-9152, 9) failed: No such process
10-02 11:10:07.784  2065  2110 W libprocessgroup: kill(-9152, 9) failed: No such process
10-02 11:10:07.787  2326  2326 D EventBus: [2326, u0] send(AppTransitionFinishedEvent)
10-02 11:10:07.787  2326  2326 D EventBus: [2326, u0]  -> ForcedResizableInfoActivityController [0xf4af2fa, P1] onBusEvent(AppTransitionFinishedEvent)
10-02 11:10:07.787  2326  2326 D EventBus: [2326, u0] onBusEvent(AppTransitionFinishedEvent) duration: 36 microseconds, avg: 518
10-02 11:10:07.790  2065  2108 D ActivityTrigger: activityResumeTrigger: The activity in ApplicationInfo{90ad0ee com.miui.home} is now in focus and seems to be in full-screen mode
10-02 11:10:07.790  2065  2108 E ActivityTrigger: activityResumeTrigger: not whiteListedcom.miui.home/com.miui.home.launcher.Launcher/421153260
10-02 11:10:07.790  2065  2110 W libprocessgroup: kill(-9152, 9) failed: No such process
10-02 11:10:07.791   702   777 E ANDR-PERF-MPCTL: Invalid profile no. 0, total profiles 0 only
10-02 11:10:07.792  2065  2108 D ActivityManager: Raise procstate to external provider: ProcessRecord{b28dd03 31429:com.google.android.gms/u999a21}
10-02 11:10:07.795  2065  2110 W libprocessgroup: kill(-9152, 9) failed: No such process
10-02 11:10:07.795  2065  2108 I ActivityManager: Killing 9277:com.android.chrome:sandboxed_process0/u0a590i93 (adj 0): isolated not needed
10-02 11:10:07.798  3118  1012 I ProcessMonitor: onForegroundInfoChanged: ForegroundInfo{mForegroundPackageName='com.miui.home', mForegroundUid=10019, mForegroundPid=2512, mLastForegroundPackageName='ru.neverlands.abclient', mLastForegroundUid=10590, mLastForegroundPid=9152, mMultiWindowForegroundPackageName='null', mMultiWindowForegroundUid=-1, mFlags=0}
10-02 11:10:07.799  3118  1012 I GameBoosterService: onForegroundInfoChanged: Cur=com.miui.home	 last=ru.neverlands.abclient
10-02 11:10:07.800  3118  1012 D GameBoosterService: onGameStatusChange foreground:ForegroundInfo{mForegroundPackageName='com.miui.home', mForegroundUid=10019, mForegroundPid=2512, mLastForegroundPackageName='ru.neverlands.abclient', mLastForegroundUid=10590, mLastForegroundPid=9152, mMultiWindowForegroundPackageName='null', mMultiWindowForegroundUid=-1, mFlags=0}
10-02 11:10:07.800  3118  1012 I VideoBoxUtils: isSupportVideoBox: false
10-02 11:10:07.800  3118  1012 I VideoToolBoxService: vtb is closed!!!
10-02 11:10:07.800  9836  9878 I GST     : forePkg: com.miui.home, preForePkg: ru.neverlands.abclient
10-02 11:10:07.801  2065  2108 I Timeline: Timeline: App_transition_ready time:30602698
10-02 11:10:07.802  2065  2108 D ActivityManager: Raise procstate to external provider: ProcessRecord{b28dd03 31429:com.google.android.gms/u999a21}
10-02 11:10:07.803  2065  2110 W libprocessgroup: kill(-9152, 9) failed: No such process
10-02 11:10:07.804  2065  3949 I Timeline: Timeline: App_transition_ready time:30602701
10-02 11:10:07.807  2065  2149 I Timeline: Timeline: App_transition_ready time:30602703
10-02 11:10:07.807  2065  2107 D ActivityManager: Raise procstate to external provider: ProcessRecord{b28dd03 31429:com.google.android.gms/u999a21}
10-02 11:10:07.808  2065  2110 W libprocessgroup: kill(-9152, 9) failed: No such process
10-02 11:10:07.808  2512  2512 D Launcher.Lifecycle: onStart:UserHandle{0},331a28f,false
10-02 11:10:07.811  3229  3229 D RegisteredServicesCache: Intent action: android.intent.action.PACKAGE_RESTARTED
10-02 11:10:07.812  2326  2326 D StatusBar: recevie broadbcast ACTION_APPLICATION_MESSAGE_QUERY, requestFirstTime=false
10-02 11:10:07.814  2065  2110 W libprocessgroup: kill(-9152, 9) failed: No such process
10-02 11:10:07.815  2710  2710 E PhoneInterfaceManager: [PhoneIntfMgr] getCarrierPackageNamesForIntent: No UICC
10-02 11:10:07.815  2710  2710 D CarrierSvcBindHelper: No carrier app for: 0
10-02 11:10:07.817  3229  3229 D RegisteredServicesCache: Adding service: ComponentInfo{com.google.android.gms/com.google.android.gms.nearby.mediums.nearfieldcommunication.NfcAdvertisingService} AIDs: [F00000FE2C]
10-02 11:10:07.817  3229  3229 D RegisteredServicesCache: Adding service: ComponentInfo{com.google.android.gms/com.google.android.gms.pay.hce.service.PayHceService} AIDs: []
10-02 11:10:07.817  3229  3229 D RegisteredServicesCache: Adding service: ComponentInfo{com.google.android.gms/com.google.android.gms.tapandpay.hce.service.TpHceService} AIDs: [325041592E5359532E4444463031]
10-02 11:10:07.817  3229  3229 D RegisteredServicesCache: Adding service: ComponentInfo{com.tencent.mm/com.tencent.mm.plugin.appbrand.jsapi.nfc.hce.HCEService} AIDs: [F123456789]
10-02 11:10:07.817  3229  3229 D RegisteredServicesCache:  Reading service state data always from file
10-02 11:10:07.818  3229  3229 D RegisteredServicesCache: ServiceStateFileVersion=1.0
10-02 11:10:07.818  3229  3229 E RegisteredServicesCache: Next Tag=services
10-02 11:10:07.818  3229  3229 D RegisteredServicesCache:  curr component com.google.android.gms/com.google.android.gms.nearby.mediums.nearfieldcommunication.NfcAdvertisingService
10-02 11:10:07.818  3229  3229 D RegisteredServicesCache:  curr uid 10021
10-02 11:10:07.818  3229  3229 D RegisteredServicesCache:  curr state 1
10-02 11:10:07.818  3229  3229 E RegisteredServicesCache: installedServices no uidString 
10-02 11:10:07.818  3229  3229 D RegisteredServicesCache:  curr component com.google.android.gms/com.google.android.gms.pay.hce.service.PayHceService
10-02 11:10:07.818  3229  3229 D RegisteredServicesCache:  curr uid 10021
10-02 11:10:07.818  3229  3229 D RegisteredServicesCache:  curr state 1
10-02 11:10:07.818  3229  3229 E RegisteredServicesCache: installedServices contains uidString : 10021
10-02 11:10:07.818  3229  3229 D RegisteredServicesCache:  curr component com.google.android.gms/com.google.android.gms.nearby.mediums.nearfieldcommunication.NfcAdvertisingService
10-02 11:10:07.818  3229  3229 D RegisteredServicesCache:  curr uid 99910021
10-02 11:10:07.818  3229  3229 D RegisteredServicesCache:  curr state 2
10-02 11:10:07.818  3229  3229 E RegisteredServicesCache: installedServices no uidString 
10-02 11:10:07.818 25878 25878 D AggregateListener: notifyAction action:android.intent.action.PACKAGE_RESTARTED
10-02 11:10:07.819 25878 25878 D AggregateListener: onPackageRestarted packageName:ru.neverlands.abclient
10-02 11:10:07.819  3229  3229 E RegisteredServicesCache: 1invalidateCache:WriteServiceStateToFile
10-02 11:10:07.819  3229  3229 E RegisteredServicesCache:  Writing service state Data Always
10-02 11:10:07.819  2065  2110 W libprocessgroup: kill(-9152, 9) failed: No such process
10-02 11:10:07.819  2710  2710 E PhoneInterfaceManager: [PhoneIntfMgr] getCarrierPackageNamesForIntent: No UICC
10-02 11:10:07.819  2710  2710 D CarrierSvcBindHelper: No carrier app for: 1
10-02 11:10:07.824  2065  2110 W libprocessgroup: kill(-9152, 9) failed: No such process
10-02 11:10:07.826  2065  2088 D ActivityManager: Raise procstate to external provider: ProcessRecord{b28dd03 31429:com.google.android.gms/u999a21}
10-02 11:10:07.828  2512  2512 D Launcher.Lifecycle: onResume:UserHandle{0},331a28f,false
10-02 11:10:07.830  2065  2110 W libprocessgroup: kill(-9152, 9) failed: No such process
10-02 11:10:07.837  2065  3949 D ProcessRecordInjector: Begin to report kill process events...
10-02 11:10:07.835  2065  2110 W libprocessgroup: kill(-9152, 9) failed: No such process
10-02 11:10:07.838  2351  2351 I Zygote  : Process 9277 exited due to signal (9)
10-02 11:10:07.840  2065  3949 I Timeline: Timeline: App_transition_ready time:30602736
10-02 11:10:07.840  2065  2111 E KernelWakelockReader: Kernel wake locks exceeded buffer size 32768
10-02 11:10:07.840  2065  2110 W libprocessgroup: kill(-9152, 9) failed: No such process
10-02 11:10:07.841  2065  3949 D ActivityManager: Raise procstate to external provider: ProcessRecord{b28dd03 31429:com.google.android.gms/u999a21}
10-02 11:10:07.843  2065  2104 D ActivityManager: Raise procstate to external provider: ProcessRecord{b28dd03 31429:com.google.android.gms/u999a21}
10-02 11:10:07.844  2065  2169 W InputDispatcher: channel '7f98a41 ru.neverlands.abclient/ru.neverlands.abclient.MainActivity (server)' ~ Consumer closed input channel or an error occurred.  events=0x9
10-02 11:10:07.844  2065  2169 E InputDispatcher: channel '7f98a41 ru.neverlands.abclient/ru.neverlands.abclient.MainActivity (server)' ~ Channel is unrecoverably broken and will be disposed!
10-02 11:10:07.846  2065  2110 W libprocessgroup: kill(-9152, 9) failed: No such process
10-02 11:10:07.860  2065  2325 D ConnectivityService: ConnectivityService NetworkRequestInfo binderDied(NetworkRequest [ TRACK_DEFAULT id=898, [ Capabilities: INTERNET&NOT_RESTRICTED&TRUSTED Unwanted:  Uid: 10590] ], android.os.BinderProxy@a5a4f)
10-02 11:10:07.860  2065  2088 I WindowManager: WIN DEATH: Window{7f98a41 u0 ru.neverlands.abclient/ru.neverlands.abclient.MainActivity}
10-02 11:10:07.851  2065  2110 I chatty  : uid=1000(system) ActivityManager identical 1 line
10-02 11:10:07.857  2065  2110 W libprocessgroup: kill(-9152, 9) failed: No such process
10-02 11:10:07.860  2065  2088 W InputDispatcher: Attempted to unregister already unregistered input channel '7f98a41 ru.neverlands.abclient/ru.neverlands.abclient.MainActivity (server)'
10-02 11:10:07.860  2065  2108 D ActivityManager: Raise procstate to external provider: ProcessRecord{b28dd03 31429:com.google.android.gms/u999a21}
10-02 11:10:07.861  2065  2190 D ConnectivityService: releasing NetworkRequest [ TRACK_DEFAULT id=898, [ Capabilities: INTERNET&NOT_RESTRICTED&TRUSTED Unwanted:  Uid: 10590] ] (release request)
10-02 11:10:07.862  2065  2089 D ConnectivityService: ConnectivityService NetworkRequestInfo binderDied(NetworkRequest [ LISTEN id=899, [ Capabilities: INTERNET&NOT_RESTRICTED&TRUSTED&FOREGROUND Unwanted:  Uid: 10590] ], android.os.BinderProxy@406b5dc)
10-02 11:10:07.862  2065  2110 W libprocessgroup: kill(-9152, 9) failed: No such process
10-02 11:10:07.865  2065  2108 W Looper  : Slow dispatch took 130ms android.ui h=com.android.server.policy.BaseMiuiPhoneWindowManager$H c=null m=1
10-02 11:10:07.866  2065  2108 I ActivityManagerServiceInjector: onUidIdle uid=10590 state=2 item.state=2
10-02 11:10:07.867  2688  2688 D QcrilMsgTunnelIfaceManager: handleMessage what = 1
10-02 11:10:07.867  2065  2088 I Timeline: Timeline: App_transition_ready time:30602764
10-02 11:10:07.868  2065  2110 W libprocessgroup: kill(-9152, 9) failed: No such process
10-02 11:10:07.869  3686  3712 D PMonitor:  onProcessDied:pid = 9152,died-uid=10590
10-02 11:10:07.870  3686  3712 D PMonitor:  onForegroundActivitiesChanged:pid = 2512,activity-uid=10019,foregroundActivities=true
10-02 11:10:07.871  2065  2149 I Timeline: Timeline: App_transition_ready time:30602767
10-02 11:10:07.872  2688  2688 I QcrilOemhookMsgTunnel: [0]invokeOemRilRequestRaw: serial=3390 length=24
10-02 11:10:07.873   931   931 I Zygote  : Process 9152 exited due to signal (9)
10-02 11:10:07.874  2065  2110 W libprocessgroup: kill(-9152, 9) failed: No such process
10-02 11:10:07.874  2065  2110 I libprocessgroup: Successfully killed process cgroup uid 10590 pid 9152 in 106ms
10-02 11:10:07.874  2065  2110 W libprocessgroup: Failed to open process cgroup uid 99093 pid 9277: No such file or directory
10-02 11:10:07.874  2065  2110 E libprocessgroup: Error encountered killing process cgroup uid 99093 pid 9277: No such file or directory
10-02 11:10:07.875  2688  2820 I QcrilOemhookMsgTunnel: [0]processOemHookResponse serial no: 3390 error: 0length=0
10-02 11:10:07.875  2688  2688 D QcrilMsgTunnelIfaceManager: handleMessage what = 2
10-02 11:10:07.876  3686  3712 D PMonitor:  onProcessDied:pid = 9277,died-uid=10590
10-02 11:10:07.877  2688  2688 D QcrilMsgTunnelIfaceManager: handleMessage what = 1
10-02 11:10:07.880  2688  2688 I QcrilOemhookMsgTunnel: [1]invokeOemRilRequestRaw: serial=3391 length=24
10-02 11:10:07.882  2688  2820 I QcrilOemhookMsgTunnel: [0]processOemHookIndication length=28
10-02 11:10:07.882  2688  2688 D QcrilMsgTunnelIfaceManager: handleMessage what = 0
10-02 11:10:07.883  2688  2820 I QcrilOemhookMsgTunnel: [1]processOemHookResponse serial no: 3391 error: 0length=0
10-02 11:10:07.883  2688  2688 D QcrilMsgTunnelIfaceManager: handleMessage what = 2
10-02 11:10:07.883  2065  2108 I Toast   : Show toast from OpPackageName:android, PackageName:android
10-02 11:10:07.885  2688  2820 I QcrilOemhookMsgTunnel: [1]processOemHookIndication length=28
10-02 11:10:07.885  2688  2688 D QcrilMsgTunnelIfaceManager: handleMessage what = 0
10-02 11:10:07.895  2065  2108 I Timeline: Timeline: App_transition_ready time:30602791
10-02 11:10:07.897  2065  2108 I Timeline: Timeline: App_transition_ready time:30602793
10-02 11:10:07.909  3229  3229 E RegisteredServicesCache: component namecom.google.android.gms/com.google.android.gms.nearby.mediums.nearfieldcommunication.NfcAdvertisingService
10-02 11:10:07.910  3229  3229 E RegisteredServicesCache: component namecom.google.android.gms/com.google.android.gms.pay.hce.service.PayHceService
10-02 11:10:07.910  3229  3229 E RegisteredServicesCache: component namecom.google.android.gms/com.google.android.gms.nearby.mediums.nearfieldcommunication.NfcAdvertisingService
10-02 11:10:07.915  2512  2512 D Launcher.RecommendController: folder display but only request when folder open
10-02 11:10:07.915  2512  2512 I chatty  : uid=10019(com.miui.home) identical 8 lines
10-02 11:10:07.915  2512  2512 D Launcher.RecommendController: folder display but only request when folder open
10-02 11:10:07.916  2512  2624 D StatusBarController: handleMessage: flag 800000  disable false
10-02 11:10:07.919  2065  2175 V UiModeManager: switch night mode to 2
10-02 11:10:07.925  2065  2107 W BroadcastQueue: Background execution not allowed: receiving Intent { act=android.intent.action.DROPBOX_ENTRY_ADDED flg=0x10 (has extras) } to com.google.android.gms/.stats.service.DropBoxEntryAddedReceiver
