2025-10-02 10:28:58.961  2065-2121  SELinux                 system_server                        E  SELinux:  setxattr failed: /data/app/ru.neverlands.abclient-Q6avMsBBNf0F73MIhZ7CuA==:  Operation not permitted
2025-10-02 10:28:58.961  2065-2121  SELinux                 system_server                        E  SELinux:  setxattr failed: /data/app/ru.neverlands.abclient-Q6avMsBBNf0F73MIhZ7CuA==/lib:  Operation not permitted
2025-10-02 10:28:59.337  2512-2624  InstallApkReceiver      com.miui.home                        E  install:package:ru.neverlands.abclient
2025-10-02 10:29:02.548  2512-2645  Launcher.AllAppsList    com.miui.home                        E  Can't load postion for packageName: ru.neverlands.abclient activityName: ru.neverlands.abclient.LoginActivity
2025-10-02 10:29:36.565  2065-3966  ActivityTrigger         system_server                        E  activityStartTrigger: not whiteListedru.neverlands.abclient/ru.neverlands.abclient.LoginActivity/3
2025-10-02 10:29:36.566  2065-3966  ActivityTrigger         system_server                        E  activityResumeTrigger: not whiteListedru.neverlands.abclient/ru.neverlands.abclient.LoginActivity/3
2025-10-02 10:29:36.608  2065-2157  ActivityTrigger         system_server                        E  activityResumeTrigger: not whiteListedru.neverlands.abclient/ru.neverlands.abclient.LoginActivity/3
2025-10-02 10:29:36.820 31783-31783 ActivityThread          ru.neverlands.abclient               W  Application ru.neverlands.abclient can be debugged on port 8100...
2025-10-02 10:29:36.822 31783-31783 rlands.abclien          ru.neverlands.abclient               W  miui_dex2oat: oat file of /data/app/ru.neverlands.abclient-Q6avMsBBNf0F73MIhZ7CuA==/base.apk is not exists
2025-10-02 10:29:37.227 31783-31783 Perf                    ru.neverlands.abclient               I  Connecting to perf service.
2025-10-02 10:29:37.253 31783-31783 rlands.abclien          ru.neverlands.abclient               W  Accessing hidden field Landroid/os/Trace;->TRACE_TAG_APP:J (light greylist, reflection)
2025-10-02 10:29:37.254 31783-31783 rlands.abclien          ru.neverlands.abclient               W  Accessing hidden method Landroid/os/Trace;->isTagEnabled(J)Z (light greylist, reflection)
2025-10-02 10:29:37.486 31783-31783 AppCompatDelegate       ru.neverlands.abclient               D  Checking for metadata for AppLocalesMetadataHolderService : Service not found
2025-10-02 10:29:37.506 31783-31783 rlands.abclien          ru.neverlands.abclient               W  Accessing hidden field Landroid/graphics/Insets;->left:I (light greylist, linking)
2025-10-02 10:29:37.506 31783-31783 rlands.abclien          ru.neverlands.abclient               W  Accessing hidden field Landroid/graphics/Insets;->top:I (light greylist, linking)
2025-10-02 10:29:37.506 31783-31783 rlands.abclien          ru.neverlands.abclient               W  Accessing hidden field Landroid/graphics/Insets;->right:I (light greylist, linking)
2025-10-02 10:29:37.506 31783-31783 rlands.abclien          ru.neverlands.abclient               W  Accessing hidden field Landroid/graphics/Insets;->bottom:I (light greylist, linking)
2025-10-02 10:29:37.528 31783-31863 ThingsRepository        ru.neverlands.abclient               D  Things database is empty. Populating from XML...
2025-10-02 10:29:37.608 31783-31783 rlands.abclien          ru.neverlands.abclient               W  Accessing hidden method Landroid/graphics/FontFamily;-><init>()V (light greylist, reflection)
2025-10-02 10:29:37.608 31783-31783 rlands.abclien          ru.neverlands.abclient               W  Accessing hidden method Landroid/graphics/FontFamily;->addFontFromAssetManager(Landroid/content/res/AssetManager;Ljava/lang/String;IZIII[Landroid/graphics/fonts/FontVariationAxis;)Z (light greylist, reflection)
2025-10-02 10:29:37.608 31783-31783 rlands.abclien          ru.neverlands.abclient               W  Accessing hidden method Landroid/graphics/FontFamily;->addFontFromBuffer(Ljava/nio/ByteBuffer;I[Landroid/graphics/fonts/FontVariationAxis;II)Z (light greylist, reflection)
2025-10-02 10:29:37.608 31783-31783 rlands.abclien          ru.neverlands.abclient               W  Accessing hidden method Landroid/graphics/FontFamily;->freeze()Z (light greylist, reflection)
2025-10-02 10:29:37.608 31783-31783 rlands.abclien          ru.neverlands.abclient               W  Accessing hidden method Landroid/graphics/FontFamily;->abortCreation()V (light greylist, reflection)
2025-10-02 10:29:37.608 31783-31783 rlands.abclien          ru.neverlands.abclient               W  Accessing hidden method Landroid/graphics/Typeface;->createFromFamiliesWithDefault([Landroid/graphics/FontFamily;Ljava/lang/String;II)Landroid/graphics/Typeface; (light greylist, reflection)
2025-10-02 10:29:37.619 31783-31783 rlands.abclien          ru.neverlands.abclient               W  Accessing hidden method Landroid/view/View;->computeFitSystemWindows(Landroid/graphics/Rect;Landroid/graphics/Rect;)Z (light greylist, reflection)
2025-10-02 10:29:37.764 31783-31783 rlands.abclien          ru.neverlands.abclient               W  Accessing hidden method Landroid/widget/PopupWindow;->setClipToScreenEnabled(Z)V (light greylist, reflection)
2025-10-02 10:29:37.764 31783-31783 rlands.abclien          ru.neverlands.abclient               W  Accessing hidden method Landroid/widget/PopupWindow;->setEpicenterBounds(Landroid/graphics/Rect;)V (light greylist, reflection)
2025-10-02 10:29:37.993 31783-31783 rlands.abclien          ru.neverlands.abclient               W  Accessing hidden method Landroid/view/ViewGroup;->makeOptionalFitsSystemWindows()V (light greylist, reflection)
2025-10-02 10:29:38.002 31783-31783 Timeline                ru.neverlands.abclient               I  Timeline: Activity_launch_request time:28175117 intent:Intent { act=android.content.pm.action.REQUEST_PERMISSIONS pkg=com.google.android.packageinstaller (has extras) }
2025-10-02 10:29:38.046 31783-31783 Activity                ru.neverlands.abclient               W  Slow Operation: Activity ru.neverlands.abclient/.LoginActivity onCreate took 549ms
2025-10-02 10:29:38.100 31783-31783 Looper                  ru.neverlands.abclient               W  Slow Looper main: Activity ru.neverlands.abclient/.LoginActivity is 583ms late (wall=700ms running=0ms ClientTransaction{ callbacks=[android.app.servertransaction.LaunchActivityItem] lifecycleRequest=android.app.servertransaction.ResumeActivityItem }) because of 1 msg, msg 1 took 616ms (h=android.app.ActivityThread$H w=110)
2025-10-02 10:29:38.100 31783-31783 Choreographer           ru.neverlands.abclient               I  Skipped 49 frames!  The application may be doing too much work on its main thread.
2025-10-02 10:29:38.203 31783-31890 Adreno                  ru.neverlands.abclient               I  QUALCOMM build                   : ce8a911, I385ac5a262
                                                                                                    Build Date                       : 03/28/19
                                                                                                    OpenGL ES Shader Compiler Version: EV031.25.03.01
                                                                                                    Local Branch                     : 
                                                                                                    Remote Branch                    : refs/tags/AU_LINUX_ANDROID_LA.UM.7.2.R1.09.00.00.442.052
                                                                                                    Remote Branch                    : NONE
                                                                                                    Reconstruct Branch               : NOTHING
2025-10-02 10:29:38.203 31783-31890 Adreno                  ru.neverlands.abclient               I  Build Config                     : S L 6.0.7 AArch64
2025-10-02 10:29:38.203 31783-31890 vndksupport             ru.neverlands.abclient               D  Loading /vendor/lib64/hw/gralloc.sdm660.so from current namespace instead of sphal namespace.
2025-10-02 10:29:38.209 31783-31890 Adreno                  ru.neverlands.abclient               I  PFP: 0x005ff112, ME: 0x005ff066
2025-10-02 10:29:38.217 31783-31890 ConfigStore             ru.neverlands.abclient               I  android::hardware::configstore::V1_0::ISurfaceFlingerConfigs::hasWideColorDisplay retrieved: 0
2025-10-02 10:29:38.218 31783-31890 ConfigStore             ru.neverlands.abclient               I  android::hardware::configstore::V1_0::ISurfaceFlingerConfigs::hasHDRDisplay retrieved: 0
2025-10-02 10:29:38.220 31783-31890 OpenGLRenderer          ru.neverlands.abclient               I  Initialized EGL, version 1.4
2025-10-02 10:29:38.220 31783-31890 OpenGLRenderer          ru.neverlands.abclient               D  Swap behavior 2
2025-10-02 10:29:38.254 31783-31783 Looper                  ru.neverlands.abclient               W  Slow Looper main: doFrame is 819ms late because of 3 msg, msg 1 took 616ms (h=android.app.ActivityThread$H w=110), msg 2 took 700ms (late=583ms h=android.app.ActivityThread$H w=159)
2025-10-02 10:29:38.341 31783-31890 vndksupport             ru.neverlands.abclient               D  Loading /vendor/lib64/hw/android.hardware.graphics.mapper@2.0-impl.so from current namespace instead of sphal namespace.
2025-10-02 10:29:38.348 31783-31890 vndksupport             ru.neverlands.abclient               D  Loading /vendor/lib64/hw/gralloc.sdm660.so from current namespace instead of sphal namespace.
2025-10-02 10:29:38.621 31783-31783 Looper                  ru.neverlands.abclient               W  Slow Looper main: doFrame is 363ms late because of 2 msg, msg 1 took 154ms (late=819ms h=android.view.Choreographer$FrameHandler c=android.view.Choreographer$FrameDisplayEventReceiver), msg 2 took 360ms (late=122ms h=android.view.Choreographer$FrameHandler w=0)
2025-10-02 10:29:38.636 31783-31783 Looper                  ru.neverlands.abclient               W  Slow Looper main: Activity ru.neverlands.abclient/.LoginActivity is 579ms late (wall=14ms running=0ms ClientTransaction{ lifecycleRequest=android.app.servertransaction.PauseActivityItem }) because of 14 msg, msg 1 took 700ms (late=583ms h=android.app.ActivityThread$H w=159), msg 3 took 154ms (late=819ms h=android.view.Choreographer$FrameHandler c=android.view.Choreographer$FrameDisplayEventReceiver), msg 4 took 360ms (late=122ms h=android.view.Choreographer$FrameHandler w=0)
2025-10-02 10:29:38.682 31783-31783 rlands.abclien          ru.neverlands.abclient               W  Accessing hidden method Landroid/os/Trace;->asyncTraceBegin(JLjava/lang/String;I)V (light greylist, reflection)
2025-10-02 10:29:38.682 31783-31783 rlands.abclien          ru.neverlands.abclient               W  Accessing hidden method Landroid/os/Trace;->asyncTraceEnd(JLjava/lang/String;I)V (light greylist, reflection)
2025-10-02 10:29:38.682 31783-31783 rlands.abclien          ru.neverlands.abclient               W  Accessing hidden method Landroid/os/Trace;->traceCounter(JLjava/lang/String;I)V (light greylist, reflection)
2025-10-02 10:29:38.825 31783-31863 ThingsRepository        ru.neverlands.abclient               D  Successfully populated 1190 items into the database.
2025-10-02 10:29:39.974  2065-3966  ActivityTrigger         system_server                        E  activityResumeTrigger: not whiteListedru.neverlands.abclient/ru.neverlands.abclient.LoginActivity/3
2025-10-02 10:29:39.975  2065-3966  ActivityTrigger         system_server                        E  activityResumeTrigger: not whiteListedru.neverlands.abclient/ru.neverlands.abclient.LoginActivity/3
2025-10-02 10:29:41.101 31783-31783 Timeline                ru.neverlands.abclient               I  Timeline: Activity_launch_request time:28178215 intent:Intent { cmp=ru.neverlands.abclient/.ProfileActivity }
2025-10-02 10:29:41.113  2065-2304  ActivityTrigger         system_server                        E  activityStartTrigger: not whiteListedru.neverlands.abclient/ru.neverlands.abclient.ProfileActivity/3
2025-10-02 10:29:41.116  2065-2304  ActivityTrigger         system_server                        E  activityResumeTrigger: not whiteListedru.neverlands.abclient/ru.neverlands.abclient.ProfileActivity/3
2025-10-02 10:29:41.131  2065-2304  ActivityTrigger         system_server                        E  activityResumeTrigger: not whiteListedru.neverlands.abclient/ru.neverlands.abclient.ProfileActivity/3
2025-10-02 10:29:41.138 31783-31783 ActivityThread          ru.neverlands.abclient               W  handleWindowVisibility: no activity for token android.os.BinderProxy@31c8d69
2025-10-02 10:29:41.335 31783-31802 rlands.abclien          ru.neverlands.abclient               I  Compiler allocated 4MB to compile void android.widget.TextView.<init>(android.content.Context, android.util.AttributeSet, int, int)
2025-10-02 10:29:41.468 31783-31783 rlands.abclien          ru.neverlands.abclient               W  Accessing hidden field Landroid/view/WindowInsets;->CONSUMED:Landroid/view/WindowInsets; (light greylist, reflection)
2025-10-02 10:29:41.680 31783-31783 Looper                  ru.neverlands.abclient               W  Slow Looper main: doFrame is 371ms late because of 2 msg, msg 2 took 361ms (late=42ms h=android.app.ActivityThread$H w=159)
2025-10-02 10:29:42.628 31783-31783 InputEventReceiver      ru.neverlands.abclient               W  App Input: Dispatching InputEvent took 159ms in main thread! (MotionEvent: event_seq=3, seq=113784, action=ACTION_UP)
2025-10-02 10:29:42.689 31783-31783 AssistStructure         ru.neverlands.abclient               I  Flattened final assist data: 9424 bytes, containing 1 windows, 37 views
2025-10-02 10:29:43.664 31783-31974 ProfileInstaller        ru.neverlands.abclient               D  Installing profile for ru.neverlands.abclient
2025-10-02 10:29:45.240 31783-31841 rlands.abclien          ru.neverlands.abclient               I  ProcessProfilingInfo new_methods=4008 is saved saved_to_disk=1 resolve_classes_delay=8000
2025-10-02 10:29:46.982 31783-31783 AssistStructure         ru.neverlands.abclient               I  Flattened final assist data: 9480 bytes, containing 1 windows, 37 views
2025-10-02 10:29:46.983 31783-31783 IInputConnectionWrapper ru.neverlands.abclient               W  requestCursorAnchorInfo on inactive InputConnection
2025-10-02 10:29:54.283 31783-31783 Choreographer           ru.neverlands.abclient               W  OPTS_INPUT: First frame was drawed before optimized, so skip!
2025-10-02 10:29:56.200 31783-31783 AssistStructure         ru.neverlands.abclient               I  Flattened final assist data: 14808 bytes, containing 2 windows, 61 views
2025-10-02 10:29:57.507 31783-31783 AssistStructure         ru.neverlands.abclient               I  Flattened final assist data: 14808 bytes, containing 2 windows, 61 views
2025-10-02 10:29:57.511 31783-31783 IInputConnectionWrapper ru.neverlands.abclient               W  requestCursorAnchorInfo on inactive InputConnection
2025-10-02 10:29:58.918 31783-31890 OpenGLRenderer          ru.neverlands.abclient               D  endAllActiveAnimators on 0x7b3fe5d600 (RippleDrawable) with handle 0x7b5a1d93c0
2025-10-02 10:29:58.935  2065-2325  ActivityTrigger         system_server                        E  activityResumeTrigger: not whiteListedru.neverlands.abclient/ru.neverlands.abclient.LoginActivity/3
2025-10-02 10:29:59.059 31783-31783 IInputConnectionWrapper ru.neverlands.abclient               W  requestCursorAnchorInfo on inactive InputConnection
2025-10-02 10:30:00.899 31783-31890 OpenGLRenderer          ru.neverlands.abclient               D  endAllActiveAnimators on 0x7b3fece500 (DropDownListView) with handle 0x7b3e4b7ac0
2025-10-02 10:30:00.914 31783-31783 InputEventReceiver      ru.neverlands.abclient               W  Attempted to finish an input event but the input event receiver has already been disposed.
2025-10-02 10:30:01.332 31783-31783 AssistStructure         ru.neverlands.abclient               I  Flattened final assist data: 5008 bytes, containing 1 windows, 19 views
2025-10-02 10:30:04.459 31783-32077 rlands.abclien          ru.neverlands.abclient               W  Accessing hidden method Lcom/android/org/conscrypt/OpenSSLSocketImpl;->setUseSessionTickets(Z)V (light greylist, reflection)
2025-10-02 10:30:04.459 31783-32077 rlands.abclien          ru.neverlands.abclient               W  Accessing hidden method Lcom/android/org/conscrypt/OpenSSLSocketImpl;->setHostname(Ljava/lang/String;)V (light greylist, reflection)
2025-10-02 10:30:04.459 31783-32077 rlands.abclien          ru.neverlands.abclient               W  Accessing hidden method Lcom/android/org/conscrypt/OpenSSLSocketImpl;->getAlpnSelectedProtocol()[B (light greylist, reflection)
2025-10-02 10:30:04.459 31783-32077 rlands.abclien          ru.neverlands.abclient               W  Accessing hidden method Lcom/android/org/conscrypt/OpenSSLSocketImpl;->setAlpnProtocols([B)V (light greylist, reflection)
2025-10-02 10:30:04.463 31783-32077 rlands.abclien          ru.neverlands.abclient               W  Accessing hidden method Ldalvik/system/CloseGuard;->get()Ldalvik/system/CloseGuard; (light greylist, reflection)
2025-10-02 10:30:04.463 31783-32077 rlands.abclien          ru.neverlands.abclient               W  Accessing hidden method Ldalvik/system/CloseGuard;->open(Ljava/lang/String;)V (light greylist, reflection)
2025-10-02 10:30:04.463 31783-32077 rlands.abclien          ru.neverlands.abclient               W  Accessing hidden method Ldalvik/system/CloseGuard;->warnIfOpen()V (light greylist, reflection)
2025-10-02 10:30:04.464 31783-32077 NetworkSecurityConfig   ru.neverlands.abclient               D  No Network Security Config specified, using platform default
2025-10-02 10:30:04.974 31783-31783 Timeline                ru.neverlands.abclient               I  Timeline: Activity_launch_request time:28202089 intent:Intent { cmp=ru.neverlands.abclient/.MainActivity }
2025-10-02 10:30:04.985  2065-2575  ActivityTrigger         system_server                        E  activityStartTrigger: not whiteListedru.neverlands.abclient/ru.neverlands.abclient.MainActivity/3
2025-10-02 10:30:04.989  2065-2575  ActivityTrigger         system_server                        E  activityResumeTrigger: not whiteListedru.neverlands.abclient/ru.neverlands.abclient.MainActivity/3
2025-10-02 10:30:05.004  2065-2575  ActivityTrigger         system_server                        E  activityResumeTrigger: not whiteListedru.neverlands.abclient/ru.neverlands.abclient.MainActivity/3
2025-10-02 10:30:05.019 31783-31783 ActivityThread          ru.neverlands.abclient               W  handleWindowVisibility: no activity for token android.os.BinderProxy@468751f
2025-10-02 10:30:05.141 31783-31783 rlands.abclien          ru.neverlands.abclient               W  Unknown chunk type '200'.
2025-10-02 10:30:05.147 31783-31783 WebViewFactory          ru.neverlands.abclient               I  Loading com.android.chrome version 138.0.7204.179 (code 720417921)
2025-10-02 10:30:05.148 31783-31783 rlands.abclien          ru.neverlands.abclient               W  Unknown chunk type '200'.
2025-10-02 10:30:05.164 31783-31783 linker                  ru.neverlands.abclient               W  Warning: "/data/app/com.android.chrome-PQcqcIJyo8Iii3KwO97nbQ==/base.apk!/lib/arm64-v8a/libmonochrome.so" unused DT entry: unknown processor-specific (type 0x70000001 arg 0x0) (ignoring)
2025-10-02 10:30:05.246 31783-31783 rlands.abclien          ru.neverlands.abclient               I  Rejecting re-init on previously-failed class java.lang.Class<P64>: java.lang.NoClassDefFoundError: Failed resolution of: Landroid/webkit/PacProcessor;
2025-10-02 10:30:05.246 31783-31783 rlands.abclien          ru.neverlands.abclient               I    at java.lang.Class java.lang.Class.classForName(java.lang.String, boolean, java.lang.ClassLoader) (Class.java:-2)
2025-10-02 10:30:05.246 31783-31783 rlands.abclien          ru.neverlands.abclient               I    at java.lang.Class java.lang.Class.forName(java.lang.String, boolean, java.lang.ClassLoader) (Class.java:453)
2025-10-02 10:30:05.246 31783-31783 rlands.abclien          ru.neverlands.abclient               I    at java.lang.Class android.webkit.WebViewFactory.getWebViewProviderClass(java.lang.ClassLoader) (WebViewFactory.java:176)
2025-10-02 10:30:05.246 31783-31783 rlands.abclien          ru.neverlands.abclient               I    at java.lang.Class android.webkit.WebViewFactory.getProviderClass() (WebViewFactory.java:459)
2025-10-02 10:30:05.246 31783-31783 rlands.abclien          ru.neverlands.abclient               I    at android.webkit.WebViewFactoryProvider android.webkit.WebViewFactory.getProvider() (WebViewFactory.java:251)
2025-10-02 10:30:05.246 31783-31783 rlands.abclien          ru.neverlands.abclient               I    at android.webkit.WebViewFactoryProvider android.webkit.WebView.getFactory() (WebView.java:2687)
2025-10-02 10:30:05.246 31783-31783 rlands.abclien          ru.neverlands.abclient               I    at void android.webkit.WebView.ensureProviderCreated() (WebView.java:2682)
2025-10-02 10:30:05.246 31783-31783 rlands.abclien          ru.neverlands.abclient               I    at void android.webkit.WebView.setOverScrollMode(int) (WebView.java:2747)
2025-10-02 10:30:05.246 31783-31783 rlands.abclien          ru.neverlands.abclient               I    at void android.view.View.<init>(android.content.Context) (View.java:4814)
2025-10-02 10:30:05.246 31783-31783 rlands.abclien          ru.neverlands.abclient               I    at void android.view.View.<init>(android.content.Context, android.util.AttributeSet, int, int) (View.java:4957)
2025-10-02 10:30:05.246 31783-31783 rlands.abclien          ru.neverlands.abclient               I    at void android.view.ViewGroup.<init>(android.content.Context, android.util.AttributeSet, int, int) (ViewGroup.java:659)
2025-10-02 10:30:05.246 31783-31783 rlands.abclien          ru.neverlands.abclient               I    at void android.widget.AbsoluteLayout.<init>(android.content.Context, android.util.AttributeSet, int, int) (AbsoluteLayout.java:55)
2025-10-02 10:30:05.246 31783-31783 rlands.abclien          ru.neverlands.abclient               I    at void android.webkit.WebView.<init>(android.content.Context, android.util.AttributeSet, int, int, java.util.Map, boolean) (WebView.java:659)
2025-10-02 10:30:05.246 31783-31783 rlands.abclien          ru.neverlands.abclient               I    at void android.webkit.WebView.<init>(android.content.Context, android.util.AttributeSet, int, int) (WebView.java:604)
2025-10-02 10:30:05.246 31783-31783 rlands.abclien          ru.neverlands.abclient               I    at void android.webkit.WebView.<init>(android.content.Context, android.util.AttributeSet, int) (WebView.java:587)
2025-10-02 10:30:05.246 31783-31783 rlands.abclien          ru.neverlands.abclient               I    at void android.webkit.WebView.<init>(android.content.Context, android.util.AttributeSet) (WebView.java:574)
2025-10-02 10:30:05.246 31783-31783 rlands.abclien          ru.neverlands.abclient               I    at java.lang.Object java.lang.reflect.Constructor.newInstance0(java.lang.Object[]) (Constructor.java:-2)
2025-10-02 10:30:05.246 31783-31783 rlands.abclien          ru.neverlands.abclient               I    at java.lang.Object java.lang.reflect.Constructor.newInstance(java.lang.Object[]) (Constructor.java:343)
2025-10-02 10:30:05.246 31783-31783 rlands.abclien          ru.neverlands.abclient               I    at android.view.View android.view.LayoutInflater.createView(java.lang.String, java.lang.String, android.util.AttributeSet) (LayoutInflater.java:651)
2025-10-02 10:30:05.246 31783-31783 rlands.abclien          ru.neverlands.abclient               I    at android.view.View com.android.internal.policy.PhoneLayoutInflater.onCreateView(java.lang.String, android.util.AttributeSet) (PhoneLayoutInflater.java:58)
2025-10-02 10:30:05.246 31783-31783 rlands.abclien          ru.neverlands.abclient               I    at android.view.View android.view.LayoutInflater.onCreateView(android.view.View, java.lang.String, android.util.AttributeSet) (LayoutInflater.java:724)
2025-10-02 10:30:05.246 31783-31783 rlands.abclien          ru.neverlands.abclient               I    at android.view.View android.view.LayoutInflater.createViewFromTag(android.view.View, java.lang.String, android.content.Context, android.util.AttributeSet, boolean) (LayoutInflater.java:792)
2025-10-02 10:30:05.246 31783-31783 rlands.abclien          ru.neverlands.abclient               I    at android.view.View android.view.LayoutInflater.createViewFromTag(android.view.View, java.lang.String, android.content.Context, android.util.AttributeSet) (LayoutInflater.java:734)
2025-10-02 10:30:05.246 31783-31783 rlands.abclien          ru.neverlands.abclient               I    at void android.view.LayoutInflater.rInflate(org.xmlpull.v1.XmlPullParser, android.view.View, android.content.Context, android.util.AttributeSet, boolean) (LayoutInflater.java:867)
2025-10-02 10:30:05.246 31783-31783 rlands.abclien          ru.neverlands.abclient               I    at void android.view.LayoutInflater.rInflateChildren(org.xmlpull.v1.XmlPullParser, android.view.View, android.util.AttributeSet, boolean) (LayoutInflater.java:828)
2025-10-02 10:30:05.246 31783-31783 rlands.abclien          ru.neverlands.abclient               I    at void android.view.LayoutInflater.parseInclude(org.xmlpull.v1.XmlPullParser, android.content.Context, android.view.View, android.util.AttributeSet) (LayoutInflater.java:999)
2025-10-02 10:30:05.246 31783-31783 rlands.abclien          ru.neverlands.abclient               I    at void android.view.LayoutInflater.rInflate(org.xmlpull.v1.XmlPullParser, android.view.View, android.content.Context, android.util.AttributeSet, boolean) (LayoutInflater.java:863)
2025-10-02 10:30:05.246 31783-31783 rlands.abclien          ru.neverlands.abclient               I    at void android.view.LayoutInflater.rInflateChildren(org.xmlpull.v1.XmlPullParser, android.view.View, android.util.AttributeSet, boolean) (LayoutInflater.java:828)
2025-10-02 10:30:05.246 31783-31783 rlands.abclien          ru.neverlands.abclient               I    at void android.view.LayoutInflater.parseInclude(org.xmlpull.v1.XmlPullParser, android.content.Context, android.view.View, android.util.AttributeSet) (LayoutInflater.java:999)
2025-10-02 10:30:05.246 31783-31783 rlands.abclien          ru.neverlands.abclient               I    at void android.view.LayoutInflater.rInflate(org.xmlpull.v1.XmlPullParser, android.view.View, android.content.Context, android.util.AttributeSet, boolean) (LayoutInflater.java:863)
2025-10-02 10:30:05.246 31783-31783 rlands.abclien          ru.neverlands.abclient               I    at void android.view.LayoutInflater.rInflateChildren(org.xmlpull.v1.XmlPullParser, android.view.View, android.util.AttributeSet, boolean) (LayoutInflater.java:828)
2025-10-02 10:30:05.246 31783-31783 rlands.abclien          ru.neverlands.abclient               I    at android.view.View android.view.LayoutInflater.inflate(org.xmlpull.v1.XmlPullParser, android.view.ViewGroup, boolean) (LayoutInflater.java:519)
2025-10-02 10:30:05.246 31783-31783 rlands.abclien          ru.neverlands.abclient               I    at android.view.View android.view.LayoutInflater.inflate(int, android.view.ViewGroup, boolean) (LayoutInflater.java:427)
2025-10-02 10:30:05.246 31783-31783 rlands.abclien          ru.neverlands.abclient               I    at ru.neverlands.abclient.databinding.ActivityMainBinding ru.neverlands.abclient.databinding.ActivityMainBinding.inflate(android.view.LayoutInflater, android.view.ViewGroup, boolean) (ActivityMainBinding.java:53)
2025-10-02 10:30:05.246 31783-31783 rlands.abclien          ru.neverlands.abclient               I    at ru.neverlands.abclient.databinding.ActivityMainBinding ru.neverlands.abclient.databinding.ActivityMainBinding.inflate(android.view.LayoutInflater) (ActivityMainBinding.java:47)
2025-10-02 10:30:05.246 31783-31783 rlands.abclien          ru.neverlands.abclient               I    at void ru.neverlands.abclient.MainActivity.onCreate(android.os.Bundle) (MainActivity.java:115)
2025-10-02 10:30:05.246 31783-31783 rlands.abclien          ru.neverlands.abclient               I    at void android.app.Activity.performCreate(android.os.Bundle, android.os.PersistableBundle) (Activity.java:7224)
2025-10-02 10:30:05.246 31783-31783 rlands.abclien          ru.neverlands.abclient               I    at void android.app.Activity.performCreate(android.os.Bundle) (Activity.java:7213)
2025-10-02 10:30:05.246 31783-31783 rlands.abclien          ru.neverlands.abclient               I    at void android.app.Instrumentation.callActivityOnCreate(android.app.Activity, android.os.Bundle) (Instrumentation.java:1272)
2025-10-02 10:30:05.246 31783-31783 rlands.abclien          ru.neverlands.abclient               I    at android.app.Activity android.app.ActivityThread.performLaunchActivity(android.app.ActivityThread$ActivityClientRecord, android.content.Intent) (ActivityThread.java:2926)
2025-10-02 10:30:05.246 31783-31783 rlands.abclien          ru.neverlands.abclient               I    at android.app.Activity android.app.ActivityThread.handleLaunchActivity(android.app.ActivityThread$ActivityClientRecord, android.app.servertransaction.PendingTransactionActions, android.content.Intent) (ActivityThread.java:3081)
2025-10-02 10:30:05.246 31783-31783 rlands.abclien          ru.neverlands.abclient               I    at void android.app.servertransaction.LaunchActivityItem.execute(android.app.ClientTransactionHandler, android.os.IBinder, android.app.servertransaction.PendingTransactionActions) (LaunchActivityItem.java:78)
2025-10-02 10:30:05.246 31783-31783 rlands.abclien          ru.neverlands.abclient               I    at void android.app.servertransaction.TransactionExecutor.executeCallbacks(android.app.servertransaction.ClientTransaction) (TransactionExecutor.java:108)
2025-10-02 10:30:05.246 31783-31783 rlands.abclien          ru.neverlands.abclient               I    at void android.app.servertransaction.TransactionExecutor.execute(android.app.servertransaction.ClientTransaction) (TransactionExecutor.java:68)
2025-10-02 10:30:05.246 31783-31783 rlands.abclien          ru.neverlands.abclient               I    at void android.app.ActivityThread$H.handleMessage(android.os.Message) (ActivityThread.java:1831)
2025-10-02 10:30:05.246 31783-31783 rlands.abclien          ru.neverlands.abclient               I    at void android.os.Handler.dispatchMessage(android.os.Message) (Handler.java:106)
2025-10-02 10:30:05.246 31783-31783 rlands.abclien          ru.neverlands.abclient               I    at void android.os.Looper.loop() (Looper.java:201)
2025-10-02 10:30:05.246 31783-31783 rlands.abclien          ru.neverlands.abclient               I    at void android.app.ActivityThread.main(java.lang.String[]) (ActivityThread.java:6810)
2025-10-02 10:30:05.247 31783-31783 rlands.abclien          ru.neverlands.abclient               I    at java.lang.Object java.lang.reflect.Method.invoke(java.lang.Object, java.lang.Object[]) (Method.java:-2)
2025-10-02 10:30:05.247 31783-31783 rlands.abclien          ru.neverlands.abclient               I    at void com.android.internal.os.RuntimeInit$MethodAndArgsCaller.run() (RuntimeInit.java:547)
2025-10-02 10:30:05.247 31783-31783 rlands.abclien          ru.neverlands.abclient               I    at void com.android.internal.os.ZygoteInit.main(java.lang.String[]) (ZygoteInit.java:873)
2025-10-02 10:30:05.247 31783-31783 rlands.abclien          ru.neverlands.abclient               I  Caused by: java.lang.ClassNotFoundException: Didn't find class "android.webkit.PacProcessor" on path: DexPathList[[zip file "/data/app/com.android.chrome-PQcqcIJyo8Iii3KwO97nbQ==/base.apk"],nativeLibraryDirectories=[/data/app/com.android.chrome-PQcqcIJyo8Iii3KwO97nbQ==/lib/arm64, /data/app/com.android.chrome-PQcqcIJyo8Iii3KwO97nbQ==/base.apk!/lib/arm64-v8a, /system/lib64, /system/vendor/lib64]]
2025-10-02 10:30:05.247 31783-31783 rlands.abclien          ru.neverlands.abclient               I    at java.lang.Class dalvik.system.BaseDexClassLoader.findClass(java.lang.String) (BaseDexClassLoader.java:134)
2025-10-02 10:30:05.247 31783-31783 rlands.abclien          ru.neverlands.abclient               I    at java.lang.Class java.lang.ClassLoader.loadClass(java.lang.String, boolean) (ClassLoader.java:379)
2025-10-02 10:30:05.247 31783-31783 rlands.abclien          ru.neverlands.abclient               I    at java.lang.Class java.lang.ClassLoader.loadClass(java.lang.String) (ClassLoader.java:312)
2025-10-02 10:30:05.247 31783-31783 rlands.abclien          ru.neverlands.abclient               I    at java.lang.Class java.lang.Class.classForName(java.lang.String, boolean, java.lang.ClassLoader) (Class.java:-2)
2025-10-02 10:30:05.247 31783-31783 rlands.abclien          ru.neverlands.abclient               I    at java.lang.Class java.lang.Class.forName(java.lang.String, boolean, java.lang.ClassLoader) (Class.java:453)
2025-10-02 10:30:05.247 31783-31783 rlands.abclien          ru.neverlands.abclient               I    at java.lang.Class android.webkit.WebViewFactory.getWebViewProviderClass(java.lang.ClassLoader) (WebViewFactory.java:176)
2025-10-02 10:30:05.247 31783-31783 rlands.abclien          ru.neverlands.abclient               I    at java.lang.Class android.webkit.WebViewFactory.getProviderClass() (WebViewFactory.java:459)
2025-10-02 10:30:05.247 31783-31783 rlands.abclien          ru.neverlands.abclient               I    at android.webkit.WebViewFactoryProvider android.webkit.WebViewFactory.getProvider() (WebViewFactory.java:251)
2025-10-02 10:30:05.247 31783-31783 rlands.abclien          ru.neverlands.abclient               I    at android.webkit.WebViewFactoryProvider android.webkit.WebView.getFactory() (WebView.java:2687)
2025-10-02 10:30:05.247 31783-31783 rlands.abclien          ru.neverlands.abclient               I    at void android.webkit.WebView.ensureProviderCreated() (WebView.java:2682)
2025-10-02 10:30:05.247 31783-31783 rlands.abclien          ru.neverlands.abclient               I    at void android.webkit.WebView.setOverScrollMode(int) (WebView.java:2747)
2025-10-02 10:30:05.247 31783-31783 rlands.abclien          ru.neverlands.abclient               I    at void android.view.View.<init>(android.content.Context) (View.java:4814)
2025-10-02 10:30:05.247 31783-31783 rlands.abclien          ru.neverlands.abclient               I    at void android.view.View.<init>(android.content.Context, android.util.AttributeSet, int, int) (View.java:4957)
2025-10-02 10:30:05.247 31783-31783 rlands.abclien          ru.neverlands.abclient               I    at void android.view.ViewGroup.<init>(android.content.Context, android.util.AttributeSet, int, int) (ViewGroup.java:659)
2025-10-02 10:30:05.247 31783-31783 rlands.abclien          ru.neverlands.abclient               I    at void android.widget.AbsoluteLayout.<init>(android.content.Context, android.util.AttributeSet, int, int) (AbsoluteLayout.java:55)
2025-10-02 10:30:05.247 31783-31783 rlands.abclien          ru.neverlands.abclient               I    at void android.webkit.WebView.<init>(android.content.Context, android.util.AttributeSet, int, int, java.util.Map, boolean) (WebView.java:659)
2025-10-02 10:30:05.247 31783-31783 rlands.abclien          ru.neverlands.abclient               I    at void android.webkit.WebView.<init>(android.content.Context, android.util.AttributeSet, int, int) (WebView.java:604)
2025-10-02 10:30:05.247 31783-31783 rlands.abclien          ru.neverlands.abclient               I    at void android.webkit.WebView.<init>(android.content.Context, android.util.AttributeSet, int) (WebView.java:587)
2025-10-02 10:30:05.247 31783-31783 rlands.abclien          ru.neverlands.abclient               I    at void android.webkit.WebView.<init>(android.content.Context, android.util.AttributeSet) (WebView.java:574)
2025-10-02 10:30:05.247 31783-31783 rlands.abclien          ru.neverlands.abclient               I    at java.lang.Object java.lang.reflect.Constructor.newInstance0(java.lang.Object[]) (Constructor.java:-2)
2025-10-02 10:30:05.247 31783-31783 rlands.abclien          ru.neverlands.abclient               I    at java.lang.Object java.lang.reflect.Constructor.newInstance(java.lang.Object[]) (Constructor.java:343)
2025-10-02 10:30:05.247 31783-31783 rlands.abclien          ru.neverlands.abclient               I    at android.view.View android.view.LayoutInflater.createView(java.lang.String, java.lang.String, android.util.AttributeSet) (LayoutInflater.java:651)
2025-10-02 10:30:05.247 31783-31783 rlands.abclien          ru.neverlands.abclient               I    at android.view.View com.android.internal.policy.PhoneLayoutInflater.onCreateView(java.lang.String, android.util.AttributeSet) (PhoneLayoutInflater.java:58)
2025-10-02 10:30:05.247 31783-31783 rlands.abclien          ru.neverlands.abclient               I    at android.view.View android.view.LayoutInflater.onCreateView(android.view.View, java.lang.String, android.util.AttributeSet) (LayoutInflater.java:724)
2025-10-02 10:30:05.247 31783-31783 rlands.abclien          ru.neverlands.abclient               I    at android.view.View android.view.LayoutInflater.createViewFromTag(android.view.View, java.lang.String, android.content.Context, android.util.AttributeSet, boolean) (LayoutInflater.java:792)
2025-10-02 10:30:05.247 31783-31783 rlands.abclien          ru.neverlands.abclient               I    at android.view.View android.view.LayoutInflater.createViewFromTag(android.view.View, java.lang.String, android.content.Context, android.util.AttributeSet) (LayoutInflater.java:734)
2025-10-02 10:30:05.247 31783-31783 rlands.abclien          ru.neverlands.abclient               I    at void android.view.LayoutInflater.rInflate(org.xmlpull.v1.XmlPullParser, android.view.View, android.content.Context, android.util.AttributeSet, boolean) (LayoutInflater.java:867)
2025-10-02 10:30:05.247 31783-31783 rlands.abclien          ru.neverlands.abclient               I    at void android.view.LayoutInflater.rInflateChildren(org.xmlpull.v1.XmlPullParser, android.view.View, android.util.AttributeSet, boolean) (LayoutInflater.java:828)
2025-10-02 10:30:05.247 31783-31783 rlands.abclien          ru.neverlands.abclient               I    at void android.view.LayoutInflater.parseInclude(org.xmlpull.v1.XmlPullParser, android.content.Context, android.view.View, android.util.AttributeSet) (LayoutInflater.java:999)
2025-10-02 10:30:05.247 31783-31783 rlands.abclien          ru.neverlands.abclient               I    at void android.view.LayoutInflater.rInflate(org.xmlpull.v1.XmlPullParser, android.view.View, android.content.Context, android.util.AttributeSet, boolean) (LayoutInflater.java:863)
2025-10-02 10:30:05.247 31783-31783 rlands.abclien          ru.neverlands.abclient               I    at void android.view.LayoutInflater.rInflateChildren(org.xmlpull.v1.XmlPullParser, android.view.View, android.util.AttributeSet, boolean) (LayoutInflater.java:828)
2025-10-02 10:30:05.247 31783-31783 rlands.abclien          ru.neverlands.abclient               I    at void android.view.LayoutInflater.parseInclude(org.xmlpull.v1.XmlPullParser, android.content.Context, android.view.View, android.util.AttributeSet) (LayoutInflater.java:999)
2025-10-02 10:30:05.247 31783-31783 rlands.abclien          ru.neverlands.abclient               I    at void android.view.LayoutInflater.rInflate(org.xmlpull.v1.XmlPullParser, android.view.View, android.content.Context, android.util.AttributeSet, boolean) (LayoutInflater.java:863)
2025-10-02 10:30:05.247 31783-31783 rlands.abclien          ru.neverlands.abclient               I    at void android.view.LayoutInflater.rInflateChildren(org.xmlpull.v1.XmlPullParser, android.view.View, android.util.AttributeSet, boolean) (LayoutInflater.java:828)
2025-10-02 10:30:05.247 31783-31783 rlands.abclien          ru.neverlands.abclient               I    at android.view.View android.view.LayoutInflater.inflate(org.xmlpull.v1.XmlPullParser, android.view.ViewGroup, boolean) (LayoutInflater.java:519)
2025-10-02 10:30:05.247 31783-31783 rlands.abclien          ru.neverlands.abclient               I    at android.view.View android.view.LayoutInflater.inflate(int, android.view.ViewGroup, boolean) (LayoutInflater.java:427)
2025-10-02 10:30:05.247 31783-31783 rlands.abclien          ru.neverlands.abclient               I    at ru.neverlands.abclient.databinding.ActivityMainBinding ru.neverlands.abclient.databinding.ActivityMainBinding.inflate(android.view.LayoutInflater, android.view.ViewGroup, boolean) (ActivityMainBinding.java:53)
2025-10-02 10:30:05.247 31783-31783 rlands.abclien          ru.neverlands.abclient               I    at ru.neverlands.abclient.databinding.ActivityMainBinding ru.neverlands.abclient.databinding.ActivityMainBinding.inflate(android.view.LayoutInflater) (ActivityMainBinding.java:47)
2025-10-02 10:30:05.247 31783-31783 rlands.abclien          ru.neverlands.abclient               I    at void ru.neverlands.abclient.MainActivity.onCreate(android.os.Bundle) (MainActivity.java:115)
2025-10-02 10:30:05.247 31783-31783 rlands.abclien          ru.neverlands.abclient               I    at void android.app.Activity.performCreate(android.os.Bundle, android.os.PersistableBundle) (Activity.java:7224)
2025-10-02 10:30:05.247 31783-31783 rlands.abclien          ru.neverlands.abclient               I    at void android.app.Activity.performCreate(android.os.Bundle) (Activity.java:7213)
2025-10-02 10:30:05.247 31783-31783 rlands.abclien          ru.neverlands.abclient               I    at void android.app.Instrumentation.callActivityOnCreate(android.app.Activity, android.os.Bundle) (Instrumentation.java:1272)
2025-10-02 10:30:05.247 31783-31783 rlands.abclien          ru.neverlands.abclient               I    at android.app.Activity android.app.ActivityThread.performLaunchActivity(android.app.ActivityThread$ActivityClientRecord, android.content.Intent) (ActivityThread.java:2926)
2025-10-02 10:30:05.247 31783-31783 rlands.abclien          ru.neverlands.abclient               I    at android.app.Activity android.app.ActivityThread.handleLaunchActivity(android.app.ActivityThread$ActivityClientRecord, android.app.servertransaction.PendingTransactionActions, android.content.Intent) (ActivityThread.java:3081)
2025-10-02 10:30:05.247 31783-31783 rlands.abclien          ru.neverlands.abclient               I    at void android.app.servertransaction.LaunchActivityItem.execute(android.app.ClientTransactionHandler, android.os.IBinder, android.app.servertransaction.PendingTransactionActions) (LaunchActivityItem.java:78)
2025-10-02 10:30:05.247 31783-31783 rlands.abclien          ru.neverlands.abclient               I    at void android.app.servertransaction.TransactionExecutor.executeCallbacks(android.app.servertransaction.ClientTransaction) (TransactionExecutor.java:108)
2025-10-02 10:30:05.247 31783-31783 rlands.abclien          ru.neverlands.abclient               I    at void android.app.servertransaction.TransactionExecutor.execute(android.app.servertransaction.ClientTransaction) (TransactionExecutor.java:68)
2025-10-02 10:30:05.247 31783-31783 rlands.abclien          ru.neverlands.abclient               I    at void android.app.ActivityThread$H.handleMessage(android.os.Message) (ActivityThread.java:1831)
2025-10-02 10:30:05.247 31783-31783 rlands.abclien          ru.neverlands.abclient               I    at void android.os.Handler.dispatchMessage(android.os.Message) (Handler.java:106)
2025-10-02 10:30:05.247 31783-31783 rlands.abclien          ru.neverlands.abclient               I    at void android.os.Looper.loop() (Looper.java:201)
2025-10-02 10:30:05.247 31783-31783 rlands.abclien          ru.neverlands.abclient               I    at void android.app.ActivityThread.main(java.lang.String[]) (ActivityThread.java:6810)
2025-10-02 10:30:05.247 31783-31783 rlands.abclien          ru.neverlands.abclient               I    at java.lang.Object java.lang.reflect.Method.invoke(java.lang.Object, java.lang.Object[]) (Method.java:-2)
2025-10-02 10:30:05.247 31783-31783 rlands.abclien          ru.neverlands.abclient               I    at void com.android.internal.os.RuntimeInit$MethodAndArgsCaller.run() (RuntimeInit.java:547)
2025-10-02 10:30:05.247 31783-31783 rlands.abclien          ru.neverlands.abclient               I    at void com.android.internal.os.ZygoteInit.main(java.lang.String[]) (ZygoteInit.java:873)
2025-10-02 10:30:05.247 31783-31783 rlands.abclien          ru.neverlands.abclient               I  
2025-10-02 10:30:05.249 31783-31783 rlands.abclien          ru.neverlands.abclient               I  Rejecting re-init on previously-failed class java.lang.Class<P64>: java.lang.NoClassDefFoundError: Failed resolution of: Landroid/webkit/PacProcessor;
2025-10-02 10:30:05.249 31783-31783 rlands.abclien          ru.neverlands.abclient               I    at java.lang.Class java.lang.Class.classForName(java.lang.String, boolean, java.lang.ClassLoader) (Class.java:-2)
2025-10-02 10:30:05.249 31783-31783 rlands.abclien          ru.neverlands.abclient               I    at java.lang.Class java.lang.Class.forName(java.lang.String, boolean, java.lang.ClassLoader) (Class.java:453)
2025-10-02 10:30:05.249 31783-31783 rlands.abclien          ru.neverlands.abclient               I    at java.lang.Class android.webkit.WebViewFactory.getWebViewProviderClass(java.lang.ClassLoader) (WebViewFactory.java:176)
2025-10-02 10:30:05.249 31783-31783 rlands.abclien          ru.neverlands.abclient               I    at java.lang.Class android.webkit.WebViewFactory.getProviderClass() (WebViewFactory.java:459)
2025-10-02 10:30:05.249 31783-31783 rlands.abclien          ru.neverlands.abclient               I    at android.webkit.WebViewFactoryProvider android.webkit.WebViewFactory.getProvider() (WebViewFactory.java:251)
2025-10-02 10:30:05.249 31783-31783 rlands.abclien          ru.neverlands.abclient               I    at android.webkit.WebViewFactoryProvider android.webkit.WebView.getFactory() (WebView.java:2687)
2025-10-02 10:30:05.249 31783-31783 rlands.abclien          ru.neverlands.abclient               I    at void android.webkit.WebView.ensureProviderCreated() (WebView.java:2682)
2025-10-02 10:30:05.249 31783-31783 rlands.abclien          ru.neverlands.abclient               I    at void android.webkit.WebView.setOverScrollMode(int) (WebView.java:2747)
2025-10-02 10:30:05.249 31783-31783 rlands.abclien          ru.neverlands.abclient               I    at void android.view.View.<init>(android.content.Context) (View.java:4814)
2025-10-02 10:30:05.249 31783-31783 rlands.abclien          ru.neverlands.abclient               I    at void android.view.View.<init>(android.content.Context, android.util.AttributeSet, int, int) (View.java:4957)
2025-10-02 10:30:05.249 31783-31783 rlands.abclien          ru.neverlands.abclient               I    at void android.view.ViewGroup.<init>(android.content.Context, android.util.AttributeSet, int, int) (ViewGroup.java:659)
2025-10-02 10:30:05.249 31783-31783 rlands.abclien          ru.neverlands.abclient               I    at void android.widget.AbsoluteLayout.<init>(android.content.Context, android.util.AttributeSet, int, int) (AbsoluteLayout.java:55)
2025-10-02 10:30:05.249 31783-31783 rlands.abclien          ru.neverlands.abclient               I    at void android.webkit.WebView.<init>(android.content.Context, android.util.AttributeSet, int, int, java.util.Map, boolean) (WebView.java:659)
2025-10-02 10:30:05.249 31783-31783 rlands.abclien          ru.neverlands.abclient               I    at void android.webkit.WebView.<init>(android.content.Context, android.util.AttributeSet, int, int) (WebView.java:604)
2025-10-02 10:30:05.249 31783-31783 rlands.abclien          ru.neverlands.abclient               I    at void android.webkit.WebView.<init>(android.content.Context, android.util.AttributeSet, int) (WebView.java:587)
2025-10-02 10:30:05.249 31783-31783 rlands.abclien          ru.neverlands.abclient               I    at void android.webkit.WebView.<init>(android.content.Context, android.util.AttributeSet) (WebView.java:574)
2025-10-02 10:30:05.249 31783-31783 rlands.abclien          ru.neverlands.abclient               I    at java.lang.Object java.lang.reflect.Constructor.newInstance0(java.lang.Object[]) (Constructor.java:-2)
2025-10-02 10:30:05.249 31783-31783 rlands.abclien          ru.neverlands.abclient               I    at java.lang.Object java.lang.reflect.Constructor.newInstance(java.lang.Object[]) (Constructor.java:343)
2025-10-02 10:30:05.249 31783-31783 rlands.abclien          ru.neverlands.abclient               I    at android.view.View android.view.LayoutInflater.createView(java.lang.String, java.lang.String, android.util.AttributeSet) (LayoutInflater.java:651)
2025-10-02 10:30:05.249 31783-31783 rlands.abclien          ru.neverlands.abclient               I    at android.view.View com.android.internal.policy.PhoneLayoutInflater.onCreateView(java.lang.String, android.util.AttributeSet) (PhoneLayoutInflater.java:58)
2025-10-02 10:30:05.249 31783-31783 rlands.abclien          ru.neverlands.abclient               I    at android.view.View android.view.LayoutInflater.onCreateView(android.view.View, java.lang.String, android.util.AttributeSet) (LayoutInflater.java:724)
2025-10-02 10:30:05.249 31783-31783 rlands.abclien          ru.neverlands.abclient               I    at android.view.View android.view.LayoutInflater.createViewFromTag(android.view.View, java.lang.String, android.content.Context, android.util.AttributeSet, boolean) (LayoutInflater.java:792)
