2025-10-04 15:36:21.610 12866-12866 rlands.abclien          ru.neverlands.abclient               I    at void android.webkit.WebView.<init>(android.content.Context, android.util.AttributeSet, int, int, java.util.Map, boolean) (WebView.java:678)
2025-10-04 15:36:21.610 12866-12866 rlands.abclien          ru.neverlands.abclient               I    at void android.webkit.WebView.<init>(android.content.Context, android.util.AttributeSet, int, int) (WebView.java:604)
2025-10-04 15:36:21.610 12866-12866 rlands.abclien          ru.neverlands.abclient               I    at void android.webkit.WebView.<init>(android.content.Context, android.util.AttributeSet, int) (WebView.java:587)
2025-10-04 15:36:21.610 12866-12866 rlands.abclien          ru.neverlands.abclient               I    at void android.webkit.WebView.<init>(android.content.Context, android.util.AttributeSet) (WebView.java:574)
2025-10-04 15:36:21.610 12866-12866 rlands.abclien          ru.neverlands.abclient               I    at java.lang.Object java.lang.reflect.Constructor.newInstance0(java.lang.Object[]) (Constructor.java:-2)
2025-10-04 15:36:21.610 12866-12866 rlands.abclien          ru.neverlands.abclient               I    at java.lang.Object java.lang.reflect.Constructor.newInstance(java.lang.Object[]) (Constructor.java:343)
2025-10-04 15:36:21.610 12866-12866 rlands.abclien          ru.neverlands.abclient               I    at android.view.View android.view.LayoutInflater.createView(java.lang.String, java.lang.String, android.util.AttributeSet) (LayoutInflater.java:651)
2025-10-04 15:36:21.610 12866-12866 rlands.abclien          ru.neverlands.abclient               I    at android.view.View com.android.internal.policy.PhoneLayoutInflater.onCreateView(java.lang.String, android.util.AttributeSet) (PhoneLayoutInflater.java:58)
2025-10-04 15:36:21.610 12866-12866 rlands.abclien          ru.neverlands.abclient               I    at android.view.View android.view.LayoutInflater.onCreateView(android.view.View, java.lang.String, android.util.AttributeSet) (LayoutInflater.java:724)
2025-10-04 15:36:21.610 12866-12866 rlands.abclien          ru.neverlands.abclient               I    at android.view.View android.view.LayoutInflater.createViewFromTag(android.view.View, java.lang.String, android.content.Context, android.util.AttributeSet, boolean) (LayoutInflater.java:792)
2025-10-04 15:36:21.610 12866-12866 rlands.abclien          ru.neverlands.abclient               I    at android.view.View android.view.LayoutInflater.createViewFromTag(android.view.View, java.lang.String, android.content.Context, android.util.AttributeSet) (LayoutInflater.java:734)
2025-10-04 15:36:21.610 12866-12866 rlands.abclien          ru.neverlands.abclient               I    at void android.view.LayoutInflater.rInflate(org.xmlpull.v1.XmlPullParser, android.view.View, android.content.Context, android.util.AttributeSet, boolean) (LayoutInflater.java:867)
2025-10-04 15:36:21.610 12866-12866 rlands.abclien          ru.neverlands.abclient               I    at void android.view.LayoutInflater.rInflateChildren(org.xmlpull.v1.XmlPullParser, android.view.View, android.util.AttributeSet, boolean) (LayoutInflater.java:828)
2025-10-04 15:36:21.610 12866-12866 rlands.abclien          ru.neverlands.abclient               I    at void android.view.LayoutInflater.parseInclude(org.xmlpull.v1.XmlPullParser, android.content.Context, android.view.View, android.util.AttributeSet) (LayoutInflater.java:999)
2025-10-04 15:36:21.610 12866-12866 rlands.abclien          ru.neverlands.abclient               I    at void android.view.LayoutInflater.rInflate(org.xmlpull.v1.XmlPullParser, android.view.View, android.content.Context, android.util.AttributeSet, boolean) (LayoutInflater.java:863)
2025-10-04 15:36:21.610 12866-12866 rlands.abclien          ru.neverlands.abclient               I    at void android.view.LayoutInflater.rInflateChildren(org.xmlpull.v1.XmlPullParser, android.view.View, android.util.AttributeSet, boolean) (LayoutInflater.java:828)
2025-10-04 15:36:21.610 12866-12866 rlands.abclien          ru.neverlands.abclient               I    at void android.view.LayoutInflater.parseInclude(org.xmlpull.v1.XmlPullParser, android.content.Context, android.view.View, android.util.AttributeSet) (LayoutInflater.java:999)
2025-10-04 15:36:21.610 12866-12866 rlands.abclien          ru.neverlands.abclient               I    at void android.view.LayoutInflater.rInflate(org.xmlpull.v1.XmlPullParser, android.view.View, android.content.Context, android.util.AttributeSet, boolean) (LayoutInflater.java:863)
2025-10-04 15:36:21.610 12866-12866 rlands.abclien          ru.neverlands.abclient               I    at void android.view.LayoutInflater.rInflateChildren(org.xmlpull.v1.XmlPullParser, android.view.View, android.util.AttributeSet, boolean) (LayoutInflater.java:828)
2025-10-04 15:36:21.610 12866-12866 rlands.abclien          ru.neverlands.abclient               I    at android.view.View android.view.LayoutInflater.inflate(org.xmlpull.v1.XmlPullParser, android.view.ViewGroup, boolean) (LayoutInflater.java:519)
2025-10-04 15:36:21.610 12866-12866 rlands.abclien          ru.neverlands.abclient               I    at android.view.View android.view.LayoutInflater.inflate(int, android.view.ViewGroup, boolean) (LayoutInflater.java:427)
2025-10-04 15:36:21.610 12866-12866 rlands.abclien          ru.neverlands.abclient               I    at ru.neverlands.abclient.databinding.ActivityMainBinding ru.neverlands.abclient.databinding.ActivityMainBinding.inflate(android.view.LayoutInflater, android.view.ViewGroup, boolean) (ActivityMainBinding.java:53)
2025-10-04 15:36:21.610 12866-12866 rlands.abclien          ru.neverlands.abclient               I    at ru.neverlands.abclient.databinding.ActivityMainBinding ru.neverlands.abclient.databinding.ActivityMainBinding.inflate(android.view.LayoutInflater) (ActivityMainBinding.java:47)
2025-10-04 15:36:21.610 12866-12866 rlands.abclien          ru.neverlands.abclient               I    at void ru.neverlands.abclient.MainActivity.onCreate(android.os.Bundle) (MainActivity.java:114)
2025-10-04 15:36:21.610 12866-12866 rlands.abclien          ru.neverlands.abclient               I    at void android.app.Activity.performCreate(android.os.Bundle, android.os.PersistableBundle) (Activity.java:7224)
2025-10-04 15:36:21.610 12866-12866 rlands.abclien          ru.neverlands.abclient               I    at void android.app.Activity.performCreate(android.os.Bundle) (Activity.java:7213)
2025-10-04 15:36:21.610 12866-12866 rlands.abclien          ru.neverlands.abclient               I    at void android.app.Instrumentation.callActivityOnCreate(android.app.Activity, android.os.Bundle) (Instrumentation.java:1272)
2025-10-04 15:36:21.610 12866-12866 rlands.abclien          ru.neverlands.abclient               I    at android.app.Activity android.app.ActivityThread.performLaunchActivity(android.app.ActivityThread$ActivityClientRecord, android.content.Intent) (ActivityThread.java:2926)
2025-10-04 15:36:21.610 12866-12866 rlands.abclien          ru.neverlands.abclient               I    at android.app.Activity android.app.ActivityThread.handleLaunchActivity(android.app.ActivityThread$ActivityClientRecord, android.app.servertransaction.PendingTransactionActions, android.content.Intent) (ActivityThread.java:3081)
2025-10-04 15:36:21.610 12866-12866 rlands.abclien          ru.neverlands.abclient               I    at void android.app.servertransaction.LaunchActivityItem.execute(android.app.ClientTransactionHandler, android.os.IBinder, android.app.servertransaction.PendingTransactionActions) (LaunchActivityItem.java:78)
2025-10-04 15:36:21.610 12866-12866 rlands.abclien          ru.neverlands.abclient               I    at void android.app.servertransaction.TransactionExecutor.executeCallbacks(android.app.servertransaction.ClientTransaction) (TransactionExecutor.java:108)
2025-10-04 15:36:21.610 12866-12866 rlands.abclien          ru.neverlands.abclient               I    at void android.app.servertransaction.TransactionExecutor.execute(android.app.servertransaction.ClientTransaction) (TransactionExecutor.java:68)
2025-10-04 15:36:21.610 12866-12866 rlands.abclien          ru.neverlands.abclient               I    at void android.app.ActivityThread$H.handleMessage(android.os.Message) (ActivityThread.java:1831)
2025-10-04 15:36:21.610 12866-12866 rlands.abclien          ru.neverlands.abclient               I    at void android.os.Handler.dispatchMessage(android.os.Message) (Handler.java:106)
2025-10-04 15:36:21.610 12866-12866 rlands.abclien          ru.neverlands.abclient               I    at void android.os.Looper.loop() (Looper.java:201)
2025-10-04 15:36:21.610 12866-12866 rlands.abclien          ru.neverlands.abclient               I    at void android.app.ActivityThread.main(java.lang.String[]) (ActivityThread.java:6810)
2025-10-04 15:36:21.610 12866-12866 rlands.abclien          ru.neverlands.abclient               I    at java.lang.Object java.lang.reflect.Method.invoke(java.lang.Object, java.lang.Object[]) (Method.java:-2)
2025-10-04 15:36:21.610 12866-12866 rlands.abclien          ru.neverlands.abclient               I    at void com.android.internal.os.RuntimeInit$MethodAndArgsCaller.run() (RuntimeInit.java:547)
2025-10-04 15:36:21.610 12866-12866 rlands.abclien          ru.neverlands.abclient               I    at void com.android.internal.os.ZygoteInit.main(java.lang.String[]) (ZygoteInit.java:873)
2025-10-04 15:36:21.610 12866-12866 rlands.abclien          ru.neverlands.abclient               I  Caused by: java.lang.ClassNotFoundException: Didn't find class "android.app.UiModeManager$ContrastChangeListener" on path: DexPathList[[zip file "/data/app/com.android.chrome-E64nQ75f6--D8fpnSar61w==/base.apk"],nativeLibraryDirectories=[/data/app/com.android.chrome-E64nQ75f6--D8fpnSar61w==/lib/arm64, /data/app/com.android.chrome-E64nQ75f6--D8fpnSar61w==/base.apk!/lib/arm64-v8a, /system/lib64, /system/vendor/lib64]]
2025-10-04 15:36:21.610 12866-12866 rlands.abclien          ru.neverlands.abclient               I    at java.lang.Class dalvik.system.BaseDexClassLoader.findClass(java.lang.String) (BaseDexClassLoader.java:134)
2025-10-04 15:36:21.610 12866-12866 rlands.abclien          ru.neverlands.abclient               I    at java.lang.Class java.lang.ClassLoader.loadClass(java.lang.String, boolean) (ClassLoader.java:379)
2025-10-04 15:36:21.610 12866-12866 rlands.abclien          ru.neverlands.abclient               I    at java.lang.Class java.lang.ClassLoader.loadClass(java.lang.String) (ClassLoader.java:312)
2025-10-04 15:36:21.611 12866-12866 rlands.abclien          ru.neverlands.abclient               I    at void J.N.VJO(int, long, java.lang.Object) (chromium-Monochrome.aab-stable-720417921:-2)
2025-10-04 15:36:21.611 12866-12866 rlands.abclien          ru.neverlands.abclient               I    at void org.chromium.android_webview.AwContents.E(long) (chromium-Monochrome.aab-stable-720417921:479)
2025-10-04 15:36:21.611 12866-12866 rlands.abclien          ru.neverlands.abclient               I    at void org.chromium.android_webview.AwContents.<init>(org.chromium.android_webview.AwBrowserContext, android.view.ViewGroup, Gt0, com.android.webview.chromium.L, com.android.webview.chromium.M, UN, org.chromium.android_webview.AwSettings, IN) (chromium-Monochrome.aab-stable-720417921:439)
2025-10-04 15:36:21.611 12866-12866 rlands.abclien          ru.neverlands.abclient               I    at void com.android.webview.chromium.l.run() (chromium-Monochrome.aab-stable-720417921:144)
2025-10-04 15:36:21.611 12866-12866 rlands.abclien          ru.neverlands.abclient               I    at void qa7.run() (chromium-Monochrome.aab-stable-720417921:13)
2025-10-04 15:36:21.611 12866-12866 rlands.abclien          ru.neverlands.abclient               I    at void org.chromium.base.task.PostTask.d(int, java.lang.Runnable) (chromium-Monochrome.aab-stable-720417921:14)
2025-10-04 15:36:21.611 12866-12866 rlands.abclien          ru.neverlands.abclient               I    at void ra7.a(java.lang.Runnable) (chromium-Monochrome.aab-stable-720417921:16)
2025-10-04 15:36:21.611 12866-12866 rlands.abclien          ru.neverlands.abclient               I    at void com.android.webview.chromium.WebViewChromiumFactoryProvider.a(java.lang.Runnable) (chromium-Monochrome.aab-stable-720417921:3)
2025-10-04 15:36:21.611 12866-12866 rlands.abclien          ru.neverlands.abclient               I    at void com.android.webview.chromium.WebViewChromium.init(java.util.Map, boolean) (chromium-Monochrome.aab-stable-720417921:352)
2025-10-04 15:36:21.611 12866-12866 rlands.abclien          ru.neverlands.abclient               I    at void android.webkit.WebView.<init>(android.content.Context, android.util.AttributeSet, int, int, java.util.Map, boolean) (WebView.java:678)
2025-10-04 15:36:21.611 12866-12866 rlands.abclien          ru.neverlands.abclient               I    at void android.webkit.WebView.<init>(android.content.Context, android.util.AttributeSet, int, int) (WebView.java:604)
2025-10-04 15:36:21.611 12866-12866 rlands.abclien          ru.neverlands.abclient               I    at void android.webkit.WebView.<init>(android.content.Context, android.util.AttributeSet, int) (WebView.java:587)
2025-10-04 15:36:21.611 12866-12866 rlands.abclien          ru.neverlands.abclient               I    at void android.webkit.WebView.<init>(android.content.Context, android.util.AttributeSet) (WebView.java:574)
2025-10-04 15:36:21.611 12866-12866 rlands.abclien          ru.neverlands.abclient               I    at java.lang.Object java.lang.reflect.Constructor.newInstance0(java.lang.Object[]) (Constructor.java:-2)
2025-10-04 15:36:21.611 12866-12866 rlands.abclien          ru.neverlands.abclient               I    at java.lang.Object java.lang.reflect.Constructor.newInstance(java.lang.Object[]) (Constructor.java:343)
2025-10-04 15:36:21.611 12866-12866 rlands.abclien          ru.neverlands.abclient               I    at android.view.View android.view.LayoutInflater.createView(java.lang.String, java.lang.String, android.util.AttributeSet) (LayoutInflater.java:651)
2025-10-04 15:36:21.611 12866-12866 rlands.abclien          ru.neverlands.abclient               I    at android.view.View com.android.internal.policy.PhoneLayoutInflater.onCreateView(java.lang.String, android.util.AttributeSet) (PhoneLayoutInflater.java:58)
2025-10-04 15:36:21.611 12866-12866 rlands.abclien          ru.neverlands.abclient               I    at android.view.View android.view.LayoutInflater.onCreateView(android.view.View, java.lang.String, android.util.AttributeSet) (LayoutInflater.java:724)
2025-10-04 15:36:21.611 12866-12866 rlands.abclien          ru.neverlands.abclient               I    at android.view.View android.view.LayoutInflater.createViewFromTag(android.view.View, java.lang.String, android.content.Context, android.util.AttributeSet, boolean) (LayoutInflater.java:792)
2025-10-04 15:36:21.611 12866-12866 rlands.abclien          ru.neverlands.abclient               I    at android.view.View android.view.LayoutInflater.createViewFromTag(android.view.View, java.lang.String, android.content.Context, android.util.AttributeSet) (LayoutInflater.java:734)
2025-10-04 15:36:21.611 12866-12866 rlands.abclien          ru.neverlands.abclient               I    at void android.view.LayoutInflater.rInflate(org.xmlpull.v1.XmlPullParser, android.view.View, android.content.Context, android.util.AttributeSet, boolean) (LayoutInflater.java:867)
2025-10-04 15:36:21.611 12866-12866 rlands.abclien          ru.neverlands.abclient               I    at void android.view.LayoutInflater.rInflateChildren(org.xmlpull.v1.XmlPullParser, android.view.View, android.util.AttributeSet, boolean) (LayoutInflater.java:828)
2025-10-04 15:36:21.611 12866-12866 rlands.abclien          ru.neverlands.abclient               I    at void android.view.LayoutInflater.parseInclude(org.xmlpull.v1.XmlPullParser, android.content.Context, android.view.View, android.util.AttributeSet) (LayoutInflater.java:999)
2025-10-04 15:36:21.611 12866-12866 rlands.abclien          ru.neverlands.abclient               I    at void android.view.LayoutInflater.rInflate(org.xmlpull.v1.XmlPullParser, android.view.View, android.content.Context, android.util.AttributeSet, boolean) (LayoutInflater.java:863)
2025-10-04 15:36:21.611 12866-12866 rlands.abclien          ru.neverlands.abclient               I    at void android.view.LayoutInflater.rInflateChildren(org.xmlpull.v1.XmlPullParser, android.view.View, android.util.AttributeSet, boolean) (LayoutInflater.java:828)
2025-10-04 15:36:21.611 12866-12866 rlands.abclien          ru.neverlands.abclient               I    at void android.view.LayoutInflater.parseInclude(org.xmlpull.v1.XmlPullParser, android.content.Context, android.view.View, android.util.AttributeSet) (LayoutInflater.java:999)
2025-10-04 15:36:21.611 12866-12866 rlands.abclien          ru.neverlands.abclient               I    at void android.view.LayoutInflater.rInflate(org.xmlpull.v1.XmlPullParser, android.view.View, android.content.Context, android.util.AttributeSet, boolean) (LayoutInflater.java:863)
2025-10-04 15:36:21.611 12866-12866 rlands.abclien          ru.neverlands.abclient               I    at void android.view.LayoutInflater.rInflateChildren(org.xmlpull.v1.XmlPullParser, android.view.View, android.util.AttributeSet, boolean) (LayoutInflater.java:828)
2025-10-04 15:36:21.611 12866-12866 rlands.abclien          ru.neverlands.abclient               I    at android.view.View android.view.LayoutInflater.inflate(org.xmlpull.v1.XmlPullParser, android.view.ViewGroup, boolean) (LayoutInflater.java:519)
2025-10-04 15:36:21.611 12866-12866 rlands.abclien          ru.neverlands.abclient               I    at android.view.View android.view.LayoutInflater.inflate(int, android.view.ViewGroup, boolean) (LayoutInflater.java:427)
2025-10-04 15:36:21.611 12866-12866 rlands.abclien          ru.neverlands.abclient               I    at ru.neverlands.abclient.databinding.ActivityMainBinding ru.neverlands.abclient.databinding.ActivityMainBinding.inflate(android.view.LayoutInflater, android.view.ViewGroup, boolean) (ActivityMainBinding.java:53)
2025-10-04 15:36:21.611 12866-12866 rlands.abclien          ru.neverlands.abclient               I    at ru.neverlands.abclient.databinding.ActivityMainBinding ru.neverlands.abclient.databinding.ActivityMainBinding.inflate(android.view.LayoutInflater) (ActivityMainBinding.java:47)
2025-10-04 15:36:21.611 12866-12866 rlands.abclien          ru.neverlands.abclient               I    at void ru.neverlands.abclient.MainActivity.onCreate(android.os.Bundle) (MainActivity.java:114)
2025-10-04 15:36:21.611 12866-12866 rlands.abclien          ru.neverlands.abclient               I    at void android.app.Activity.performCreate(android.os.Bundle, android.os.PersistableBundle) (Activity.java:7224)
2025-10-04 15:36:21.611 12866-12866 rlands.abclien          ru.neverlands.abclient               I    at void android.app.Activity.performCreate(android.os.Bundle) (Activity.java:7213)
2025-10-04 15:36:21.611 12866-12866 rlands.abclien          ru.neverlands.abclient               I    at void android.app.Instrumentation.callActivityOnCreate(android.app.Activity, android.os.Bundle) (Instrumentation.java:1272)
2025-10-04 15:36:21.611 12866-12866 rlands.abclien          ru.neverlands.abclient               I    at android.app.Activity android.app.ActivityThread.performLaunchActivity(android.app.ActivityThread$ActivityClientRecord, android.content.Intent) (ActivityThread.java:2926)
2025-10-04 15:36:21.611 12866-12866 rlands.abclien          ru.neverlands.abclient               I    at android.app.Activity android.app.ActivityThread.handleLaunchActivity(android.app.ActivityThread$ActivityClientRecord, android.app.servertransaction.PendingTransactionActions, android.content.Intent) (ActivityThread.java:3081)
2025-10-04 15:36:21.611 12866-12866 rlands.abclien          ru.neverlands.abclient               I    at void android.app.servertransaction.LaunchActivityItem.execute(android.app.ClientTransactionHandler, android.os.IBinder, android.app.servertransaction.PendingTransactionActions) (LaunchActivityItem.java:78)
2025-10-04 15:36:21.611 12866-12866 rlands.abclien          ru.neverlands.abclient               I    at void android.app.servertransaction.TransactionExecutor.executeCallbacks(android.app.servertransaction.ClientTransaction) (TransactionExecutor.java:108)
2025-10-04 15:36:21.611 12866-12866 rlands.abclien          ru.neverlands.abclient               I    at void android.app.servertransaction.TransactionExecutor.execute(android.app.servertransaction.ClientTransaction) (TransactionExecutor.java:68)
2025-10-04 15:36:21.611 12866-12866 rlands.abclien          ru.neverlands.abclient               I    at void android.app.ActivityThread$H.handleMessage(android.os.Message) (ActivityThread.java:1831)
2025-10-04 15:36:21.611 12866-12866 rlands.abclien          ru.neverlands.abclient               I    at void android.os.Handler.dispatchMessage(android.os.Message) (Handler.java:106)
2025-10-04 15:36:21.611 12866-12866 rlands.abclien          ru.neverlands.abclient               I    at void android.os.Looper.loop() (Looper.java:201)
2025-10-04 15:36:21.611 12866-12866 rlands.abclien          ru.neverlands.abclient               I    at void android.app.ActivityThread.main(java.lang.String[]) (ActivityThread.java:6810)
2025-10-04 15:36:21.611 12866-12866 rlands.abclien          ru.neverlands.abclient               I    at java.lang.Object java.lang.reflect.Method.invoke(java.lang.Object, java.lang.Object[]) (Method.java:-2)
2025-10-04 15:36:21.611 12866-12866 rlands.abclien          ru.neverlands.abclient               I    at void com.android.internal.os.RuntimeInit$MethodAndArgsCaller.run() (RuntimeInit.java:547)
2025-10-04 15:36:21.611 12866-12866 rlands.abclien          ru.neverlands.abclient               I    at void com.android.internal.os.ZygoteInit.main(java.lang.String[]) (ZygoteInit.java:873)
2025-10-04 15:36:21.611 12866-12866 rlands.abclien          ru.neverlands.abclient               I  
2025-10-04 15:36:21.625 12866-12866 EgretLoader             ru.neverlands.abclient               D  EgretLoader(Context context)
2025-10-04 15:36:21.627 12866-12866 EgretLoader             ru.neverlands.abclient               D  The context is not activity
2025-10-04 15:36:21.641 12866-12866 EgretLoader             ru.neverlands.abclient               D  EgretLoader(Context context)
2025-10-04 15:36:21.642 12866-13219 cr_media                ru.neverlands.abclient               W  getBluetoothAdapter() requires BLUETOOTH permission
2025-10-04 15:36:21.642 12866-12866 EgretLoader             ru.neverlands.abclient               D  The context is not activity
2025-10-04 15:36:21.642 12866-13219 cr_media                ru.neverlands.abclient               W  registerBluetoothIntentsIfNeeded: Requires BLUETOOTH permission
2025-10-04 15:36:21.651 12866-12866 EgretLoader             ru.neverlands.abclient               D  EgretLoader(Context context)
2025-10-04 15:36:21.651 12866-12866 EgretLoader             ru.neverlands.abclient               D  The context is not activity
2025-10-04 15:36:21.661 12866-12866 EgretLoader             ru.neverlands.abclient               D  EgretLoader(Context context)
2025-10-04 15:36:21.661 12866-12866 EgretLoader             ru.neverlands.abclient               D  The context is not activity
2025-10-04 15:36:21.896 12866-12866 Choreographer           ru.neverlands.abclient               I  Skipped 30 frames!  The application may be doing too much work on its main thread.
2025-10-04 15:36:21.899 12866-13247 CameraManagerGlobal     ru.neverlands.abclient               I  Connecting to camera service
2025-10-04 15:36:21.905 12866-12866 ContentCatcher          ru.neverlands.abclient               W  Failed to notify a WebView
2025-10-04 15:36:21.910 12866-13247 libc                    ru.neverlands.abclient               E  Access denied finding property "vendor.camera.aux.packagelist"
2025-10-04 15:36:21.911 12866-13247 chatty                  ru.neverlands.abclient               I  uid=10665(ru.neverlands.abclient) ThreadPoolSingl identical 1 line
2025-10-04 15:36:21.911 12866-13247 libc                    ru.neverlands.abclient               E  Access denied finding property "vendor.camera.aux.packagelist"
2025-10-04 15:36:21.911 12866-13247 CameraManagerGlobal     ru.neverlands.abclient               W  [soar.cts] ignore the status update of camera: 2
2025-10-04 15:36:21.911 12866-13247 libc                    ru.neverlands.abclient               E  Access denied finding property "vendor.camera.aux.packagelist"
2025-10-04 15:36:21.911 12866-13247 CameraManagerGlobal     ru.neverlands.abclient               W  [soar.cts] ignore the status update of camera: 3
2025-10-04 15:36:21.914 12866-12900 libc                    ru.neverlands.abclient               E  Access denied finding property "vendor.camera.aux.packagelist"
2025-10-04 15:36:21.914 12866-12900 libc                    ru.neverlands.abclient               E  Access denied finding property "vendor.camera.aux.packagelist"
2025-10-04 15:36:21.914 12866-12900 CameraManagerGlobal     ru.neverlands.abclient               W  ignore the torch status update of camera: 2
2025-10-04 15:36:21.915 12866-12900 libc                    ru.neverlands.abclient               E  Access denied finding property "vendor.camera.aux.packagelist"
2025-10-04 15:36:21.915 12866-12900 CameraManagerGlobal     ru.neverlands.abclient               W  ignore the torch status update of camera: 3
2025-10-04 15:36:21.916 12866-12866 ContentCatcher          ru.neverlands.abclient               W  Failed to notify a WebView
2025-10-04 15:36:21.920 12866-12866 chatty                  ru.neverlands.abclient               I  uid=10665(ru.neverlands.abclient) identical 1 line
2025-10-04 15:36:21.923 12866-12866 ContentCatcher          ru.neverlands.abclient               W  Failed to notify a WebView
2025-10-04 15:36:21.931 12866-12866 rlands.abclien          ru.neverlands.abclient               W  Accessing hidden method Landroid/view/View;->getViewRootImpl()Landroid/view/ViewRootImpl; (light greylist, reflection)
2025-10-04 15:36:21.931 12866-12866 rlands.abclien          ru.neverlands.abclient               W  Accessing hidden field Landroid/view/View$AttachInfo;->mVisibleInsets:Landroid/graphics/Rect; (light greylist, reflection)
2025-10-04 15:36:21.931 12866-12866 rlands.abclien          ru.neverlands.abclient               W  Accessing hidden field Landroid/view/ViewRootImpl;->mAttachInfo:Landroid/view/View$AttachInfo; (light greylist, reflection)
2025-10-04 15:36:21.944 12866-13224 VideoCapabilities       ru.neverlands.abclient               W  Unrecognized profile 4 for video/hevc
2025-10-04 15:36:21.946 12866-13224 VideoCapabilities       ru.neverlands.abclient               W  Unrecognized profile/level 0/3 for video/mpeg2
2025-10-04 15:36:21.948 12866-13224 VideoCapabilities       ru.neverlands.abclient               W  Unrecognized profile/level 0/3 for video/mpeg2
2025-10-04 15:36:21.976 12866-13224 VideoCapabilities       ru.neverlands.abclient               I  Unsupported profile 4 for video/mp4v-es
2025-10-04 15:36:21.978 12866-13224 Utils                   ru.neverlands.abclient               W  could not parse long range '175-174'
2025-10-04 15:36:22.015 12866-12866 rlands.abclien          ru.neverlands.abclient               W  Accessing hidden field Landroid/view/View;->mAccessibilityDelegate:Landroid/view/View$AccessibilityDelegate; (light greylist, reflection)
2025-10-04 15:36:22.029 12866-12889 System                  ru.neverlands.abclient               W  A resource failed to call end. 
2025-10-04 15:36:22.029 12866-12889 chatty                  ru.neverlands.abclient               I  uid=10665(ru.neverlands.abclient) FinalizerDaemon identical 2 lines
2025-10-04 15:36:22.029 12866-12889 System                  ru.neverlands.abclient               W  A resource failed to call end. 
2025-10-04 15:36:22.395 12866-12866 JS_CONSOLE              ru.neverlands.abclient               E  Uncaught SyntaxError: Invalid or unexpected token -- From line 165 of http://neverlands.ru/ch/ch_list.js
2025-10-04 15:36:22.403 12866-12866 JS_CONSOLE              ru.neverlands.abclient               E  Uncaught ReferenceError: chatlist_build is not defined -- From line 26 of http://neverlands.ru/ch.php?lo=1
2025-10-04 15:36:22.418 12866-12866 ABClient                ru.neverlands.abclient               D  Page loaded: http://neverlands.ru/ch/msg.php
2025-10-04 15:36:22.721 12866-12889 System                  ru.neverlands.abclient               W  A resource failed to call end. 
2025-10-04 15:36:22.726 12866-12889 chatty                  ru.neverlands.abclient               I  uid=10665(ru.neverlands.abclient) FinalizerDaemon identical 16 lines
2025-10-04 15:36:22.727 12866-12889 System                  ru.neverlands.abclient               W  A resource failed to call end. 
2025-10-04 15:36:22.806 12866-13221 System                  ru.neverlands.abclient               W  Ignoring header Cookie because its value was null.
2025-10-04 15:36:22.927 12866-12866 ABClient                ru.neverlands.abclient               D  Page loaded: http://neverlands.ru/main.php
2025-10-04 15:36:22.962 12866-12866 JS_CONSOLE              ru.neverlands.abclient               E  Uncaught SyntaxError: Invalid or unexpected token -- From line 1 of http://www.neverlands.ru/main.php
2025-10-04 15:36:22.971 12866-12866 ABClient                ru.neverlands.abclient               D  Page loaded: http://neverlands.ru/ch.php?lo=1
2025-10-04 15:36:23.548 12866-12866 ABClient                ru.neverlands.abclient               D  Page loaded: http://neverlands.ru/ch/but.php
2025-10-04 15:36:23.594 12866-13206 System                  ru.neverlands.abclient               W  Ignoring header Cookie because its value was null.
2025-10-04 15:36:23.649 12866-12889 System                  ru.neverlands.abclient               W  A resource failed to call end. 
2025-10-04 15:36:23.651 12866-12889 chatty                  ru.neverlands.abclient               I  uid=10665(ru.neverlands.abclient) FinalizerDaemon identical 10 lines
2025-10-04 15:36:23.651 12866-12889 System                  ru.neverlands.abclient               W  A resource failed to call end. 
2025-10-04 15:36:23.803 12866-12866 ABClient                ru.neverlands.abclient               D  Page loaded: http://www.neverlands.ru/main.php
2025-10-04 15:36:23.827 12866-12866 JS_CONSOLE              ru.neverlands.abclient               E  Uncaught SyntaxError: Invalid or unexpected token -- From line 1 of http://www.neverlands.ru/main.php
2025-10-04 15:36:24.774 12866-12866 rlands.abclien          ru.neverlands.abclient               W  Accessing hidden method Landroid/widget/PopupWindow;->setTouchModal(Z)V (light greylist, reflection)
2025-10-04 15:36:25.938 12866-12866 Toast                   ru.neverlands.abclient               I  Show toast from OpPackageName:ru.neverlands.abclient, PackageName:ru.neverlands.abclient
2025-10-04 15:36:26.255 12866-12963 OpenGLRenderer          ru.neverlands.abclient               D  endAllActiveAnimators on 0x7b3e39e500 (MenuPopupWindow$MenuDropDownListView) with handle 0x7b347e9860
2025-10-04 15:36:28.754  2065-2169  InputDispatcher         system_server                        E  channel '55d65c ru.neverlands.abclient/ru.neverlands.abclient.MainActivity (server)' ~ Channel is unrecoverably broken and will be disposed!
