2025-10-04 15:35:38.979  2065-2121  SELinux                 system_server                        E  SELinux:  setxattr failed: /data/app/ru.neverlands.abclient-ldC-O2OrEpvjqtSYJ-vd3g==:  Operation not permitted
2025-10-04 15:35:38.979  2065-2121  SELinux                 system_server                        E  SELinux:  setxattr failed: /data/app/ru.neverlands.abclient-ldC-O2OrEpvjqtSYJ-vd3g==/lib:  Operation not permitted
2025-10-04 15:35:39.391  2512-2624  InstallApkReceiver      com.miui.home                        E  install:package:ru.neverlands.abclient
2025-10-04 15:35:39.395 31717-31717 FlatAdSdk               com.biomes.vanced                    E  ACTION_PACKAGE_ADDED packageName:ru.neverlands.abclient
2025-10-04 15:35:44.857  2512-2645  Launcher.AllAppsList    com.miui.home                        E  Can't load postion for packageName: ru.neverlands.abclient activityName: ru.neverlands.abclient.LoginActivity
2025-10-04 15:35:46.626  2065-3272  ActivityTrigger         system_server                        E  activityStartTrigger: not whiteListedru.neverlands.abclient/ru.neverlands.abclient.LoginActivity/4
2025-10-04 15:35:46.628  2065-3272  ActivityTrigger         system_server                        E  activityResumeTrigger: not whiteListedru.neverlands.abclient/ru.neverlands.abclient.LoginActivity/4
2025-10-04 15:35:46.666  2065-3266  ActivityTrigger         system_server                        E  activityResumeTrigger: not whiteListedru.neverlands.abclient/ru.neverlands.abclient.LoginActivity/4
2025-10-04 15:35:46.926 12866-12866 ActivityThread          ru.neverlands.abclient               W  Application ru.neverlands.abclient can be debugged on port 8100...
2025-10-04 15:35:46.930 12866-12866 rlands.abclien          ru.neverlands.abclient               W  miui_dex2oat: oat file of /data/app/ru.neverlands.abclient-ldC-O2OrEpvjqtSYJ-vd3g==/base.apk is not exists
2025-10-04 15:35:47.478 12866-12866 Perf                    ru.neverlands.abclient               I  Connecting to perf service.
2025-10-04 15:35:47.520 12866-12866 rlands.abclien          ru.neverlands.abclient               W  Accessing hidden field Landroid/os/Trace;->TRACE_TAG_APP:J (light greylist, reflection)
2025-10-04 15:35:47.520 12866-12866 rlands.abclien          ru.neverlands.abclient               W  Accessing hidden method Landroid/os/Trace;->isTagEnabled(J)Z (light greylist, reflection)
2025-10-04 15:35:47.985 12866-12960 ThingsRepository        ru.neverlands.abclient               D  Things database is empty. Populating from XML...
2025-10-04 15:35:48.005 12866-12866 AppCompatDelegate       ru.neverlands.abclient               D  Checking for metadata for AppLocalesMetadataHolderService : Service not found
2025-10-04 15:35:48.043 12866-12866 rlands.abclien          ru.neverlands.abclient               W  Accessing hidden field Landroid/graphics/Insets;->left:I (light greylist, linking)
2025-10-04 15:35:48.044 12866-12866 rlands.abclien          ru.neverlands.abclient               W  Accessing hidden field Landroid/graphics/Insets;->top:I (light greylist, linking)
2025-10-04 15:35:48.044 12866-12866 rlands.abclien          ru.neverlands.abclient               W  Accessing hidden field Landroid/graphics/Insets;->right:I (light greylist, linking)
2025-10-04 15:35:48.044 12866-12866 rlands.abclien          ru.neverlands.abclient               W  Accessing hidden field Landroid/graphics/Insets;->bottom:I (light greylist, linking)
2025-10-04 15:35:48.236 12866-12866 rlands.abclien          ru.neverlands.abclient               W  Accessing hidden method Landroid/graphics/FontFamily;-><init>()V (light greylist, reflection)
2025-10-04 15:35:48.236 12866-12866 rlands.abclien          ru.neverlands.abclient               W  Accessing hidden method Landroid/graphics/FontFamily;->addFontFromAssetManager(Landroid/content/res/AssetManager;Ljava/lang/String;IZIII[Landroid/graphics/fonts/FontVariationAxis;)Z (light greylist, reflection)
2025-10-04 15:35:48.236 12866-12866 rlands.abclien          ru.neverlands.abclient               W  Accessing hidden method Landroid/graphics/FontFamily;->addFontFromBuffer(Ljava/nio/ByteBuffer;I[Landroid/graphics/fonts/FontVariationAxis;II)Z (light greylist, reflection)
2025-10-04 15:35:48.236 12866-12866 rlands.abclien          ru.neverlands.abclient               W  Accessing hidden method Landroid/graphics/FontFamily;->freeze()Z (light greylist, reflection)
2025-10-04 15:35:48.236 12866-12866 rlands.abclien          ru.neverlands.abclient               W  Accessing hidden method Landroid/graphics/FontFamily;->abortCreation()V (light greylist, reflection)
2025-10-04 15:35:48.237 12866-12866 rlands.abclien          ru.neverlands.abclient               W  Accessing hidden method Landroid/graphics/Typeface;->createFromFamiliesWithDefault([Landroid/graphics/FontFamily;Ljava/lang/String;II)Landroid/graphics/Typeface; (light greylist, reflection)
2025-10-04 15:35:48.260 12866-12866 rlands.abclien          ru.neverlands.abclient               W  Accessing hidden method Landroid/view/View;->computeFitSystemWindows(Landroid/graphics/Rect;Landroid/graphics/Rect;)Z (light greylist, reflection)
2025-10-04 15:35:48.561 12866-12866 rlands.abclien          ru.neverlands.abclient               W  Accessing hidden method Landroid/widget/PopupWindow;->setClipToScreenEnabled(Z)V (light greylist, reflection)
2025-10-04 15:35:48.562 12866-12866 rlands.abclien          ru.neverlands.abclient               W  Accessing hidden method Landroid/widget/PopupWindow;->setEpicenterBounds(Landroid/graphics/Rect;)V (light greylist, reflection)
2025-10-04 15:35:49.069 12866-12866 rlands.abclien          ru.neverlands.abclient               W  Accessing hidden method Landroid/view/ViewGroup;->makeOptionalFitsSystemWindows()V (light greylist, reflection)
2025-10-04 15:35:49.087 12866-12866 Timeline                ru.neverlands.abclient               I  Timeline: Activity_launch_request time:167766839 intent:Intent { act=android.content.pm.action.REQUEST_PERMISSIONS pkg=com.google.android.packageinstaller (has extras) }
2025-10-04 15:35:49.105 12866-12866 Activity                ru.neverlands.abclient               W  Slow Operation: Activity ru.neverlands.abclient/.LoginActivity onCreate took 1081ms
2025-10-04 15:35:49.198 12866-12866 Looper                  ru.neverlands.abclient               W  Slow Looper main: Activity ru.neverlands.abclient/.LoginActivity is 862ms late (wall=1412ms running=0ms ClientTransaction{ callbacks=[android.app.servertransaction.LaunchActivityItem] lifecycleRequest=android.app.servertransaction.ResumeActivityItem }) because of 1 msg, msg 1 took 924ms (late=2ms h=android.app.ActivityThread$H w=110)
2025-10-04 15:35:49.199 12866-12866 Choreographer           ru.neverlands.abclient               I  Skipped 96 frames!  The application may be doing too much work on its main thread.
2025-10-04 15:35:49.361 12866-12963 Adreno                  ru.neverlands.abclient               I  QUALCOMM build                   : ce8a911, I385ac5a262
                                                                                                    Build Date                       : 03/28/19
                                                                                                    OpenGL ES Shader Compiler Version: EV031.25.03.01
                                                                                                    Local Branch                     : 
                                                                                                    Remote Branch                    : refs/tags/AU_LINUX_ANDROID_LA.UM.7.2.R1.09.00.00.442.052
                                                                                                    Remote Branch                    : NONE
                                                                                                    Reconstruct Branch               : NOTHING
2025-10-04 15:35:49.361 12866-12963 Adreno                  ru.neverlands.abclient               I  Build Config                     : S L 6.0.7 AArch64
2025-10-04 15:35:49.362 12866-12963 vndksupport             ru.neverlands.abclient               D  Loading /vendor/lib64/hw/gralloc.sdm660.so from current namespace instead of sphal namespace.
2025-10-04 15:35:49.381 12866-12963 Adreno                  ru.neverlands.abclient               I  PFP: 0x005ff112, ME: 0x005ff066
2025-10-04 15:35:49.390 12866-12963 ConfigStore             ru.neverlands.abclient               I  android::hardware::configstore::V1_0::ISurfaceFlingerConfigs::hasWideColorDisplay retrieved: 0
2025-10-04 15:35:49.390 12866-12963 ConfigStore             ru.neverlands.abclient               I  android::hardware::configstore::V1_0::ISurfaceFlingerConfigs::hasHDRDisplay retrieved: 0
2025-10-04 15:35:49.394 12866-12963 OpenGLRenderer          ru.neverlands.abclient               I  Initialized EGL, version 1.4
2025-10-04 15:35:49.395 12866-12963 OpenGLRenderer          ru.neverlands.abclient               D  Swap behavior 2
2025-10-04 15:35:49.450 12866-12866 Looper                  ru.neverlands.abclient               W  Slow Looper main: doFrame is 1616ms late because of 3 msg, msg 1 took 924ms (late=2ms h=android.app.ActivityThread$H w=110), msg 2 took 1412ms (late=862ms h=android.app.ActivityThread$H w=159)
2025-10-04 15:35:49.584 12866-12963 vndksupport             ru.neverlands.abclient               D  Loading /vendor/lib64/hw/android.hardware.graphics.mapper@2.0-impl.so from current namespace instead of sphal namespace.
2025-10-04 15:35:49.586 12866-12963 vndksupport             ru.neverlands.abclient               D  Loading /vendor/lib64/hw/gralloc.sdm660.so from current namespace instead of sphal namespace.
2025-10-04 15:35:49.971 12866-12866 Looper                  ru.neverlands.abclient               W  Slow Looper main: doFrame is 515ms late because of 1 msg, msg 1 took 512ms (late=193ms h=android.view.Choreographer$FrameHandler w=0)
2025-10-04 15:35:49.997 12866-12866 Looper                  ru.neverlands.abclient               W  Slow Looper main: Activity ru.neverlands.abclient/.LoginActivity is 872ms late (wall=24ms running=0ms ClientTransaction{ lifecycleRequest=android.app.servertransaction.PauseActivityItem }) because of 14 msg, msg 1 took 1412ms (late=862ms h=android.app.ActivityThread$H w=159), msg 3 took 250ms (late=1616ms h=android.view.Choreographer$FrameHandler c=android.view.Choreographer$FrameDisplayEventReceiver), msg 4 took 512ms (late=193ms h=android.view.Choreographer$FrameHandler w=0)
2025-10-04 15:35:50.079 12866-12866 rlands.abclien          ru.neverlands.abclient               W  Accessing hidden method Landroid/os/Trace;->asyncTraceBegin(JLjava/lang/String;I)V (light greylist, reflection)
2025-10-04 15:35:50.079 12866-12866 rlands.abclien          ru.neverlands.abclient               W  Accessing hidden method Landroid/os/Trace;->asyncTraceEnd(JLjava/lang/String;I)V (light greylist, reflection)
2025-10-04 15:35:50.080 12866-12866 rlands.abclien          ru.neverlands.abclient               W  Accessing hidden method Landroid/os/Trace;->traceCounter(JLjava/lang/String;I)V (light greylist, reflection)
2025-10-04 15:35:50.393 12866-12891 rlands.abclien          ru.neverlands.abclient               I  Background concurrent copying GC freed 101160(3MB) AllocSpace objects, 0(0B) LOS objects, 49% free, 6MB/13MB, paused 203us total 120.257ms
2025-10-04 15:35:51.247  2065-3959  ActivityTrigger         system_server                        E  activityResumeTrigger: not whiteListedru.neverlands.abclient/ru.neverlands.abclient.LoginActivity/4
2025-10-04 15:35:51.248  2065-3959  ActivityTrigger         system_server                        E  activityResumeTrigger: not whiteListedru.neverlands.abclient/ru.neverlands.abclient.LoginActivity/4
2025-10-04 15:35:51.934 12866-12960 ThingsRepository        ru.neverlands.abclient               D  Successfully populated 1190 items into the database.
2025-10-04 15:35:53.640 12866-12866 InputEventReceiver      ru.neverlands.abclient               W  Attempted to finish an input event but the input event receiver has already been disposed.
2025-10-04 15:35:53.701 12866-12866 Timeline                ru.neverlands.abclient               I  Timeline: Activity_launch_request time:167771453 intent:Intent { cmp=ru.neverlands.abclient/.ProfileActivity }
2025-10-04 15:35:53.710  2065-3949  ActivityTrigger         system_server                        E  activityStartTrigger: not whiteListedru.neverlands.abclient/ru.neverlands.abclient.ProfileActivity/4
2025-10-04 15:35:53.715  2065-3949  ActivityTrigger         system_server                        E  activityResumeTrigger: not whiteListedru.neverlands.abclient/ru.neverlands.abclient.ProfileActivity/4
2025-10-04 15:35:53.731  2065-3949  ActivityTrigger         system_server                        E  activityResumeTrigger: not whiteListedru.neverlands.abclient/ru.neverlands.abclient.ProfileActivity/4
2025-10-04 15:35:53.744 12866-12866 ActivityThread          ru.neverlands.abclient               W  handleWindowVisibility: no activity for token android.os.BinderProxy@3aae702
2025-10-04 15:35:54.204 12866-12885 rlands.abclien          ru.neverlands.abclient               I  Compiler allocated 4MB to compile void android.widget.TextView.<init>(android.content.Context, android.util.AttributeSet, int, int)
2025-10-04 15:35:54.562 12866-12866 rlands.abclien          ru.neverlands.abclient               W  Accessing hidden field Landroid/view/WindowInsets;->CONSUMED:Landroid/view/WindowInsets; (light greylist, reflection)
2025-10-04 15:35:54.693 12866-12866 Activity                ru.neverlands.abclient               W  Slow Operation: Activity ru.neverlands.abclient/.ProfileActivity onCreate took 804ms
2025-10-04 15:35:54.744 12866-12866 Choreographer           ru.neverlands.abclient               I  Skipped 59 frames!  The application may be doing too much work on its main thread.
2025-10-04 15:35:54.786 12866-12963 OpenGLRenderer          ru.neverlands.abclient               I  Davey! duration=1032ms; Flags=0, IntendedVsync=167771505371236, Vsync=167772488704530, OldestInputEvent=9223372036854775807, NewestInputEvent=0, HandleInputStart=167772499133238, AnimationStart=167772499329332, PerformTraversalsStart=167772502248447, DrawStart=167772502614488, SyncQueued=167772528900165, SyncStart=167772529243499, IssueDrawCommandsStart=167772529495061, SwapBuffers=167772533776207, FrameCompleted=167772538118603, DequeueBufferDuration=378000, QueueBufferDuration=1276000, 
2025-10-04 15:35:55.101 12866-12866 Looper                  ru.neverlands.abclient               W  Slow Looper main: doFrame is 991ms late because of 2 msg, msg 1 took 107ms (late=8ms h=android.view.ViewRootImpl$ViewRootHandler w=6), msg 2 took 887ms (late=115ms h=android.app.ActivityThread$H w=159)
2025-10-04 15:35:55.217 12866-12866 Looper                  ru.neverlands.abclient               W  Slow Looper main: doFrame is 352ms late because of 1 msg, msg 1 took 356ms (late=991ms h=android.view.Choreographer$FrameHandler c=android.view.Choreographer$FrameDisplayEventReceiver)
2025-10-04 15:35:55.238 12866-13029 ProfileInstaller        ru.neverlands.abclient               D  Installing profile for ru.neverlands.abclient
2025-10-04 15:35:55.494 12866-12930 rlands.abclien          ru.neverlands.abclient               I  ProcessProfilingInfo new_methods=3533 is saved saved_to_disk=1 resolve_classes_delay=8000
2025-10-04 15:35:56.163 12866-12866 AssistStructure         ru.neverlands.abclient               I  Flattened final assist data: 9424 bytes, containing 1 windows, 37 views
2025-10-04 15:35:59.654 12866-12866 AssistStructure         ru.neverlands.abclient               I  Flattened final assist data: 9480 bytes, containing 1 windows, 37 views
2025-10-04 15:35:59.661 12866-12866 IInputConnectionWrapper ru.neverlands.abclient               W  requestCursorAnchorInfo on inactive InputConnection
2025-10-04 15:36:10.323 12866-12885 rlands.abclien          ru.neverlands.abclient               I  Compiler allocated 4MB to compile void android.widget.TextView.<init>(android.content.Context, android.util.AttributeSet, int, int)
2025-10-04 15:36:11.683 12866-12866 AssistStructure         ru.neverlands.abclient               I  Flattened final assist data: 14808 bytes, containing 2 windows, 61 views
2025-10-04 15:36:13.050 12866-12866 AssistStructure         ru.neverlands.abclient               I  Flattened final assist data: 14808 bytes, containing 2 windows, 61 views
2025-10-04 15:36:13.059 12866-12866 IInputConnectionWrapper ru.neverlands.abclient               W  requestCursorAnchorInfo on inactive InputConnection
2025-10-04 15:36:14.303 12866-12963 OpenGLRenderer          ru.neverlands.abclient               D  endAllActiveAnimators on 0x7b3fbbae00 (RippleDrawable) with handle 0x7b3af971c0
2025-10-04 15:36:14.327  2065-2532  ActivityTrigger         system_server                        E  activityResumeTrigger: not whiteListedru.neverlands.abclient/ru.neverlands.abclient.LoginActivity/4
2025-10-04 15:36:14.445 12866-12866 IInputConnectionWrapper ru.neverlands.abclient               W  requestCursorAnchorInfo on inactive InputConnection
2025-10-04 15:36:16.205 12866-12963 OpenGLRenderer          ru.neverlands.abclient               D  endAllActiveAnimators on 0x7b3fbbbd00 (DropDownListView) with handle 0x7b3d488100
2025-10-04 15:36:16.655 12866-12866 AssistStructure         ru.neverlands.abclient               I  Flattened final assist data: 5008 bytes, containing 1 windows, 19 views
2025-10-04 15:36:20.510 12866-13167 rlands.abclien          ru.neverlands.abclient               W  Accessing hidden method Lcom/android/org/conscrypt/OpenSSLSocketImpl;->setUseSessionTickets(Z)V (light greylist, reflection)
2025-10-04 15:36:20.510 12866-13167 rlands.abclien          ru.neverlands.abclient               W  Accessing hidden method Lcom/android/org/conscrypt/OpenSSLSocketImpl;->setHostname(Ljava/lang/String;)V (light greylist, reflection)
2025-10-04 15:36:20.510 12866-13167 rlands.abclien          ru.neverlands.abclient               W  Accessing hidden method Lcom/android/org/conscrypt/OpenSSLSocketImpl;->getAlpnSelectedProtocol()[B (light greylist, reflection)
2025-10-04 15:36:20.510 12866-13167 rlands.abclien          ru.neverlands.abclient               W  Accessing hidden method Lcom/android/org/conscrypt/OpenSSLSocketImpl;->setAlpnProtocols([B)V (light greylist, reflection)
2025-10-04 15:36:20.516 12866-13167 rlands.abclien          ru.neverlands.abclient               W  Accessing hidden method Ldalvik/system/CloseGuard;->get()Ldalvik/system/CloseGuard; (light greylist, reflection)
2025-10-04 15:36:20.516 12866-13167 rlands.abclien          ru.neverlands.abclient               W  Accessing hidden method Ldalvik/system/CloseGuard;->open(Ljava/lang/String;)V (light greylist, reflection)
2025-10-04 15:36:20.516 12866-13167 rlands.abclien          ru.neverlands.abclient               W  Accessing hidden method Ldalvik/system/CloseGuard;->warnIfOpen()V (light greylist, reflection)
2025-10-04 15:36:20.517 12866-13167 NetworkSecurityConfig   ru.neverlands.abclient               D  No Network Security Config specified, using platform default
2025-10-04 15:36:21.117 12866-13167 rlands.abclien          ru.neverlands.abclient               W  Unknown chunk type '200'.
2025-10-04 15:36:21.125 12866-13167 WebViewFactory          ru.neverlands.abclient               I  Loading com.android.chrome version 138.0.7204.179 (code 720417921)
2025-10-04 15:36:21.127 12866-13167 rlands.abclien          ru.neverlands.abclient               W  Unknown chunk type '200'.
2025-10-04 15:36:21.131 12866-13167 linker                  ru.neverlands.abclient               W  Warning: "/data/app/com.android.chrome-E64nQ75f6--D8fpnSar61w==/base.apk!/lib/arm64-v8a/libmonochrome.so" unused DT entry: unknown processor-specific (type 0x70000001 arg 0x0) (ignoring)
2025-10-04 15:36:21.156 12866-13167 rlands.abclien          ru.neverlands.abclient               I  Rejecting re-init on previously-failed class java.lang.Class<P64>: java.lang.NoClassDefFoundError: Failed resolution of: Landroid/webkit/PacProcessor;
2025-10-04 15:36:21.156 12866-13167 rlands.abclien          ru.neverlands.abclient               I    at java.lang.Class java.lang.Class.classForName(java.lang.String, boolean, java.lang.ClassLoader) (Class.java:-2)
2025-10-04 15:36:21.156 12866-13167 rlands.abclien          ru.neverlands.abclient               I    at java.lang.Class java.lang.Class.forName(java.lang.String, boolean, java.lang.ClassLoader) (Class.java:453)
2025-10-04 15:36:21.156 12866-13167 rlands.abclien          ru.neverlands.abclient               I    at java.lang.Class android.webkit.WebViewFactory.getWebViewProviderClass(java.lang.ClassLoader) (WebViewFactory.java:176)
2025-10-04 15:36:21.156 12866-13167 rlands.abclien          ru.neverlands.abclient               I    at java.lang.Class android.webkit.WebViewFactory.getProviderClass() (WebViewFactory.java:459)
2025-10-04 15:36:21.156 12866-13167 rlands.abclien          ru.neverlands.abclient               I    at android.webkit.WebViewFactoryProvider android.webkit.WebViewFactory.getProvider() (WebViewFactory.java:251)
2025-10-04 15:36:21.156 12866-13167 rlands.abclien          ru.neverlands.abclient               I    at android.webkit.CookieManager android.webkit.CookieManager.getInstance() (CookieManager.java:40)
2025-10-04 15:36:21.156 12866-13167 rlands.abclien          ru.neverlands.abclient               I    at ru.neverlands.abclient.model.AuthResult ru.neverlands.abclient.AuthManager.authorize(java.lang.String, java.lang.String) (AuthManager.java:110)
2025-10-04 15:36:21.156 12866-13167 rlands.abclien          ru.neverlands.abclient               I    at void ru.neverlands.abclient.LoginActivity.lambda$login$7$ru-neverlands-abclient-LoginActivity(java.lang.String, java.lang.String, android.os.Handler, ru.neverlands.abclient.model.UserConfig) (LoginActivity.java:231)
2025-10-04 15:36:21.156 12866-13167 rlands.abclien          ru.neverlands.abclient               I    at void ru.neverlands.abclient.LoginActivity$$ExternalSyntheticLambda1.run() (D8$$SyntheticClass:0)
2025-10-04 15:36:21.156 12866-13167 rlands.abclien          ru.neverlands.abclient               I    at void java.util.concurrent.ThreadPoolExecutor.runWorker(java.util.concurrent.ThreadPoolExecutor$Worker) (ThreadPoolExecutor.java:1167)
2025-10-04 15:36:21.156 12866-13167 rlands.abclien          ru.neverlands.abclient               I    at void java.util.concurrent.ThreadPoolExecutor$Worker.run() (ThreadPoolExecutor.java:641)
2025-10-04 15:36:21.156 12866-13167 rlands.abclien          ru.neverlands.abclient               I    at void java.lang.Thread.run() (Thread.java:764)
2025-10-04 15:36:21.156 12866-13167 rlands.abclien          ru.neverlands.abclient               I  Caused by: java.lang.ClassNotFoundException: Didn't find class "android.webkit.PacProcessor" on path: DexPathList[[zip file "/data/app/com.android.chrome-E64nQ75f6--D8fpnSar61w==/base.apk"],nativeLibraryDirectories=[/data/app/com.android.chrome-E64nQ75f6--D8fpnSar61w==/lib/arm64, /data/app/com.android.chrome-E64nQ75f6--D8fpnSar61w==/base.apk!/lib/arm64-v8a, /system/lib64, /system/vendor/lib64]]
2025-10-04 15:36:21.156 12866-13167 rlands.abclien          ru.neverlands.abclient               I    at java.lang.Class dalvik.system.BaseDexClassLoader.findClass(java.lang.String) (BaseDexClassLoader.java:134)
2025-10-04 15:36:21.156 12866-13167 rlands.abclien          ru.neverlands.abclient               I    at java.lang.Class java.lang.ClassLoader.loadClass(java.lang.String, boolean) (ClassLoader.java:379)
2025-10-04 15:36:21.156 12866-13167 rlands.abclien          ru.neverlands.abclient               I    at java.lang.Class java.lang.ClassLoader.loadClass(java.lang.String) (ClassLoader.java:312)
2025-10-04 15:36:21.156 12866-13167 rlands.abclien          ru.neverlands.abclient               I    at java.lang.Class java.lang.Class.classForName(java.lang.String, boolean, java.lang.ClassLoader) (Class.java:-2)
2025-10-04 15:36:21.156 12866-13167 rlands.abclien          ru.neverlands.abclient               I    at java.lang.Class java.lang.Class.forName(java.lang.String, boolean, java.lang.ClassLoader) (Class.java:453)
2025-10-04 15:36:21.156 12866-13167 rlands.abclien          ru.neverlands.abclient               I    at java.lang.Class android.webkit.WebViewFactory.getWebViewProviderClass(java.lang.ClassLoader) (WebViewFactory.java:176)
2025-10-04 15:36:21.156 12866-13167 rlands.abclien          ru.neverlands.abclient               I    at java.lang.Class android.webkit.WebViewFactory.getProviderClass() (WebViewFactory.java:459)
2025-10-04 15:36:21.156 12866-13167 rlands.abclien          ru.neverlands.abclient               I    at android.webkit.WebViewFactoryProvider android.webkit.WebViewFactory.getProvider() (WebViewFactory.java:251)
2025-10-04 15:36:21.156 12866-13167 rlands.abclien          ru.neverlands.abclient               I    at android.webkit.CookieManager android.webkit.CookieManager.getInstance() (CookieManager.java:40)
2025-10-04 15:36:21.156 12866-13167 rlands.abclien          ru.neverlands.abclient               I    at ru.neverlands.abclient.model.AuthResult ru.neverlands.abclient.AuthManager.authorize(java.lang.String, java.lang.String) (AuthManager.java:110)
2025-10-04 15:36:21.156 12866-13167 rlands.abclien          ru.neverlands.abclient               I    at void ru.neverlands.abclient.LoginActivity.lambda$login$7$ru-neverlands-abclient-LoginActivity(java.lang.String, java.lang.String, android.os.Handler, ru.neverlands.abclient.model.UserConfig) (LoginActivity.java:231)
2025-10-04 15:36:21.156 12866-13167 rlands.abclien          ru.neverlands.abclient               I    at void ru.neverlands.abclient.LoginActivity$$ExternalSyntheticLambda1.run() (D8$$SyntheticClass:0)
2025-10-04 15:36:21.156 12866-13167 rlands.abclien          ru.neverlands.abclient               I    at void java.util.concurrent.ThreadPoolExecutor.runWorker(java.util.concurrent.ThreadPoolExecutor$Worker) (ThreadPoolExecutor.java:1167)
2025-10-04 15:36:21.156 12866-13167 rlands.abclien          ru.neverlands.abclient               I    at void java.util.concurrent.ThreadPoolExecutor$Worker.run() (ThreadPoolExecutor.java:641)
2025-10-04 15:36:21.156 12866-13167 rlands.abclien          ru.neverlands.abclient               I    at void java.lang.Thread.run() (Thread.java:764)
2025-10-04 15:36:21.156 12866-13167 rlands.abclien          ru.neverlands.abclient               I  
2025-10-04 15:36:21.156 12866-13167 rlands.abclien          ru.neverlands.abclient               I  Rejecting re-init on previously-failed class java.lang.Class<P64>: java.lang.NoClassDefFoundError: Failed resolution of: Landroid/webkit/PacProcessor;
2025-10-04 15:36:21.156 12866-13167 rlands.abclien          ru.neverlands.abclient               I    at java.lang.Class java.lang.Class.classForName(java.lang.String, boolean, java.lang.ClassLoader) (Class.java:-2)
2025-10-04 15:36:21.156 12866-13167 rlands.abclien          ru.neverlands.abclient               I    at java.lang.Class java.lang.Class.forName(java.lang.String, boolean, java.lang.ClassLoader) (Class.java:453)
2025-10-04 15:36:21.156 12866-13167 rlands.abclien          ru.neverlands.abclient               I    at java.lang.Class android.webkit.WebViewFactory.getWebViewProviderClass(java.lang.ClassLoader) (WebViewFactory.java:176)
2025-10-04 15:36:21.156 12866-13167 rlands.abclien          ru.neverlands.abclient               I    at java.lang.Class android.webkit.WebViewFactory.getProviderClass() (WebViewFactory.java:459)
2025-10-04 15:36:21.156 12866-13167 rlands.abclien          ru.neverlands.abclient               I    at android.webkit.WebViewFactoryProvider android.webkit.WebViewFactory.getProvider() (WebViewFactory.java:251)
2025-10-04 15:36:21.156 12866-13167 rlands.abclien          ru.neverlands.abclient               I    at android.webkit.CookieManager android.webkit.CookieManager.getInstance() (CookieManager.java:40)
2025-10-04 15:36:21.156 12866-13167 rlands.abclien          ru.neverlands.abclient               I    at ru.neverlands.abclient.model.AuthResult ru.neverlands.abclient.AuthManager.authorize(java.lang.String, java.lang.String) (AuthManager.java:110)
2025-10-04 15:36:21.156 12866-13167 rlands.abclien          ru.neverlands.abclient               I    at void ru.neverlands.abclient.LoginActivity.lambda$login$7$ru-neverlands-abclient-LoginActivity(java.lang.String, java.lang.String, android.os.Handler, ru.neverlands.abclient.model.UserConfig) (LoginActivity.java:231)
2025-10-04 15:36:21.156 12866-13167 rlands.abclien          ru.neverlands.abclient               I    at void ru.neverlands.abclient.LoginActivity$$ExternalSyntheticLambda1.run() (D8$$SyntheticClass:0)
2025-10-04 15:36:21.156 12866-13167 rlands.abclien          ru.neverlands.abclient               I    at void java.util.concurrent.ThreadPoolExecutor.runWorker(java.util.concurrent.ThreadPoolExecutor$Worker) (ThreadPoolExecutor.java:1167)
2025-10-04 15:36:21.156 12866-13167 rlands.abclien          ru.neverlands.abclient               I    at void java.util.concurrent.ThreadPoolExecutor$Worker.run() (ThreadPoolExecutor.java:641)
2025-10-04 15:36:21.156 12866-13167 rlands.abclien          ru.neverlands.abclient               I    at void java.lang.Thread.run() (Thread.java:764)
2025-10-04 15:36:21.156 12866-13167 rlands.abclien          ru.neverlands.abclient               I  Caused by: java.lang.ClassNotFoundException: Didn't find class "android.webkit.PacProcessor" on path: DexPathList[[zip file "/data/app/com.android.chrome-E64nQ75f6--D8fpnSar61w==/base.apk"],nativeLibraryDirectories=[/data/app/com.android.chrome-E64nQ75f6--D8fpnSar61w==/lib/arm64, /data/app/com.android.chrome-E64nQ75f6--D8fpnSar61w==/base.apk!/lib/arm64-v8a, /system/lib64, /system/vendor/lib64]]
2025-10-04 15:36:21.156 12866-13167 rlands.abclien          ru.neverlands.abclient               I    at java.lang.Class dalvik.system.BaseDexClassLoader.findClass(java.lang.String) (BaseDexClassLoader.java:134)
2025-10-04 15:36:21.156 12866-13167 rlands.abclien          ru.neverlands.abclient               I    at java.lang.Class java.lang.ClassLoader.loadClass(java.lang.String, boolean) (ClassLoader.java:379)
2025-10-04 15:36:21.157 12866-13167 rlands.abclien          ru.neverlands.abclient               I    at java.lang.Class java.lang.ClassLoader.loadClass(java.lang.String) (ClassLoader.java:312)
2025-10-04 15:36:21.157 12866-13167 rlands.abclien          ru.neverlands.abclient               I    at java.lang.Class java.lang.Class.classForName(java.lang.String, boolean, java.lang.ClassLoader) (Class.java:-2)
2025-10-04 15:36:21.157 12866-13167 rlands.abclien          ru.neverlands.abclient               I    at java.lang.Class java.lang.Class.forName(java.lang.String, boolean, java.lang.ClassLoader) (Class.java:453)
2025-10-04 15:36:21.157 12866-13167 rlands.abclien          ru.neverlands.abclient               I    at java.lang.Class android.webkit.WebViewFactory.getWebViewProviderClass(java.lang.ClassLoader) (WebViewFactory.java:176)
2025-10-04 15:36:21.157 12866-13167 rlands.abclien          ru.neverlands.abclient               I    at java.lang.Class android.webkit.WebViewFactory.getProviderClass() (WebViewFactory.java:459)
2025-10-04 15:36:21.157 12866-13167 rlands.abclien          ru.neverlands.abclient               I    at android.webkit.WebViewFactoryProvider android.webkit.WebViewFactory.getProvider() (WebViewFactory.java:251)
2025-10-04 15:36:21.157 12866-13167 rlands.abclien          ru.neverlands.abclient               I    at android.webkit.CookieManager android.webkit.CookieManager.getInstance() (CookieManager.java:40)
2025-10-04 15:36:21.157 12866-13167 rlands.abclien          ru.neverlands.abclient               I    at ru.neverlands.abclient.model.AuthResult ru.neverlands.abclient.AuthManager.authorize(java.lang.String, java.lang.String) (AuthManager.java:110)
2025-10-04 15:36:21.157 12866-13167 rlands.abclien          ru.neverlands.abclient               I    at void ru.neverlands.abclient.LoginActivity.lambda$login$7$ru-neverlands-abclient-LoginActivity(java.lang.String, java.lang.String, android.os.Handler, ru.neverlands.abclient.model.UserConfig) (LoginActivity.java:231)
2025-10-04 15:36:21.157 12866-13167 rlands.abclien          ru.neverlands.abclient               I    at void ru.neverlands.abclient.LoginActivity$$ExternalSyntheticLambda1.run() (D8$$SyntheticClass:0)
2025-10-04 15:36:21.157 12866-13167 rlands.abclien          ru.neverlands.abclient               I    at void java.util.concurrent.ThreadPoolExecutor.runWorker(java.util.concurrent.ThreadPoolExecutor$Worker) (ThreadPoolExecutor.java:1167)
2025-10-04 15:36:21.157 12866-13167 rlands.abclien          ru.neverlands.abclient               I    at void java.util.concurrent.ThreadPoolExecutor$Worker.run() (ThreadPoolExecutor.java:641)
2025-10-04 15:36:21.157 12866-13167 rlands.abclien          ru.neverlands.abclient               I    at void java.lang.Thread.run() (Thread.java:764)
2025-10-04 15:36:21.157 12866-13167 rlands.abclien          ru.neverlands.abclient               I  
2025-10-04 15:36:21.159 12866-13167 rlands.abclien          ru.neverlands.abclient               I  Rejecting re-init on previously-failed class java.lang.Class<P64>: java.lang.NoClassDefFoundError: Failed resolution of: Landroid/webkit/PacProcessor;
2025-10-04 15:36:21.159 12866-13167 rlands.abclien          ru.neverlands.abclient               I    at java.lang.Class java.lang.Class.classForName(java.lang.String, boolean, java.lang.ClassLoader) (Class.java:-2)
2025-10-04 15:36:21.159 12866-13167 rlands.abclien          ru.neverlands.abclient               I    at java.lang.Class java.lang.Class.forName(java.lang.String, boolean, java.lang.ClassLoader) (Class.java:453)
2025-10-04 15:36:21.159 12866-13167 rlands.abclien          ru.neverlands.abclient               I    at java.lang.Class android.webkit.WebViewFactory.getWebViewProviderClass(java.lang.ClassLoader) (WebViewFactory.java:176)
2025-10-04 15:36:21.159 12866-13167 rlands.abclien          ru.neverlands.abclient               I    at java.lang.Class android.webkit.WebViewFactory.getProviderClass() (WebViewFactory.java:459)
2025-10-04 15:36:21.159 12866-13167 rlands.abclien          ru.neverlands.abclient               I    at android.webkit.WebViewFactoryProvider android.webkit.WebViewFactory.getProvider() (WebViewFactory.java:251)
2025-10-04 15:36:21.159 12866-13167 rlands.abclien          ru.neverlands.abclient               I    at android.webkit.CookieManager android.webkit.CookieManager.getInstance() (CookieManager.java:40)
2025-10-04 15:36:21.159 12866-13167 rlands.abclien          ru.neverlands.abclient               I    at ru.neverlands.abclient.model.AuthResult ru.neverlands.abclient.AuthManager.authorize(java.lang.String, java.lang.String) (AuthManager.java:110)
2025-10-04 15:36:21.159 12866-13167 rlands.abclien          ru.neverlands.abclient               I    at void ru.neverlands.abclient.LoginActivity.lambda$login$7$ru-neverlands-abclient-LoginActivity(java.lang.String, java.lang.String, android.os.Handler, ru.neverlands.abclient.model.UserConfig) (LoginActivity.java:231)
2025-10-04 15:36:21.159 12866-13167 rlands.abclien          ru.neverlands.abclient               I    at void ru.neverlands.abclient.LoginActivity$$ExternalSyntheticLambda1.run() (D8$$SyntheticClass:0)
2025-10-04 15:36:21.159 12866-13167 rlands.abclien          ru.neverlands.abclient               I    at void java.util.concurrent.ThreadPoolExecutor.runWorker(java.util.concurrent.ThreadPoolExecutor$Worker) (ThreadPoolExecutor.java:1167)
2025-10-04 15:36:21.159 12866-13167 rlands.abclien          ru.neverlands.abclient               I    at void java.util.concurrent.ThreadPoolExecutor$Worker.run() (ThreadPoolExecutor.java:641)
2025-10-04 15:36:21.159 12866-13167 rlands.abclien          ru.neverlands.abclient               I    at void java.lang.Thread.run() (Thread.java:764)
2025-10-04 15:36:21.159 12866-13167 rlands.abclien          ru.neverlands.abclient               I  Caused by: java.lang.ClassNotFoundException: Didn't find class "android.webkit.PacProcessor" on path: DexPathList[[zip file "/data/app/com.android.chrome-E64nQ75f6--D8fpnSar61w==/base.apk"],nativeLibraryDirectories=[/data/app/com.android.chrome-E64nQ75f6--D8fpnSar61w==/lib/arm64, /data/app/com.android.chrome-E64nQ75f6--D8fpnSar61w==/base.apk!/lib/arm64-v8a, /system/lib64, /system/vendor/lib64]]
2025-10-04 15:36:21.159 12866-13167 rlands.abclien          ru.neverlands.abclient               I    at java.lang.Class dalvik.system.BaseDexClassLoader.findClass(java.lang.String) (BaseDexClassLoader.java:134)
2025-10-04 15:36:21.159 12866-13167 rlands.abclien          ru.neverlands.abclient               I    at java.lang.Class java.lang.ClassLoader.loadClass(java.lang.String, boolean) (ClassLoader.java:379)
2025-10-04 15:36:21.159 12866-13167 rlands.abclien          ru.neverlands.abclient               I    at java.lang.Class java.lang.ClassLoader.loadClass(java.lang.String) (ClassLoader.java:312)
2025-10-04 15:36:21.159 12866-13167 rlands.abclien          ru.neverlands.abclient               I    at java.lang.Class java.lang.Class.classForName(java.lang.String, boolean, java.lang.ClassLoader) (Class.java:-2)
2025-10-04 15:36:21.159 12866-13167 rlands.abclien          ru.neverlands.abclient               I    at java.lang.Class java.lang.Class.forName(java.lang.String, boolean, java.lang.ClassLoader) (Class.java:453)
2025-10-04 15:36:21.159 12866-13167 rlands.abclien          ru.neverlands.abclient               I    at java.lang.Class android.webkit.WebViewFactory.getWebViewProviderClass(java.lang.ClassLoader) (WebViewFactory.java:176)
2025-10-04 15:36:21.159 12866-13167 rlands.abclien          ru.neverlands.abclient               I    at java.lang.Class android.webkit.WebViewFactory.getProviderClass() (WebViewFactory.java:459)
2025-10-04 15:36:21.159 12866-13167 rlands.abclien          ru.neverlands.abclient               I    at android.webkit.WebViewFactoryProvider android.webkit.WebViewFactory.getProvider() (WebViewFactory.java:251)
2025-10-04 15:36:21.159 12866-13167 rlands.abclien          ru.neverlands.abclient               I    at android.webkit.CookieManager android.webkit.CookieManager.getInstance() (CookieManager.java:40)
2025-10-04 15:36:21.159 12866-13167 rlands.abclien          ru.neverlands.abclient               I    at ru.neverlands.abclient.model.AuthResult ru.neverlands.abclient.AuthManager.authorize(java.lang.String, java.lang.String) (AuthManager.java:110)
2025-10-04 15:36:21.159 12866-13167 rlands.abclien          ru.neverlands.abclient               I    at void ru.neverlands.abclient.LoginActivity.lambda$login$7$ru-neverlands-abclient-LoginActivity(java.lang.String, java.lang.String, android.os.Handler, ru.neverlands.abclient.model.UserConfig) (LoginActivity.java:231)
2025-10-04 15:36:21.159 12866-13167 rlands.abclien          ru.neverlands.abclient               I    at void ru.neverlands.abclient.LoginActivity$$ExternalSyntheticLambda1.run() (D8$$SyntheticClass:0)
2025-10-04 15:36:21.159 12866-13167 rlands.abclien          ru.neverlands.abclient               I    at void java.util.concurrent.ThreadPoolExecutor.runWorker(java.util.concurrent.ThreadPoolExecutor$Worker) (ThreadPoolExecutor.java:1167)
2025-10-04 15:36:21.159 12866-13167 rlands.abclien          ru.neverlands.abclient               I    at void java.util.concurrent.ThreadPoolExecutor$Worker.run() (ThreadPoolExecutor.java:641)
2025-10-04 15:36:21.159 12866-13167 rlands.abclien          ru.neverlands.abclient               I    at void java.lang.Thread.run() (Thread.java:764)
2025-10-04 15:36:21.159 12866-13167 rlands.abclien          ru.neverlands.abclient               I  
2025-10-04 15:36:21.159 12866-13167 rlands.abclien          ru.neverlands.abclient               I  Rejecting re-init on previously-failed class java.lang.Class<P64>: java.lang.NoClassDefFoundError: Failed resolution of: Landroid/webkit/PacProcessor;
2025-10-04 15:36:21.159 12866-13167 rlands.abclien          ru.neverlands.abclient               I    at java.lang.Class java.lang.Class.classForName(java.lang.String, boolean, java.lang.ClassLoader) (Class.java:-2)
2025-10-04 15:36:21.159 12866-13167 rlands.abclien          ru.neverlands.abclient               I    at java.lang.Class java.lang.Class.forName(java.lang.String, boolean, java.lang.ClassLoader) (Class.java:453)
2025-10-04 15:36:21.159 12866-13167 rlands.abclien          ru.neverlands.abclient               I    at java.lang.Class android.webkit.WebViewFactory.getWebViewProviderClass(java.lang.ClassLoader) (WebViewFactory.java:176)
2025-10-04 15:36:21.159 12866-13167 rlands.abclien          ru.neverlands.abclient               I    at java.lang.Class android.webkit.WebViewFactory.getProviderClass() (WebViewFactory.java:459)
2025-10-04 15:36:21.159 12866-13167 rlands.abclien          ru.neverlands.abclient               I    at android.webkit.WebViewFactoryProvider android.webkit.WebViewFactory.getProvider() (WebViewFactory.java:251)
2025-10-04 15:36:21.159 12866-13167 rlands.abclien          ru.neverlands.abclient               I    at android.webkit.CookieManager android.webkit.CookieManager.getInstance() (CookieManager.java:40)
2025-10-04 15:36:21.159 12866-13167 rlands.abclien          ru.neverlands.abclient               I    at ru.neverlands.abclient.model.AuthResult ru.neverlands.abclient.AuthManager.authorize(java.lang.String, java.lang.String) (AuthManager.java:110)
2025-10-04 15:36:21.159 12866-13167 rlands.abclien          ru.neverlands.abclient               I    at void ru.neverlands.abclient.LoginActivity.lambda$login$7$ru-neverlands-abclient-LoginActivity(java.lang.String, java.lang.String, android.os.Handler, ru.neverlands.abclient.model.UserConfig) (LoginActivity.java:231)
2025-10-04 15:36:21.159 12866-13167 rlands.abclien          ru.neverlands.abclient               I    at void ru.neverlands.abclient.LoginActivity$$ExternalSyntheticLambda1.run() (D8$$SyntheticClass:0)
2025-10-04 15:36:21.159 12866-13167 rlands.abclien          ru.neverlands.abclient               I    at void java.util.concurrent.ThreadPoolExecutor.runWorker(java.util.concurrent.ThreadPoolExecutor$Worker) (ThreadPoolExecutor.java:1167)
2025-10-04 15:36:21.159 12866-13167 rlands.abclien          ru.neverlands.abclient               I    at void java.util.concurrent.ThreadPoolExecutor$Worker.run() (ThreadPoolExecutor.java:641)
2025-10-04 15:36:21.159 12866-13167 rlands.abclien          ru.neverlands.abclient               I    at void java.lang.Thread.run() (Thread.java:764)
2025-10-04 15:36:21.159 12866-13167 rlands.abclien          ru.neverlands.abclient               I  Caused by: java.lang.ClassNotFoundException: Didn't find class "android.webkit.PacProcessor" on path: DexPathList[[zip file "/data/app/com.android.chrome-E64nQ75f6--D8fpnSar61w==/base.apk"],nativeLibraryDirectories=[/data/app/com.android.chrome-E64nQ75f6--D8fpnSar61w==/lib/arm64, /data/app/com.android.chrome-E64nQ75f6--D8fpnSar61w==/base.apk!/lib/arm64-v8a, /system/lib64, /system/vendor/lib64]]
2025-10-04 15:36:21.159 12866-13167 rlands.abclien          ru.neverlands.abclient               I    at java.lang.Class dalvik.system.BaseDexClassLoader.findClass(java.lang.String) (BaseDexClassLoader.java:134)
2025-10-04 15:36:21.159 12866-13167 rlands.abclien          ru.neverlands.abclient               I    at java.lang.Class java.lang.ClassLoader.loadClass(java.lang.String, boolean) (ClassLoader.java:379)
2025-10-04 15:36:21.159 12866-13167 rlands.abclien          ru.neverlands.abclient               I    at java.lang.Class java.lang.ClassLoader.loadClass(java.lang.String) (ClassLoader.java:312)
2025-10-04 15:36:21.159 12866-13167 rlands.abclien          ru.neverlands.abclient               I    at java.lang.Class java.lang.Class.classForName(java.lang.String, boolean, java.lang.ClassLoader) (Class.java:-2)
2025-10-04 15:36:21.159 12866-13167 rlands.abclien          ru.neverlands.abclient               I    at java.lang.Class java.lang.Class.forName(java.lang.String, boolean, java.lang.ClassLoader) (Class.java:453)
2025-10-04 15:36:21.159 12866-13167 rlands.abclien          ru.neverlands.abclient               I    at java.lang.Class android.webkit.WebViewFactory.getWebViewProviderClass(java.lang.ClassLoader) (WebViewFactory.java:176)
2025-10-04 15:36:21.159 12866-13167 rlands.abclien          ru.neverlands.abclient               I    at java.lang.Class android.webkit.WebViewFactory.getProviderClass() (WebViewFactory.java:459)
2025-10-04 15:36:21.159 12866-13167 rlands.abclien          ru.neverlands.abclient               I    at android.webkit.WebViewFactoryProvider android.webkit.WebViewFactory.getProvider() (WebViewFactory.java:251)
2025-10-04 15:36:21.159 12866-13167 rlands.abclien          ru.neverlands.abclient               I    at android.webkit.CookieManager android.webkit.CookieManager.getInstance() (CookieManager.java:40)
2025-10-04 15:36:21.159 12866-13167 rlands.abclien          ru.neverlands.abclient               I    at ru.neverlands.abclient.model.AuthResult ru.neverlands.abclient.AuthManager.authorize(java.lang.String, java.lang.String) (AuthManager.java:110)
2025-10-04 15:36:21.159 12866-13167 rlands.abclien          ru.neverlands.abclient               I    at void ru.neverlands.abclient.LoginActivity.lambda$login$7$ru-neverlands-abclient-LoginActivity(java.lang.String, java.lang.String, android.os.Handler, ru.neverlands.abclient.model.UserConfig) (LoginActivity.java:231)
2025-10-04 15:36:21.159 12866-13167 rlands.abclien          ru.neverlands.abclient               I    at void ru.neverlands.abclient.LoginActivity$$ExternalSyntheticLambda1.run() (D8$$SyntheticClass:0)
2025-10-04 15:36:21.159 12866-13167 rlands.abclien          ru.neverlands.abclient               I    at void java.util.concurrent.ThreadPoolExecutor.runWorker(java.util.concurrent.ThreadPoolExecutor$Worker) (ThreadPoolExecutor.java:1167)
2025-10-04 15:36:21.159 12866-13167 rlands.abclien          ru.neverlands.abclient               I    at void java.util.concurrent.ThreadPoolExecutor$Worker.run() (ThreadPoolExecutor.java:641)
2025-10-04 15:36:21.159 12866-13167 rlands.abclien          ru.neverlands.abclient               I    at void java.lang.Thread.run() (Thread.java:764)
2025-10-04 15:36:21.159 12866-13167 rlands.abclien          ru.neverlands.abclient               I  
2025-10-04 15:36:21.181 12866-13167 cr_WVCFactoryProvider   ru.neverlands.abclient               I  version=138.0.7204.179 (720417921) minSdkVersion=26 isBundle=false multiprocess=true packageId=2
2025-10-04 15:36:21.194 12866-13174 chromium                ru.neverlands.abclient               I  [1004/153621.193883:INFO:android_webview/browser/variations/variations_seed_loader.cc:67] Failed to open file for reading.: No such file or directory (2)
2025-10-04 15:36:21.194 12866-13174 chromium                ru.neverlands.abclient               I  [1004/153621.194217:INFO:android_webview/browser/variations/variations_seed_loader.cc:67] Failed to open file for reading.: No such file or directory (2)
2025-10-04 15:36:21.203 12866-13167 cr_LibraryLoader        ru.neverlands.abclient               I  Successfully loaded native library
2025-10-04 15:36:21.204 12866-13167 cr_CachingUmaRecorder   ru.neverlands.abclient               I  Flushed 7 samples from 7 histograms, 0 samples were dropped.
2025-10-04 15:36:21.335 12866-12866 Timeline                ru.neverlands.abclient               I  Timeline: Activity_launch_request time:167799087 intent:Intent { cmp=ru.neverlands.abclient/.MainActivity }
2025-10-04 15:36:21.344  2065-3949  ActivityTrigger         system_server                        E  activityStartTrigger: not whiteListedru.neverlands.abclient/ru.neverlands.abclient.MainActivity/4
2025-10-04 15:36:21.346  2065-3949  ActivityTrigger         system_server                        E  activityResumeTrigger: not whiteListedru.neverlands.abclient/ru.neverlands.abclient.MainActivity/4
2025-10-04 15:36:21.371  2065-3273  ActivityTrigger         system_server                        E  activityResumeTrigger: not whiteListedru.neverlands.abclient/ru.neverlands.abclient.MainActivity/4
2025-10-04 15:36:21.380 12866-12866 ActivityThread          ru.neverlands.abclient               W  handleWindowVisibility: no activity for token android.os.BinderProxy@e97baf6
2025-10-04 15:36:21.453 12866-12866 rlands.abclien          ru.neverlands.abclient               W  Unknown chunk type '200'.
2025-10-04 15:36:21.472 12866-12866 cr_CombinedPProvider    ru.neverlands.abclient               I  #registerProvider() provider:FP@3ef855c isPolicyCacheEnabled:false policyProvidersSize:0
2025-10-04 15:36:21.474 12866-12866 cr_PolicyProvider       ru.neverlands.abclient               I  #setManagerAndSource() 0
2025-10-04 15:36:21.478 12866-13196 rlands.abclien          ru.neverlands.abclient               W  Accessing hidden method Landroid/content/Context;->bindServiceAsUser(Landroid/content/Intent;Landroid/content/ServiceConnection;ILandroid/os/Handler;Landroid/os/UserHandle;)Z (light greylist, reflection)
2025-10-04 15:36:21.495 12866-12866 cr_CombinedPProvider    ru.neverlands.abclient               I  #linkNativeInternal() 1
2025-10-04 15:36:21.496 12866-12866 cr_AppResProvider       ru.neverlands.abclient               I  #getApplicationRestrictionsFromUserManager() Bundle[EMPTY_PARCEL]
2025-10-04 15:36:21.497 12866-12866 cr_PolicyProvider       ru.neverlands.abclient               I  #notifySettingsAvailable() 0
