2025-10-05 13:26:07.845  2065-2121  SELinux                 system_server                        E  SELinux:  setxattr failed: /data/app/ru.neverlands.abclient-OOPxrFTqMHTv8FFL9WfH3g==:  Operation not permitted
2025-10-05 13:26:07.845  2065-2121  SELinux                 system_server                        E  SELinux:  setxattr failed: /data/app/ru.neverlands.abclient-OOPxrFTqMHTv8FFL9WfH3g==/lib:  Operation not permitted
2025-10-05 13:26:08.268  2512-2624  InstallApkReceiver      com.miui.home                        E  install:package:ru.neverlands.abclient
2025-10-05 13:26:08.269 31717-31717 FlatAdSdk               com.biomes.vanced                    E  ACTION_PACKAGE_ADDED packageName:ru.neverlands.abclient
2025-10-05 13:26:09.045  2512-2645  Launcher.AllAppsList    com.miui.home                        E  Can't load postion for packageName: ru.neverlands.abclient activityName: ru.neverlands.abclient.LoginActivity
2025-10-05 13:26:24.664  2065-3948  ActivityTrigger         system_server                        E  activityStartTrigger: not whiteListedru.neverlands.abclient/ru.neverlands.abclient.LoginActivity/4
2025-10-05 13:26:24.667  2065-3948  ActivityTrigger         system_server                        E  activityResumeTrigger: not whiteListedru.neverlands.abclient/ru.neverlands.abclient.LoginActivity/4
2025-10-05 13:26:24.715  2065-2581  ActivityTrigger         system_server                        E  activityResumeTrigger: not whiteListedru.neverlands.abclient/ru.neverlands.abclient.LoginActivity/4
---------------------------- PROCESS STARTED (26959) for package ru.neverlands.abclient ----------------------------
2025-10-05 13:26:24.960 26959-26959 ActivityThread          ru.neverlands.abclient               W  Application ru.neverlands.abclient can be debugged on port 8100...
2025-10-05 13:26:24.966 26959-26959 rlands.abclien          ru.neverlands.abclient               W  miui_dex2oat: oat file of /data/app/ru.neverlands.abclient-OOPxrFTqMHTv8FFL9WfH3g==/base.apk is not exists
2025-10-05 13:26:25.520 26959-26959 Perf                    ru.neverlands.abclient               I  Connecting to perf service.
2025-10-05 13:26:25.569 26959-26959 rlands.abclien          ru.neverlands.abclient               W  Accessing hidden field Landroid/os/Trace;->TRACE_TAG_APP:J (light greylist, reflection)
2025-10-05 13:26:25.570 26959-26959 rlands.abclien          ru.neverlands.abclient               W  Accessing hidden method Landroid/os/Trace;->isTagEnabled(J)Z (light greylist, reflection)
2025-10-05 13:26:26.084 26959-26959 AppCompatDelegate       ru.neverlands.abclient               D  Checking for metadata for AppLocalesMetadataHolderService : Service not found
2025-10-05 13:26:26.128 26959-26959 rlands.abclien          ru.neverlands.abclient               W  Accessing hidden field Landroid/graphics/Insets;->left:I (light greylist, linking)
2025-10-05 13:26:26.128 26959-26959 rlands.abclien          ru.neverlands.abclient               W  Accessing hidden field Landroid/graphics/Insets;->top:I (light greylist, linking)
2025-10-05 13:26:26.128 26959-26959 rlands.abclien          ru.neverlands.abclient               W  Accessing hidden field Landroid/graphics/Insets;->right:I (light greylist, linking)
2025-10-05 13:26:26.128 26959-26959 rlands.abclien          ru.neverlands.abclient               W  Accessing hidden field Landroid/graphics/Insets;->bottom:I (light greylist, linking)
2025-10-05 13:26:26.330 26959-26959 rlands.abclien          ru.neverlands.abclient               W  Accessing hidden method Landroid/graphics/FontFamily;-><init>()V (light greylist, reflection)
2025-10-05 13:26:26.330 26959-26959 rlands.abclien          ru.neverlands.abclient               W  Accessing hidden method Landroid/graphics/FontFamily;->addFontFromAssetManager(Landroid/content/res/AssetManager;Ljava/lang/String;IZIII[Landroid/graphics/fonts/FontVariationAxis;)Z (light greylist, reflection)
2025-10-05 13:26:26.330 26959-26959 rlands.abclien          ru.neverlands.abclient               W  Accessing hidden method Landroid/graphics/FontFamily;->addFontFromBuffer(Ljava/nio/ByteBuffer;I[Landroid/graphics/fonts/FontVariationAxis;II)Z (light greylist, reflection)
2025-10-05 13:26:26.331 26959-26959 rlands.abclien          ru.neverlands.abclient               W  Accessing hidden method Landroid/graphics/FontFamily;->freeze()Z (light greylist, reflection)
2025-10-05 13:26:26.331 26959-26959 rlands.abclien          ru.neverlands.abclient               W  Accessing hidden method Landroid/graphics/FontFamily;->abortCreation()V (light greylist, reflection)
2025-10-05 13:26:26.331 26959-26959 rlands.abclien          ru.neverlands.abclient               W  Accessing hidden method Landroid/graphics/Typeface;->createFromFamiliesWithDefault([Landroid/graphics/FontFamily;Ljava/lang/String;II)Landroid/graphics/Typeface; (light greylist, reflection)
2025-10-05 13:26:26.355 26959-26959 rlands.abclien          ru.neverlands.abclient               W  Accessing hidden method Landroid/view/View;->computeFitSystemWindows(Landroid/graphics/Rect;Landroid/graphics/Rect;)Z (light greylist, reflection)
2025-10-05 13:26:26.682 26959-26959 rlands.abclien          ru.neverlands.abclient               W  Accessing hidden method Landroid/widget/PopupWindow;->setClipToScreenEnabled(Z)V (light greylist, reflection)
2025-10-05 13:26:26.683 26959-26959 rlands.abclien          ru.neverlands.abclient               W  Accessing hidden method Landroid/widget/PopupWindow;->setEpicenterBounds(Landroid/graphics/Rect;)V (light greylist, reflection)
2025-10-05 13:26:27.167 26959-26959 rlands.abclien          ru.neverlands.abclient               W  Accessing hidden method Landroid/view/ViewGroup;->makeOptionalFitsSystemWindows()V (light greylist, reflection)
2025-10-05 13:26:27.174 26959-26959 Timeline                ru.neverlands.abclient               I  Timeline: Activity_launch_request time:228023035 intent:Intent { act=android.content.pm.action.REQUEST_PERMISSIONS pkg=com.google.android.packageinstaller (has extras) }
2025-10-05 13:26:27.189 26959-26959 Activity                ru.neverlands.abclient               W  Slow Operation: Activity ru.neverlands.abclient/.LoginActivity onCreate took 1085ms
2025-10-05 13:26:27.250 26959-26959 Looper                  ru.neverlands.abclient               W  Slow Looper main: Activity ru.neverlands.abclient/.LoginActivity is 890ms late (wall=1402ms running=0ms ClientTransaction{ callbacks=[android.app.servertransaction.LaunchActivityItem] lifecycleRequest=android.app.servertransaction.ResumeActivityItem }) because of 1 msg, msg 1 took 952ms (late=2ms h=android.app.ActivityThread$H w=110)
2025-10-05 13:26:27.250 26959-26959 Choreographer           ru.neverlands.abclient               I  Skipped 97 frames!  The application may be doing too much work on its main thread.
2025-10-05 13:26:27.359 26959-27059 Adreno                  ru.neverlands.abclient               I  QUALCOMM build                   : ce8a911, I385ac5a262
                                                                                                    Build Date                       : 03/28/19
                                                                                                    OpenGL ES Shader Compiler Version: EV031.25.03.01
                                                                                                    Local Branch                     : 
                                                                                                    Remote Branch                    : refs/tags/AU_LINUX_ANDROID_LA.UM.7.2.R1.09.00.00.442.052
                                                                                                    Remote Branch                    : NONE
                                                                                                    Reconstruct Branch               : NOTHING
2025-10-05 13:26:27.359 26959-27059 Adreno                  ru.neverlands.abclient               I  Build Config                     : S L 6.0.7 AArch64
2025-10-05 13:26:27.359 26959-27059 vndksupport             ru.neverlands.abclient               D  Loading /vendor/lib64/hw/gralloc.sdm660.so from current namespace instead of sphal namespace.
2025-10-05 13:26:27.364 26959-27059 Adreno                  ru.neverlands.abclient               I  PFP: 0x005ff112, ME: 0x005ff066
2025-10-05 13:26:27.369 26959-27059 ConfigStore             ru.neverlands.abclient               I  android::hardware::configstore::V1_0::ISurfaceFlingerConfigs::hasWideColorDisplay retrieved: 0
2025-10-05 13:26:27.369 26959-27059 ConfigStore             ru.neverlands.abclient               I  android::hardware::configstore::V1_0::ISurfaceFlingerConfigs::hasHDRDisplay retrieved: 0
2025-10-05 13:26:27.370 26959-27059 OpenGLRenderer          ru.neverlands.abclient               I  Initialized EGL, version 1.4
2025-10-05 13:26:27.370 26959-27059 OpenGLRenderer          ru.neverlands.abclient               D  Swap behavior 2
2025-10-05 13:26:27.400 26959-26959 Looper                  ru.neverlands.abclient               W  Slow Looper main: doFrame is 1618ms late because of 3 msg, msg 1 took 952ms (late=2ms h=android.app.ActivityThread$H w=110), msg 2 took 1402ms (late=890ms h=android.app.ActivityThread$H w=159)
2025-10-05 13:26:27.438 26959-27059 vndksupport             ru.neverlands.abclient               D  Loading /vendor/lib64/hw/android.hardware.graphics.mapper@2.0-impl.so from current namespace instead of sphal namespace.
2025-10-05 13:26:27.439 26959-27059 vndksupport             ru.neverlands.abclient               D  Loading /vendor/lib64/hw/gralloc.sdm660.so from current namespace instead of sphal namespace.
2025-10-05 13:26:27.732 26959-26959 Looper                  ru.neverlands.abclient               W  Slow Looper main: doFrame is 329ms late because of 1 msg, msg 1 took 328ms (late=117ms h=android.view.Choreographer$FrameHandler w=0)
2025-10-05 13:26:27.754 26959-26959 Looper                  ru.neverlands.abclient               W  Slow Looper main: Activity ru.neverlands.abclient/.LoginActivity is 547ms late (wall=21ms running=0ms ClientTransaction{ lifecycleRequest=android.app.servertransaction.PauseActivityItem }) because of 14 msg, msg 1 took 1402ms (late=890ms h=android.app.ActivityThread$H w=159), msg 3 took 150ms (late=1618ms h=android.view.Choreographer$FrameHandler c=android.view.Choreographer$FrameDisplayEventReceiver), msg 4 took 328ms (late=117ms h=android.view.Choreographer$FrameHandler w=0)
2025-10-05 13:26:27.792 26959-26959 rlands.abclien          ru.neverlands.abclient               W  Accessing hidden method Landroid/os/Trace;->asyncTraceBegin(JLjava/lang/String;I)V (light greylist, reflection)
2025-10-05 13:26:27.792 26959-26959 rlands.abclien          ru.neverlands.abclient               W  Accessing hidden method Landroid/os/Trace;->asyncTraceEnd(JLjava/lang/String;I)V (light greylist, reflection)
2025-10-05 13:26:27.792 26959-26959 rlands.abclien          ru.neverlands.abclient               W  Accessing hidden method Landroid/os/Trace;->traceCounter(JLjava/lang/String;I)V (light greylist, reflection)
2025-10-05 13:26:30.457  2065-3965  ActivityTrigger         system_server                        E  activityResumeTrigger: not whiteListedru.neverlands.abclient/ru.neverlands.abclient.LoginActivity/4
2025-10-05 13:26:30.458  2065-3965  ActivityTrigger         system_server                        E  activityResumeTrigger: not whiteListedru.neverlands.abclient/ru.neverlands.abclient.LoginActivity/4
2025-10-05 13:26:31.927 26959-26959 Timeline                ru.neverlands.abclient               I  Timeline: Activity_launch_request time:228027789 intent:Intent { cmp=ru.neverlands.abclient/.ProfileActivity }
2025-10-05 13:26:31.938  2065-3965  ActivityTrigger         system_server                        E  activityStartTrigger: not whiteListedru.neverlands.abclient/ru.neverlands.abclient.ProfileActivity/4
2025-10-05 13:26:31.940  2065-3965  ActivityTrigger         system_server                        E  activityResumeTrigger: not whiteListedru.neverlands.abclient/ru.neverlands.abclient.ProfileActivity/4
2025-10-05 13:26:31.950  2065-3965  ActivityTrigger         system_server                        E  activityResumeTrigger: not whiteListedru.neverlands.abclient/ru.neverlands.abclient.ProfileActivity/4
2025-10-05 13:26:31.958 26959-26959 ActivityThread          ru.neverlands.abclient               W  handleWindowVisibility: no activity for token android.os.BinderProxy@a296b5
2025-10-05 13:26:32.144 26959-26974 rlands.abclien          ru.neverlands.abclient               I  Compiler allocated 4MB to compile void android.widget.TextView.<init>(android.content.Context, android.util.AttributeSet, int, int)
2025-10-05 13:26:32.292 26959-26959 rlands.abclien          ru.neverlands.abclient               W  Accessing hidden field Landroid/view/WindowInsets;->CONSUMED:Landroid/view/WindowInsets; (light greylist, reflection)
2025-10-05 13:26:32.533 26959-26959 Looper                  ru.neverlands.abclient               W  Slow Looper main: doFrame is 400ms late because of 2 msg, msg 2 took 381ms (late=30ms h=android.app.ActivityThread$H w=159)
2025-10-05 13:26:32.665 26959-27100 ProfileInstaller        ru.neverlands.abclient               D  Installing profile for ru.neverlands.abclient
2025-10-05 13:26:33.538 26959-27010 rlands.abclien          ru.neverlands.abclient               I  ProcessProfilingInfo new_methods=3027 is saved saved_to_disk=1 resolve_classes_delay=8000
2025-10-05 13:26:33.802 26959-26959 InputEventReceiver      ru.neverlands.abclient               W  App Input: Dispatching InputEvent took 142ms in main thread! (MotionEvent: event_seq=3, seq=445881, action=ACTION_UP)
2025-10-05 13:26:33.847 26959-26959 AssistStructure         ru.neverlands.abclient               I  Flattened final assist data: 9424 bytes, containing 1 windows, 37 views
2025-10-05 13:26:38.825 26959-26959 AssistStructure         ru.neverlands.abclient               I  Flattened final assist data: 9480 bytes, containing 1 windows, 37 views
2025-10-05 13:26:38.826 26959-26959 IInputConnectionWrapper ru.neverlands.abclient               W  requestCursorAnchorInfo on inactive InputConnection
2025-10-05 13:26:45.180 26959-26959 AssistStructure         ru.neverlands.abclient               I  Flattened final assist data: 14768 bytes, containing 2 windows, 61 views
2025-10-05 13:26:46.784 26959-26959 AssistStructure         ru.neverlands.abclient               I  Flattened final assist data: 14768 bytes, containing 2 windows, 61 views
2025-10-05 13:26:46.790 26959-26959 IInputConnectionWrapper ru.neverlands.abclient               W  requestCursorAnchorInfo on inactive InputConnection
2025-10-05 13:26:48.684 26959-27059 OpenGLRenderer          ru.neverlands.abclient               D  endAllActiveAnimators on 0x7b3c68d100 (RippleDrawable) with handle 0x7b3c946c00
2025-10-05 13:26:48.701  2065-2089  ActivityTrigger         system_server                        E  activityResumeTrigger: not whiteListedru.neverlands.abclient/ru.neverlands.abclient.LoginActivity/4
2025-10-05 13:26:48.797 26959-26959 IInputConnectionWrapper ru.neverlands.abclient               W  requestCursorAnchorInfo on inactive InputConnection
2025-10-05 13:26:50.770 26959-27059 OpenGLRenderer          ru.neverlands.abclient               D  endAllActiveAnimators on 0x7b401f7f00 (DropDownListView) with handle 0x7b3feb30c0
2025-10-05 13:26:51.247 26959-26959 AssistStructure         ru.neverlands.abclient               I  Flattened final assist data: 5008 bytes, containing 1 windows, 19 views
2025-10-05 13:26:54.857 26959-27231 rlands.abclien          ru.neverlands.abclient               W  Accessing hidden method Lcom/android/org/conscrypt/OpenSSLSocketImpl;->setUseSessionTickets(Z)V (light greylist, reflection)
2025-10-05 13:26:54.857 26959-27231 rlands.abclien          ru.neverlands.abclient               W  Accessing hidden method Lcom/android/org/conscrypt/OpenSSLSocketImpl;->setHostname(Ljava/lang/String;)V (light greylist, reflection)
2025-10-05 13:26:54.857 26959-27231 rlands.abclien          ru.neverlands.abclient               W  Accessing hidden method Lcom/android/org/conscrypt/OpenSSLSocketImpl;->getAlpnSelectedProtocol()[B (light greylist, reflection)
2025-10-05 13:26:54.857 26959-27231 rlands.abclien          ru.neverlands.abclient               W  Accessing hidden method Lcom/android/org/conscrypt/OpenSSLSocketImpl;->setAlpnProtocols([B)V (light greylist, reflection)
2025-10-05 13:26:54.861 26959-27231 rlands.abclien          ru.neverlands.abclient               W  Accessing hidden method Ldalvik/system/CloseGuard;->get()Ldalvik/system/CloseGuard; (light greylist, reflection)
2025-10-05 13:26:54.861 26959-27231 rlands.abclien          ru.neverlands.abclient               W  Accessing hidden method Ldalvik/system/CloseGuard;->open(Ljava/lang/String;)V (light greylist, reflection)
2025-10-05 13:26:54.861 26959-27231 rlands.abclien          ru.neverlands.abclient               W  Accessing hidden method Ldalvik/system/CloseGuard;->warnIfOpen()V (light greylist, reflection)
2025-10-05 13:26:54.861 26959-27231 NetworkSecurityConfig   ru.neverlands.abclient               D  No Network Security Config specified, using platform default
2025-10-05 13:26:55.426 26959-26959 Toast                   ru.neverlands.abclient               I  Show toast from OpPackageName:ru.neverlands.abclient, PackageName:ru.neverlands.abclient
2025-10-05 13:26:58.166 26959-26959 Timeline                ru.neverlands.abclient               I  Timeline: Activity_launch_request time:228054027 intent:Intent { cmp=ru.neverlands.abclient/.ProfileActivity (has extras) }
2025-10-05 13:26:58.179  2065-2581  ActivityTrigger         system_server                        E  activityStartTrigger: not whiteListedru.neverlands.abclient/ru.neverlands.abclient.ProfileActivity/4
2025-10-05 13:26:58.181  2065-2581  ActivityTrigger         system_server                        E  activityResumeTrigger: not whiteListedru.neverlands.abclient/ru.neverlands.abclient.ProfileActivity/4
2025-10-05 13:26:58.199  2065-2581  ActivityTrigger         system_server                        E  activityResumeTrigger: not whiteListedru.neverlands.abclient/ru.neverlands.abclient.ProfileActivity/4
2025-10-05 13:26:58.207 26959-26959 ActivityThread          ru.neverlands.abclient               W  handleWindowVisibility: no activity for token android.os.BinderProxy@a2d541
2025-10-05 13:27:00.464  2065-3951  ActivityTrigger         system_server                        E  activityStartTrigger: not whiteListedru.neverlands.abclient/ru.neverlands.abclient.LoginActivity/4
2025-10-05 13:27:00.465  2065-3951  ActivityTrigger         system_server                        E  activityResumeTrigger: not whiteListedru.neverlands.abclient/ru.neverlands.abclient.LoginActivity/4
2025-10-05 13:27:00.483  2065-3958  ActivityTrigger         system_server                        E  activityResumeTrigger: not whiteListedru.neverlands.abclient/ru.neverlands.abclient.LoginActivity/4
2025-10-05 13:27:00.546 26959-26959 ActivityThread          ru.neverlands.abclient               W  handleWindowVisibility: no activity for token android.os.BinderProxy@28a651d
2025-10-05 13:27:03.071 26959-27059 OpenGLRenderer          ru.neverlands.abclient               D  endAllActiveAnimators on 0x7b3feedb00 (RippleDrawable) with handle 0x7b3fc5e360
2025-10-05 13:27:04.961 26959-27059 OpenGLRenderer          ru.neverlands.abclient               D  endAllActiveAnimators on 0x7b40036900 (DropDownListView) with handle 0x7b3ff85fe0
2025-10-05 13:27:06.886 26959-27059 OpenGLRenderer          ru.neverlands.abclient               D  endAllActiveAnimators on 0x7b401f9d00 (RippleDrawable) with handle 0x7b3c95ba00
2025-10-05 13:27:06.929 26959-26959 Toast                   ru.neverlands.abclient               I  Show toast from OpPackageName:ru.neverlands.abclient, PackageName:ru.neverlands.abclient
2025-10-05 13:27:08.998 26959-26959 Timeline                ru.neverlands.abclient               I  Timeline: Activity_launch_request time:228064859 intent:Intent { cmp=ru.neverlands.abclient/.ProfileActivity }
2025-10-05 13:27:09.010  2065-3951  ActivityTrigger         system_server                        E  activityStartTrigger: not whiteListedru.neverlands.abclient/ru.neverlands.abclient.ProfileActivity/4
2025-10-05 13:27:09.013  2065-3951  ActivityTrigger         system_server                        E  activityResumeTrigger: not whiteListedru.neverlands.abclient/ru.neverlands.abclient.ProfileActivity/4
2025-10-05 13:27:09.027  2065-3951  ActivityTrigger         system_server                        E  activityResumeTrigger: not whiteListedru.neverlands.abclient/ru.neverlands.abclient.ProfileActivity/4
2025-10-05 13:27:09.036 26959-26959 ActivityThread          ru.neverlands.abclient               W  handleWindowVisibility: no activity for token android.os.BinderProxy@7f9403b
2025-10-05 13:27:10.390 26959-26959 AssistStructure         ru.neverlands.abclient               I  Flattened final assist data: 9424 bytes, containing 1 windows, 37 views
2025-10-05 13:27:14.855 26959-26959 AssistStructure         ru.neverlands.abclient               I  Flattened final assist data: 9480 bytes, containing 1 windows, 37 views
2025-10-05 13:27:14.856 26959-26959 IInputConnectionWrapper ru.neverlands.abclient               W  requestCursorAnchorInfo on inactive InputConnection
2025-10-05 13:27:27.527 26959-26959 AssistStructure         ru.neverlands.abclient               I  Flattened final assist data: 14808 bytes, containing 2 windows, 61 views
2025-10-05 13:27:28.892 26959-26959 AssistStructure         ru.neverlands.abclient               I  Flattened final assist data: 14808 bytes, containing 2 windows, 61 views
2025-10-05 13:27:28.902 26959-26959 IInputConnectionWrapper ru.neverlands.abclient               W  requestCursorAnchorInfo on inactive InputConnection
2025-10-05 13:27:30.489 26959-27059 OpenGLRenderer          ru.neverlands.abclient               D  endAllActiveAnimators on 0x7b3b92a700 (RippleDrawable) with handle 0x7b3b9ff880
2025-10-05 13:27:30.505  2065-3951  ActivityTrigger         system_server                        E  activityResumeTrigger: not whiteListedru.neverlands.abclient/ru.neverlands.abclient.LoginActivity/4
2025-10-05 13:27:30.584 26959-26959 IInputConnectionWrapper ru.neverlands.abclient               W  requestCursorAnchorInfo on inactive InputConnection
2025-10-05 13:27:32.753 26959-27059 OpenGLRenderer          ru.neverlands.abclient               D  endAllActiveAnimators on 0x7b40048500 (DropDownListView) with handle 0x7b3b9e8380
2025-10-05 13:27:33.460 26959-26959 AssistStructure         ru.neverlands.abclient               I  Flattened final assist data: 5008 bytes, containing 1 windows, 19 views
2025-10-05 13:27:37.851 26959-27334 rlands.abclien          ru.neverlands.abclient               W  Unknown chunk type '200'.
2025-10-05 13:27:37.862 26959-27334 WebViewFactory          ru.neverlands.abclient               I  Loading com.android.chrome version 138.0.7204.179 (code 720417921)
2025-10-05 13:27:37.865 26959-27334 rlands.abclien          ru.neverlands.abclient               W  Unknown chunk type '200'.
2025-10-05 13:27:37.872 26959-27334 linker                  ru.neverlands.abclient               W  Warning: "/data/app/com.android.chrome-E64nQ75f6--D8fpnSar61w==/base.apk!/lib/arm64-v8a/libmonochrome.so" unused DT entry: unknown processor-specific (type 0x70000001 arg 0x0) (ignoring)
2025-10-05 13:27:37.906 26959-27334 rlands.abclien          ru.neverlands.abclient               I  Rejecting re-init on previously-failed class java.lang.Class<P64>: java.lang.NoClassDefFoundError: Failed resolution of: Landroid/webkit/PacProcessor;
2025-10-05 13:27:37.907 26959-27334 rlands.abclien          ru.neverlands.abclient               I    at java.lang.Class java.lang.Class.classForName(java.lang.String, boolean, java.lang.ClassLoader) (Class.java:-2)
2025-10-05 13:27:37.907 26959-27334 rlands.abclien          ru.neverlands.abclient               I    at java.lang.Class java.lang.Class.forName(java.lang.String, boolean, java.lang.ClassLoader) (Class.java:453)
2025-10-05 13:27:37.907 26959-27334 rlands.abclien          ru.neverlands.abclient               I    at java.lang.Class android.webkit.WebViewFactory.getWebViewProviderClass(java.lang.ClassLoader) (WebViewFactory.java:176)
2025-10-05 13:27:37.907 26959-27334 rlands.abclien          ru.neverlands.abclient               I    at java.lang.Class android.webkit.WebViewFactory.getProviderClass() (WebViewFactory.java:459)
2025-10-05 13:27:37.907 26959-27334 rlands.abclien          ru.neverlands.abclient               I    at android.webkit.WebViewFactoryProvider android.webkit.WebViewFactory.getProvider() (WebViewFactory.java:251)
2025-10-05 13:27:37.907 26959-27334 rlands.abclien          ru.neverlands.abclient               I    at android.webkit.CookieManager android.webkit.CookieManager.getInstance() (CookieManager.java:40)
2025-10-05 13:27:37.907 26959-27334 rlands.abclien          ru.neverlands.abclient               I    at ru.neverlands.abclient.model.AuthResult ru.neverlands.abclient.AuthManager.authorize(java.lang.String, java.lang.String) (AuthManager.java:110)
2025-10-05 13:27:37.907 26959-27334 rlands.abclien          ru.neverlands.abclient               I    at void ru.neverlands.abclient.LoginActivity.lambda$login$7$ru-neverlands-abclient-LoginActivity(java.lang.String, java.lang.String, android.os.Handler, ru.neverlands.abclient.model.UserConfig) (LoginActivity.java:231)
2025-10-05 13:27:37.907 26959-27334 rlands.abclien          ru.neverlands.abclient               I    at void ru.neverlands.abclient.LoginActivity$$ExternalSyntheticLambda1.run() (D8$$SyntheticClass:0)
2025-10-05 13:27:37.907 26959-27334 rlands.abclien          ru.neverlands.abclient               I    at void java.util.concurrent.ThreadPoolExecutor.runWorker(java.util.concurrent.ThreadPoolExecutor$Worker) (ThreadPoolExecutor.java:1167)
2025-10-05 13:27:37.907 26959-27334 rlands.abclien          ru.neverlands.abclient               I    at void java.util.concurrent.ThreadPoolExecutor$Worker.run() (ThreadPoolExecutor.java:641)
2025-10-05 13:27:37.907 26959-27334 rlands.abclien          ru.neverlands.abclient               I    at void java.lang.Thread.run() (Thread.java:764)
2025-10-05 13:27:37.907 26959-27334 rlands.abclien          ru.neverlands.abclient               I  Caused by: java.lang.ClassNotFoundException: Didn't find class "android.webkit.PacProcessor" on path: DexPathList[[zip file "/data/app/com.android.chrome-E64nQ75f6--D8fpnSar61w==/base.apk"],nativeLibraryDirectories=[/data/app/com.android.chrome-E64nQ75f6--D8fpnSar61w==/lib/arm64, /data/app/com.android.chrome-E64nQ75f6--D8fpnSar61w==/base.apk!/lib/arm64-v8a, /system/lib64, /system/vendor/lib64]]
2025-10-05 13:27:37.907 26959-27334 rlands.abclien          ru.neverlands.abclient               I    at java.lang.Class dalvik.system.BaseDexClassLoader.findClass(java.lang.String) (BaseDexClassLoader.java:134)
2025-10-05 13:27:37.907 26959-27334 rlands.abclien          ru.neverlands.abclient               I    at java.lang.Class java.lang.ClassLoader.loadClass(java.lang.String, boolean) (ClassLoader.java:379)
2025-10-05 13:27:37.907 26959-27334 rlands.abclien          ru.neverlands.abclient               I    at java.lang.Class java.lang.ClassLoader.loadClass(java.lang.String) (ClassLoader.java:312)
2025-10-05 13:27:37.907 26959-27334 rlands.abclien          ru.neverlands.abclient               I    at java.lang.Class java.lang.Class.classForName(java.lang.String, boolean, java.lang.ClassLoader) (Class.java:-2)
2025-10-05 13:27:37.907 26959-27334 rlands.abclien          ru.neverlands.abclient               I    at java.lang.Class java.lang.Class.forName(java.lang.String, boolean, java.lang.ClassLoader) (Class.java:453)
2025-10-05 13:27:37.907 26959-27334 rlands.abclien          ru.neverlands.abclient               I    at java.lang.Class android.webkit.WebViewFactory.getWebViewProviderClass(java.lang.ClassLoader) (WebViewFactory.java:176)
2025-10-05 13:27:37.907 26959-27334 rlands.abclien          ru.neverlands.abclient               I    at java.lang.Class android.webkit.WebViewFactory.getProviderClass() (WebViewFactory.java:459)
2025-10-05 13:27:37.907 26959-27334 rlands.abclien          ru.neverlands.abclient               I    at android.webkit.WebViewFactoryProvider android.webkit.WebViewFactory.getProvider() (WebViewFactory.java:251)
2025-10-05 13:27:37.907 26959-27334 rlands.abclien          ru.neverlands.abclient               I    at android.webkit.CookieManager android.webkit.CookieManager.getInstance() (CookieManager.java:40)
2025-10-05 13:27:37.907 26959-27334 rlands.abclien          ru.neverlands.abclient               I    at ru.neverlands.abclient.model.AuthResult ru.neverlands.abclient.AuthManager.authorize(java.lang.String, java.lang.String) (AuthManager.java:110)
2025-10-05 13:27:37.907 26959-27334 rlands.abclien          ru.neverlands.abclient               I    at void ru.neverlands.abclient.LoginActivity.lambda$login$7$ru-neverlands-abclient-LoginActivity(java.lang.String, java.lang.String, android.os.Handler, ru.neverlands.abclient.model.UserConfig) (LoginActivity.java:231)
2025-10-05 13:27:37.907 26959-27334 rlands.abclien          ru.neverlands.abclient               I    at void ru.neverlands.abclient.LoginActivity$$ExternalSyntheticLambda1.run() (D8$$SyntheticClass:0)
2025-10-05 13:27:37.907 26959-27334 rlands.abclien          ru.neverlands.abclient               I    at void java.util.concurrent.ThreadPoolExecutor.runWorker(java.util.concurrent.ThreadPoolExecutor$Worker) (ThreadPoolExecutor.java:1167)
2025-10-05 13:27:37.907 26959-27334 rlands.abclien          ru.neverlands.abclient               I    at void java.util.concurrent.ThreadPoolExecutor$Worker.run() (ThreadPoolExecutor.java:641)
2025-10-05 13:27:37.907 26959-27334 rlands.abclien          ru.neverlands.abclient               I    at void java.lang.Thread.run() (Thread.java:764)
2025-10-05 13:27:37.907 26959-27334 rlands.abclien          ru.neverlands.abclient               I  
2025-10-05 13:27:37.907 26959-27334 rlands.abclien          ru.neverlands.abclient               I  Rejecting re-init on previously-failed class java.lang.Class<P64>: java.lang.NoClassDefFoundError: Failed resolution of: Landroid/webkit/PacProcessor;
2025-10-05 13:27:37.907 26959-27334 rlands.abclien          ru.neverlands.abclient               I    at java.lang.Class java.lang.Class.classForName(java.lang.String, boolean, java.lang.ClassLoader) (Class.java:-2)
2025-10-05 13:27:37.907 26959-27334 rlands.abclien          ru.neverlands.abclient               I    at java.lang.Class java.lang.Class.forName(java.lang.String, boolean, java.lang.ClassLoader) (Class.java:453)
2025-10-05 13:27:37.907 26959-27334 rlands.abclien          ru.neverlands.abclient               I    at java.lang.Class android.webkit.WebViewFactory.getWebViewProviderClass(java.lang.ClassLoader) (WebViewFactory.java:176)
2025-10-05 13:27:37.907 26959-27334 rlands.abclien          ru.neverlands.abclient               I    at java.lang.Class android.webkit.WebViewFactory.getProviderClass() (WebViewFactory.java:459)
2025-10-05 13:27:37.907 26959-27334 rlands.abclien          ru.neverlands.abclient               I    at android.webkit.WebViewFactoryProvider android.webkit.WebViewFactory.getProvider() (WebViewFactory.java:251)
2025-10-05 13:27:37.907 26959-27334 rlands.abclien          ru.neverlands.abclient               I    at android.webkit.CookieManager android.webkit.CookieManager.getInstance() (CookieManager.java:40)
2025-10-05 13:27:37.907 26959-27334 rlands.abclien          ru.neverlands.abclient               I    at ru.neverlands.abclient.model.AuthResult ru.neverlands.abclient.AuthManager.authorize(java.lang.String, java.lang.String) (AuthManager.java:110)
2025-10-05 13:27:37.907 26959-27334 rlands.abclien          ru.neverlands.abclient               I    at void ru.neverlands.abclient.LoginActivity.lambda$login$7$ru-neverlands-abclient-LoginActivity(java.lang.String, java.lang.String, android.os.Handler, ru.neverlands.abclient.model.UserConfig) (LoginActivity.java:231)
2025-10-05 13:27:37.907 26959-27334 rlands.abclien          ru.neverlands.abclient               I    at void ru.neverlands.abclient.LoginActivity$$ExternalSyntheticLambda1.run() (D8$$SyntheticClass:0)
2025-10-05 13:27:37.907 26959-27334 rlands.abclien          ru.neverlands.abclient               I    at void java.util.concurrent.ThreadPoolExecutor.runWorker(java.util.concurrent.ThreadPoolExecutor$Worker) (ThreadPoolExecutor.java:1167)
2025-10-05 13:27:37.907 26959-27334 rlands.abclien          ru.neverlands.abclient               I    at void java.util.concurrent.ThreadPoolExecutor$Worker.run() (ThreadPoolExecutor.java:641)
2025-10-05 13:27:37.908 26959-27334 rlands.abclien          ru.neverlands.abclient               I    at void java.lang.Thread.run() (Thread.java:764)
2025-10-05 13:27:37.908 26959-27334 rlands.abclien          ru.neverlands.abclient               I  Caused by: java.lang.ClassNotFoundException: Didn't find class "android.webkit.PacProcessor" on path: DexPathList[[zip file "/data/app/com.android.chrome-E64nQ75f6--D8fpnSar61w==/base.apk"],nativeLibraryDirectories=[/data/app/com.android.chrome-E64nQ75f6--D8fpnSar61w==/lib/arm64, /data/app/com.android.chrome-E64nQ75f6--D8fpnSar61w==/base.apk!/lib/arm64-v8a, /system/lib64, /system/vendor/lib64]]
2025-10-05 13:27:37.908 26959-27334 rlands.abclien          ru.neverlands.abclient               I    at java.lang.Class dalvik.system.BaseDexClassLoader.findClass(java.lang.String) (BaseDexClassLoader.java:134)
2025-10-05 13:27:37.908 26959-27334 rlands.abclien          ru.neverlands.abclient               I    at java.lang.Class java.lang.ClassLoader.loadClass(java.lang.String, boolean) (ClassLoader.java:379)
2025-10-05 13:27:37.908 26959-27334 rlands.abclien          ru.neverlands.abclient               I    at java.lang.Class java.lang.ClassLoader.loadClass(java.lang.String) (ClassLoader.java:312)
2025-10-05 13:27:37.908 26959-27334 rlands.abclien          ru.neverlands.abclient               I    at java.lang.Class java.lang.Class.classForName(java.lang.String, boolean, java.lang.ClassLoader) (Class.java:-2)
2025-10-05 13:27:37.908 26959-27334 rlands.abclien          ru.neverlands.abclient               I    at java.lang.Class java.lang.Class.forName(java.lang.String, boolean, java.lang.ClassLoader) (Class.java:453)
2025-10-05 13:27:37.908 26959-27334 rlands.abclien          ru.neverlands.abclient               I    at java.lang.Class android.webkit.WebViewFactory.getWebViewProviderClass(java.lang.ClassLoader) (WebViewFactory.java:176)
2025-10-05 13:27:37.908 26959-27334 rlands.abclien          ru.neverlands.abclient               I    at java.lang.Class android.webkit.WebViewFactory.getProviderClass() (WebViewFactory.java:459)
2025-10-05 13:27:37.908 26959-27334 rlands.abclien          ru.neverlands.abclient               I    at android.webkit.WebViewFactoryProvider android.webkit.WebViewFactory.getProvider() (WebViewFactory.java:251)
2025-10-05 13:27:37.908 26959-27334 rlands.abclien          ru.neverlands.abclient               I    at android.webkit.CookieManager android.webkit.CookieManager.getInstance() (CookieManager.java:40)
2025-10-05 13:27:37.908 26959-27334 rlands.abclien          ru.neverlands.abclient               I    at ru.neverlands.abclient.model.AuthResult ru.neverlands.abclient.AuthManager.authorize(java.lang.String, java.lang.String) (AuthManager.java:110)
2025-10-05 13:27:37.908 26959-27334 rlands.abclien          ru.neverlands.abclient               I    at void ru.neverlands.abclient.LoginActivity.lambda$login$7$ru-neverlands-abclient-LoginActivity(java.lang.String, java.lang.String, android.os.Handler, ru.neverlands.abclient.model.UserConfig) (LoginActivity.java:231)
2025-10-05 13:27:37.908 26959-27334 rlands.abclien          ru.neverlands.abclient               I    at void ru.neverlands.abclient.LoginActivity$$ExternalSyntheticLambda1.run() (D8$$SyntheticClass:0)
2025-10-05 13:27:37.908 26959-27334 rlands.abclien          ru.neverlands.abclient               I    at void java.util.concurrent.ThreadPoolExecutor.runWorker(java.util.concurrent.ThreadPoolExecutor$Worker) (ThreadPoolExecutor.java:1167)
2025-10-05 13:27:37.908 26959-27334 rlands.abclien          ru.neverlands.abclient               I    at void java.util.concurrent.ThreadPoolExecutor$Worker.run() (ThreadPoolExecutor.java:641)
2025-10-05 13:27:37.908 26959-27334 rlands.abclien          ru.neverlands.abclient               I    at void java.lang.Thread.run() (Thread.java:764)
2025-10-05 13:27:37.908 26959-27334 rlands.abclien          ru.neverlands.abclient               I  
2025-10-05 13:27:37.910 26959-27334 rlands.abclien          ru.neverlands.abclient               I  Rejecting re-init on previously-failed class java.lang.Class<P64>: java.lang.NoClassDefFoundError: Failed resolution of: Landroid/webkit/PacProcessor;
2025-10-05 13:27:37.910 26959-27334 rlands.abclien          ru.neverlands.abclient               I    at java.lang.Class java.lang.Class.classForName(java.lang.String, boolean, java.lang.ClassLoader) (Class.java:-2)
2025-10-05 13:27:37.910 26959-27334 rlands.abclien          ru.neverlands.abclient               I    at java.lang.Class java.lang.Class.forName(java.lang.String, boolean, java.lang.ClassLoader) (Class.java:453)
2025-10-05 13:27:37.910 26959-27334 rlands.abclien          ru.neverlands.abclient               I    at java.lang.Class android.webkit.WebViewFactory.getWebViewProviderClass(java.lang.ClassLoader) (WebViewFactory.java:176)
2025-10-05 13:27:37.910 26959-27334 rlands.abclien          ru.neverlands.abclient               I    at java.lang.Class android.webkit.WebViewFactory.getProviderClass() (WebViewFactory.java:459)
2025-10-05 13:27:37.910 26959-27334 rlands.abclien          ru.neverlands.abclient               I    at android.webkit.WebViewFactoryProvider android.webkit.WebViewFactory.getProvider() (WebViewFactory.java:251)
2025-10-05 13:27:37.910 26959-27334 rlands.abclien          ru.neverlands.abclient               I    at android.webkit.CookieManager android.webkit.CookieManager.getInstance() (CookieManager.java:40)
2025-10-05 13:27:37.910 26959-27334 rlands.abclien          ru.neverlands.abclient               I    at ru.neverlands.abclient.model.AuthResult ru.neverlands.abclient.AuthManager.authorize(java.lang.String, java.lang.String) (AuthManager.java:110)
2025-10-05 13:27:37.910 26959-27334 rlands.abclien          ru.neverlands.abclient               I    at void ru.neverlands.abclient.LoginActivity.lambda$login$7$ru-neverlands-abclient-LoginActivity(java.lang.String, java.lang.String, android.os.Handler, ru.neverlands.abclient.model.UserConfig) (LoginActivity.java:231)
2025-10-05 13:27:37.910 26959-27334 rlands.abclien          ru.neverlands.abclient               I    at void ru.neverlands.abclient.LoginActivity$$ExternalSyntheticLambda1.run() (D8$$SyntheticClass:0)
2025-10-05 13:27:37.910 26959-27334 rlands.abclien          ru.neverlands.abclient               I    at void java.util.concurrent.ThreadPoolExecutor.runWorker(java.util.concurrent.ThreadPoolExecutor$Worker) (ThreadPoolExecutor.java:1167)
2025-10-05 13:27:37.910 26959-27334 rlands.abclien          ru.neverlands.abclient               I    at void java.util.concurrent.ThreadPoolExecutor$Worker.run() (ThreadPoolExecutor.java:641)
2025-10-05 13:27:37.910 26959-27334 rlands.abclien          ru.neverlands.abclient               I    at void java.lang.Thread.run() (Thread.java:764)
2025-10-05 13:27:37.910 26959-27334 rlands.abclien          ru.neverlands.abclient               I  Caused by: java.lang.ClassNotFoundException: Didn't find class "android.webkit.PacProcessor" on path: DexPathList[[zip file "/data/app/com.android.chrome-E64nQ75f6--D8fpnSar61w==/base.apk"],nativeLibraryDirectories=[/data/app/com.android.chrome-E64nQ75f6--D8fpnSar61w==/lib/arm64, /data/app/com.android.chrome-E64nQ75f6--D8fpnSar61w==/base.apk!/lib/arm64-v8a, /system/lib64, /system/vendor/lib64]]
2025-10-05 13:27:37.910 26959-27334 rlands.abclien          ru.neverlands.abclient               I    at java.lang.Class dalvik.system.BaseDexClassLoader.findClass(java.lang.String) (BaseDexClassLoader.java:134)
2025-10-05 13:27:37.910 26959-27334 rlands.abclien          ru.neverlands.abclient               I    at java.lang.Class java.lang.ClassLoader.loadClass(java.lang.String, boolean) (ClassLoader.java:379)
2025-10-05 13:27:37.910 26959-27334 rlands.abclien          ru.neverlands.abclient               I    at java.lang.Class java.lang.ClassLoader.loadClass(java.lang.String) (ClassLoader.java:312)
2025-10-05 13:27:37.910 26959-27334 rlands.abclien          ru.neverlands.abclient               I    at java.lang.Class java.lang.Class.classForName(java.lang.String, boolean, java.lang.ClassLoader) (Class.java:-2)
2025-10-05 13:27:37.911 26959-27334 rlands.abclien          ru.neverlands.abclient               I    at java.lang.Class java.lang.Class.forName(java.lang.String, boolean, java.lang.ClassLoader) (Class.java:453)
2025-10-05 13:27:37.911 26959-27334 rlands.abclien          ru.neverlands.abclient               I    at java.lang.Class android.webkit.WebViewFactory.getWebViewProviderClass(java.lang.ClassLoader) (WebViewFactory.java:176)
2025-10-05 13:27:37.911 26959-27334 rlands.abclien          ru.neverlands.abclient               I    at java.lang.Class android.webkit.WebViewFactory.getProviderClass() (WebViewFactory.java:459)
2025-10-05 13:27:37.911 26959-27334 rlands.abclien          ru.neverlands.abclient               I    at android.webkit.WebViewFactoryProvider android.webkit.WebViewFactory.getProvider() (WebViewFactory.java:251)
2025-10-05 13:27:37.911 26959-27334 rlands.abclien          ru.neverlands.abclient               I    at android.webkit.CookieManager android.webkit.CookieManager.getInstance() (CookieManager.java:40)
2025-10-05 13:27:37.911 26959-27334 rlands.abclien          ru.neverlands.abclient               I    at ru.neverlands.abclient.model.AuthResult ru.neverlands.abclient.AuthManager.authorize(java.lang.String, java.lang.String) (AuthManager.java:110)
2025-10-05 13:27:37.911 26959-27334 rlands.abclien          ru.neverlands.abclient               I    at void ru.neverlands.abclient.LoginActivity.lambda$login$7$ru-neverlands-abclient-LoginActivity(java.lang.String, java.lang.String, android.os.Handler, ru.neverlands.abclient.model.UserConfig) (LoginActivity.java:231)
2025-10-05 13:27:37.911 26959-27334 rlands.abclien          ru.neverlands.abclient               I    at void ru.neverlands.abclient.LoginActivity$$ExternalSyntheticLambda1.run() (D8$$SyntheticClass:0)
2025-10-05 13:27:37.911 26959-27334 rlands.abclien          ru.neverlands.abclient               I    at void java.util.concurrent.ThreadPoolExecutor.runWorker(java.util.concurrent.ThreadPoolExecutor$Worker) (ThreadPoolExecutor.java:1167)
2025-10-05 13:27:37.911 26959-27334 rlands.abclien          ru.neverlands.abclient               I    at void java.util.concurrent.ThreadPoolExecutor$Worker.run() (ThreadPoolExecutor.java:641)
2025-10-05 13:27:37.911 26959-27334 rlands.abclien          ru.neverlands.abclient               I    at void java.lang.Thread.run() (Thread.java:764)
2025-10-05 13:27:37.911 26959-27334 rlands.abclien          ru.neverlands.abclient               I  
2025-10-05 13:27:37.911 26959-27334 rlands.abclien          ru.neverlands.abclient               I  Rejecting re-init on previously-failed class java.lang.Class<P64>: java.lang.NoClassDefFoundError: Failed resolution of: Landroid/webkit/PacProcessor;
2025-10-05 13:27:37.911 26959-27334 rlands.abclien          ru.neverlands.abclient               I    at java.lang.Class java.lang.Class.classForName(java.lang.String, boolean, java.lang.ClassLoader) (Class.java:-2)
2025-10-05 13:27:37.911 26959-27334 rlands.abclien          ru.neverlands.abclient               I    at java.lang.Class java.lang.Class.forName(java.lang.String, boolean, java.lang.ClassLoader) (Class.java:453)
2025-10-05 13:27:37.911 26959-27334 rlands.abclien          ru.neverlands.abclient               I    at java.lang.Class android.webkit.WebViewFactory.getWebViewProviderClass(java.lang.ClassLoader) (WebViewFactory.java:176)
2025-10-05 13:27:37.911 26959-27334 rlands.abclien          ru.neverlands.abclient               I    at java.lang.Class android.webkit.WebViewFactory.getProviderClass() (WebViewFactory.java:459)
2025-10-05 13:27:37.911 26959-27334 rlands.abclien          ru.neverlands.abclient               I    at android.webkit.WebViewFactoryProvider android.webkit.WebViewFactory.getProvider() (WebViewFactory.java:251)
2025-10-05 13:27:37.911 26959-27334 rlands.abclien          ru.neverlands.abclient               I    at android.webkit.CookieManager android.webkit.CookieManager.getInstance() (CookieManager.java:40)
2025-10-05 13:27:37.911 26959-27334 rlands.abclien          ru.neverlands.abclient               I    at ru.neverlands.abclient.model.AuthResult ru.neverlands.abclient.AuthManager.authorize(java.lang.String, java.lang.String) (AuthManager.java:110)
2025-10-05 13:27:37.911 26959-27334 rlands.abclien          ru.neverlands.abclient               I    at void ru.neverlands.abclient.LoginActivity.lambda$login$7$ru-neverlands-abclient-LoginActivity(java.lang.String, java.lang.String, android.os.Handler, ru.neverlands.abclient.model.UserConfig) (LoginActivity.java:231)
2025-10-05 13:27:37.911 26959-27334 rlands.abclien          ru.neverlands.abclient               I    at void ru.neverlands.abclient.LoginActivity$$ExternalSyntheticLambda1.run() (D8$$SyntheticClass:0)
2025-10-05 13:27:37.911 26959-27334 rlands.abclien          ru.neverlands.abclient               I    at void java.util.concurrent.ThreadPoolExecutor.runWorker(java.util.concurrent.ThreadPoolExecutor$Worker) (ThreadPoolExecutor.java:1167)
2025-10-05 13:27:37.911 26959-27334 rlands.abclien          ru.neverlands.abclient               I    at void java.util.concurrent.ThreadPoolExecutor$Worker.run() (ThreadPoolExecutor.java:641)
2025-10-05 13:27:37.911 26959-27334 rlands.abclien          ru.neverlands.abclient               I    at void java.lang.Thread.run() (Thread.java:764)
2025-10-05 13:27:37.911 26959-27334 rlands.abclien          ru.neverlands.abclient               I  Caused by: java.lang.ClassNotFoundException: Didn't find class "android.webkit.PacProcessor" on path: DexPathList[[zip file "/data/app/com.android.chrome-E64nQ75f6--D8fpnSar61w==/base.apk"],nativeLibraryDirectories=[/data/app/com.android.chrome-E64nQ75f6--D8fpnSar61w==/lib/arm64, /data/app/com.android.chrome-E64nQ75f6--D8fpnSar61w==/base.apk!/lib/arm64-v8a, /system/lib64, /system/vendor/lib64]]
2025-10-05 13:27:37.911 26959-27334 rlands.abclien          ru.neverlands.abclient               I    at java.lang.Class dalvik.system.BaseDexClassLoader.findClass(java.lang.String) (BaseDexClassLoader.java:134)
2025-10-05 13:27:37.911 26959-27334 rlands.abclien          ru.neverlands.abclient               I    at java.lang.Class java.lang.ClassLoader.loadClass(java.lang.String, boolean) (ClassLoader.java:379)
2025-10-05 13:27:37.911 26959-27334 rlands.abclien          ru.neverlands.abclient               I    at java.lang.Class java.lang.ClassLoader.loadClass(java.lang.String) (ClassLoader.java:312)
2025-10-05 13:27:37.911 26959-27334 rlands.abclien          ru.neverlands.abclient               I    at java.lang.Class java.lang.Class.classForName(java.lang.String, boolean, java.lang.ClassLoader) (Class.java:-2)
2025-10-05 13:27:37.911 26959-27334 rlands.abclien          ru.neverlands.abclient               I    at java.lang.Class java.lang.Class.forName(java.lang.String, boolean, java.lang.ClassLoader) (Class.java:453)
2025-10-05 13:27:37.911 26959-27334 rlands.abclien          ru.neverlands.abclient               I    at java.lang.Class android.webkit.WebViewFactory.getWebViewProviderClass(java.lang.ClassLoader) (WebViewFactory.java:176)
2025-10-05 13:27:37.911 26959-27334 rlands.abclien          ru.neverlands.abclient               I    at java.lang.Class android.webkit.WebViewFactory.getProviderClass() (WebViewFactory.java:459)
2025-10-05 13:27:37.911 26959-27334 rlands.abclien          ru.neverlands.abclient               I    at android.webkit.WebViewFactoryProvider android.webkit.WebViewFactory.getProvider() (WebViewFactory.java:251)
2025-10-05 13:27:37.911 26959-27334 rlands.abclien          ru.neverlands.abclient               I    at android.webkit.CookieManager android.webkit.CookieManager.getInstance() (CookieManager.java:40)
2025-10-05 13:27:37.911 26959-27334 rlands.abclien          ru.neverlands.abclient               I    at ru.neverlands.abclient.model.AuthResult ru.neverlands.abclient.AuthManager.authorize(java.lang.String, java.lang.String) (AuthManager.java:110)
2025-10-05 13:27:37.911 26959-27334 rlands.abclien          ru.neverlands.abclient               I    at void ru.neverlands.abclient.LoginActivity.lambda$login$7$ru-neverlands-abclient-LoginActivity(java.lang.String, java.lang.String, android.os.Handler, ru.neverlands.abclient.model.UserConfig) (LoginActivity.java:231)
2025-10-05 13:27:37.911 26959-27334 rlands.abclien          ru.neverlands.abclient               I    at void ru.neverlands.abclient.LoginActivity$$ExternalSyntheticLambda1.run() (D8$$SyntheticClass:0)
2025-10-05 13:27:37.911 26959-27334 rlands.abclien          ru.neverlands.abclient               I    at void java.util.concurrent.ThreadPoolExecutor.runWorker(java.util.concurrent.ThreadPoolExecutor$Worker) (ThreadPoolExecutor.java:1167)
