2025-10-05 13:27:38.413 26959-26959 rlands.abclien          ru.neverlands.abclient               I    at void android.app.servertransaction.TransactionExecutor.execute(android.app.servertransaction.ClientTransaction) (TransactionExecutor.java:68)
2025-10-05 13:27:38.413 26959-26959 rlands.abclien          ru.neverlands.abclient               I    at void android.app.ActivityThread$H.handleMessage(android.os.Message) (ActivityThread.java:1831)
2025-10-05 13:27:38.413 26959-26959 rlands.abclien          ru.neverlands.abclient               I    at void android.os.Handler.dispatchMessage(android.os.Message) (Handler.java:106)
2025-10-05 13:27:38.413 26959-26959 rlands.abclien          ru.neverlands.abclient               I    at void android.os.Looper.loop() (Looper.java:201)
2025-10-05 13:27:38.413 26959-26959 rlands.abclien          ru.neverlands.abclient               I    at void android.app.ActivityThread.main(java.lang.String[]) (ActivityThread.java:6810)
2025-10-05 13:27:38.413 26959-26959 rlands.abclien          ru.neverlands.abclient               I    at java.lang.Object java.lang.reflect.Method.invoke(java.lang.Object, java.lang.Object[]) (Method.java:-2)
2025-10-05 13:27:38.413 26959-26959 rlands.abclien          ru.neverlands.abclient               I    at void com.android.internal.os.RuntimeInit$MethodAndArgsCaller.run() (RuntimeInit.java:547)
2025-10-05 13:27:38.413 26959-26959 rlands.abclien          ru.neverlands.abclient               I    at void com.android.internal.os.ZygoteInit.main(java.lang.String[]) (ZygoteInit.java:873)
2025-10-05 13:27:38.413 26959-26959 rlands.abclien          ru.neverlands.abclient               I  
2025-10-05 13:27:38.414 26959-26959 rlands.abclien          ru.neverlands.abclient               I  Rejecting re-init on previously-failed class java.lang.Class<f3>: java.lang.NoClassDefFoundError: Failed resolution of: Landroid/app/UiModeManager$ContrastChangeListener;
2025-10-05 13:27:38.414 26959-26959 rlands.abclien          ru.neverlands.abclient               I    at void J.N.VJO(int, long, java.lang.Object) (chromium-Monochrome.aab-stable-720417921:-2)
2025-10-05 13:27:38.414 26959-26959 rlands.abclien          ru.neverlands.abclient               I    at void org.chromium.android_webview.AwContents.E(long) (chromium-Monochrome.aab-stable-720417921:479)
2025-10-05 13:27:38.414 26959-26959 rlands.abclien          ru.neverlands.abclient               I    at void org.chromium.android_webview.AwContents.<init>(org.chromium.android_webview.AwBrowserContext, android.view.ViewGroup, Gt0, com.android.webview.chromium.L, com.android.webview.chromium.M, UN, org.chromium.android_webview.AwSettings, IN) (chromium-Monochrome.aab-stable-720417921:439)
2025-10-05 13:27:38.414 26959-26959 rlands.abclien          ru.neverlands.abclient               I    at void com.android.webview.chromium.l.run() (chromium-Monochrome.aab-stable-720417921:144)
2025-10-05 13:27:38.414 26959-26959 rlands.abclien          ru.neverlands.abclient               I    at void qa7.run() (chromium-Monochrome.aab-stable-720417921:13)
2025-10-05 13:27:38.414 26959-26959 rlands.abclien          ru.neverlands.abclient               I    at void org.chromium.base.task.PostTask.d(int, java.lang.Runnable) (chromium-Monochrome.aab-stable-720417921:14)
2025-10-05 13:27:38.414 26959-26959 rlands.abclien          ru.neverlands.abclient               I    at void ra7.a(java.lang.Runnable) (chromium-Monochrome.aab-stable-720417921:16)
2025-10-05 13:27:38.414 26959-26959 rlands.abclien          ru.neverlands.abclient               I    at void com.android.webview.chromium.WebViewChromiumFactoryProvider.a(java.lang.Runnable) (chromium-Monochrome.aab-stable-720417921:3)
2025-10-05 13:27:38.414 26959-26959 rlands.abclien          ru.neverlands.abclient               I    at void com.android.webview.chromium.WebViewChromium.init(java.util.Map, boolean) (chromium-Monochrome.aab-stable-720417921:352)
2025-10-05 13:27:38.414 26959-26959 rlands.abclien          ru.neverlands.abclient               I    at void android.webkit.WebView.<init>(android.content.Context, android.util.AttributeSet, int, int, java.util.Map, boolean) (WebView.java:678)
2025-10-05 13:27:38.414 26959-26959 rlands.abclien          ru.neverlands.abclient               I    at void android.webkit.WebView.<init>(android.content.Context, android.util.AttributeSet, int, int) (WebView.java:604)
2025-10-05 13:27:38.414 26959-26959 rlands.abclien          ru.neverlands.abclient               I    at void android.webkit.WebView.<init>(android.content.Context, android.util.AttributeSet, int) (WebView.java:587)
2025-10-05 13:27:38.414 26959-26959 rlands.abclien          ru.neverlands.abclient               I    at void android.webkit.WebView.<init>(android.content.Context, android.util.AttributeSet) (WebView.java:574)
2025-10-05 13:27:38.414 26959-26959 rlands.abclien          ru.neverlands.abclient               I    at java.lang.Object java.lang.reflect.Constructor.newInstance0(java.lang.Object[]) (Constructor.java:-2)
2025-10-05 13:27:38.414 26959-26959 rlands.abclien          ru.neverlands.abclient               I    at java.lang.Object java.lang.reflect.Constructor.newInstance(java.lang.Object[]) (Constructor.java:343)
2025-10-05 13:27:38.414 26959-26959 rlands.abclien          ru.neverlands.abclient               I    at android.view.View android.view.LayoutInflater.createView(java.lang.String, java.lang.String, android.util.AttributeSet) (LayoutInflater.java:651)
2025-10-05 13:27:38.414 26959-26959 rlands.abclien          ru.neverlands.abclient               I    at android.view.View com.android.internal.policy.PhoneLayoutInflater.onCreateView(java.lang.String, android.util.AttributeSet) (PhoneLayoutInflater.java:58)
2025-10-05 13:27:38.414 26959-26959 rlands.abclien          ru.neverlands.abclient               I    at android.view.View android.view.LayoutInflater.onCreateView(android.view.View, java.lang.String, android.util.AttributeSet) (LayoutInflater.java:724)
2025-10-05 13:27:38.414 26959-26959 rlands.abclien          ru.neverlands.abclient               I    at android.view.View android.view.LayoutInflater.createViewFromTag(android.view.View, java.lang.String, android.content.Context, android.util.AttributeSet, boolean) (LayoutInflater.java:792)
2025-10-05 13:27:38.414 26959-26959 rlands.abclien          ru.neverlands.abclient               I    at android.view.View android.view.LayoutInflater.createViewFromTag(android.view.View, java.lang.String, android.content.Context, android.util.AttributeSet) (LayoutInflater.java:734)
2025-10-05 13:27:38.414 26959-26959 rlands.abclien          ru.neverlands.abclient               I    at void android.view.LayoutInflater.rInflate(org.xmlpull.v1.XmlPullParser, android.view.View, android.content.Context, android.util.AttributeSet, boolean) (LayoutInflater.java:867)
2025-10-05 13:27:38.414 26959-26959 rlands.abclien          ru.neverlands.abclient               I    at void android.view.LayoutInflater.rInflateChildren(org.xmlpull.v1.XmlPullParser, android.view.View, android.util.AttributeSet, boolean) (LayoutInflater.java:828)
2025-10-05 13:27:38.414 26959-26959 rlands.abclien          ru.neverlands.abclient               I    at void android.view.LayoutInflater.parseInclude(org.xmlpull.v1.XmlPullParser, android.content.Context, android.view.View, android.util.AttributeSet) (LayoutInflater.java:999)
2025-10-05 13:27:38.414 26959-26959 rlands.abclien          ru.neverlands.abclient               I    at void android.view.LayoutInflater.rInflate(org.xmlpull.v1.XmlPullParser, android.view.View, android.content.Context, android.util.AttributeSet, boolean) (LayoutInflater.java:863)
2025-10-05 13:27:38.414 26959-26959 rlands.abclien          ru.neverlands.abclient               I    at void android.view.LayoutInflater.rInflateChildren(org.xmlpull.v1.XmlPullParser, android.view.View, android.util.AttributeSet, boolean) (LayoutInflater.java:828)
2025-10-05 13:27:38.414 26959-26959 rlands.abclien          ru.neverlands.abclient               I    at void android.view.LayoutInflater.parseInclude(org.xmlpull.v1.XmlPullParser, android.content.Context, android.view.View, android.util.AttributeSet) (LayoutInflater.java:999)
2025-10-05 13:27:38.414 26959-26959 rlands.abclien          ru.neverlands.abclient               I    at void android.view.LayoutInflater.rInflate(org.xmlpull.v1.XmlPullParser, android.view.View, android.content.Context, android.util.AttributeSet, boolean) (LayoutInflater.java:863)
2025-10-05 13:27:38.414 26959-26959 rlands.abclien          ru.neverlands.abclient               I    at void android.view.LayoutInflater.rInflateChildren(org.xmlpull.v1.XmlPullParser, android.view.View, android.util.AttributeSet, boolean) (LayoutInflater.java:828)
2025-10-05 13:27:38.414 26959-26959 rlands.abclien          ru.neverlands.abclient               I    at android.view.View android.view.LayoutInflater.inflate(org.xmlpull.v1.XmlPullParser, android.view.ViewGroup, boolean) (LayoutInflater.java:519)
2025-10-05 13:27:38.414 26959-26959 rlands.abclien          ru.neverlands.abclient               I    at android.view.View android.view.LayoutInflater.inflate(int, android.view.ViewGroup, boolean) (LayoutInflater.java:427)
2025-10-05 13:27:38.414 26959-26959 rlands.abclien          ru.neverlands.abclient               I    at ru.neverlands.abclient.databinding.ActivityMainBinding ru.neverlands.abclient.databinding.ActivityMainBinding.inflate(android.view.LayoutInflater, android.view.ViewGroup, boolean) (ActivityMainBinding.java:53)
2025-10-05 13:27:38.414 26959-26959 rlands.abclien          ru.neverlands.abclient               I    at ru.neverlands.abclient.databinding.ActivityMainBinding ru.neverlands.abclient.databinding.ActivityMainBinding.inflate(android.view.LayoutInflater) (ActivityMainBinding.java:47)
2025-10-05 13:27:38.414 26959-26959 rlands.abclien          ru.neverlands.abclient               I    at void ru.neverlands.abclient.MainActivity.onCreate(android.os.Bundle) (MainActivity.java:116)
2025-10-05 13:27:38.414 26959-26959 rlands.abclien          ru.neverlands.abclient               I    at void android.app.Activity.performCreate(android.os.Bundle, android.os.PersistableBundle) (Activity.java:7224)
2025-10-05 13:27:38.414 26959-26959 rlands.abclien          ru.neverlands.abclient               I    at void android.app.Activity.performCreate(android.os.Bundle) (Activity.java:7213)
2025-10-05 13:27:38.414 26959-26959 rlands.abclien          ru.neverlands.abclient               I    at void android.app.Instrumentation.callActivityOnCreate(android.app.Activity, android.os.Bundle) (Instrumentation.java:1272)
2025-10-05 13:27:38.414 26959-26959 rlands.abclien          ru.neverlands.abclient               I    at android.app.Activity android.app.ActivityThread.performLaunchActivity(android.app.ActivityThread$ActivityClientRecord, android.content.Intent) (ActivityThread.java:2926)
2025-10-05 13:27:38.414 26959-26959 rlands.abclien          ru.neverlands.abclient               I    at android.app.Activity android.app.ActivityThread.handleLaunchActivity(android.app.ActivityThread$ActivityClientRecord, android.app.servertransaction.PendingTransactionActions, android.content.Intent) (ActivityThread.java:3081)
2025-10-05 13:27:38.414 26959-26959 rlands.abclien          ru.neverlands.abclient               I    at void android.app.servertransaction.LaunchActivityItem.execute(android.app.ClientTransactionHandler, android.os.IBinder, android.app.servertransaction.PendingTransactionActions) (LaunchActivityItem.java:78)
2025-10-05 13:27:38.414 26959-26959 rlands.abclien          ru.neverlands.abclient               I    at void android.app.servertransaction.TransactionExecutor.executeCallbacks(android.app.servertransaction.ClientTransaction) (TransactionExecutor.java:108)
2025-10-05 13:27:38.414 26959-26959 rlands.abclien          ru.neverlands.abclient               I    at void android.app.servertransaction.TransactionExecutor.execute(android.app.servertransaction.ClientTransaction) (TransactionExecutor.java:68)
2025-10-05 13:27:38.414 26959-26959 rlands.abclien          ru.neverlands.abclient               I    at void android.app.ActivityThread$H.handleMessage(android.os.Message) (ActivityThread.java:1831)
2025-10-05 13:27:38.414 26959-26959 rlands.abclien          ru.neverlands.abclient               I    at void android.os.Handler.dispatchMessage(android.os.Message) (Handler.java:106)
2025-10-05 13:27:38.414 26959-26959 rlands.abclien          ru.neverlands.abclient               I    at void android.os.Looper.loop() (Looper.java:201)
2025-10-05 13:27:38.414 26959-26959 rlands.abclien          ru.neverlands.abclient               I    at void android.app.ActivityThread.main(java.lang.String[]) (ActivityThread.java:6810)
2025-10-05 13:27:38.414 26959-26959 rlands.abclien          ru.neverlands.abclient               I    at java.lang.Object java.lang.reflect.Method.invoke(java.lang.Object, java.lang.Object[]) (Method.java:-2)
2025-10-05 13:27:38.414 26959-26959 rlands.abclien          ru.neverlands.abclient               I    at void com.android.internal.os.RuntimeInit$MethodAndArgsCaller.run() (RuntimeInit.java:547)
2025-10-05 13:27:38.414 26959-26959 rlands.abclien          ru.neverlands.abclient               I    at void com.android.internal.os.ZygoteInit.main(java.lang.String[]) (ZygoteInit.java:873)
2025-10-05 13:27:38.414 26959-26959 rlands.abclien          ru.neverlands.abclient               I  Caused by: java.lang.ClassNotFoundException: Didn't find class "android.app.UiModeManager$ContrastChangeListener" on path: DexPathList[[zip file "/data/app/com.android.chrome-E64nQ75f6--D8fpnSar61w==/base.apk"],nativeLibraryDirectories=[/data/app/com.android.chrome-E64nQ75f6--D8fpnSar61w==/lib/arm64, /data/app/com.android.chrome-E64nQ75f6--D8fpnSar61w==/base.apk!/lib/arm64-v8a, /system/lib64, /system/vendor/lib64]]
2025-10-05 13:27:38.414 26959-26959 rlands.abclien          ru.neverlands.abclient               I    at java.lang.Class dalvik.system.BaseDexClassLoader.findClass(java.lang.String) (BaseDexClassLoader.java:134)
2025-10-05 13:27:38.414 26959-26959 rlands.abclien          ru.neverlands.abclient               I    at java.lang.Class java.lang.ClassLoader.loadClass(java.lang.String, boolean) (ClassLoader.java:379)
2025-10-05 13:27:38.414 26959-26959 rlands.abclien          ru.neverlands.abclient               I    at java.lang.Class java.lang.ClassLoader.loadClass(java.lang.String) (ClassLoader.java:312)
2025-10-05 13:27:38.414 26959-26959 rlands.abclien          ru.neverlands.abclient               I    at void J.N.VJO(int, long, java.lang.Object) (chromium-Monochrome.aab-stable-720417921:-2)
2025-10-05 13:27:38.414 26959-26959 rlands.abclien          ru.neverlands.abclient               I    at void org.chromium.android_webview.AwContents.E(long) (chromium-Monochrome.aab-stable-720417921:479)
2025-10-05 13:27:38.414 26959-26959 rlands.abclien          ru.neverlands.abclient               I    at void org.chromium.android_webview.AwContents.<init>(org.chromium.android_webview.AwBrowserContext, android.view.ViewGroup, Gt0, com.android.webview.chromium.L, com.android.webview.chromium.M, UN, org.chromium.android_webview.AwSettings, IN) (chromium-Monochrome.aab-stable-720417921:439)
2025-10-05 13:27:38.414 26959-26959 rlands.abclien          ru.neverlands.abclient               I    at void com.android.webview.chromium.l.run() (chromium-Monochrome.aab-stable-720417921:144)
2025-10-05 13:27:38.414 26959-26959 rlands.abclien          ru.neverlands.abclient               I    at void qa7.run() (chromium-Monochrome.aab-stable-720417921:13)
2025-10-05 13:27:38.414 26959-26959 rlands.abclien          ru.neverlands.abclient               I    at void org.chromium.base.task.PostTask.d(int, java.lang.Runnable) (chromium-Monochrome.aab-stable-720417921:14)
2025-10-05 13:27:38.414 26959-26959 rlands.abclien          ru.neverlands.abclient               I    at void ra7.a(java.lang.Runnable) (chromium-Monochrome.aab-stable-720417921:16)
2025-10-05 13:27:38.414 26959-26959 rlands.abclien          ru.neverlands.abclient               I    at void com.android.webview.chromium.WebViewChromiumFactoryProvider.a(java.lang.Runnable) (chromium-Monochrome.aab-stable-720417921:3)
2025-10-05 13:27:38.414 26959-26959 rlands.abclien          ru.neverlands.abclient               I    at void com.android.webview.chromium.WebViewChromium.init(java.util.Map, boolean) (chromium-Monochrome.aab-stable-720417921:352)
2025-10-05 13:27:38.414 26959-26959 rlands.abclien          ru.neverlands.abclient               I    at void android.webkit.WebView.<init>(android.content.Context, android.util.AttributeSet, int, int, java.util.Map, boolean) (WebView.java:678)
2025-10-05 13:27:38.414 26959-26959 rlands.abclien          ru.neverlands.abclient               I    at void android.webkit.WebView.<init>(android.content.Context, android.util.AttributeSet, int, int) (WebView.java:604)
2025-10-05 13:27:38.414 26959-26959 rlands.abclien          ru.neverlands.abclient               I    at void android.webkit.WebView.<init>(android.content.Context, android.util.AttributeSet, int) (WebView.java:587)
2025-10-05 13:27:38.414 26959-26959 rlands.abclien          ru.neverlands.abclient               I    at void android.webkit.WebView.<init>(android.content.Context, android.util.AttributeSet) (WebView.java:574)
2025-10-05 13:27:38.414 26959-26959 rlands.abclien          ru.neverlands.abclient               I    at java.lang.Object java.lang.reflect.Constructor.newInstance0(java.lang.Object[]) (Constructor.java:-2)
2025-10-05 13:27:38.415 26959-26959 rlands.abclien          ru.neverlands.abclient               I    at java.lang.Object java.lang.reflect.Constructor.newInstance(java.lang.Object[]) (Constructor.java:343)
2025-10-05 13:27:38.415 26959-26959 rlands.abclien          ru.neverlands.abclient               I    at android.view.View android.view.LayoutInflater.createView(java.lang.String, java.lang.String, android.util.AttributeSet) (LayoutInflater.java:651)
2025-10-05 13:27:38.415 26959-26959 rlands.abclien          ru.neverlands.abclient               I    at android.view.View com.android.internal.policy.PhoneLayoutInflater.onCreateView(java.lang.String, android.util.AttributeSet) (PhoneLayoutInflater.java:58)
2025-10-05 13:27:38.415 26959-26959 rlands.abclien          ru.neverlands.abclient               I    at android.view.View android.view.LayoutInflater.onCreateView(android.view.View, java.lang.String, android.util.AttributeSet) (LayoutInflater.java:724)
2025-10-05 13:27:38.415 26959-26959 rlands.abclien          ru.neverlands.abclient               I    at android.view.View android.view.LayoutInflater.createViewFromTag(android.view.View, java.lang.String, android.content.Context, android.util.AttributeSet, boolean) (LayoutInflater.java:792)
2025-10-05 13:27:38.415 26959-26959 rlands.abclien          ru.neverlands.abclient               I    at android.view.View android.view.LayoutInflater.createViewFromTag(android.view.View, java.lang.String, android.content.Context, android.util.AttributeSet) (LayoutInflater.java:734)
2025-10-05 13:27:38.415 26959-26959 rlands.abclien          ru.neverlands.abclient               I    at void android.view.LayoutInflater.rInflate(org.xmlpull.v1.XmlPullParser, android.view.View, android.content.Context, android.util.AttributeSet, boolean) (LayoutInflater.java:867)
2025-10-05 13:27:38.415 26959-26959 rlands.abclien          ru.neverlands.abclient               I    at void android.view.LayoutInflater.rInflateChildren(org.xmlpull.v1.XmlPullParser, android.view.View, android.util.AttributeSet, boolean) (LayoutInflater.java:828)
2025-10-05 13:27:38.415 26959-26959 rlands.abclien          ru.neverlands.abclient               I    at void android.view.LayoutInflater.parseInclude(org.xmlpull.v1.XmlPullParser, android.content.Context, android.view.View, android.util.AttributeSet) (LayoutInflater.java:999)
2025-10-05 13:27:38.415 26959-26959 rlands.abclien          ru.neverlands.abclient               I    at void android.view.LayoutInflater.rInflate(org.xmlpull.v1.XmlPullParser, android.view.View, android.content.Context, android.util.AttributeSet, boolean) (LayoutInflater.java:863)
2025-10-05 13:27:38.415 26959-26959 rlands.abclien          ru.neverlands.abclient               I    at void android.view.LayoutInflater.rInflateChildren(org.xmlpull.v1.XmlPullParser, android.view.View, android.util.AttributeSet, boolean) (LayoutInflater.java:828)
2025-10-05 13:27:38.415 26959-26959 rlands.abclien          ru.neverlands.abclient               I    at void android.view.LayoutInflater.parseInclude(org.xmlpull.v1.XmlPullParser, android.content.Context, android.view.View, android.util.AttributeSet) (LayoutInflater.java:999)
2025-10-05 13:27:38.415 26959-26959 rlands.abclien          ru.neverlands.abclient               I    at void android.view.LayoutInflater.rInflate(org.xmlpull.v1.XmlPullParser, android.view.View, android.content.Context, android.util.AttributeSet, boolean) (LayoutInflater.java:863)
2025-10-05 13:27:38.415 26959-26959 rlands.abclien          ru.neverlands.abclient               I    at void android.view.LayoutInflater.rInflateChildren(org.xmlpull.v1.XmlPullParser, android.view.View, android.util.AttributeSet, boolean) (LayoutInflater.java:828)
2025-10-05 13:27:38.415 26959-26959 rlands.abclien          ru.neverlands.abclient               I    at android.view.View android.view.LayoutInflater.inflate(org.xmlpull.v1.XmlPullParser, android.view.ViewGroup, boolean) (LayoutInflater.java:519)
2025-10-05 13:27:38.415 26959-26959 rlands.abclien          ru.neverlands.abclient               I    at android.view.View android.view.LayoutInflater.inflate(int, android.view.ViewGroup, boolean) (LayoutInflater.java:427)
2025-10-05 13:27:38.415 26959-26959 rlands.abclien          ru.neverlands.abclient               I    at ru.neverlands.abclient.databinding.ActivityMainBinding ru.neverlands.abclient.databinding.ActivityMainBinding.inflate(android.view.LayoutInflater, android.view.ViewGroup, boolean) (ActivityMainBinding.java:53)
2025-10-05 13:27:38.415 26959-26959 rlands.abclien          ru.neverlands.abclient               I    at ru.neverlands.abclient.databinding.ActivityMainBinding ru.neverlands.abclient.databinding.ActivityMainBinding.inflate(android.view.LayoutInflater) (ActivityMainBinding.java:47)
2025-10-05 13:27:38.415 26959-26959 rlands.abclien          ru.neverlands.abclient               I    at void ru.neverlands.abclient.MainActivity.onCreate(android.os.Bundle) (MainActivity.java:116)
2025-10-05 13:27:38.415 26959-26959 rlands.abclien          ru.neverlands.abclient               I    at void android.app.Activity.performCreate(android.os.Bundle, android.os.PersistableBundle) (Activity.java:7224)
2025-10-05 13:27:38.415 26959-26959 rlands.abclien          ru.neverlands.abclient               I    at void android.app.Activity.performCreate(android.os.Bundle) (Activity.java:7213)
2025-10-05 13:27:38.415 26959-26959 rlands.abclien          ru.neverlands.abclient               I    at void android.app.Instrumentation.callActivityOnCreate(android.app.Activity, android.os.Bundle) (Instrumentation.java:1272)
2025-10-05 13:27:38.415 26959-26959 rlands.abclien          ru.neverlands.abclient               I    at android.app.Activity android.app.ActivityThread.performLaunchActivity(android.app.ActivityThread$ActivityClientRecord, android.content.Intent) (ActivityThread.java:2926)
2025-10-05 13:27:38.415 26959-26959 rlands.abclien          ru.neverlands.abclient               I    at android.app.Activity android.app.ActivityThread.handleLaunchActivity(android.app.ActivityThread$ActivityClientRecord, android.app.servertransaction.PendingTransactionActions, android.content.Intent) (ActivityThread.java:3081)
2025-10-05 13:27:38.415 26959-26959 rlands.abclien          ru.neverlands.abclient               I    at void android.app.servertransaction.LaunchActivityItem.execute(android.app.ClientTransactionHandler, android.os.IBinder, android.app.servertransaction.PendingTransactionActions) (LaunchActivityItem.java:78)
2025-10-05 13:27:38.415 26959-26959 rlands.abclien          ru.neverlands.abclient               I    at void android.app.servertransaction.TransactionExecutor.executeCallbacks(android.app.servertransaction.ClientTransaction) (TransactionExecutor.java:108)
2025-10-05 13:27:38.415 26959-26959 rlands.abclien          ru.neverlands.abclient               I    at void android.app.servertransaction.TransactionExecutor.execute(android.app.servertransaction.ClientTransaction) (TransactionExecutor.java:68)
2025-10-05 13:27:38.415 26959-26959 rlands.abclien          ru.neverlands.abclient               I    at void android.app.ActivityThread$H.handleMessage(android.os.Message) (ActivityThread.java:1831)
2025-10-05 13:27:38.415 26959-26959 rlands.abclien          ru.neverlands.abclient               I    at void android.os.Handler.dispatchMessage(android.os.Message) (Handler.java:106)
2025-10-05 13:27:38.415 26959-26959 rlands.abclien          ru.neverlands.abclient               I    at void android.os.Looper.loop() (Looper.java:201)
2025-10-05 13:27:38.415 26959-26959 rlands.abclien          ru.neverlands.abclient               I    at void android.app.ActivityThread.main(java.lang.String[]) (ActivityThread.java:6810)
2025-10-05 13:27:38.415 26959-26959 rlands.abclien          ru.neverlands.abclient               I    at java.lang.Object java.lang.reflect.Method.invoke(java.lang.Object, java.lang.Object[]) (Method.java:-2)
2025-10-05 13:27:38.415 26959-26959 rlands.abclien          ru.neverlands.abclient               I    at void com.android.internal.os.RuntimeInit$MethodAndArgsCaller.run() (RuntimeInit.java:547)
2025-10-05 13:27:38.415 26959-26959 rlands.abclien          ru.neverlands.abclient               I    at void com.android.internal.os.ZygoteInit.main(java.lang.String[]) (ZygoteInit.java:873)
2025-10-05 13:27:38.415 26959-26959 rlands.abclien          ru.neverlands.abclient               I  
2025-10-05 13:27:38.428 26959-26959 EgretLoader             ru.neverlands.abclient               D  EgretLoader(Context context)
2025-10-05 13:27:38.430 26959-26959 EgretLoader             ru.neverlands.abclient               D  The context is not activity
2025-10-05 13:27:38.442 26959-27376 cr_media                ru.neverlands.abclient               W  getBluetoothAdapter() requires BLUETOOTH permission
2025-10-05 13:27:38.442 26959-27376 cr_media                ru.neverlands.abclient               W  registerBluetoothIntentsIfNeeded: Requires BLUETOOTH permission
2025-10-05 13:27:38.444 26959-26959 EgretLoader             ru.neverlands.abclient               D  EgretLoader(Context context)
2025-10-05 13:27:38.444 26959-26959 EgretLoader             ru.neverlands.abclient               D  The context is not activity
2025-10-05 13:27:38.452 26959-26959 EgretLoader             ru.neverlands.abclient               D  EgretLoader(Context context)
2025-10-05 13:27:38.453 26959-26959 EgretLoader             ru.neverlands.abclient               D  The context is not activity
2025-10-05 13:27:38.462 26959-26959 EgretLoader             ru.neverlands.abclient               D  EgretLoader(Context context)
2025-10-05 13:27:38.463 26959-26959 EgretLoader             ru.neverlands.abclient               D  The context is not activity
2025-10-05 13:27:38.704 26959-27402 CameraManagerGlobal     ru.neverlands.abclient               I  Connecting to camera service
2025-10-05 13:27:38.709 26959-26959 Choreographer           ru.neverlands.abclient               I  Skipped 33 frames!  The application may be doing too much work on its main thread.
2025-10-05 13:27:38.710 26959-27402 libc                    ru.neverlands.abclient               E  Access denied finding property "vendor.camera.aux.packagelist"
2025-10-05 13:27:38.710 26959-27402 chatty                  ru.neverlands.abclient               I  uid=10691(ru.neverlands.abclient) ThreadPoolSingl identical 1 line
2025-10-05 13:27:38.710 26959-27402 libc                    ru.neverlands.abclient               E  Access denied finding property "vendor.camera.aux.packagelist"
2025-10-05 13:27:38.710 26959-27402 CameraManagerGlobal     ru.neverlands.abclient               W  [soar.cts] ignore the status update of camera: 2
2025-10-05 13:27:38.711 26959-27402 libc                    ru.neverlands.abclient               E  Access denied finding property "vendor.camera.aux.packagelist"
2025-10-05 13:27:38.711 26959-27402 CameraManagerGlobal     ru.neverlands.abclient               W  [soar.cts] ignore the status update of camera: 3
2025-10-05 13:27:38.711 26959-26992 libc                    ru.neverlands.abclient               E  Access denied finding property "vendor.camera.aux.packagelist"
2025-10-05 13:27:38.712 26959-26992 libc                    ru.neverlands.abclient               E  Access denied finding property "vendor.camera.aux.packagelist"
2025-10-05 13:27:38.712 26959-26992 CameraManagerGlobal     ru.neverlands.abclient               W  ignore the torch status update of camera: 2
2025-10-05 13:27:38.712 26959-26992 libc                    ru.neverlands.abclient               E  Access denied finding property "vendor.camera.aux.packagelist"
2025-10-05 13:27:38.712 26959-26992 CameraManagerGlobal     ru.neverlands.abclient               W  ignore the torch status update of camera: 3
2025-10-05 13:27:38.715 26959-26959 ContentCatcher          ru.neverlands.abclient               W  Failed to notify a WebView
2025-10-05 13:27:38.728 26959-26959 chatty                  ru.neverlands.abclient               I  uid=10691(ru.neverlands.abclient) identical 2 lines
2025-10-05 13:27:38.731 26959-26959 ContentCatcher          ru.neverlands.abclient               W  Failed to notify a WebView
2025-10-05 13:27:38.738 26959-26959 rlands.abclien          ru.neverlands.abclient               W  Accessing hidden method Landroid/view/View;->getViewRootImpl()Landroid/view/ViewRootImpl; (light greylist, reflection)
2025-10-05 13:27:38.738 26959-26959 rlands.abclien          ru.neverlands.abclient               W  Accessing hidden field Landroid/view/View$AttachInfo;->mVisibleInsets:Landroid/graphics/Rect; (light greylist, reflection)
2025-10-05 13:27:38.738 26959-26959 rlands.abclien          ru.neverlands.abclient               W  Accessing hidden field Landroid/view/ViewRootImpl;->mAttachInfo:Landroid/view/View$AttachInfo; (light greylist, reflection)
2025-10-05 13:27:38.756 26959-27382 VideoCapabilities       ru.neverlands.abclient               W  Unrecognized profile 4 for video/hevc
2025-10-05 13:27:38.758 26959-27382 VideoCapabilities       ru.neverlands.abclient               W  Unrecognized profile/level 0/3 for video/mpeg2
2025-10-05 13:27:38.760 26959-27382 VideoCapabilities       ru.neverlands.abclient               W  Unrecognized profile/level 0/3 for video/mpeg2
2025-10-05 13:27:38.784 26959-27382 VideoCapabilities       ru.neverlands.abclient               I  Unsupported profile 4 for video/mp4v-es
2025-10-05 13:27:38.787 26959-27382 Utils                   ru.neverlands.abclient               W  could not parse long range '175-174'
2025-10-05 13:27:38.808 26959-26959 rlands.abclien          ru.neverlands.abclient               W  Accessing hidden field Landroid/view/View;->mAccessibilityDelegate:Landroid/view/View$AccessibilityDelegate; (light greylist, reflection)
2025-10-05 13:27:38.978 26959-27365 ChListJs                ru.neverlands.abclient               D  process() called
2025-10-05 13:27:38.979 26959-27365 ChListJs                ru.neverlands.abclient               D  Finished processing ch_list.js
2025-10-05 13:27:39.039 26959-27399 ContactsManager         ru.neverlands.abclient               D  GetClassIdOfContact for 'AnechkaBlondy' returned 0
2025-10-05 13:27:39.042 26959-27399 ContactsManager         ru.neverlands.abclient               D  GetClassIdOfContact for 'Angry Bird' returned 0
2025-10-05 13:27:39.044 26959-27399 ContactsManager         ru.neverlands.abclient               D  GetClassIdOfContact for 'Apostol' returned 0
2025-10-05 13:27:39.047 26959-27399 ContactsManager         ru.neverlands.abclient               D  GetClassIdOfContact for 'DarkStranger' returned 0
2025-10-05 13:27:39.049 26959-27399 ContactsManager         ru.neverlands.abclient               D  GetClassIdOfContact for 'Edified' returned 0
2025-10-05 13:27:39.049 26959-26959 JS_CONSOLE              ru.neverlands.abclient               E  Raw classId for AnechkaBlondy: 0 -- From line 123 of http://neverlands.ru/ch/ch_list.js
2025-10-05 13:27:39.049 26959-26959 JS_CONSOLE              ru.neverlands.abclient               E  Raw classId for Angry Bird: 0 -- From line 123 of http://neverlands.ru/ch/ch_list.js
2025-10-05 13:27:39.049 26959-26959 JS_CONSOLE              ru.neverlands.abclient               E  Raw classId for Apostol: 0 -- From line 123 of http://neverlands.ru/ch/ch_list.js
2025-10-05 13:27:39.049 26959-26959 JS_CONSOLE              ru.neverlands.abclient               E  Raw classId for DarkStranger: 0 -- From line 123 of http://neverlands.ru/ch/ch_list.js
2025-10-05 13:27:39.051 26959-26959 JS_CONSOLE              ru.neverlands.abclient               E  Raw classId for Edified: 0 -- From line 123 of http://neverlands.ru/ch/ch_list.js
2025-10-05 13:27:39.053 26959-27399 ContactsManager         ru.neverlands.abclient               D  GetClassIdOfContact for 'FireDok' returned 0
2025-10-05 13:27:39.056 26959-27399 ContactsManager         ru.neverlands.abclient               D  GetClassIdOfContact for '*Fix*' returned 0
2025-10-05 13:27:39.059 26959-27399 ContactsManager         ru.neverlands.abclient               D  GetClassIdOfContact for '~Irinka~' returned 0
2025-10-05 13:27:39.063 26959-26959 JS_CONSOLE              ru.neverlands.abclient               E  Raw classId for FireDok: 0 -- From line 123 of http://neverlands.ru/ch/ch_list.js
2025-10-05 13:27:39.064 26959-26959 JS_CONSOLE              ru.neverlands.abclient               E  Raw classId for *Fix*: 0 -- From line 123 of http://neverlands.ru/ch/ch_list.js
2025-10-05 13:27:39.064 26959-26959 JS_CONSOLE              ru.neverlands.abclient               E  Raw classId for ~Irinka~: 0 -- From line 123 of http://neverlands.ru/ch/ch_list.js
2025-10-05 13:27:39.064 26959-27399 ContactsManager         ru.neverlands.abclient               D  GetClassIdOfContact for 'LOST' returned 0
2025-10-05 13:27:39.068 26959-26959 JS_CONSOLE              ru.neverlands.abclient               E  Raw classId for LOST: 0 -- From line 123 of http://neverlands.ru/ch/ch_list.js
2025-10-05 13:27:39.069 26959-27399 ContactsManager         ru.neverlands.abclient               D  GetClassIdOfContact for 'Mak Luck' returned 0
2025-10-05 13:27:39.071 26959-27399 ContactsManager         ru.neverlands.abclient               D  GetClassIdOfContact for '~Man Of War~' returned 0
2025-10-05 13:27:39.072 26959-26959 JS_CONSOLE              ru.neverlands.abclient               E  Raw classId for Mak Luck: 0 -- From line 123 of http://neverlands.ru/ch/ch_list.js
2025-10-05 13:27:39.073 26959-26959 JS_CONSOLE              ru.neverlands.abclient               E  Raw classId for ~Man Of War~: 0 -- From line 123 of http://neverlands.ru/ch/ch_list.js
2025-10-05 13:27:39.073 26959-27399 ContactsManager         ru.neverlands.abclient               D  GetClassIdOfContact for 'Mubor_e' returned 0
2025-10-05 13:27:39.078 26959-27399 ContactsManager         ru.neverlands.abclient               D  GetClassIdOfContact for 'ntg vasya' returned 0
2025-10-05 13:27:39.080 26959-27399 ContactsManager         ru.neverlands.abclient               D  GetClassIdOfContact for 'Play ME' returned 0
2025-10-05 13:27:39.083 26959-26959 JS_CONSOLE              ru.neverlands.abclient               E  Raw classId for Mubor_e: 0 -- From line 123 of http://neverlands.ru/ch/ch_list.js
2025-10-05 13:27:39.083 26959-26959 JS_CONSOLE              ru.neverlands.abclient               E  Raw classId for ntg vasya: 0 -- From line 123 of http://neverlands.ru/ch/ch_list.js
2025-10-05 13:27:39.083 26959-27399 ContactsManager         ru.neverlands.abclient               D  GetClassIdOfContact for 'R3b3l' returned 0
2025-10-05 13:27:39.083 26959-26959 JS_CONSOLE              ru.neverlands.abclient               E  Raw classId for Play ME: 0 -- From line 123 of http://neverlands.ru/ch/ch_list.js
2025-10-05 13:27:39.085 26959-26959 JS_CONSOLE              ru.neverlands.abclient               E  Raw classId for R3b3l: 0 -- From line 123 of http://neverlands.ru/ch/ch_list.js
2025-10-05 13:27:39.085 26959-27399 ContactsManager         ru.neverlands.abclient               D  GetClassIdOfContact for 'Shegay' returned 0
2025-10-05 13:27:39.087 26959-27399 ContactsManager         ru.neverlands.abclient               D  GetClassIdOfContact for 'Tatarik' returned 0
2025-10-05 13:27:39.088 26959-27399 ContactsManager         ru.neverlands.abclient               D  GetClassIdOfContact for '-UA-' returned 0
2025-10-05 13:27:39.090 26959-27399 ContactsManager         ru.neverlands.abclient               D  GetClassIdOfContact for '' returned 2
2025-10-05 13:27:39.092 26959-26959 JS_CONSOLE              ru.neverlands.abclient               E  Raw classId for Shegay: 0 -- From line 123 of http://neverlands.ru/ch/ch_list.js
2025-10-05 13:27:39.092 26959-26959 JS_CONSOLE              ru.neverlands.abclient               E  Raw classId for Tatarik: 0 -- From line 123 of http://neverlands.ru/ch/ch_list.js
2025-10-05 13:27:39.093 26959-26959 JS_CONSOLE              ru.neverlands.abclient               E  Raw classId for -UA-: 0 -- From line 123 of http://neverlands.ru/ch/ch_list.js
2025-10-05 13:27:39.093 26959-26959 JS_CONSOLE              ru.neverlands.abclient               E  Raw classId for : 2 -- From line 123 of http://neverlands.ru/ch/ch_list.js
2025-10-05 13:27:39.094 26959-27399 ContactsManager         ru.neverlands.abclient               D  GetClassIdOfContact for '@@' returned 0
2025-10-05 13:27:39.096 26959-27399 ContactsManager         ru.neverlands.abclient               D  GetClassIdOfContact for '- ' returned 0
2025-10-05 13:27:39.098 26959-26959 JS_CONSOLE              ru.neverlands.abclient               E  Raw classId for @@: 0 -- From line 123 of http://neverlands.ru/ch/ch_list.js
2025-10-05 13:27:39.104 26959-27399 ContactsManager         ru.neverlands.abclient               D  GetClassIdOfContact for '' returned 0
2025-10-05 13:27:39.106 26959-27399 ContactsManager         ru.neverlands.abclient               D  GetClassIdOfContact for '~~' returned 0
2025-10-05 13:27:39.108 26959-27399 ContactsManager         ru.neverlands.abclient               D  GetClassIdOfContact for '' returned 0
2025-10-05 13:27:39.111 26959-27399 ContactsManager         ru.neverlands.abclient               D  GetClassIdOfContact for '' returned 0
2025-10-05 13:27:39.119 26959-27399 ContactsManager         ru.neverlands.abclient               D  GetClassIdOfContact for '' returned 0
2025-10-05 13:27:39.121 26959-27399 ContactsManager         ru.neverlands.abclient               D  GetClassIdOfContact for ' ' returned 0
2025-10-05 13:27:39.127 26959-27399 ContactsManager         ru.neverlands.abclient               D  GetClassIdOfContact for '-' returned 0
2025-10-05 13:27:39.129 26959-27399 ContactsManager         ru.neverlands.abclient               D  GetClassIdOfContact for '' returned 0
2025-10-05 13:27:39.151 26959-26959 JS_CONSOLE              ru.neverlands.abclient               E  Raw classId for - : 0 -- From line 123 of http://neverlands.ru/ch/ch_list.js
2025-10-05 13:27:39.151 26959-26959 JS_CONSOLE              ru.neverlands.abclient               E  Raw classId for : 0 -- From line 123 of http://neverlands.ru/ch/ch_list.js
2025-10-05 13:27:39.151 26959-26959 JS_CONSOLE              ru.neverlands.abclient               E  Raw classId for ~~: 0 -- From line 123 of http://neverlands.ru/ch/ch_list.js
2025-10-05 13:27:39.151 26959-26959 JS_CONSOLE              ru.neverlands.abclient               E  Raw classId for : 0 -- From line 123 of http://neverlands.ru/ch/ch_list.js
2025-10-05 13:27:39.151 26959-26959 JS_CONSOLE              ru.neverlands.abclient               E  Raw classId for : 0 -- From line 123 of http://neverlands.ru/ch/ch_list.js
2025-10-05 13:27:39.152 26959-26959 JS_CONSOLE              ru.neverlands.abclient               E  Raw classId for : 0 -- From line 123 of http://neverlands.ru/ch/ch_list.js
2025-10-05 13:27:39.152 26959-26959 JS_CONSOLE              ru.neverlands.abclient               E  Raw classId for  : 0 -- From line 123 of http://neverlands.ru/ch/ch_list.js
2025-10-05 13:27:39.152 26959-26959 JS_CONSOLE              ru.neverlands.abclient               E  Raw classId for -: 0 -- From line 123 of http://neverlands.ru/ch/ch_list.js
2025-10-05 13:27:39.152 26959-26959 JS_CONSOLE              ru.neverlands.abclient               E  Raw classId for : 0 -- From line 123 of http://neverlands.ru/ch/ch_list.js
2025-10-05 13:27:39.154 26959-26982 System                  ru.neverlands.abclient               W  A resource failed to call end. 
2025-10-05 13:27:39.156 26959-26982 chatty                  ru.neverlands.abclient               I  uid=10691(ru.neverlands.abclient) FinalizerDaemon identical 8 lines
2025-10-05 13:27:39.156 26959-26982 System                  ru.neverlands.abclient               W  A resource failed to call end. 
2025-10-05 13:27:39.274 26959-26959 ABClient                ru.neverlands.abclient               D  Page loaded: http://neverlands.ru/ch/msg.php
2025-10-05 13:27:39.647 26959-26959 ABClient                ru.neverlands.abclient               D  Page loaded: http://neverlands.ru/main.php
2025-10-05 13:27:39.685 26959-26959 JS_CONSOLE              ru.neverlands.abclient               E  Uncaught SyntaxError: Invalid or unexpected token -- From line 1 of http://www.neverlands.ru/main.php
2025-10-05 13:27:40.170 26959-26959 ABClient                ru.neverlands.abclient               D  Page loaded: http://neverlands.ru/ch.php?lo=1
2025-10-05 13:27:40.194 26959-26959 ABClient                ru.neverlands.abclient               D  Page loaded: http://neverlands.ru/ch/but.php
2025-10-05 13:27:40.237 26959-26982 System                  ru.neverlands.abclient               W  A resource failed to call end. 
2025-10-05 13:27:40.244 26959-26982 chatty                  ru.neverlands.abclient               I  uid=10691(ru.neverlands.abclient) FinalizerDaemon identical 23 lines
2025-10-05 13:27:40.244 26959-26982 System                  ru.neverlands.abclient               W  A resource failed to call end. 
2025-10-05 13:27:40.546 26959-27362 System                  ru.neverlands.abclient               W  Ignoring header Cookie because its value was null.
2025-10-05 13:27:40.659 26959-26959 rlands.abclien          ru.neverlands.abclient               W  Accessing hidden method Landroid/view/MotionEvent;->getEventTimeNano()J (light greylist, reflection)
2025-10-05 13:27:40.828 26959-26959 ABClient                ru.neverlands.abclient               D  Page loaded: http://www.neverlands.ru/main.php
2025-10-05 13:27:40.830 26959-26959 JS_CONSOLE              ru.neverlands.abclient               E  Uncaught SyntaxError: Invalid or unexpected token -- From line 1 of http://www.neverlands.ru/main.php
2025-10-05 13:27:42.483 26959-26959 Choreographer           ru.neverlands.abclient               W  OPTS_INPUT: First frame was drawed before optimized, so skip!
2025-10-05 13:27:44.695 26959-26959 Choreographer           ru.neverlands.abclient               W  OPTS_INPUT: First frame was drawed before optimized, so skip!
2025-10-05 13:27:45.600 26959-26959 Choreographer           ru.neverlands.abclient               W  OPTS_INPUT: First frame was drawed before optimized, so skip!
2025-10-05 13:27:46.372 26959-26959 Choreographer           ru.neverlands.abclient               W  OPTS_INPUT: First frame was drawed before optimized, so skip!
2025-10-05 13:27:51.381 26959-26959 Choreographer           ru.neverlands.abclient               W  OPTS_INPUT: First frame was drawed before optimized, so skip!
2025-10-05 13:27:52.492 26959-26959 Choreographer           ru.neverlands.abclient               W  OPTS_INPUT: First frame was drawed before optimized, so skip!
2025-10-05 13:27:53.181 26959-26959 Choreographer           ru.neverlands.abclient               W  OPTS_INPUT: First frame was drawed before optimized, so skip!
2025-10-05 13:27:53.936 26959-26959 Choreographer           ru.neverlands.abclient               W  OPTS_INPUT: First frame was drawed before optimized, so skip!
2025-10-05 13:28:10.078 26959-26959 rlands.abclien          ru.neverlands.abclient               W  Accessing hidden method Landroid/widget/PopupWindow;->setTouchModal(Z)V (light greylist, reflection)
2025-10-05 13:28:11.852 26959-26959 Toast                   ru.neverlands.abclient               I  Show toast from OpPackageName:ru.neverlands.abclient, PackageName:ru.neverlands.abclient
2025-10-05 13:28:12.177 26959-27059 OpenGLRenderer          ru.neverlands.abclient               D  endAllActiveAnimators on 0x7b3fec7d00 (MenuPopupWindow$MenuDropDownListView) with handle 0x7b3b968580
2025-10-05 13:28:16.255 26959-26959 EgretLoader             ru.neverlands.abclient               D  EgretLoader(Context context)
2025-10-05 13:28:16.256 26959-26959 EgretLoader             ru.neverlands.abclient               D  The context is not activity
2025-10-05 13:28:16.275 26959-26959 TextClassifierService   ru.neverlands.abclient               D  No configured system TextClassifierService
2025-10-05 13:28:16.707 26959-26982 System                  ru.neverlands.abclient               W  A resource failed to call end. 
2025-10-05 13:28:16.707 26959-26982 System                  ru.neverlands.abclient               W  A resource failed to call end. 
2025-10-05 13:28:17.312 26959-26982 System                  ru.neverlands.abclient               W  A resource failed to call end. 
2025-10-05 13:28:17.538 26959-27363 System                  ru.neverlands.abclient               W  Ignoring header Cookie because its value was null.
2025-10-05 13:28:17.541 26959-27381 System                  ru.neverlands.abclient               W  Ignoring header Cookie because its value was null.
2025-10-05 13:28:31.944 26959-27362 androidtc               ru.neverlands.abclient               D  Loading ModelFile { path=/data/misc/textclassifier/textclassifier.model name=textclassifier.model version=611 locales=ru }
2025-10-05 13:28:32.244 26959-26959 rlands.abclien          ru.neverlands.abclient               W  Unknown chunk type '200'.
2025-10-05 13:28:32.309 26959-26959 IconCustomizer          ru.neverlands.abclient               D  Content Ratio = -1.0
2025-10-05 13:28:32.313 26959-26959 IconCustomizer          ru.neverlands.abclient               D  Generate customized icon for com.anthropic.claude.png
2025-10-05 13:28:32.348 26959-26959 rlands.abclien          ru.neverlands.abclient               W  Unknown chunk type '200'.
2025-10-05 13:28:32.384 26959-26959 IconCustomizer          ru.neverlands.abclient               D  Content Ratio = -1.0
2025-10-05 13:28:32.385 26959-26959 IconCustomizer          ru.neverlands.abclient               D  Generate customized icon for com.yandex.searchapp.png
2025-10-05 13:28:32.412 26959-26959 IconCustomizer          ru.neverlands.abclient               D  Content Ratio = -1.0
2025-10-05 13:28:32.416 26959-26959 IconCustomizer          ru.neverlands.abclient               D  Generate customized icon for org.mozilla.focus.png
2025-10-05 13:28:32.437 26959-26959 IconCustomizer          ru.neverlands.abclient               D  Content Ratio = -1.0
2025-10-05 13:28:32.439 26959-26959 IconCustomizer          ru.neverlands.abclient               D  Generate customized icon for org.wikipedia.png
2025-10-05 13:28:37.470 26959-26959 ABClient                ru.neverlands.abclient               D  Page loaded: http://neverlands.ru/pinfo.cgi?AnechkaBlondy
2025-10-05 13:28:37.635 26959-27362 System                  ru.neverlands.abclient               W  Ignoring header Cookie because its value was null.
2025-10-05 13:28:37.918 26959-26959 ABClient                ru.neverlands.abclient               D  Page loaded: http://www.neverlands.ru/main.php
2025-10-05 13:28:37.934 26959-26959 JS_CONSOLE              ru.neverlands.abclient               E  Uncaught SyntaxError: Invalid or unexpected token -- From line 1 of http://www.neverlands.ru/main.php
2025-10-05 13:28:40.124 26959-26959 Timeline                ru.neverlands.abclient               I  Timeline: Activity_launch_request time:228155985 intent:Intent { cmp=ru.neverlands.abclient/.ContactsActivity }
2025-10-05 13:28:40.134  2065-3266  ActivityTrigger         system_server                        E  activityStartTrigger: not whiteListedru.neverlands.abclient/ru.neverlands.abclient.ContactsActivity/4
2025-10-05 13:28:40.141  2065-3266  ActivityTrigger         system_server                        E  activityResumeTrigger: not whiteListedru.neverlands.abclient/ru.neverlands.abclient.ContactsActivity/4
2025-10-05 13:28:40.155  2065-3266  ActivityTrigger         system_server                        E  activityResumeTrigger: not whiteListedru.neverlands.abclient/ru.neverlands.abclient.ContactsActivity/4
2025-10-05 13:28:40.172 26959-26959 ActivityThread          ru.neverlands.abclient               W  handleWindowVisibility: no activity for token android.os.BinderProxy@e6b9ccf
