2025-10-04 14:42:31.139  2065-3966  ActivityTrigger         system_server                        E  activityStartTrigger: not whiteListedru.neverlands.abclient/ru.neverlands.abclient.LoginActivity/4
2025-10-04 14:42:31.141  2065-3966  ActivityTrigger         system_server                        E  activityResumeTrigger: not whiteListedru.neverlands.abclient/ru.neverlands.abclient.LoginActivity/4
2025-10-04 14:42:31.157  2065-3966  ActivityTrigger         system_server                        E  activityResumeTrigger: not whiteListedru.neverlands.abclient/ru.neverlands.abclient.LoginActivity/4
2025-10-04 14:42:31.329 23542-23542 ActivityThread          ru.neverlands.abclient               W  Application ru.neverlands.abclient can be debugged on port 8100...
2025-10-04 14:42:31.332 23542-23542 rlands.abclien          ru.neverlands.abclient               W  miui_dex2oat: oat file of /data/app/ru.neverlands.abclient-ZqGnUBeZk5EdycbSbJFvYQ==/base.apk is not exists
2025-10-04 14:42:31.747 23542-23542 Perf                    ru.neverlands.abclient               I  Connecting to perf service.
2025-10-04 14:42:31.768 23542-23542 rlands.abclien          ru.neverlands.abclient               W  Accessing hidden field Landroid/os/Trace;->TRACE_TAG_APP:J (light greylist, reflection)
2025-10-04 14:42:31.768 23542-23542 rlands.abclien          ru.neverlands.abclient               W  Accessing hidden method Landroid/os/Trace;->isTagEnabled(J)Z (light greylist, reflection)
2025-10-04 14:42:31.959 23542-23609 ThingsRepository        ru.neverlands.abclient               D  Things database is empty. Populating from XML...
2025-10-04 14:42:31.976 23542-23542 AppCompatDelegate       ru.neverlands.abclient               D  Checking for metadata for AppLocalesMetadataHolderService : Service not found
2025-10-04 14:42:31.995 23542-23542 rlands.abclien          ru.neverlands.abclient               W  Accessing hidden field Landroid/graphics/Insets;->left:I (light greylist, linking)
2025-10-04 14:42:31.996 23542-23542 rlands.abclien          ru.neverlands.abclient               W  Accessing hidden field Landroid/graphics/Insets;->top:I (light greylist, linking)
2025-10-04 14:42:31.996 23542-23542 rlands.abclien          ru.neverlands.abclient               W  Accessing hidden field Landroid/graphics/Insets;->right:I (light greylist, linking)
2025-10-04 14:42:31.996 23542-23542 rlands.abclien          ru.neverlands.abclient               W  Accessing hidden field Landroid/graphics/Insets;->bottom:I (light greylist, linking)
2025-10-04 14:42:32.093 23542-23542 rlands.abclien          ru.neverlands.abclient               W  Accessing hidden method Landroid/graphics/FontFamily;-><init>()V (light greylist, reflection)
2025-10-04 14:42:32.094 23542-23542 rlands.abclien          ru.neverlands.abclient               W  Accessing hidden method Landroid/graphics/FontFamily;->addFontFromAssetManager(Landroid/content/res/AssetManager;Ljava/lang/String;IZIII[Landroid/graphics/fonts/FontVariationAxis;)Z (light greylist, reflection)
2025-10-04 14:42:32.094 23542-23542 rlands.abclien          ru.neverlands.abclient               W  Accessing hidden method Landroid/graphics/FontFamily;->addFontFromBuffer(Ljava/nio/ByteBuffer;I[Landroid/graphics/fonts/FontVariationAxis;II)Z (light greylist, reflection)
2025-10-04 14:42:32.094 23542-23542 rlands.abclien          ru.neverlands.abclient               W  Accessing hidden method Landroid/graphics/FontFamily;->freeze()Z (light greylist, reflection)
2025-10-04 14:42:32.094 23542-23542 rlands.abclien          ru.neverlands.abclient               W  Accessing hidden method Landroid/graphics/FontFamily;->abortCreation()V (light greylist, reflection)
2025-10-04 14:42:32.094 23542-23542 rlands.abclien          ru.neverlands.abclient               W  Accessing hidden method Landroid/graphics/Typeface;->createFromFamiliesWithDefault([Landroid/graphics/FontFamily;Ljava/lang/String;II)Landroid/graphics/Typeface; (light greylist, reflection)
2025-10-04 14:42:32.103 23542-23542 rlands.abclien          ru.neverlands.abclient               W  Accessing hidden method Landroid/view/View;->computeFitSystemWindows(Landroid/graphics/Rect;Landroid/graphics/Rect;)Z (light greylist, reflection)
2025-10-04 14:42:32.249 23542-23542 rlands.abclien          ru.neverlands.abclient               W  Accessing hidden method Landroid/widget/PopupWindow;->setClipToScreenEnabled(Z)V (light greylist, reflection)
2025-10-04 14:42:32.249 23542-23542 rlands.abclien          ru.neverlands.abclient               W  Accessing hidden method Landroid/widget/PopupWindow;->setEpicenterBounds(Landroid/graphics/Rect;)V (light greylist, reflection)
2025-10-04 14:42:32.470 23542-23542 rlands.abclien          ru.neverlands.abclient               W  Accessing hidden method Landroid/view/ViewGroup;->makeOptionalFitsSystemWindows()V (light greylist, reflection)
2025-10-04 14:42:32.477 23542-23542 Timeline                ru.neverlands.abclient               I  Timeline: Activity_launch_request time:164570229 intent:Intent { act=android.content.pm.action.REQUEST_PERMISSIONS pkg=com.google.android.packageinstaller (has extras) }
2025-10-04 14:42:32.513 23542-23542 Activity                ru.neverlands.abclient               W  Slow Operation: Activity ru.neverlands.abclient/.LoginActivity onCreate took 527ms
2025-10-04 14:42:32.574 23542-23542 Looper                  ru.neverlands.abclient               W  Slow Looper main: Activity ru.neverlands.abclient/.LoginActivity is 555ms late (wall=690ms running=0ms ClientTransaction{ callbacks=[android.app.servertransaction.LaunchActivityItem] lifecycleRequest=android.app.servertransaction.ResumeActivityItem }) because of 1 msg, msg 1 took 579ms (late=1ms h=android.app.ActivityThread$H w=110)
2025-10-04 14:42:32.574 23542-23542 Choreographer           ru.neverlands.abclient               I  Skipped 46 frames!  The application may be doing too much work on its main thread.
2025-10-04 14:42:32.670 23542-23637 Adreno                  ru.neverlands.abclient               I  QUALCOMM build                   : ce8a911, I385ac5a262
                                                                                                    Build Date                       : 03/28/19
                                                                                                    OpenGL ES Shader Compiler Version: EV031.25.03.01
                                                                                                    Local Branch                     : 
                                                                                                    Remote Branch                    : refs/tags/AU_LINUX_ANDROID_LA.UM.7.2.R1.09.00.00.442.052
                                                                                                    Remote Branch                    : NONE
                                                                                                    Reconstruct Branch               : NOTHING
2025-10-04 14:42:32.670 23542-23637 Adreno                  ru.neverlands.abclient               I  Build Config                     : S L 6.0.7 AArch64
2025-10-04 14:42:32.671 23542-23637 vndksupport             ru.neverlands.abclient               D  Loading /vendor/lib64/hw/gralloc.sdm660.so from current namespace instead of sphal namespace.
2025-10-04 14:42:32.675 23542-23637 Adreno                  ru.neverlands.abclient               I  PFP: 0x005ff112, ME: 0x005ff066
2025-10-04 14:42:32.681 23542-23637 ConfigStore             ru.neverlands.abclient               I  android::hardware::configstore::V1_0::ISurfaceFlingerConfigs::hasWideColorDisplay retrieved: 0
2025-10-04 14:42:32.681 23542-23637 ConfigStore             ru.neverlands.abclient               I  android::hardware::configstore::V1_0::ISurfaceFlingerConfigs::hasHDRDisplay retrieved: 0
2025-10-04 14:42:32.683 23542-23637 OpenGLRenderer          ru.neverlands.abclient               I  Initialized EGL, version 1.4
2025-10-04 14:42:32.683 23542-23637 OpenGLRenderer          ru.neverlands.abclient               D  Swap behavior 2
2025-10-04 14:42:32.711 23542-23542 Looper                  ru.neverlands.abclient               W  Slow Looper main: doFrame is 777ms late because of 3 msg, msg 1 took 579ms (late=1ms h=android.app.ActivityThread$H w=110), msg 2 took 690ms (late=555ms h=android.app.ActivityThread$H w=159)
2025-10-04 14:42:32.747 23542-23637 vndksupport             ru.neverlands.abclient               D  Loading /vendor/lib64/hw/android.hardware.graphics.mapper@2.0-impl.so from current namespace instead of sphal namespace.
2025-10-04 14:42:32.747 23542-23637 vndksupport             ru.neverlands.abclient               D  Loading /vendor/lib64/hw/gralloc.sdm660.so from current namespace instead of sphal namespace.
2025-10-04 14:42:32.966 23542-23542 Looper                  ru.neverlands.abclient               W  Slow Looper main: Activity ru.neverlands.abclient/.LoginActivity is 442ms late (wall=14ms running=0ms ClientTransaction{ lifecycleRequest=android.app.servertransaction.PauseActivityItem }) because of 14 msg, msg 1 took 690ms (late=555ms h=android.app.ActivityThread$H w=159), msg 3 took 136ms (late=777ms h=android.view.Choreographer$FrameHandler c=android.view.Choreographer$FrameDisplayEventReceiver), msg 4 took 239ms (late=106ms h=android.view.Choreographer$FrameHandler w=0)
2025-10-04 14:42:33.096 23542-23542 rlands.abclien          ru.neverlands.abclient               W  Accessing hidden method Landroid/os/Trace;->asyncTraceBegin(JLjava/lang/String;I)V (light greylist, reflection)
2025-10-04 14:42:33.096 23542-23542 rlands.abclien          ru.neverlands.abclient               W  Accessing hidden method Landroid/os/Trace;->asyncTraceEnd(JLjava/lang/String;I)V (light greylist, reflection)
2025-10-04 14:42:33.096 23542-23542 rlands.abclien          ru.neverlands.abclient               W  Accessing hidden method Landroid/os/Trace;->traceCounter(JLjava/lang/String;I)V (light greylist, reflection)
2025-10-04 14:42:33.225 23542-23609 ThingsRepository        ru.neverlands.abclient               D  Successfully populated 1190 items into the database.
2025-10-04 14:42:34.285  2065-3951  ActivityTrigger         system_server                        E  activityResumeTrigger: not whiteListedru.neverlands.abclient/ru.neverlands.abclient.LoginActivity/4
2025-10-04 14:42:34.285  2065-3951  ActivityTrigger         system_server                        E  activityResumeTrigger: not whiteListedru.neverlands.abclient/ru.neverlands.abclient.LoginActivity/4
2025-10-04 14:42:34.877 23542-23542 Timeline                ru.neverlands.abclient               I  Timeline: Activity_launch_request time:164572629 intent:Intent { cmp=ru.neverlands.abclient/.ProfileActivity }
2025-10-04 14:42:34.888  2065-3952  ActivityTrigger         system_server                        E  activityStartTrigger: not whiteListedru.neverlands.abclient/ru.neverlands.abclient.ProfileActivity/4
2025-10-04 14:42:34.890  2065-3952  ActivityTrigger         system_server                        E  activityResumeTrigger: not whiteListedru.neverlands.abclient/ru.neverlands.abclient.ProfileActivity/4
2025-10-04 14:42:34.904  2065-3952  ActivityTrigger         system_server                        E  activityResumeTrigger: not whiteListedru.neverlands.abclient/ru.neverlands.abclient.ProfileActivity/4
2025-10-04 14:42:34.914 23542-23542 ActivityThread          ru.neverlands.abclient               W  handleWindowVisibility: no activity for token android.os.BinderProxy@3e79725
2025-10-04 14:42:35.116 23542-23561 rlands.abclien          ru.neverlands.abclient               I  Compiler allocated 4MB to compile void android.widget.TextView.<init>(android.content.Context, android.util.AttributeSet, int, int)
2025-10-04 14:42:35.254 23542-23542 rlands.abclien          ru.neverlands.abclient               W  Accessing hidden field Landroid/view/WindowInsets;->CONSUMED:Landroid/view/WindowInsets; (light greylist, reflection)
2025-10-04 14:42:35.494 23542-23542 Looper                  ru.neverlands.abclient               W  Slow Looper main: doFrame is 420ms late because of 2 msg, msg 1 took 53ms (late=3ms h=android.view.ViewRootImpl$ViewRootHandler w=6), msg 2 took 367ms (late=56ms h=android.app.ActivityThread$H w=159)
2025-10-04 14:42:36.497 23542-23542 InputEventReceiver      ru.neverlands.abclient               W  App Input: Dispatching InputEvent took 166ms in main thread! (MotionEvent: event_seq=3, seq=245564, action=ACTION_UP)
2025-10-04 14:42:36.539 23542-23542 AssistStructure         ru.neverlands.abclient               I  Flattened final assist data: 9424 bytes, containing 1 windows, 37 views
2025-10-04 14:42:38.514 23542-23753 ProfileInstaller        ru.neverlands.abclient               D  Installing profile for ru.neverlands.abclient
2025-10-04 14:42:39.774 23542-23588 rlands.abclien          ru.neverlands.abclient               I  ProcessProfilingInfo new_methods=3628 is saved saved_to_disk=1 resolve_classes_delay=8000
2025-10-04 14:42:40.582 23542-23542 AssistStructure         ru.neverlands.abclient               I  Flattened final assist data: 9440 bytes, containing 1 windows, 37 views
2025-10-04 14:42:40.584 23542-23542 IInputConnectionWrapper ru.neverlands.abclient               W  requestCursorAnchorInfo on inactive InputConnection
2025-10-04 14:42:48.984 23542-23561 rlands.abclien          ru.neverlands.abclient               I  Compiler allocated 4MB to compile void android.widget.TextView.<init>(android.content.Context, android.util.AttributeSet, int, int)
2025-10-04 14:42:49.949 23542-23542 AssistStructure         ru.neverlands.abclient               I  Flattened final assist data: 14768 bytes, containing 2 windows, 61 views
2025-10-04 14:42:51.194 23542-23542 AssistStructure         ru.neverlands.abclient               I  Flattened final assist data: 14768 bytes, containing 2 windows, 61 views
2025-10-04 14:42:51.202 23542-23542 IInputConnectionWrapper ru.neverlands.abclient               W  requestCursorAnchorInfo on inactive InputConnection
2025-10-04 14:42:52.551 23542-23637 OpenGLRenderer          ru.neverlands.abclient               D  endAllActiveAnimators on 0x7b4032d000 (RippleDrawable) with handle 0x7b3ac42ae0
2025-10-04 14:42:52.576  2065-3951  ActivityTrigger         system_server                        E  activityResumeTrigger: not whiteListedru.neverlands.abclient/ru.neverlands.abclient.LoginActivity/4
2025-10-04 14:42:52.691 23542-23542 IInputConnectionWrapper ru.neverlands.abclient               W  requestCursorAnchorInfo on inactive InputConnection
2025-10-04 14:42:54.799 23542-23637 OpenGLRenderer          ru.neverlands.abclient               D  endAllActiveAnimators on 0x7b4032df00 (DropDownListView) with handle 0x7b3acaa9e0
2025-10-04 14:42:55.369 23542-23542 AssistStructure         ru.neverlands.abclient               I  Flattened final assist data: 5008 bytes, containing 1 windows, 19 views
2025-10-04 14:42:58.538 23542-24031 rlands.abclien          ru.neverlands.abclient               W  Accessing hidden method Lcom/android/org/conscrypt/OpenSSLSocketImpl;->setUseSessionTickets(Z)V (light greylist, reflection)
2025-10-04 14:42:58.538 23542-24031 rlands.abclien          ru.neverlands.abclient               W  Accessing hidden method Lcom/android/org/conscrypt/OpenSSLSocketImpl;->setHostname(Ljava/lang/String;)V (light greylist, reflection)
2025-10-04 14:42:58.538 23542-24031 rlands.abclien          ru.neverlands.abclient               W  Accessing hidden method Lcom/android/org/conscrypt/OpenSSLSocketImpl;->getAlpnSelectedProtocol()[B (light greylist, reflection)
2025-10-04 14:42:58.538 23542-24031 rlands.abclien          ru.neverlands.abclient               W  Accessing hidden method Lcom/android/org/conscrypt/OpenSSLSocketImpl;->setAlpnProtocols([B)V (light greylist, reflection)
2025-10-04 14:42:58.542 23542-24031 rlands.abclien          ru.neverlands.abclient               W  Accessing hidden method Ldalvik/system/CloseGuard;->get()Ldalvik/system/CloseGuard; (light greylist, reflection)
2025-10-04 14:42:58.542 23542-24031 rlands.abclien          ru.neverlands.abclient               W  Accessing hidden method Ldalvik/system/CloseGuard;->open(Ljava/lang/String;)V (light greylist, reflection)
2025-10-04 14:42:58.542 23542-24031 rlands.abclien          ru.neverlands.abclient               W  Accessing hidden method Ldalvik/system/CloseGuard;->warnIfOpen()V (light greylist, reflection)
2025-10-04 14:42:58.543 23542-24031 NetworkSecurityConfig   ru.neverlands.abclient               D  No Network Security Config specified, using platform default
2025-10-04 14:42:59.148 23542-24031 rlands.abclien          ru.neverlands.abclient               W  Unknown chunk type '200'.
2025-10-04 14:42:59.156 23542-24031 WebViewFactory          ru.neverlands.abclient               I  Loading com.android.chrome version 138.0.7204.179 (code 720417921)
2025-10-04 14:42:59.158 23542-24031 rlands.abclien          ru.neverlands.abclient               W  Unknown chunk type '200'.
2025-10-04 14:42:59.162 23542-24031 linker                  ru.neverlands.abclient               W  Warning: "/data/app/com.android.chrome-E64nQ75f6--D8fpnSar61w==/base.apk!/lib/arm64-v8a/libmonochrome.so" unused DT entry: unknown processor-specific (type 0x70000001 arg 0x0) (ignoring)
2025-10-04 14:42:59.197 23542-24031 rlands.abclien          ru.neverlands.abclient               I  Rejecting re-init on previously-failed class java.lang.Class<P64>: java.lang.NoClassDefFoundError: Failed resolution of: Landroid/webkit/PacProcessor;
2025-10-04 14:42:59.197 23542-24031 rlands.abclien          ru.neverlands.abclient               I    at java.lang.Class java.lang.Class.classForName(java.lang.String, boolean, java.lang.ClassLoader) (Class.java:-2)
2025-10-04 14:42:59.197 23542-24031 rlands.abclien          ru.neverlands.abclient               I    at java.lang.Class java.lang.Class.forName(java.lang.String, boolean, java.lang.ClassLoader) (Class.java:453)
2025-10-04 14:42:59.197 23542-24031 rlands.abclien          ru.neverlands.abclient               I    at java.lang.Class android.webkit.WebViewFactory.getWebViewProviderClass(java.lang.ClassLoader) (WebViewFactory.java:176)
2025-10-04 14:42:59.197 23542-24031 rlands.abclien          ru.neverlands.abclient               I    at java.lang.Class android.webkit.WebViewFactory.getProviderClass() (WebViewFactory.java:459)
2025-10-04 14:42:59.197 23542-24031 rlands.abclien          ru.neverlands.abclient               I    at android.webkit.WebViewFactoryProvider android.webkit.WebViewFactory.getProvider() (WebViewFactory.java:251)
2025-10-04 14:42:59.197 23542-24031 rlands.abclien          ru.neverlands.abclient               I    at android.webkit.CookieManager android.webkit.CookieManager.getInstance() (CookieManager.java:40)
2025-10-04 14:42:59.197 23542-24031 rlands.abclien          ru.neverlands.abclient               I    at ru.neverlands.abclient.model.AuthResult ru.neverlands.abclient.AuthManager.authorize(java.lang.String, java.lang.String) (AuthManager.java:110)
2025-10-04 14:42:59.197 23542-24031 rlands.abclien          ru.neverlands.abclient               I    at void ru.neverlands.abclient.LoginActivity.lambda$login$7$ru-neverlands-abclient-LoginActivity(java.lang.String, java.lang.String, android.os.Handler, ru.neverlands.abclient.model.UserConfig) (LoginActivity.java:231)
2025-10-04 14:42:59.197 23542-24031 rlands.abclien          ru.neverlands.abclient               I    at void ru.neverlands.abclient.LoginActivity$$ExternalSyntheticLambda1.run() (D8$$SyntheticClass:0)
2025-10-04 14:42:59.197 23542-24031 rlands.abclien          ru.neverlands.abclient               I    at void java.util.concurrent.ThreadPoolExecutor.runWorker(java.util.concurrent.ThreadPoolExecutor$Worker) (ThreadPoolExecutor.java:1167)
2025-10-04 14:42:59.197 23542-24031 rlands.abclien          ru.neverlands.abclient               I    at void java.util.concurrent.ThreadPoolExecutor$Worker.run() (ThreadPoolExecutor.java:641)
2025-10-04 14:42:59.197 23542-24031 rlands.abclien          ru.neverlands.abclient               I    at void java.lang.Thread.run() (Thread.java:764)
2025-10-04 14:42:59.197 23542-24031 rlands.abclien          ru.neverlands.abclient               I  Caused by: java.lang.ClassNotFoundException: Didn't find class "android.webkit.PacProcessor" on path: DexPathList[[zip file "/data/app/com.android.chrome-E64nQ75f6--D8fpnSar61w==/base.apk"],nativeLibraryDirectories=[/data/app/com.android.chrome-E64nQ75f6--D8fpnSar61w==/lib/arm64, /data/app/com.android.chrome-E64nQ75f6--D8fpnSar61w==/base.apk!/lib/arm64-v8a, /system/lib64, /system/vendor/lib64]]
2025-10-04 14:42:59.197 23542-24031 rlands.abclien          ru.neverlands.abclient               I    at java.lang.Class dalvik.system.BaseDexClassLoader.findClass(java.lang.String) (BaseDexClassLoader.java:134)
2025-10-04 14:42:59.197 23542-24031 rlands.abclien          ru.neverlands.abclient               I    at java.lang.Class java.lang.ClassLoader.loadClass(java.lang.String, boolean) (ClassLoader.java:379)
2025-10-04 14:42:59.197 23542-24031 rlands.abclien          ru.neverlands.abclient               I    at java.lang.Class java.lang.ClassLoader.loadClass(java.lang.String) (ClassLoader.java:312)
2025-10-04 14:42:59.197 23542-24031 rlands.abclien          ru.neverlands.abclient               I    at java.lang.Class java.lang.Class.classForName(java.lang.String, boolean, java.lang.ClassLoader) (Class.java:-2)
2025-10-04 14:42:59.197 23542-24031 rlands.abclien          ru.neverlands.abclient               I    at java.lang.Class java.lang.Class.forName(java.lang.String, boolean, java.lang.ClassLoader) (Class.java:453)
2025-10-04 14:42:59.197 23542-24031 rlands.abclien          ru.neverlands.abclient               I    at java.lang.Class android.webkit.WebViewFactory.getWebViewProviderClass(java.lang.ClassLoader) (WebViewFactory.java:176)
2025-10-04 14:42:59.197 23542-24031 rlands.abclien          ru.neverlands.abclient               I    at java.lang.Class android.webkit.WebViewFactory.getProviderClass() (WebViewFactory.java:459)
2025-10-04 14:42:59.197 23542-24031 rlands.abclien          ru.neverlands.abclient               I    at android.webkit.WebViewFactoryProvider android.webkit.WebViewFactory.getProvider() (WebViewFactory.java:251)
2025-10-04 14:42:59.197 23542-24031 rlands.abclien          ru.neverlands.abclient               I    at android.webkit.CookieManager android.webkit.CookieManager.getInstance() (CookieManager.java:40)
2025-10-04 14:42:59.197 23542-24031 rlands.abclien          ru.neverlands.abclient               I    at ru.neverlands.abclient.model.AuthResult ru.neverlands.abclient.AuthManager.authorize(java.lang.String, java.lang.String) (AuthManager.java:110)
2025-10-04 14:42:59.197 23542-24031 rlands.abclien          ru.neverlands.abclient               I    at void ru.neverlands.abclient.LoginActivity.lambda$login$7$ru-neverlands-abclient-LoginActivity(java.lang.String, java.lang.String, android.os.Handler, ru.neverlands.abclient.model.UserConfig) (LoginActivity.java:231)
2025-10-04 14:42:59.197 23542-24031 rlands.abclien          ru.neverlands.abclient               I    at void ru.neverlands.abclient.LoginActivity$$ExternalSyntheticLambda1.run() (D8$$SyntheticClass:0)
2025-10-04 14:42:59.197 23542-24031 rlands.abclien          ru.neverlands.abclient               I    at void java.util.concurrent.ThreadPoolExecutor.runWorker(java.util.concurrent.ThreadPoolExecutor$Worker) (ThreadPoolExecutor.java:1167)
2025-10-04 14:42:59.197 23542-24031 rlands.abclien          ru.neverlands.abclient               I    at void java.util.concurrent.ThreadPoolExecutor$Worker.run() (ThreadPoolExecutor.java:641)
2025-10-04 14:42:59.197 23542-24031 rlands.abclien          ru.neverlands.abclient               I    at void java.lang.Thread.run() (Thread.java:764)
2025-10-04 14:42:59.197 23542-24031 rlands.abclien          ru.neverlands.abclient               I  
2025-10-04 14:42:59.197 23542-24031 rlands.abclien          ru.neverlands.abclient               I  Rejecting re-init on previously-failed class java.lang.Class<P64>: java.lang.NoClassDefFoundError: Failed resolution of: Landroid/webkit/PacProcessor;
2025-10-04 14:42:59.198 23542-24031 rlands.abclien          ru.neverlands.abclient               I    at java.lang.Class java.lang.Class.classForName(java.lang.String, boolean, java.lang.ClassLoader) (Class.java:-2)
2025-10-04 14:42:59.198 23542-24031 rlands.abclien          ru.neverlands.abclient               I    at java.lang.Class java.lang.Class.forName(java.lang.String, boolean, java.lang.ClassLoader) (Class.java:453)
2025-10-04 14:42:59.198 23542-24031 rlands.abclien          ru.neverlands.abclient               I    at java.lang.Class android.webkit.WebViewFactory.getWebViewProviderClass(java.lang.ClassLoader) (WebViewFactory.java:176)
2025-10-04 14:42:59.198 23542-24031 rlands.abclien          ru.neverlands.abclient               I    at java.lang.Class android.webkit.WebViewFactory.getProviderClass() (WebViewFactory.java:459)
2025-10-04 14:42:59.198 23542-24031 rlands.abclien          ru.neverlands.abclient               I    at android.webkit.WebViewFactoryProvider android.webkit.WebViewFactory.getProvider() (WebViewFactory.java:251)
2025-10-04 14:42:59.198 23542-24031 rlands.abclien          ru.neverlands.abclient               I    at android.webkit.CookieManager android.webkit.CookieManager.getInstance() (CookieManager.java:40)
2025-10-04 14:42:59.198 23542-24031 rlands.abclien          ru.neverlands.abclient               I    at ru.neverlands.abclient.model.AuthResult ru.neverlands.abclient.AuthManager.authorize(java.lang.String, java.lang.String) (AuthManager.java:110)
2025-10-04 14:42:59.198 23542-24031 rlands.abclien          ru.neverlands.abclient               I    at void ru.neverlands.abclient.LoginActivity.lambda$login$7$ru-neverlands-abclient-LoginActivity(java.lang.String, java.lang.String, android.os.Handler, ru.neverlands.abclient.model.UserConfig) (LoginActivity.java:231)
2025-10-04 14:42:59.198 23542-24031 rlands.abclien          ru.neverlands.abclient               I    at void ru.neverlands.abclient.LoginActivity$$ExternalSyntheticLambda1.run() (D8$$SyntheticClass:0)
2025-10-04 14:42:59.198 23542-24031 rlands.abclien          ru.neverlands.abclient               I    at void java.util.concurrent.ThreadPoolExecutor.runWorker(java.util.concurrent.ThreadPoolExecutor$Worker) (ThreadPoolExecutor.java:1167)
2025-10-04 14:42:59.198 23542-24031 rlands.abclien          ru.neverlands.abclient               I    at void java.util.concurrent.ThreadPoolExecutor$Worker.run() (ThreadPoolExecutor.java:641)
2025-10-04 14:42:59.198 23542-24031 rlands.abclien          ru.neverlands.abclient               I    at void java.lang.Thread.run() (Thread.java:764)
2025-10-04 14:42:59.198 23542-24031 rlands.abclien          ru.neverlands.abclient               I  Caused by: java.lang.ClassNotFoundException: Didn't find class "android.webkit.PacProcessor" on path: DexPathList[[zip file "/data/app/com.android.chrome-E64nQ75f6--D8fpnSar61w==/base.apk"],nativeLibraryDirectories=[/data/app/com.android.chrome-E64nQ75f6--D8fpnSar61w==/lib/arm64, /data/app/com.android.chrome-E64nQ75f6--D8fpnSar61w==/base.apk!/lib/arm64-v8a, /system/lib64, /system/vendor/lib64]]
2025-10-04 14:42:59.198 23542-24031 rlands.abclien          ru.neverlands.abclient               I    at java.lang.Class dalvik.system.BaseDexClassLoader.findClass(java.lang.String) (BaseDexClassLoader.java:134)
2025-10-04 14:42:59.198 23542-24031 rlands.abclien          ru.neverlands.abclient               I    at java.lang.Class java.lang.ClassLoader.loadClass(java.lang.String, boolean) (ClassLoader.java:379)
2025-10-04 14:42:59.198 23542-24031 rlands.abclien          ru.neverlands.abclient               I    at java.lang.Class java.lang.ClassLoader.loadClass(java.lang.String) (ClassLoader.java:312)
2025-10-04 14:42:59.198 23542-24031 rlands.abclien          ru.neverlands.abclient               I    at java.lang.Class java.lang.Class.classForName(java.lang.String, boolean, java.lang.ClassLoader) (Class.java:-2)
2025-10-04 14:42:59.198 23542-24031 rlands.abclien          ru.neverlands.abclient               I    at java.lang.Class java.lang.Class.forName(java.lang.String, boolean, java.lang.ClassLoader) (Class.java:453)
2025-10-04 14:42:59.198 23542-24031 rlands.abclien          ru.neverlands.abclient               I    at java.lang.Class android.webkit.WebViewFactory.getWebViewProviderClass(java.lang.ClassLoader) (WebViewFactory.java:176)
2025-10-04 14:42:59.198 23542-24031 rlands.abclien          ru.neverlands.abclient               I    at java.lang.Class android.webkit.WebViewFactory.getProviderClass() (WebViewFactory.java:459)
2025-10-04 14:42:59.198 23542-24031 rlands.abclien          ru.neverlands.abclient               I    at android.webkit.WebViewFactoryProvider android.webkit.WebViewFactory.getProvider() (WebViewFactory.java:251)
2025-10-04 14:42:59.198 23542-24031 rlands.abclien          ru.neverlands.abclient               I    at android.webkit.CookieManager android.webkit.CookieManager.getInstance() (CookieManager.java:40)
2025-10-04 14:42:59.198 23542-24031 rlands.abclien          ru.neverlands.abclient               I    at ru.neverlands.abclient.model.AuthResult ru.neverlands.abclient.AuthManager.authorize(java.lang.String, java.lang.String) (AuthManager.java:110)
2025-10-04 14:42:59.198 23542-24031 rlands.abclien          ru.neverlands.abclient               I    at void ru.neverlands.abclient.LoginActivity.lambda$login$7$ru-neverlands-abclient-LoginActivity(java.lang.String, java.lang.String, android.os.Handler, ru.neverlands.abclient.model.UserConfig) (LoginActivity.java:231)
2025-10-04 14:42:59.198 23542-24031 rlands.abclien          ru.neverlands.abclient               I    at void ru.neverlands.abclient.LoginActivity$$ExternalSyntheticLambda1.run() (D8$$SyntheticClass:0)
2025-10-04 14:42:59.198 23542-24031 rlands.abclien          ru.neverlands.abclient               I    at void java.util.concurrent.ThreadPoolExecutor.runWorker(java.util.concurrent.ThreadPoolExecutor$Worker) (ThreadPoolExecutor.java:1167)
2025-10-04 14:42:59.198 23542-24031 rlands.abclien          ru.neverlands.abclient               I    at void java.util.concurrent.ThreadPoolExecutor$Worker.run() (ThreadPoolExecutor.java:641)
2025-10-04 14:42:59.198 23542-24031 rlands.abclien          ru.neverlands.abclient               I    at void java.lang.Thread.run() (Thread.java:764)
2025-10-04 14:42:59.198 23542-24031 rlands.abclien          ru.neverlands.abclient               I  
2025-10-04 14:42:59.200 23542-24031 rlands.abclien          ru.neverlands.abclient               I  Rejecting re-init on previously-failed class java.lang.Class<P64>: java.lang.NoClassDefFoundError: Failed resolution of: Landroid/webkit/PacProcessor;
2025-10-04 14:42:59.200 23542-24031 rlands.abclien          ru.neverlands.abclient               I    at java.lang.Class java.lang.Class.classForName(java.lang.String, boolean, java.lang.ClassLoader) (Class.java:-2)
2025-10-04 14:42:59.200 23542-24031 rlands.abclien          ru.neverlands.abclient               I    at java.lang.Class java.lang.Class.forName(java.lang.String, boolean, java.lang.ClassLoader) (Class.java:453)
2025-10-04 14:42:59.200 23542-24031 rlands.abclien          ru.neverlands.abclient               I    at java.lang.Class android.webkit.WebViewFactory.getWebViewProviderClass(java.lang.ClassLoader) (WebViewFactory.java:176)
2025-10-04 14:42:59.200 23542-24031 rlands.abclien          ru.neverlands.abclient               I    at java.lang.Class android.webkit.WebViewFactory.getProviderClass() (WebViewFactory.java:459)
2025-10-04 14:42:59.200 23542-24031 rlands.abclien          ru.neverlands.abclient               I    at android.webkit.WebViewFactoryProvider android.webkit.WebViewFactory.getProvider() (WebViewFactory.java:251)
2025-10-04 14:42:59.200 23542-24031 rlands.abclien          ru.neverlands.abclient               I    at android.webkit.CookieManager android.webkit.CookieManager.getInstance() (CookieManager.java:40)
2025-10-04 14:42:59.200 23542-24031 rlands.abclien          ru.neverlands.abclient               I    at ru.neverlands.abclient.model.AuthResult ru.neverlands.abclient.AuthManager.authorize(java.lang.String, java.lang.String) (AuthManager.java:110)
2025-10-04 14:42:59.200 23542-24031 rlands.abclien          ru.neverlands.abclient               I    at void ru.neverlands.abclient.LoginActivity.lambda$login$7$ru-neverlands-abclient-LoginActivity(java.lang.String, java.lang.String, android.os.Handler, ru.neverlands.abclient.model.UserConfig) (LoginActivity.java:231)
2025-10-04 14:42:59.200 23542-24031 rlands.abclien          ru.neverlands.abclient               I    at void ru.neverlands.abclient.LoginActivity$$ExternalSyntheticLambda1.run() (D8$$SyntheticClass:0)
2025-10-04 14:42:59.200 23542-24031 rlands.abclien          ru.neverlands.abclient               I    at void java.util.concurrent.ThreadPoolExecutor.runWorker(java.util.concurrent.ThreadPoolExecutor$Worker) (ThreadPoolExecutor.java:1167)
2025-10-04 14:42:59.200 23542-24031 rlands.abclien          ru.neverlands.abclient               I    at void java.util.concurrent.ThreadPoolExecutor$Worker.run() (ThreadPoolExecutor.java:641)
2025-10-04 14:42:59.200 23542-24031 rlands.abclien          ru.neverlands.abclient               I    at void java.lang.Thread.run() (Thread.java:764)
2025-10-04 14:42:59.200 23542-24031 rlands.abclien          ru.neverlands.abclient               I  Caused by: java.lang.ClassNotFoundException: Didn't find class "android.webkit.PacProcessor" on path: DexPathList[[zip file "/data/app/com.android.chrome-E64nQ75f6--D8fpnSar61w==/base.apk"],nativeLibraryDirectories=[/data/app/com.android.chrome-E64nQ75f6--D8fpnSar61w==/lib/arm64, /data/app/com.android.chrome-E64nQ75f6--D8fpnSar61w==/base.apk!/lib/arm64-v8a, /system/lib64, /system/vendor/lib64]]
2025-10-04 14:42:59.200 23542-24031 rlands.abclien          ru.neverlands.abclient               I    at java.lang.Class dalvik.system.BaseDexClassLoader.findClass(java.lang.String) (BaseDexClassLoader.java:134)
2025-10-04 14:42:59.200 23542-24031 rlands.abclien          ru.neverlands.abclient               I    at java.lang.Class java.lang.ClassLoader.loadClass(java.lang.String, boolean) (ClassLoader.java:379)
2025-10-04 14:42:59.200 23542-24031 rlands.abclien          ru.neverlands.abclient               I    at java.lang.Class java.lang.ClassLoader.loadClass(java.lang.String) (ClassLoader.java:312)
2025-10-04 14:42:59.200 23542-24031 rlands.abclien          ru.neverlands.abclient               I    at java.lang.Class java.lang.Class.classForName(java.lang.String, boolean, java.lang.ClassLoader) (Class.java:-2)
2025-10-04 14:42:59.200 23542-24031 rlands.abclien          ru.neverlands.abclient               I    at java.lang.Class java.lang.Class.forName(java.lang.String, boolean, java.lang.ClassLoader) (Class.java:453)
2025-10-04 14:42:59.200 23542-24031 rlands.abclien          ru.neverlands.abclient               I    at java.lang.Class android.webkit.WebViewFactory.getWebViewProviderClass(java.lang.ClassLoader) (WebViewFactory.java:176)
2025-10-04 14:42:59.200 23542-24031 rlands.abclien          ru.neverlands.abclient               I    at java.lang.Class android.webkit.WebViewFactory.getProviderClass() (WebViewFactory.java:459)
2025-10-04 14:42:59.200 23542-24031 rlands.abclien          ru.neverlands.abclient               I    at android.webkit.WebViewFactoryProvider android.webkit.WebViewFactory.getProvider() (WebViewFactory.java:251)
2025-10-04 14:42:59.200 23542-24031 rlands.abclien          ru.neverlands.abclient               I    at android.webkit.CookieManager android.webkit.CookieManager.getInstance() (CookieManager.java:40)
2025-10-04 14:42:59.201 23542-24031 rlands.abclien          ru.neverlands.abclient               I    at ru.neverlands.abclient.model.AuthResult ru.neverlands.abclient.AuthManager.authorize(java.lang.String, java.lang.String) (AuthManager.java:110)
2025-10-04 14:42:59.201 23542-24031 rlands.abclien          ru.neverlands.abclient               I    at void ru.neverlands.abclient.LoginActivity.lambda$login$7$ru-neverlands-abclient-LoginActivity(java.lang.String, java.lang.String, android.os.Handler, ru.neverlands.abclient.model.UserConfig) (LoginActivity.java:231)
2025-10-04 14:42:59.201 23542-24031 rlands.abclien          ru.neverlands.abclient               I    at void ru.neverlands.abclient.LoginActivity$$ExternalSyntheticLambda1.run() (D8$$SyntheticClass:0)
2025-10-04 14:42:59.201 23542-24031 rlands.abclien          ru.neverlands.abclient               I    at void java.util.concurrent.ThreadPoolExecutor.runWorker(java.util.concurrent.ThreadPoolExecutor$Worker) (ThreadPoolExecutor.java:1167)
2025-10-04 14:42:59.201 23542-24031 rlands.abclien          ru.neverlands.abclient               I    at void java.util.concurrent.ThreadPoolExecutor$Worker.run() (ThreadPoolExecutor.java:641)
2025-10-04 14:42:59.201 23542-24031 rlands.abclien          ru.neverlands.abclient               I    at void java.lang.Thread.run() (Thread.java:764)
2025-10-04 14:42:59.201 23542-24031 rlands.abclien          ru.neverlands.abclient               I  
2025-10-04 14:42:59.201 23542-24031 rlands.abclien          ru.neverlands.abclient               I  Rejecting re-init on previously-failed class java.lang.Class<P64>: java.lang.NoClassDefFoundError: Failed resolution of: Landroid/webkit/PacProcessor;
2025-10-04 14:42:59.201 23542-24031 rlands.abclien          ru.neverlands.abclient               I    at java.lang.Class java.lang.Class.classForName(java.lang.String, boolean, java.lang.ClassLoader) (Class.java:-2)
2025-10-04 14:42:59.201 23542-24031 rlands.abclien          ru.neverlands.abclient               I    at java.lang.Class java.lang.Class.forName(java.lang.String, boolean, java.lang.ClassLoader) (Class.java:453)
2025-10-04 14:42:59.201 23542-24031 rlands.abclien          ru.neverlands.abclient               I    at java.lang.Class android.webkit.WebViewFactory.getWebViewProviderClass(java.lang.ClassLoader) (WebViewFactory.java:176)
2025-10-04 14:42:59.201 23542-24031 rlands.abclien          ru.neverlands.abclient               I    at java.lang.Class android.webkit.WebViewFactory.getProviderClass() (WebViewFactory.java:459)
2025-10-04 14:42:59.201 23542-24031 rlands.abclien          ru.neverlands.abclient               I    at android.webkit.WebViewFactoryProvider android.webkit.WebViewFactory.getProvider() (WebViewFactory.java:251)
2025-10-04 14:42:59.201 23542-24031 rlands.abclien          ru.neverlands.abclient               I    at android.webkit.CookieManager android.webkit.CookieManager.getInstance() (CookieManager.java:40)
2025-10-04 14:42:59.201 23542-24031 rlands.abclien          ru.neverlands.abclient               I    at ru.neverlands.abclient.model.AuthResult ru.neverlands.abclient.AuthManager.authorize(java.lang.String, java.lang.String) (AuthManager.java:110)
2025-10-04 14:42:59.201 23542-24031 rlands.abclien          ru.neverlands.abclient               I    at void ru.neverlands.abclient.LoginActivity.lambda$login$7$ru-neverlands-abclient-LoginActivity(java.lang.String, java.lang.String, android.os.Handler, ru.neverlands.abclient.model.UserConfig) (LoginActivity.java:231)
2025-10-04 14:42:59.201 23542-24031 rlands.abclien          ru.neverlands.abclient               I    at void ru.neverlands.abclient.LoginActivity$$ExternalSyntheticLambda1.run() (D8$$SyntheticClass:0)
2025-10-04 14:42:59.201 23542-24031 rlands.abclien          ru.neverlands.abclient               I    at void java.util.concurrent.ThreadPoolExecutor.runWorker(java.util.concurrent.ThreadPoolExecutor$Worker) (ThreadPoolExecutor.java:1167)
2025-10-04 14:42:59.201 23542-24031 rlands.abclien          ru.neverlands.abclient               I    at void java.util.concurrent.ThreadPoolExecutor$Worker.run() (ThreadPoolExecutor.java:641)
2025-10-04 14:42:59.201 23542-24031 rlands.abclien          ru.neverlands.abclient               I    at void java.lang.Thread.run() (Thread.java:764)
2025-10-04 14:42:59.201 23542-24031 rlands.abclien          ru.neverlands.abclient               I  Caused by: java.lang.ClassNotFoundException: Didn't find class "android.webkit.PacProcessor" on path: DexPathList[[zip file "/data/app/com.android.chrome-E64nQ75f6--D8fpnSar61w==/base.apk"],nativeLibraryDirectories=[/data/app/com.android.chrome-E64nQ75f6--D8fpnSar61w==/lib/arm64, /data/app/com.android.chrome-E64nQ75f6--D8fpnSar61w==/base.apk!/lib/arm64-v8a, /system/lib64, /system/vendor/lib64]]
2025-10-04 14:42:59.201 23542-24031 rlands.abclien          ru.neverlands.abclient               I    at java.lang.Class dalvik.system.BaseDexClassLoader.findClass(java.lang.String) (BaseDexClassLoader.java:134)
2025-10-04 14:42:59.201 23542-24031 rlands.abclien          ru.neverlands.abclient               I    at java.lang.Class java.lang.ClassLoader.loadClass(java.lang.String, boolean) (ClassLoader.java:379)
2025-10-04 14:42:59.201 23542-24031 rlands.abclien          ru.neverlands.abclient               I    at java.lang.Class java.lang.ClassLoader.loadClass(java.lang.String) (ClassLoader.java:312)
2025-10-04 14:42:59.201 23542-24031 rlands.abclien          ru.neverlands.abclient               I    at java.lang.Class java.lang.Class.classForName(java.lang.String, boolean, java.lang.ClassLoader) (Class.java:-2)
2025-10-04 14:42:59.201 23542-24031 rlands.abclien          ru.neverlands.abclient               I    at java.lang.Class java.lang.Class.forName(java.lang.String, boolean, java.lang.ClassLoader) (Class.java:453)
2025-10-04 14:42:59.201 23542-24031 rlands.abclien          ru.neverlands.abclient               I    at java.lang.Class android.webkit.WebViewFactory.getWebViewProviderClass(java.lang.ClassLoader) (WebViewFactory.java:176)
2025-10-04 14:42:59.201 23542-24031 rlands.abclien          ru.neverlands.abclient               I    at java.lang.Class android.webkit.WebViewFactory.getProviderClass() (WebViewFactory.java:459)
2025-10-04 14:42:59.201 23542-24031 rlands.abclien          ru.neverlands.abclient               I    at android.webkit.WebViewFactoryProvider android.webkit.WebViewFactory.getProvider() (WebViewFactory.java:251)
2025-10-04 14:42:59.201 23542-24031 rlands.abclien          ru.neverlands.abclient               I    at android.webkit.CookieManager android.webkit.CookieManager.getInstance() (CookieManager.java:40)
2025-10-04 14:42:59.201 23542-24031 rlands.abclien          ru.neverlands.abclient               I    at ru.neverlands.abclient.model.AuthResult ru.neverlands.abclient.AuthManager.authorize(java.lang.String, java.lang.String) (AuthManager.java:110)
2025-10-04 14:42:59.201 23542-24031 rlands.abclien          ru.neverlands.abclient               I    at void ru.neverlands.abclient.LoginActivity.lambda$login$7$ru-neverlands-abclient-LoginActivity(java.lang.String, java.lang.String, android.os.Handler, ru.neverlands.abclient.model.UserConfig) (LoginActivity.java:231)
2025-10-04 14:42:59.201 23542-24031 rlands.abclien          ru.neverlands.abclient               I    at void ru.neverlands.abclient.LoginActivity$$ExternalSyntheticLambda1.run() (D8$$SyntheticClass:0)
2025-10-04 14:42:59.201 23542-24031 rlands.abclien          ru.neverlands.abclient               I    at void java.util.concurrent.ThreadPoolExecutor.runWorker(java.util.concurrent.ThreadPoolExecutor$Worker) (ThreadPoolExecutor.java:1167)
2025-10-04 14:42:59.201 23542-24031 rlands.abclien          ru.neverlands.abclient               I    at void java.util.concurrent.ThreadPoolExecutor$Worker.run() (ThreadPoolExecutor.java:641)
2025-10-04 14:42:59.201 23542-24031 rlands.abclien          ru.neverlands.abclient               I    at void java.lang.Thread.run() (Thread.java:764)
2025-10-04 14:42:59.201 23542-24031 rlands.abclien          ru.neverlands.abclient               I  
2025-10-04 14:42:59.242 23542-24031 cr_WVCFactoryProvider   ru.neverlands.abclient               I  version=138.0.7204.179 (720417921) minSdkVersion=26 isBundle=false multiprocess=true packageId=2
2025-10-04 14:42:59.268 23542-24038 chromium                ru.neverlands.abclient               I  [1004/144259.268739:INFO:android_webview/browser/variations/variations_seed_loader.cc:67] Failed to open file for reading.: No such file or directory (2)
2025-10-04 14:42:59.269 23542-24038 chromium                ru.neverlands.abclient               I  [1004/144259.269034:INFO:android_webview/browser/variations/variations_seed_loader.cc:67] Failed to open file for reading.: No such file or directory (2)
2025-10-04 14:42:59.273 23542-24031 cr_LibraryLoader        ru.neverlands.abclient               I  Successfully loaded native library
2025-10-04 14:42:59.274 23542-24031 cr_CachingUmaRecorder   ru.neverlands.abclient               I  Flushed 7 samples from 7 histograms, 0 samples were dropped.
2025-10-04 14:42:59.404 23542-23542 Timeline                ru.neverlands.abclient               I  Timeline: Activity_launch_request time:164597156 intent:Intent { cmp=ru.neverlands.abclient/.MainActivity }
2025-10-04 14:42:59.413  2065-3967  ActivityTrigger         system_server                        E  activityStartTrigger: not whiteListedru.neverlands.abclient/ru.neverlands.abclient.MainActivity/4
2025-10-04 14:42:59.415  2065-3967  ActivityTrigger         system_server                        E  activityResumeTrigger: not whiteListedru.neverlands.abclient/ru.neverlands.abclient.MainActivity/4
2025-10-04 14:42:59.433  2065-3967  ActivityTrigger         system_server                        E  activityResumeTrigger: not whiteListedru.neverlands.abclient/ru.neverlands.abclient.MainActivity/4
2025-10-04 14:42:59.442 23542-23542 ActivityThread          ru.neverlands.abclient               W  handleWindowVisibility: no activity for token android.os.BinderProxy@509261
2025-10-04 14:42:59.534 23542-23542 rlands.abclien          ru.neverlands.abclient               W  Unknown chunk type '200'.
2025-10-04 14:42:59.553 23542-23542 cr_CombinedPProvider    ru.neverlands.abclient               I  #registerProvider() provider:FP@29850be isPolicyCacheEnabled:false policyProvidersSize:0
2025-10-04 14:42:59.554 23542-23542 cr_PolicyProvider       ru.neverlands.abclient               I  #setManagerAndSource() 0
2025-10-04 14:42:59.558 23542-24051 rlands.abclien          ru.neverlands.abclient               W  Accessing hidden method Landroid/content/Context;->bindServiceAsUser(Landroid/content/Intent;Landroid/content/ServiceConnection;ILandroid/os/Handler;Landroid/os/UserHandle;)Z (light greylist, reflection)
2025-10-04 14:42:59.573 23542-23542 cr_CombinedPProvider    ru.neverlands.abclient               I  #linkNativeInternal() 1
2025-10-04 14:42:59.573 23542-23542 cr_AppResProvider       ru.neverlands.abclient               I  #getApplicationRestrictionsFromUserManager() Bundle[EMPTY_PARCEL]
2025-10-04 14:42:59.574 23542-23542 cr_PolicyProvider       ru.neverlands.abclient               I  #notifySettingsAvailable() 0
2025-10-04 14:42:59.574 23542-23542 cr_CombinedPProvider    ru.neverlands.abclient               I  #onSettingsAvailable() 0
2025-10-04 14:42:59.574 23542-23542 cr_CombinedPProvider    ru.neverlands.abclient               I  #flushPolicies()
2025-10-04 14:42:59.602 23542-23542 chromium                ru.neverlands.abclient               W  [WARNING:android_webview/browser/network_service/net_helpers.cc:143] HTTP Cache size is: 20971520
2025-10-04 14:42:59.676 23542-23542 rlands.abclien          ru.neverlands.abclient               I  Rejecting re-init on previously-failed class java.lang.Class<f3>: java.lang.NoClassDefFoundError: Failed resolution of: Landroid/app/UiModeManager$ContrastChangeListener;
2025-10-04 14:42:59.676 23542-23542 rlands.abclien          ru.neverlands.abclient               I    at void J.N.VJO(int, long, java.lang.Object) (chromium-Monochrome.aab-stable-720417921:-2)
2025-10-04 14:42:59.676 23542-23542 rlands.abclien          ru.neverlands.abclient               I    at void org.chromium.android_webview.AwContents.E(long) (chromium-Monochrome.aab-stable-720417921:479)
2025-10-04 14:42:59.676 23542-23542 rlands.abclien          ru.neverlands.abclient               I    at void org.chromium.android_webview.AwContents.<init>(org.chromium.android_webview.AwBrowserContext, android.view.ViewGroup, Gt0, com.android.webview.chromium.L, com.android.webview.chromium.M, UN, org.chromium.android_webview.AwSettings, IN) (chromium-Monochrome.aab-stable-720417921:439)
2025-10-04 14:42:59.676 23542-23542 rlands.abclien          ru.neverlands.abclient               I    at void com.android.webview.chromium.l.run() (chromium-Monochrome.aab-stable-720417921:144)
2025-10-04 14:42:59.676 23542-23542 rlands.abclien          ru.neverlands.abclient               I    at void qa7.run() (chromium-Monochrome.aab-stable-720417921:13)
2025-10-04 14:42:59.676 23542-23542 rlands.abclien          ru.neverlands.abclient               I    at void org.chromium.base.task.PostTask.d(int, java.lang.Runnable) (chromium-Monochrome.aab-stable-720417921:14)
2025-10-04 14:42:59.676 23542-23542 rlands.abclien          ru.neverlands.abclient               I    at void ra7.a(java.lang.Runnable) (chromium-Monochrome.aab-stable-720417921:16)
2025-10-04 14:42:59.676 23542-23542 rlands.abclien          ru.neverlands.abclient               I    at void com.android.webview.chromium.WebViewChromiumFactoryProvider.a(java.lang.Runnable) (chromium-Monochrome.aab-stable-720417921:3)
